08-01 07:34:40.903  3014  3051 I TestRunner: started: adventureFilterTest(com.hkxps17.turnup.AdventureFilterTest)
08-01 07:34:40.912  3014  3051 W Settings: Setting always_finish_activities has moved from android.provider.Settings.System to android.provider.Settings.Global, returning read-only value.
08-01 07:34:40.930  2037  2059 E system_server: Invalid ID 0x00000000.
08-01 07:34:40.935  2037  3505 W InputReader: Device has associated, but no associated display id.
08-01 07:34:40.936  2037  3505 I chatty  : uid=1000(system) Binder:2037_15 identical 8 lines
08-01 07:34:40.936  2037  3505 W InputReader: Device has associated, but no associated display id.
08-01 07:34:40.954  1796  1796 D gralloc_ranchu: gralloc_alloc: Creating ashmem region of size 9334784
08-01 07:34:40.957  1778  1778 D Zygote  : Forked child process 3053
08-01 07:34:40.959  3053  3053 I s17.turnup.tes: Late-enabling -Xcheck:jni
08-01 07:34:40.986  3053  3053 E s17.turnup.tes: Unknown bits set in runtime_flags: 0x8000
08-01 07:34:40.987  3053  3053 W s17.turnup.tes: Unexpected CPU variant for X86 using defaults: x86
08-01 07:34:41.017  2037  4002 W InputReader: Device has associated, but no associated display id.
08-01 07:34:41.021  2037  4002 I chatty  : uid=1000(system) Binder:2037_18 identical 28 lines
08-01 07:34:41.021  2037  4002 W InputReader: Device has associated, but no associated display id.
08-01 07:34:41.025  2037  2059 W InputReader: Device has associated, but no associated display id.
08-01 07:34:41.025  2037  2059 I chatty  : uid=1000(system) android.anim identical 8 lines
08-01 07:34:41.025  2037  2059 W InputReader: Device has associated, but no associated display id.
08-01 07:34:41.046  3053  3053 I s17.turnup.tes: The ClassLoaderContext is a special shared library.
08-01 07:34:41.050  3053  3053 I s17.turnup.tes: The ClassLoaderContext is a special shared library.
08-01 07:34:41.095  1824  2630 E SurfaceFlinger: ro.sf.lcd_density must be defined as a build property
08-01 07:34:41.097  1824  2630 E SurfaceFlinger: ro.sf.lcd_density must be defined as a build property
08-01 07:34:41.098  3053  3086 D libEGL  : Emulator has host GPU support, qemu.gles is set to 1.
08-01 07:34:41.098  3053  3086 W libc    : Unable to set property "qemu.gles" to "1": connection failed; errno=13 (Permission denied)
08-01 07:34:41.102  3053  3086 D libEGL  : loaded /vendor/lib/egl/libEGL_emulation.so
08-01 07:34:41.104  3053  3086 D libEGL  : loaded /vendor/lib/egl/libGLESv1_CM_emulation.so
08-01 07:34:41.109  3053  3086 D libEGL  : loaded /vendor/lib/egl/libGLESv2_emulation.so
08-01 07:34:41.086  3053  3053 W RenderThread: type=1400 audit(0.0:542): avc: denied { write } for name="property_service" dev="tmpfs" ino=6968 scontext=u:r:untrusted_app:s0:c135,c256,c512,c768 tcontext=u:object_r:property_socket:s0 tclass=sock_file permissive=0
08-01 07:34:41.159  2037  3505 W InputReader: Device has associated, but no associated display id.
08-01 07:34:41.162  2037  3505 I chatty  : uid=1000(system) Binder:2037_15 identical 48 lines
08-01 07:34:41.162  2037  3505 W InputReader: Device has associated, but no associated display id.
08-01 07:34:41.163  3014  3014 W ActivityThread: handleWindowVisibility: no activity for token android.os.BinderProxy@40513b6
08-01 07:34:41.164  2037  3505 W InputReader: Device has associated, but no associated display id.
08-01 07:34:41.165  2037  3505 I chatty  : uid=1000(system) Binder:2037_15 identical 8 lines
08-01 07:34:41.165  2037  3505 W InputReader: Device has associated, but no associated display id.
08-01 07:34:41.170  1824  1919 E SurfaceFlinger: ro.sf.lcd_density must be defined as a build property
08-01 07:34:41.173  1824  2630 E SurfaceFlinger: ro.sf.lcd_density must be defined as a build property
08-01 07:34:41.204  3014  3089 D libEGL  : Emulator has host GPU support, qemu.gles is set to 1.
08-01 07:34:41.205  3014  3089 W libc    : Unable to set property "qemu.gles" to "1": connection failed; errno=13 (Permission denied)
08-01 07:34:41.196  3014  3014 W RenderThread: type=1400 audit(0.0:543): avc: denied { write } for name="property_service" dev="tmpfs" ino=6968 scontext=u:r:untrusted_app:s0:c164,c256,c512,c768 tcontext=u:object_r:property_socket:s0 tclass=sock_file permissive=0
08-01 07:34:41.235  3014  3089 D libEGL  : loaded /vendor/lib/egl/libEGL_emulation.so
08-01 07:34:41.246  3014  3089 D libEGL  : loaded /vendor/lib/egl/libGLESv1_CM_emulation.so
08-01 07:34:41.262  3014  3089 D libEGL  : loaded /vendor/lib/egl/libGLESv2_emulation.so
08-01 07:34:41.317  3014  3014 D LifecycleMonitor: Lifecycle status change: com.hkxps17.turnup.LoginActivity@7e17953 in: PRE_ON_CREATE
08-01 07:34:41.318  3014  3014 V ActivityScenario: Activity lifecycle changed event received but ignored because the reported transition was not ON_CREATE while the last known transition was PRE_ON_CREATE
08-01 07:34:41.323 10218 10257 D EGL_emulation: eglMakeCurrent: 0xdde5d680: ver 2 0 (tinfo 0xddf13b00)
08-01 07:34:41.327 25936 25978 D EGL_emulation: eglMakeCurrent: 0xd5d1aa80: ver 2 0 (tinfo 0xd5d0f4e0)
08-01 07:34:41.333  2701  3296 D EGL_emulation: eglMakeCurrent: 0xd5d1a900: ver 2 0 (tinfo 0xd5d0f7a0)
08-01 07:34:41.380  3014  3014 W .hkxps17.turnu: Accessing hidden method Landroid/view/View;->computeFitSystemWindows(Landroid/graphics/Rect;Landroid/graphics/Rect;)Z (greylist, reflection, allowed)
08-01 07:34:41.381  3014  3014 W .hkxps17.turnu: Accessing hidden method Landroid/view/ViewGroup;->makeOptionalFitsSystemWindows()V (greylist, reflection, allowed)
08-01 07:34:41.463  3014  3014 I .hkxps17.turnu: The ClassLoaderContext is a special shared library.
08-01 07:34:41.466  3014  3014 I .hkxps17.turnu: The ClassLoaderContext is a special shared library.
08-01 07:34:41.497  3014  3014 I DynamiteModule: Considering local module com.google.android.gms.signinbutton_dynamite:0 and remote module com.google.android.gms.signinbutton_dynamite:2
08-01 07:34:41.497  3014  3014 I DynamiteModule: Selected remote version of com.google.android.gms.signinbutton_dynamite, version >= 2
08-01 07:34:41.674  3014  3014 D LoginActivity: OnCreate
08-01 07:34:41.680  3014  3014 D LifecycleMonitor: Lifecycle status change: com.hkxps17.turnup.LoginActivity@7e17953 in: CREATED
08-01 07:34:41.681  3014  3014 V ActivityScenario: Update currentActivityStage to CREATED, currentActivity=com.hkxps17.turnup.LoginActivity@7e17953
08-01 07:34:41.689  1795  2479 E GnssHAL_GnssInterface: gnssSvStatusCb: a: input svInfo.flags is 8
08-01 07:34:41.689  1795  2479 E GnssHAL_GnssInterface: gnssSvStatusCb: b: input svInfo.flags is 8
08-01 07:34:41.695  3014  3014 D LoginActivity: OnStart
08-01 07:34:41.702  3014  3014 D LoginActivity: No user signed in
08-01 07:34:41.702  3014  3014 D LifecycleMonitor: Lifecycle status change: com.hkxps17.turnup.LoginActivity@7e17953 in: STARTED
08-01 07:34:41.703  3014  3014 V ActivityScenario: Update currentActivityStage to STARTED, currentActivity=com.hkxps17.turnup.LoginActivity@7e17953
08-01 07:34:41.705  3014  3014 D LifecycleMonitor: Lifecycle status change: com.hkxps17.turnup.LoginActivity@7e17953 in: RESUMED
08-01 07:34:41.705  3014  3014 V ActivityScenario: Update currentActivityStage to RESUMED, currentActivity=com.hkxps17.turnup.LoginActivity@7e17953
08-01 07:34:41.721 25037 25037 D BoundBrokerSvc: onBind: Intent { act=com.google.android.gms.auth.api.signin.service.START pkg=com.google.android.gms }
08-01 07:34:41.721 25037 25037 D BoundBrokerSvc: Loading bound service for intent: Intent { act=com.google.android.gms.auth.api.signin.service.START pkg=com.google.android.gms }
08-01 07:34:41.756  3014  3051 D EventInjectionStrategy: Creating injection strategy with input manager.
08-01 07:34:41.756  3014  3051 W .hkxps17.turnu: Accessing hidden method Landroid/hardware/input/InputManager;->getInstance()Landroid/hardware/input/InputManager; (greylist, reflection, allowed)
08-01 07:34:41.756  3014  3051 W .hkxps17.turnu: Accessing hidden method Landroid/hardware/input/InputManager;->injectInputEvent(Landroid/view/InputEvent;I)Z (greylist, reflection, allowed)
08-01 07:34:41.756  3014  3051 W .hkxps17.turnu: Accessing hidden field Landroid/hardware/input/InputManager;->INJECT_INPUT_EVENT_MODE_WAIT_FOR_FINISH:I (greylist, reflection, allowed)
08-01 07:34:41.773  3014  3087 D HostConnection: HostConnection::get() New Host Connection established 0xd2b0f770, tid 3087
08-01 07:34:41.787  3014  3087 D HostConnection: HostComposition ext ANDROID_EMU_CHECKSUM_HELPER_v1 ANDROID_EMU_dma_v1 ANDROID_EMU_direct_mem ANDROID_EMU_host_composition_v1 ANDROID_EMU_host_composition_v2 ANDROID_EMU_vulkan ANDROID_EMU_deferred_vulkan_commands ANDROID_EMU_vulkan_null_optional_strings ANDROID_EMU_vulkan_create_resources_with_requirements ANDROID_EMU_YUV420_888_to_NV21 ANDROID_EMU_YUV_Cache ANDROID_EMU_vulkan_free_memory_sync ANDROID_EMU_vulkan_shader_float16_int8 ANDROID_EMU_vulkan_async_queue_submit ANDROID_EMU_sync_buffer_data GL_OES_vertex_array_object GL_KHR_texture_compression_astc_ldr ANDROID_EMU_host_side_tracing ANDROID_EMU_gles_max_version_2
08-01 07:34:41.794  3014  3087 W OpenGLRenderer: Failed to choose config with EGL_SWAP_BEHAVIOR_PRESERVED, retrying without...
08-01 07:34:41.804  3014  3087 D eglCodecCommon: setVertexArrayObject: set vao to 0 (0) 0 0
08-01 07:34:41.804  3014  3087 D EGL_emulation: eglCreateContext: 0xe90546a0: maj 2 min 0 rcv 2
08-01 07:34:41.838  3014  3087 D EGL_emulation: eglMakeCurrent: 0xe90546a0: ver 2 0 (tinfo 0xdde95250)
08-01 07:34:41.848  1796  1796 D gralloc_ranchu: gralloc_alloc: Creating ashmem region of size 9334784
08-01 07:34:41.884  1678  1678 I hwservicemanager: getTransport: Cannot find entry android.hardware.graphics.mapper@3.0::IMapper/default in either framework or device manifest.
08-01 07:34:41.884  3014  3087 W Gralloc3: mapper 3.x is not supported
08-01 07:34:41.887  3014  3087 D HostConnection: createUnique: call
08-01 07:34:41.887  3014  3087 D HostConnection: HostConnection::get() New Host Connection established 0xd2b12600, tid 3087
08-01 07:34:41.893  3014  3087 D HostConnection: HostComposition ext ANDROID_EMU_CHECKSUM_HELPER_v1 ANDROID_EMU_dma_v1 ANDROID_EMU_direct_mem ANDROID_EMU_host_composition_v1 ANDROID_EMU_host_composition_v2 ANDROID_EMU_vulkan ANDROID_EMU_deferred_vulkan_commands ANDROID_EMU_vulkan_null_optional_strings ANDROID_EMU_vulkan_create_resources_with_requirements ANDROID_EMU_YUV420_888_to_NV21 ANDROID_EMU_YUV_Cache ANDROID_EMU_vulkan_free_memory_sync ANDROID_EMU_vulkan_shader_float16_int8 ANDROID_EMU_vulkan_async_queue_submit ANDROID_EMU_sync_buffer_data GL_OES_vertex_array_object GL_KHR_texture_compression_astc_ldr ANDROID_EMU_host_side_tracing ANDROID_EMU_gles_max_version_2
08-01 07:34:41.893  3014  3087 D eglCodecCommon: allocate: Ask for block of size 0x1000
08-01 07:34:41.893  3014  3087 D eglCodecCommon: allocate: ioctl allocate returned offset 0x3ff708000 size 0x2000
08-01 07:34:41.896  1796  1796 D gralloc_ranchu: gralloc_alloc: Creating ashmem region of size 9334784
08-01 07:34:41.897  1796  1796 D gralloc_ranchu: gralloc_alloc: Creating ashmem region of size 9334784
08-01 07:34:41.920  3014  3087 D EGL_emulation: eglMakeCurrent: 0xe90546a0: ver 2 0 (tinfo 0xdde95250)
08-01 07:34:41.928  3014  3087 D eglCodecCommon: setVertexArrayObject: set vao to 0 (0) 1 0
08-01 07:34:42.008  2037  2063 I ActivityTaskManager: Displayed com.hkxps17.turnup/.LoginActivity: +1s84ms
08-01 07:34:42.073  3014  3051 W .hkxps17.turnu: Accessing hidden method Landroid/view/ViewConfiguration;->getDoubleTapMinTime()I (greylist, reflection, allowed)
08-01 07:34:42.094 10218  3098 I PBSessionCacheImpl: Deleted sessionId[222751256696] from persistence.
08-01 07:34:42.095  3014  3014 W .hkxps17.turnu: Accessing hidden method Landroid/os/MessageQueue;->next()Landroid/os/Message; (greylist, reflection, allowed)
08-01 07:34:42.095  3014  3014 W .hkxps17.turnu: Accessing hidden field Landroid/os/MessageQueue;->mMessages:Landroid/os/Message; (greylist, reflection, allowed)
08-01 07:34:42.095  3014  3014 W .hkxps17.turnu: Accessing hidden method Landroid/os/Message;->recycleUnchecked()V (greylist, reflection, allowed)
08-01 07:34:42.102  3014  3014 W .hkxps17.turnu: Accessing hidden method Landroid/view/WindowManagerGlobal;->getInstance()Landroid/view/WindowManagerGlobal; (greylist, reflection, allowed)
08-01 07:34:42.102  3014  3014 W .hkxps17.turnu: Accessing hidden field Landroid/view/WindowManagerGlobal;->mViews:Ljava/util/ArrayList; (greylist, reflection, allowed)
08-01 07:34:42.104  3014  3014 W .hkxps17.turnu: Accessing hidden field Landroid/view/WindowManagerGlobal;->mParams:Ljava/util/ArrayList; (greylist, reflection, allowed)
08-01 07:34:42.104 10218 10260 W SearchServiceCore: Abort, client detached.
08-01 07:34:42.110  3014  3051 W .hkxps17.turnu: Accessing hidden method Lsun/misc/Unsafe;->getUnsafe()Lsun/misc/Unsafe; (greylist,core-platform-api, linking, allowed)
08-01 07:34:42.110  3014  3051 W .hkxps17.turnu: Accessing hidden method Lsun/misc/Unsafe;->objectFieldOffset(Ljava/lang/reflect/Field;)J (greylist,core-platform-api, linking, allowed)
08-01 07:34:42.110  3014  3051 W .hkxps17.turnu: Accessing hidden method Lsun/misc/Unsafe;->putObject(Ljava/lang/Object;JLjava/lang/Object;)V (greylist, linking, allowed)
08-01 07:34:42.114  3014  3100 W .hkxps17.turnu: Accessing hidden method Lsun/misc/Unsafe;->compareAndSwapObject(Ljava/lang/Object;JLjava/lang/Object;Ljava/lang/Object;)Z (greylist, linking, allowed)
08-01 07:34:42.114  3014  3100 W .hkxps17.turnu: Accessing hidden method Lsun/misc/Unsafe;->getObject(Ljava/lang/Object;J)Ljava/lang/Object; (greylist, linking, allowed)
08-01 07:34:42.123  3014  3014 I ViewInteraction: Performing 'single click' action on view (view.getId() is <2131230972/com.hkxps17.turnup:id/guest_button> and an instance of android.widget.TextView and view.getText() with or without transformation to match: is "Continue as Guest" and Child at position 4 in parent Child at position 0 in parent view.getId() is <16908290/android:id/content> and (view has effective visibility <VISIBLE> and view.getGlobalVisibleRect() to return non-empty rectangle))
08-01 07:34:42.201  1784  7977 W audio_hw_generic: Not supplying enough data to HAL, expected position 40413572 , only wrote 40413540
08-01 07:34:42.220  3014  3014 D LifecycleMonitor: Lifecycle status change: com.hkxps17.turnup.LoginActivity@7e17953 in: PAUSED
08-01 07:34:42.220  3014  3014 V ActivityScenario: Update currentActivityStage to PAUSED, currentActivity=com.hkxps17.turnup.LoginActivity@7e17953
08-01 07:34:42.220  2037  4002 W InputReader: Device has associated, but no associated display id.
08-01 07:34:42.224  2037  4002 I chatty  : uid=1000(system) Binder:2037_18 identical 48 lines
08-01 07:34:42.224  2037  4002 W InputReader: Device has associated, but no associated display id.
08-01 07:34:42.241 10808 10990 I FontLog : Received query Noto Color Emoji Compat, URI content://com.google.android.gms.fonts [CONTEXT service_id=132 ]
08-01 07:34:42.241 10808 10990 I FontLog : Query [emojicompat-emoji-font] resolved to {Noto Color Emoji Compat, wdth 100.0, wght 400, ital 0.0, bestEffort false} [CONTEXT service_id=132 ]
08-01 07:34:42.245 10808 10990 I FontLog : Fetch {Noto Color Emoji Compat, wdth 100.0, wght 400, ital 0.0, bestEffort false} end status Status{statusCode=SUCCESS, resolution=null} [CONTEXT service_id=132 ]
08-01 07:34:42.249  3014  3014 W ActivityThread: handleWindowVisibility: no activity for token android.os.BinderProxy@bc1fd21
08-01 07:34:42.255 10808 10990 I FontLog : Pulling font file for id = 201, cache size = 5 [CONTEXT service_id=132 ]
08-01 07:34:42.255  3014  3014 D LifecycleMonitor: Lifecycle status change: com.hkxps17.turnup.EventListActivity@15e07a0 in: PRE_ON_CREATE
08-01 07:34:42.256  3014  3014 V ActivityScenario: Activity lifecycle changed event received but ignored because the intent does not match. startActivityIntent=Intent { act=android.intent.action.MAIN cat=[android.intent.category.LAUNCHER] cmp=com.hkxps17.turnup/.LoginActivity }, activity.getIntent()=Intent { cmp=com.hkxps17.turnup/.EventListActivity }, activity=com.hkxps17.turnup.EventListActivity@15e07a0
08-01 07:34:42.266 10808 10990 I FontLog : Pulling font file for id = 201, cache size = 5 [CONTEXT service_id=132 ]
08-01 07:34:42.372  3014  3014 D EMAIL   : Guest
08-01 07:34:42.395  3014  3014 D LifecycleMonitor: Lifecycle status change: com.hkxps17.turnup.EventListActivity@15e07a0 in: CREATED
08-01 07:34:42.396  3014  3014 V ActivityScenario: Activity lifecycle changed event received but ignored because the intent does not match. startActivityIntent=Intent { act=android.intent.action.MAIN cat=[android.intent.category.LAUNCHER] cmp=com.hkxps17.turnup/.LoginActivity }, activity.getIntent()=Intent { cmp=com.hkxps17.turnup/.EventListActivity }, activity=com.hkxps17.turnup.EventListActivity@15e07a0
08-01 07:34:42.398  3014  3014 D LifecycleMonitor: Lifecycle status change: com.hkxps17.turnup.EventListActivity@15e07a0 in: STARTED
08-01 07:34:42.398  3014  3014 V ActivityScenario: Activity lifecycle changed event received but ignored because the intent does not match. startActivityIntent=Intent { act=android.intent.action.MAIN cat=[android.intent.category.LAUNCHER] cmp=com.hkxps17.turnup/.LoginActivity }, activity.getIntent()=Intent { cmp=com.hkxps17.turnup/.EventListActivity }, activity=com.hkxps17.turnup.EventListActivity@15e07a0
08-01 07:34:42.399  3014  3014 D LifecycleMonitor: Lifecycle status change: com.hkxps17.turnup.EventListActivity@15e07a0 in: RESUMED
08-01 07:34:42.399  3014  3014 V ActivityScenario: Activity lifecycle changed event received but ignored because the intent does not match. startActivityIntent=Intent { act=android.intent.action.MAIN cat=[android.intent.category.LAUNCHER] cmp=com.hkxps17.turnup/.LoginActivity }, activity.getIntent()=Intent { cmp=com.hkxps17.turnup/.EventListActivity }, activity=com.hkxps17.turnup.EventListActivity@15e07a0
08-01 07:34:42.413  3014  3108 D NetworkSecurityConfig: No Network Security Config specified, using platform default
08-01 07:34:42.452  1796  1796 D gralloc_ranchu: gralloc_alloc: Creating ashmem region of size 9334784
08-01 07:34:42.455  1796  1796 I chatty  : uid=1000(system) allocator@2.0-s identical 1 line
08-01 07:34:42.456  1796  1796 D gralloc_ranchu: gralloc_alloc: Creating ashmem region of size 9334784
08-01 07:34:42.463  3014  3087 D EGL_emulation: eglMakeCurrent: 0xe90546a0: ver 2 0 (tinfo 0xdde95250)
08-01 07:34:42.491  3014  3087 D EGL_emulation: eglMakeCurrent: 0xe90546a0: ver 2 0 (tinfo 0xdde95250)
08-01 07:34:42.505  2037  2059 W InputReader: Device has associated, but no associated display id.
08-01 07:34:42.507  2037  2059 I chatty  : uid=1000(system) android.anim identical 18 lines
08-01 07:34:42.507  2037  2059 W InputReader: Device has associated, but no associated display id.
08-01 07:34:42.522  3014  3087 D EGL_emulation: eglMakeCurrent: 0xe90546a0: ver 2 0 (tinfo 0xdde95250)
08-01 07:34:42.533  3014  3087 I chatty  : uid=10164(com.hkxps17.turnup) RenderThread identical 1 line
08-01 07:34:42.539  3014  3087 D EGL_emulation: eglMakeCurrent: 0xe90546a0: ver 2 0 (tinfo 0xdde95250)
08-01 07:34:42.689  1795  2479 E GnssHAL_GnssInterface: gnssSvStatusCb: a: input svInfo.flags is 8
08-01 07:34:42.689  1795  2479 E GnssHAL_GnssInterface: gnssSvStatusCb: b: input svInfo.flags is 8
08-01 07:34:42.767  3014  3051 W .hkxps17.turnu: Accessing hidden method Lsun/misc/Unsafe;->compareAndSwapObject(Ljava/lang/Object;JLjava/lang/Object;Ljava/lang/Object;)Z (greylist, linking, allowed)
08-01 07:34:42.769  3014  3014 I ViewInteraction: Performing 'single click' action on view (view.getId() is <2131231169/com.hkxps17.turnup:id/search_button> and Child at position 4 in parent Child at position 0 in parent view.getId() is <16908290/android:id/content> and (view has effective visibility <VISIBLE> and view.getGlobalVisibleRect() to return non-empty rectangle))
08-01 07:34:42.956  3014  3014 W .hkxps17.turnu: Accessing hidden method Ldalvik/system/CloseGuard;->get()Ldalvik/system/CloseGuard; (greylist,core-platform-api, reflection, allowed)
08-01 07:34:42.956  3014  3014 W .hkxps17.turnu: Accessing hidden method Ldalvik/system/CloseGuard;->open(Ljava/lang/String;)V (greylist,core-platform-api, reflection, allowed)
08-01 07:34:42.956  3014  3014 W .hkxps17.turnu: Accessing hidden method Ldalvik/system/CloseGuard;->warnIfOpen()V (greylist,core-platform-api, reflection, allowed)
08-01 07:34:42.972  3014  3014 D TEST    : []!!!!
08-01 07:34:42.982  3014  3014 D TEST    : []!!!!
08-01 07:34:43.009  3014  3014 D LifecycleMonitor: Lifecycle status change: com.hkxps17.turnup.LoginActivity@7e17953 in: STOPPED
08-01 07:34:43.009  3014  3014 V ActivityScenario: Update currentActivityStage to STOPPED, currentActivity=com.hkxps17.turnup.LoginActivity@7e17953
08-01 07:34:43.034  1777  3123 E ResolverController: No valid NAT64 prefix (101, <unspecified>/0)
08-01 07:34:43.163  1777  3122 E ResolverController: No valid NAT64 prefix (101, <unspecified>/0)
08-01 07:34:43.245  3014  3051 W .hkxps17.turnu: Accessing hidden method Lsun/misc/Unsafe;->compareAndSwapObject(Ljava/lang/Object;JLjava/lang/Object;Ljava/lang/Object;)Z (greylist, linking, allowed)
08-01 07:34:43.248  3014  3014 I ViewInteraction: Performing 'single click' action on view (view.getId() is <2131230856/com.hkxps17.turnup:id/chip2> and an instance of android.widget.TextView and view.getText() with or without transformation to match: is "Adventure Events" and Child at position 2 in parent (view.getId() is <2131230860/com.hkxps17.turnup:id/chipGroupFilter> and Child at position 3 in parent view.getClass().getName() matches: is "androidx.constraintlayout.widget.ConstraintLayout") and (view has effective visibility <VISIBLE> and view.getGlobalVisibleRect() to return non-empty rectangle))
08-01 07:34:43.580  3014  3014 D TEST    : []!!!!
08-01 07:34:43.584  1777  3132 E ResolverController: No valid NAT64 prefix (101, <unspecified>/0)
08-01 07:34:43.656  3014  3051 W .hkxps17.turnu: Accessing hidden method Lsun/misc/Unsafe;->compareAndSwapObject(Ljava/lang/Object;JLjava/lang/Object;Ljava/lang/Object;)Z (greylist, linking, allowed)
08-01 07:34:43.658  3014  3014 I ViewInteraction: Checking 'MatchesViewAssertion{viewMatcher=an instance of android.widget.TextView and view.getText() with or without transformation to match: is "Adventure"}' assertion on view (view.getId() is <2131230724/com.hkxps17.turnup:id/EventCategory> and an instance of android.widget.TextView and view.getText() with or without transformation to match: is "Adventure" and view.getParent() view.getParent() view.getId() is <2131230938/com.hkxps17.turnup:id/event_list_background> and (view has effective visibility <VISIBLE> and view.getGlobalVisibleRect() to return non-empty rectangle))
08-01 07:34:43.667  3014  3014 D LifecycleMonitor: Lifecycle status change: com.hkxps17.turnup.EventListActivity@15e07a0 in: PAUSED
08-01 07:34:43.668  3014  3014 V ActivityScenario: Activity lifecycle changed event received but ignored because the intent does not match. startActivityIntent=Intent { act=android.intent.action.MAIN cat=[android.intent.category.LAUNCHER] cmp=com.hkxps17.turnup/.LoginActivity }, activity.getIntent()=Intent { cmp=com.hkxps17.turnup/.EventListActivity }, activity=com.hkxps17.turnup.EventListActivity@15e07a0
08-01 07:34:43.668  2037  3505 W InputReader: Device has associated, but no associated display id.
08-01 07:34:43.670  2037  3505 I chatty  : uid=1000(system) Binder:2037_15 identical 38 lines
08-01 07:34:43.670  2037  3505 W InputReader: Device has associated, but no associated display id.
08-01 07:34:43.671  3053  3053 W ActivityThread: handleWindowVisibility: no activity for token android.os.BinderProxy@16e073a
08-01 07:34:43.672  2037  3505 W InputReader: Device has associated, but no associated display id.
08-01 07:34:43.672  2037  3505 I chatty  : uid=1000(system) Binder:2037_15 identical 8 lines
08-01 07:34:43.672  2037  3505 W InputReader: Device has associated, but no associated display id.
08-01 07:34:43.689  1795  2479 E GnssHAL_GnssInterface: gnssSvStatusCb: a: input svInfo.flags is 8
08-01 07:34:43.689  1795  2479 E GnssHAL_GnssInterface: gnssSvStatusCb: b: input svInfo.flags is 8
08-01 07:34:43.696  3014  3014 D LifecycleMonitor: Lifecycle status change: com.hkxps17.turnup.LoginActivity@7e17953 in: DESTROYED
08-01 07:34:43.696  3014  3014 V ActivityScenario: Update currentActivityStage to DESTROYED, currentActivity=null
08-01 07:34:43.707  2037  4002 W InputReader: Device has associated, but no associated display id.
08-01 07:34:43.710  2037  4002 I chatty  : uid=1000(system) Binder:2037_18 identical 48 lines
08-01 07:34:43.710  2037  4002 W InputReader: Device has associated, but no associated display id.
08-01 07:34:43.732  3053  3084 D HostConnection: HostConnection::get() New Host Connection established 0xd2b0eb90, tid 3084
08-01 07:34:43.733  3053  3084 D HostConnection: HostComposition ext ANDROID_EMU_CHECKSUM_HELPER_v1 ANDROID_EMU_dma_v1 ANDROID_EMU_direct_mem ANDROID_EMU_host_composition_v1 ANDROID_EMU_host_composition_v2 ANDROID_EMU_vulkan ANDROID_EMU_deferred_vulkan_commands ANDROID_EMU_vulkan_null_optional_strings ANDROID_EMU_vulkan_create_resources_with_requirements ANDROID_EMU_YUV420_888_to_NV21 ANDROID_EMU_YUV_Cache ANDROID_EMU_vulkan_free_memory_sync ANDROID_EMU_vulkan_shader_float16_int8 ANDROID_EMU_vulkan_async_queue_submit ANDROID_EMU_sync_buffer_data GL_OES_vertex_array_object GL_KHR_texture_compression_astc_ldr ANDROID_EMU_host_side_tracing ANDROID_EMU_gles_max_version_2
08-01 07:34:43.736  3053  3084 W OpenGLRenderer: Failed to choose config with EGL_SWAP_BEHAVIOR_PRESERVED, retrying without...
08-01 07:34:43.746  3053  3084 D eglCodecCommon: setVertexArrayObject: set vao to 0 (0) 0 0
08-01 07:34:43.746  3053  3084 D EGL_emulation: eglCreateContext: 0xe9054340: maj 2 min 0 rcv 2
08-01 07:34:43.778  3053  3084 D EGL_emulation: eglMakeCurrent: 0xe9054340: ver 2 0 (tinfo 0xdde954c0)
08-01 07:34:43.787  1796  1796 D gralloc_ranchu: gralloc_alloc: Creating ashmem region of size 9334784
08-01 07:34:43.788  1678  1678 I hwservicemanager: getTransport: Cannot find entry android.hardware.graphics.mapper@3.0::IMapper/default in either framework or device manifest.
08-01 07:34:43.788  3053  3084 W Gralloc3: mapper 3.x is not supported
08-01 07:34:43.791  3053  3084 D HostConnection: createUnique: call
08-01 07:34:43.791  3053  3084 D HostConnection: HostConnection::get() New Host Connection established 0xd2b108a0, tid 3084
08-01 07:34:43.805  3053  3084 D HostConnection: HostComposition ext ANDROID_EMU_CHECKSUM_HELPER_v1 ANDROID_EMU_dma_v1 ANDROID_EMU_direct_mem ANDROID_EMU_host_composition_v1 ANDROID_EMU_host_composition_v2 ANDROID_EMU_vulkan ANDROID_EMU_deferred_vulkan_commands ANDROID_EMU_vulkan_null_optional_strings ANDROID_EMU_vulkan_create_resources_with_requirements ANDROID_EMU_YUV420_888_to_NV21 ANDROID_EMU_YUV_Cache ANDROID_EMU_vulkan_free_memory_sync ANDROID_EMU_vulkan_shader_float16_int8 ANDROID_EMU_vulkan_async_queue_submit ANDROID_EMU_sync_buffer_data GL_OES_vertex_array_object GL_KHR_texture_compression_astc_ldr ANDROID_EMU_host_side_tracing ANDROID_EMU_gles_max_version_2
08-01 07:34:43.805  3053  3084 D eglCodecCommon: allocate: Ask for block of size 0x1000
08-01 07:34:43.805  3053  3084 D eglCodecCommon: allocate: ioctl allocate returned offset 0x3ff706000 size 0x2000
08-01 07:34:43.807  1796  1796 D gralloc_ranchu: gralloc_alloc: Creating ashmem region of size 9334784
08-01 07:34:43.809  1796  1796 D gralloc_ranchu: gralloc_alloc: Creating ashmem region of size 9334784
08-01 07:34:43.810  3053  3084 D EGL_emulation: eglMakeCurrent: 0xe9054340: ver 2 0 (tinfo 0xdde954c0)
08-01 07:34:43.814  3053  3084 D eglCodecCommon: setVertexArrayObject: set vao to 0 (0) 1 0
08-01 07:34:43.905  3053  3053 W ActivityThread: handleWindowVisibility: no activity for token android.os.BinderProxy@f2d551d
08-01 07:34:43.921  3014  3051 I TestRunner: finished: adventureFilterTest(com.hkxps17.turnup.AdventureFilterTest)