08-01 07:50:24.592  6359  6390 I TestRunner: started: leisureFilterTest(com.hkxps17.turnup.LeisureFilterTest)
08-01 07:50:24.599  6359  6390 W Settings: Setting always_finish_activities has moved from android.provider.Settings.System to android.provider.Settings.Global, returning read-only value.
08-01 07:50:24.614  2037  2059 E system_server: Invalid ID 0x00000000.
08-01 07:50:24.618  2037  3505 W InputReader: Device has associated, but no associated display id.
08-01 07:50:24.618  2037  3505 I chatty  : uid=1000(system) Binder:2037_15 identical 8 lines
08-01 07:50:24.618  2037  3505 W InputReader: Device has associated, but no associated display id.
08-01 07:50:24.630  1796 11341 D gralloc_ranchu: gralloc_alloc: Creating ashmem region of size 9334784
08-01 07:50:24.632  1778  1778 D Zygote  : Forked child process 6392
08-01 07:50:24.637  6392  6392 I s17.turnup.tes: Late-enabling -Xcheck:jni
08-01 07:50:24.649  6392  6392 E s17.turnup.tes: Unknown bits set in runtime_flags: 0x8000
08-01 07:50:24.662  6392  6392 W s17.turnup.tes: Unexpected CPU variant for X86 using defaults: x86
08-01 07:50:24.663  3133  3133 W adbd    : timeout expired while flushing socket, closing
08-01 07:50:24.689  2037  3689 W InputReader: Device has associated, but no associated display id.
08-01 07:50:24.696  2037  3689 I chatty  : uid=1000(system) Binder:2037_16 identical 28 lines
08-01 07:50:24.697  2037  3689 W InputReader: Device has associated, but no associated display id.
08-01 07:50:24.699  2037  2059 W InputReader: Device has associated, but no associated display id.
08-01 07:50:24.700  2037  2059 I chatty  : uid=1000(system) android.anim identical 8 lines
08-01 07:50:24.700  2037  2059 W InputReader: Device has associated, but no associated display id.
08-01 07:50:24.712  6392  6392 I s17.turnup.tes: The ClassLoaderContext is a special shared library.
08-01 07:50:24.712  6392  6392 I s17.turnup.tes: The ClassLoaderContext is a special shared library.
08-01 07:50:24.721  3995  4125 I MicroDetectionState: (REDACTED) Should stop hotword detection immediately - %b
08-01 07:50:24.722  3995  4125 I A       : getLocaleToModelSpecsMap
08-01 07:50:24.722  3995  4125 I A       : Using proto config with mendel
08-01 07:50:24.723  3995  4125 I A       : getLocaleToModelSpecsMap
08-01 07:50:24.723  3995  4125 I A       : Using proto config with mendel
08-01 07:50:24.744  1824  2131 E SurfaceFlinger: ro.sf.lcd_density must be defined as a build property
08-01 07:50:24.748  1824  2131 E SurfaceFlinger: ro.sf.lcd_density must be defined as a build property
08-01 07:50:24.750  6392  6425 D libEGL  : Emulator has host GPU support, qemu.gles is set to 1.
08-01 07:50:24.750  6392  6425 W libc    : Unable to set property "qemu.gles" to "1": connection failed; errno=13 (Permission denied)
08-01 07:50:24.736  6392  6392 W RenderThread: type=1400 audit(0.0:570): avc: denied { write } for name="property_service" dev="tmpfs" ino=6968 scontext=u:r:untrusted_app:s0:c135,c256,c512,c768 tcontext=u:object_r:property_socket:s0 tclass=sock_file permissive=0
08-01 07:50:24.768  6392  6425 D libEGL  : loaded /vendor/lib/egl/libEGL_emulation.so
08-01 07:50:24.770  1795  2479 E GnssHAL_GnssInterface: gnssSvStatusCb: a: input svInfo.flags is 8
08-01 07:50:24.770  1795  2479 E GnssHAL_GnssInterface: gnssSvStatusCb: b: input svInfo.flags is 8
08-01 07:50:24.770  6392  6425 D libEGL  : loaded /vendor/lib/egl/libGLESv1_CM_emulation.so
08-01 07:50:24.775  6392  6425 D libEGL  : loaded /vendor/lib/egl/libGLESv2_emulation.so
08-01 07:50:24.803  2037  3505 W InputReader: Device has associated, but no associated display id.
08-01 07:50:24.806  2037  3505 I chatty  : uid=1000(system) Binder:2037_15 identical 48 lines
08-01 07:50:24.806  2037  3505 W InputReader: Device has associated, but no associated display id.
08-01 07:50:24.807  6359  6359 W ActivityThread: handleWindowVisibility: no activity for token android.os.BinderProxy@40513b6
08-01 07:50:24.808  2037  3505 W InputReader: Device has associated, but no associated display id.
08-01 07:50:24.808  2037  3505 I chatty  : uid=1000(system) Binder:2037_15 identical 8 lines
08-01 07:50:24.808  2037  3505 W InputReader: Device has associated, but no associated display id.
08-01 07:50:24.832  1824  2131 E SurfaceFlinger: ro.sf.lcd_density must be defined as a build property
08-01 07:50:24.832  1824  2131 E SurfaceFlinger: ro.sf.lcd_density must be defined as a build property
08-01 07:50:24.835  6359  6429 D libEGL  : Emulator has host GPU support, qemu.gles is set to 1.
08-01 07:50:24.836  6359  6429 W libc    : Unable to set property "qemu.gles" to "1": connection failed; errno=13 (Permission denied)
08-01 07:50:24.826  6359  6359 W RenderThread: type=1400 audit(0.0:571): avc: denied { write } for name="property_service" dev="tmpfs" ino=6968 scontext=u:r:untrusted_app:s0:c164,c256,c512,c768 tcontext=u:object_r:property_socket:s0 tclass=sock_file permissive=0
08-01 07:50:24.874  6359  6429 D libEGL  : loaded /vendor/lib/egl/libEGL_emulation.so
08-01 07:50:24.877  6359  6429 D libEGL  : loaded /vendor/lib/egl/libGLESv1_CM_emulation.so
08-01 07:50:24.880  6359  6429 D libEGL  : loaded /vendor/lib/egl/libGLESv2_emulation.so
08-01 07:50:24.895  6359  6359 D LifecycleMonitor: Lifecycle status change: com.hkxps17.turnup.LoginActivity@7e17953 in: PRE_ON_CREATE
08-01 07:50:24.897  6359  6359 V ActivityScenario: Activity lifecycle changed event received but ignored because the reported transition was not ON_CREATE while the last known transition was PRE_ON_CREATE
08-01 07:50:24.945  6359  6359 W .hkxps17.turnu: Accessing hidden method Landroid/view/View;->computeFitSystemWindows(Landroid/graphics/Rect;Landroid/graphics/Rect;)Z (greylist, reflection, allowed)
08-01 07:50:24.945  6359  6359 W .hkxps17.turnu: Accessing hidden method Landroid/view/ViewGroup;->makeOptionalFitsSystemWindows()V (greylist, reflection, allowed)
08-01 07:50:24.992  3995  4202 D EGL_emulation: eglMakeCurrent: 0xe90545e0: ver 2 0 (tinfo 0xb32f8b60)
08-01 07:50:24.995  2701  3296 D EGL_emulation: eglMakeCurrent: 0xd5d1a900: ver 2 0 (tinfo 0xd5d0f7a0)
08-01 07:50:24.996 25936 25978 D EGL_emulation: eglMakeCurrent: 0xd5d1aa80: ver 2 0 (tinfo 0xd5d0f4e0)
08-01 07:50:25.016  6359  6359 I .hkxps17.turnu: The ClassLoaderContext is a special shared library.
08-01 07:50:25.019  6359  6359 I .hkxps17.turnu: The ClassLoaderContext is a special shared library.
08-01 07:50:25.056  6359  6359 I DynamiteModule: Considering local module com.google.android.gms.signinbutton_dynamite:0 and remote module com.google.android.gms.signinbutton_dynamite:2
08-01 07:50:25.056  6359  6359 I DynamiteModule: Selected remote version of com.google.android.gms.signinbutton_dynamite, version >= 2
08-01 07:50:25.215  6359  6359 D LoginActivity: OnCreate
08-01 07:50:25.218  6359  6359 D LifecycleMonitor: Lifecycle status change: com.hkxps17.turnup.LoginActivity@7e17953 in: CREATED
08-01 07:50:25.218  6359  6359 V ActivityScenario: Update currentActivityStage to CREATED, currentActivity=com.hkxps17.turnup.LoginActivity@7e17953
08-01 07:50:25.231  6359  6359 D LoginActivity: OnStart
08-01 07:50:25.236  6359  6359 D LoginActivity: No user signed in
08-01 07:50:25.236  6359  6359 D LifecycleMonitor: Lifecycle status change: com.hkxps17.turnup.LoginActivity@7e17953 in: STARTED
08-01 07:50:25.236  6359  6359 V ActivityScenario: Update currentActivityStage to STARTED, currentActivity=com.hkxps17.turnup.LoginActivity@7e17953
08-01 07:50:25.238  6359  6359 D LifecycleMonitor: Lifecycle status change: com.hkxps17.turnup.LoginActivity@7e17953 in: RESUMED
08-01 07:50:25.238  6359  6359 V ActivityScenario: Update currentActivityStage to RESUMED, currentActivity=com.hkxps17.turnup.LoginActivity@7e17953
08-01 07:50:25.272 25037 25037 D BoundBrokerSvc: onBind: Intent { act=com.google.android.gms.auth.api.signin.service.START pkg=com.google.android.gms }
08-01 07:50:25.272 25037 25037 D BoundBrokerSvc: Loading bound service for intent: Intent { act=com.google.android.gms.auth.api.signin.service.START pkg=com.google.android.gms }
08-01 07:50:25.290  6359  6426 D HostConnection: HostConnection::get() New Host Connection established 0xd2b0f720, tid 6426
08-01 07:50:25.292  6359  6426 D HostConnection: HostComposition ext ANDROID_EMU_CHECKSUM_HELPER_v1 ANDROID_EMU_dma_v1 ANDROID_EMU_direct_mem ANDROID_EMU_host_composition_v1 ANDROID_EMU_host_composition_v2 ANDROID_EMU_vulkan ANDROID_EMU_deferred_vulkan_commands ANDROID_EMU_vulkan_null_optional_strings ANDROID_EMU_vulkan_create_resources_with_requirements ANDROID_EMU_YUV420_888_to_NV21 ANDROID_EMU_YUV_Cache ANDROID_EMU_vulkan_free_memory_sync ANDROID_EMU_vulkan_shader_float16_int8 ANDROID_EMU_vulkan_async_queue_submit ANDROID_EMU_sync_buffer_data GL_OES_vertex_array_object GL_KHR_texture_compression_astc_ldr ANDROID_EMU_host_side_tracing ANDROID_EMU_gles_max_version_2
08-01 07:50:25.295  6359  6426 W OpenGLRenderer: Failed to choose config with EGL_SWAP_BEHAVIOR_PRESERVED, retrying without...
08-01 07:50:25.304  6359  6426 D eglCodecCommon: setVertexArrayObject: set vao to 0 (0) 0 0
08-01 07:50:25.304  6359  6426 D EGL_emulation: eglCreateContext: 0xdde5c7e0: maj 2 min 0 rcv 2
08-01 07:50:25.324  6359  6390 D EventInjectionStrategy: Creating injection strategy with input manager.
08-01 07:50:25.324  6359  6390 W .hkxps17.turnu: Accessing hidden method Landroid/hardware/input/InputManager;->getInstance()Landroid/hardware/input/InputManager; (greylist, reflection, allowed)
08-01 07:50:25.324  6359  6390 W .hkxps17.turnu: Accessing hidden method Landroid/hardware/input/InputManager;->injectInputEvent(Landroid/view/InputEvent;I)Z (greylist, reflection, allowed)
08-01 07:50:25.324  6359  6390 W .hkxps17.turnu: Accessing hidden field Landroid/hardware/input/InputManager;->INJECT_INPUT_EVENT_MODE_WAIT_FOR_FINISH:I (greylist, reflection, allowed)
08-01 07:50:25.341  6359  6426 D EGL_emulation: eglMakeCurrent: 0xdde5c7e0: ver 2 0 (tinfo 0xdde95ab0)
08-01 07:50:25.350  1796 11341 D gralloc_ranchu: gralloc_alloc: Creating ashmem region of size 9334784
08-01 07:50:25.383  1678  1678 I hwservicemanager: getTransport: Cannot find entry android.hardware.graphics.mapper@3.0::IMapper/default in either framework or device manifest.
08-01 07:50:25.384  6359  6426 W Gralloc3: mapper 3.x is not supported
08-01 07:50:25.386  6359  6426 D HostConnection: createUnique: call
08-01 07:50:25.386  6359  6426 D HostConnection: HostConnection::get() New Host Connection established 0xd2b12600, tid 6426
08-01 07:50:25.388  6359  6426 D HostConnection: HostComposition ext ANDROID_EMU_CHECKSUM_HELPER_v1 ANDROID_EMU_dma_v1 ANDROID_EMU_direct_mem ANDROID_EMU_host_composition_v1 ANDROID_EMU_host_composition_v2 ANDROID_EMU_vulkan ANDROID_EMU_deferred_vulkan_commands ANDROID_EMU_vulkan_null_optional_strings ANDROID_EMU_vulkan_create_resources_with_requirements ANDROID_EMU_YUV420_888_to_NV21 ANDROID_EMU_YUV_Cache ANDROID_EMU_vulkan_free_memory_sync ANDROID_EMU_vulkan_shader_float16_int8 ANDROID_EMU_vulkan_async_queue_submit ANDROID_EMU_sync_buffer_data GL_OES_vertex_array_object GL_KHR_texture_compression_astc_ldr ANDROID_EMU_host_side_tracing ANDROID_EMU_gles_max_version_2
08-01 07:50:25.388  6359  6426 D eglCodecCommon: allocate: Ask for block of size 0x1000
08-01 07:50:25.388  6359  6426 D eglCodecCommon: allocate: ioctl allocate returned offset 0x3ffff4000 size 0x2000
08-01 07:50:25.396  1796 11341 D gralloc_ranchu: gralloc_alloc: Creating ashmem region of size 9334784
08-01 07:50:25.398  1796 11341 D gralloc_ranchu: gralloc_alloc: Creating ashmem region of size 9334784
08-01 07:50:25.403  6359  6426 D EGL_emulation: eglMakeCurrent: 0xdde5c7e0: ver 2 0 (tinfo 0xdde95ab0)
08-01 07:50:25.412  6359  6426 D eglCodecCommon: setVertexArrayObject: set vao to 0 (0) 1 0
08-01 07:50:25.460  2037  2063 I ActivityTaskManager: Displayed com.hkxps17.turnup/.LoginActivity: +852ms
08-01 07:50:25.494  6359  6390 W .hkxps17.turnu: Accessing hidden method Landroid/view/ViewConfiguration;->getDoubleTapMinTime()I (greylist, reflection, allowed)
08-01 07:50:25.502  3995  5791 I PBSessionCacheImpl: (REDACTED) Deleted sessionId[%d] from persistence.
08-01 07:50:25.507  3995  4125 I A       : getLocaleToModelSpecsMap
08-01 07:50:25.507  3995  4125 I A       : Using proto config with mendel
08-01 07:50:25.508  6359  6359 W .hkxps17.turnu: Accessing hidden method Landroid/os/MessageQueue;->next()Landroid/os/Message; (greylist, reflection, allowed)
08-01 07:50:25.508  6359  6359 W .hkxps17.turnu: Accessing hidden field Landroid/os/MessageQueue;->mMessages:Landroid/os/Message; (greylist, reflection, allowed)
08-01 07:50:25.508  6359  6359 W .hkxps17.turnu: Accessing hidden method Landroid/os/Message;->recycleUnchecked()V (greylist, reflection, allowed)
08-01 07:50:25.508  3995  4125 I A       : getLocaleToModelSpecsMap
08-01 07:50:25.508  3995  4125 I A       : Using proto config with mendel
08-01 07:50:25.508  3995  4125 W SearchServiceCore: Abort, client detached.
08-01 07:50:25.511  6359  6390 W .hkxps17.turnu: Accessing hidden method Lsun/misc/Unsafe;->getUnsafe()Lsun/misc/Unsafe; (greylist,core-platform-api, linking, allowed)
08-01 07:50:25.511  6359  6390 W .hkxps17.turnu: Accessing hidden method Lsun/misc/Unsafe;->objectFieldOffset(Ljava/lang/reflect/Field;)J (greylist,core-platform-api, linking, allowed)
08-01 07:50:25.512  3995  4125 I MicroDetectionState: (REDACTED) Should stop hotword detection immediately - %b
08-01 07:50:25.512  6359  6390 W .hkxps17.turnu: Accessing hidden method Lsun/misc/Unsafe;->putObject(Ljava/lang/Object;JLjava/lang/Object;)V (greylist, linking, allowed)
08-01 07:50:25.512  3995  4125 I A       : getLocaleToModelSpecsMap
08-01 07:50:25.512  3995  4125 I A       : Using proto config with mendel
08-01 07:50:25.512  3995  4125 I A       : getLocaleToModelSpecsMap
08-01 07:50:25.512  3995  4125 I A       : Using proto config with mendel
08-01 07:50:25.513  6359  6359 W .hkxps17.turnu: Accessing hidden method Landroid/view/WindowManagerGlobal;->getInstance()Landroid/view/WindowManagerGlobal; (greylist, reflection, allowed)
08-01 07:50:25.513  6359  6359 W .hkxps17.turnu: Accessing hidden field Landroid/view/WindowManagerGlobal;->mViews:Ljava/util/ArrayList; (greylist, reflection, allowed)
08-01 07:50:25.513  6359  6359 W .hkxps17.turnu: Accessing hidden field Landroid/view/WindowManagerGlobal;->mParams:Ljava/util/ArrayList; (greylist, reflection, allowed)
08-01 07:50:25.515  6359  6433 W .hkxps17.turnu: Accessing hidden method Lsun/misc/Unsafe;->compareAndSwapObject(Ljava/lang/Object;JLjava/lang/Object;Ljava/lang/Object;)Z (greylist, linking, allowed)
08-01 07:50:25.515  6359  6433 W .hkxps17.turnu: Accessing hidden method Lsun/misc/Unsafe;->getObject(Ljava/lang/Object;J)Ljava/lang/Object; (greylist, linking, allowed)
08-01 07:50:25.532  6359  6359 I ViewInteraction: Performing 'single click' action on view (view.getId() is <2131230972/com.hkxps17.turnup:id/guest_button> and an instance of android.widget.TextView and view.getText() with or without transformation to match: is "Continue as Guest" and Child at position 4 in parent Child at position 0 in parent view.getId() is <16908290/android:id/content> and (view has effective visibility <VISIBLE> and view.getGlobalVisibleRect() to return non-empty rectangle))
08-01 07:50:25.611  1784  7977 W audio_hw_generic: Not supplying enough data to HAL, expected position 41836021 , only wrote 41836012
08-01 07:50:25.622  6359  6359 D LifecycleMonitor: Lifecycle status change: com.hkxps17.turnup.LoginActivity@7e17953 in: PAUSED
08-01 07:50:25.623  6359  6359 V ActivityScenario: Update currentActivityStage to PAUSED, currentActivity=com.hkxps17.turnup.LoginActivity@7e17953
08-01 07:50:25.623  2037  4004 W InputReader: Device has associated, but no associated display id.
08-01 07:50:25.626  2037  4004 I chatty  : uid=1000(system) Binder:2037_19 identical 48 lines
08-01 07:50:25.626  2037  4004 W InputReader: Device has associated, but no associated display id.
08-01 07:50:25.637  6359  6359 W ActivityThread: handleWindowVisibility: no activity for token android.os.BinderProxy@1e15f2b
08-01 07:50:25.643  6359  6359 D LifecycleMonitor: Lifecycle status change: com.hkxps17.turnup.EventListActivity@7a04a5d in: PRE_ON_CREATE
08-01 07:50:25.643  6359  6359 V ActivityScenario: Activity lifecycle changed event received but ignored because the intent does not match. startActivityIntent=Intent { act=android.intent.action.MAIN cat=[android.intent.category.LAUNCHER] cmp=com.hkxps17.turnup/.LoginActivity }, activity.getIntent()=Intent { cmp=com.hkxps17.turnup/.EventListActivity }, activity=com.hkxps17.turnup.EventListActivity@7a04a5d
08-01 07:50:25.750  6359  6359 D EMAIL   : Guest
08-01 07:50:25.769  1795  2479 E GnssHAL_GnssInterface: gnssSvStatusCb: a: input svInfo.flags is 8
08-01 07:50:25.769  1795  2479 E GnssHAL_GnssInterface: gnssSvStatusCb: b: input svInfo.flags is 8
08-01 07:50:25.770  6359  6359 D LifecycleMonitor: Lifecycle status change: com.hkxps17.turnup.EventListActivity@7a04a5d in: CREATED
08-01 07:50:25.771  6359  6359 V ActivityScenario: Activity lifecycle changed event received but ignored because the intent does not match. startActivityIntent=Intent { act=android.intent.action.MAIN cat=[android.intent.category.LAUNCHER] cmp=com.hkxps17.turnup/.LoginActivity }, activity.getIntent()=Intent { cmp=com.hkxps17.turnup/.EventListActivity }, activity=com.hkxps17.turnup.EventListActivity@7a04a5d
08-01 07:50:25.773  6359  6359 D LifecycleMonitor: Lifecycle status change: com.hkxps17.turnup.EventListActivity@7a04a5d in: STARTED
08-01 07:50:25.774  6359  6359 V ActivityScenario: Activity lifecycle changed event received but ignored because the intent does not match. startActivityIntent=Intent { act=android.intent.action.MAIN cat=[android.intent.category.LAUNCHER] cmp=com.hkxps17.turnup/.LoginActivity }, activity.getIntent()=Intent { cmp=com.hkxps17.turnup/.EventListActivity }, activity=com.hkxps17.turnup.EventListActivity@7a04a5d
08-01 07:50:25.774  6359  6359 D LifecycleMonitor: Lifecycle status change: com.hkxps17.turnup.EventListActivity@7a04a5d in: RESUMED
08-01 07:50:25.774  6359  6359 V ActivityScenario: Activity lifecycle changed event received but ignored because the intent does not match. startActivityIntent=Intent { act=android.intent.action.MAIN cat=[android.intent.category.LAUNCHER] cmp=com.hkxps17.turnup/.LoginActivity }, activity.getIntent()=Intent { cmp=com.hkxps17.turnup/.EventListActivity }, activity=com.hkxps17.turnup.EventListActivity@7a04a5d
08-01 07:50:25.785  6359  6439 D NetworkSecurityConfig: No Network Security Config specified, using platform default
08-01 07:50:25.823  1796 11341 D gralloc_ranchu: gralloc_alloc: Creating ashmem region of size 9334784
08-01 07:50:25.833  1796 11341 I chatty  : uid=1000(system) HwBinder:1796_3 identical 1 line
08-01 07:50:25.834  1796 11341 D gralloc_ranchu: gralloc_alloc: Creating ashmem region of size 9334784
08-01 07:50:25.840  6359  6426 D EGL_emulation: eglMakeCurrent: 0xdde5c7e0: ver 2 0 (tinfo 0xdde95ab0)
08-01 07:50:25.868  6359  6426 D EGL_emulation: eglMakeCurrent: 0xdde5c7e0: ver 2 0 (tinfo 0xdde95ab0)
08-01 07:50:25.878  2037  2059 W InputReader: Device has associated, but no associated display id.
08-01 07:50:25.881  2037  2059 I chatty  : uid=1000(system) android.anim identical 18 lines
08-01 07:50:25.881  2037  2059 W InputReader: Device has associated, but no associated display id.
08-01 07:50:25.893  6359  6426 D EGL_emulation: eglMakeCurrent: 0xdde5c7e0: ver 2 0 (tinfo 0xdde95ab0)
08-01 07:50:25.903  6359  6426 D EGL_emulation: eglMakeCurrent: 0xdde5c7e0: ver 2 0 (tinfo 0xdde95ab0)
08-01 07:50:25.906 10808 11088 I FontLog : Received query Noto Color Emoji Compat, URI content://com.google.android.gms.fonts [CONTEXT service_id=132 ]
08-01 07:50:25.906 10808 11088 I FontLog : Query [emojicompat-emoji-font] resolved to {Noto Color Emoji Compat, wdth 100.0, wght 400, ital 0.0, bestEffort false} [CONTEXT service_id=132 ]
08-01 07:50:25.908 10808 11088 I FontLog : Fetch {Noto Color Emoji Compat, wdth 100.0, wght 400, ital 0.0, bestEffort false} end status Status{statusCode=SUCCESS, resolution=null} [CONTEXT service_id=132 ]
08-01 07:50:25.910  6359  6426 D EGL_emulation: eglMakeCurrent: 0xdde5c7e0: ver 2 0 (tinfo 0xdde95ab0)
08-01 07:50:25.919 10808 11173 I FontLog : Pulling font file for id = 208, cache size = 4 [CONTEXT service_id=132 ]
08-01 07:50:25.922  6359  6426 D EGL_emulation: eglMakeCurrent: 0xdde5c7e0: ver 2 0 (tinfo 0xdde95ab0)
08-01 07:50:25.925 10808 11173 I FontLog : Pulling font file for id = 208, cache size = 4 [CONTEXT service_id=132 ]
08-01 07:50:25.993  6359  6426 D EGL_emulation: eglMakeCurrent: 0xdde5c7e0: ver 2 0 (tinfo 0xdde95ab0)
08-01 07:50:26.000  6359  6426 D EGL_emulation: eglMakeCurrent: 0xdde5c7e0: ver 2 0 (tinfo 0xdde95ab0)
08-01 07:50:26.128  6359  6390 W .hkxps17.turnu: Accessing hidden method Lsun/misc/Unsafe;->compareAndSwapObject(Ljava/lang/Object;JLjava/lang/Object;Ljava/lang/Object;)Z (greylist, linking, allowed)
08-01 07:50:26.129  6359  6433 W .hkxps17.turnu: Accessing hidden method Lsun/misc/Unsafe;->compareAndSwapObject(Ljava/lang/Object;JLjava/lang/Object;Ljava/lang/Object;)Z (greylist, linking, allowed)
08-01 07:50:26.130  6359  6359 I ViewInteraction: Performing 'single click' action on view (view.getId() is <2131231169/com.hkxps17.turnup:id/search_button> and Child at position 4 in parent Child at position 0 in parent view.getId() is <16908290/android:id/content> and (view has effective visibility <VISIBLE> and view.getGlobalVisibleRect() to return non-empty rectangle))
08-01 07:50:26.201  6359  6426 D EGL_emulation: eglMakeCurrent: 0xdde5c7e0: ver 2 0 (tinfo 0xdde95ab0)
08-01 07:50:26.318  6359  6359 W .hkxps17.turnu: Accessing hidden method Ldalvik/system/CloseGuard;->get()Ldalvik/system/CloseGuard; (greylist,core-platform-api, reflection, allowed)
08-01 07:50:26.319  6359  6359 W .hkxps17.turnu: Accessing hidden method Ldalvik/system/CloseGuard;->open(Ljava/lang/String;)V (greylist,core-platform-api, reflection, allowed)
08-01 07:50:26.319  6359  6359 W .hkxps17.turnu: Accessing hidden method Ldalvik/system/CloseGuard;->warnIfOpen()V (greylist,core-platform-api, reflection, allowed)
08-01 07:50:26.335  6359  6359 D TEST    : []!!!!
08-01 07:50:26.345  6359  6359 D TEST    : []!!!!
08-01 07:50:26.381  6359  6359 D LifecycleMonitor: Lifecycle status change: com.hkxps17.turnup.LoginActivity@7e17953 in: STOPPED
08-01 07:50:26.382  6359  6359 V ActivityScenario: Update currentActivityStage to STOPPED, currentActivity=com.hkxps17.turnup.LoginActivity@7e17953
08-01 07:50:26.413  1777  6452 E ResolverController: No valid NAT64 prefix (101, <unspecified>/0)
08-01 07:50:26.441  1777  6453 E ResolverController: No valid NAT64 prefix (101, <unspecified>/0)
08-01 07:50:26.614  6359  6390 W .hkxps17.turnu: Accessing hidden method Lsun/misc/Unsafe;->compareAndSwapObject(Ljava/lang/Object;JLjava/lang/Object;Ljava/lang/Object;)Z (greylist, linking, allowed)
08-01 07:50:26.617  6359  6359 I ViewInteraction: Performing 'single click' action on view (view.getId() is <2131230857/com.hkxps17.turnup:id/chip3> and an instance of android.widget.TextView and view.getText() with or without transformation to match: is "Leisure Events" and Child at position 3 in parent (view.getId() is <2131230860/com.hkxps17.turnup:id/chipGroupFilter> and Child at position 3 in parent view.getClass().getName() matches: is "androidx.constraintlayout.widget.ConstraintLayout") and (view has effective visibility <VISIBLE> and view.getGlobalVisibleRect() to return non-empty rectangle))
08-01 07:50:26.769  1795  2479 E GnssHAL_GnssInterface: gnssSvStatusCb: a: input svInfo.flags is 8
08-01 07:50:26.769  1795  2479 E GnssHAL_GnssInterface: gnssSvStatusCb: b: input svInfo.flags is 8
08-01 07:50:26.930  6359  6359 D TEST    : []!!!!
08-01 07:50:27.033  6359  6390 W .hkxps17.turnu: Accessing hidden method Lsun/misc/Unsafe;->compareAndSwapObject(Ljava/lang/Object;JLjava/lang/Object;Ljava/lang/Object;)Z (greylist, linking, allowed)
08-01 07:50:27.035  6359  6359 I ViewInteraction: Performing 'single click' action on view (view.getId() is <2131231169/com.hkxps17.turnup:id/search_button> and Child at position 4 in parent Child at position 0 in parent view.getId() is <16908290/android:id/content> and (view has effective visibility <VISIBLE> and view.getGlobalVisibleRect() to return non-empty rectangle))
08-01 07:50:27.322  6359  6390 W .hkxps17.turnu: Accessing hidden method Lsun/misc/Unsafe;->compareAndSwapObject(Ljava/lang/Object;JLjava/lang/Object;Ljava/lang/Object;)Z (greylist, linking, allowed)
08-01 07:50:27.322  6359  6433 W .hkxps17.turnu: Accessing hidden method Lsun/misc/Unsafe;->compareAndSwapObject(Ljava/lang/Object;JLjava/lang/Object;Ljava/lang/Object;)Z (greylist, linking, allowed)
08-01 07:50:27.325  6359  6359 I ViewInteraction: Checking 'MatchesViewAssertion{viewMatcher=an instance of android.widget.TextView and view.getText() with or without transformation to match: is "Leisure"}' assertion on view (view.getId() is <2131230724/com.hkxps17.turnup:id/EventCategory> and an instance of android.widget.TextView and view.getText() with or without transformation to match: is "Leisure" and view.getParent() view.getParent() view.getId() is <2131230938/com.hkxps17.turnup:id/event_list_background> and (view has effective visibility <VISIBLE> and view.getGlobalVisibleRect() to return non-empty rectangle))
08-01 07:50:27.332  6359  6359 D LifecycleMonitor: Lifecycle status change: com.hkxps17.turnup.EventListActivity@7a04a5d in: PAUSED
08-01 07:50:27.333  6359  6359 V ActivityScenario: Activity lifecycle changed event received but ignored because the intent does not match. startActivityIntent=Intent { act=android.intent.action.MAIN cat=[android.intent.category.LAUNCHER] cmp=com.hkxps17.turnup/.LoginActivity }, activity.getIntent()=Intent { cmp=com.hkxps17.turnup/.EventListActivity }, activity=com.hkxps17.turnup.EventListActivity@7a04a5d
08-01 07:50:27.333  2037  4575 W InputReader: Device has associated, but no associated display id.
08-01 07:50:27.336  2037  4575 I chatty  : uid=1000(system) Binder:2037_1D identical 48 lines
08-01 07:50:27.336  2037  4575 W InputReader: Device has associated, but no associated display id.
08-01 07:50:27.338  6392  6392 W ActivityThread: handleWindowVisibility: no activity for token android.os.BinderProxy@16e073a
08-01 07:50:27.368  6359  6359 D LifecycleMonitor: Lifecycle status change: com.hkxps17.turnup.LoginActivity@7e17953 in: DESTROYED
08-01 07:50:27.368  6359  6359 V ActivityScenario: Update currentActivityStage to DESTROYED, currentActivity=null
08-01 07:50:27.381  6392  6423 D HostConnection: HostConnection::get() New Host Connection established 0xd2b0eb90, tid 6423
08-01 07:50:27.383  6392  6423 D HostConnection: HostComposition ext ANDROID_EMU_CHECKSUM_HELPER_v1 ANDROID_EMU_dma_v1 ANDROID_EMU_direct_mem ANDROID_EMU_host_composition_v1 ANDROID_EMU_host_composition_v2 ANDROID_EMU_vulkan ANDROID_EMU_deferred_vulkan_commands ANDROID_EMU_vulkan_null_optional_strings ANDROID_EMU_vulkan_create_resources_with_requirements ANDROID_EMU_YUV420_888_to_NV21 ANDROID_EMU_YUV_Cache ANDROID_EMU_vulkan_free_memory_sync ANDROID_EMU_vulkan_shader_float16_int8 ANDROID_EMU_vulkan_async_queue_submit ANDROID_EMU_sync_buffer_data GL_OES_vertex_array_object GL_KHR_texture_compression_astc_ldr ANDROID_EMU_host_side_tracing ANDROID_EMU_gles_max_version_2
08-01 07:50:27.389  6392  6423 W OpenGLRenderer: Failed to choose config with EGL_SWAP_BEHAVIOR_PRESERVED, retrying without...
08-01 07:50:27.398  6392  6423 D eglCodecCommon: setVertexArrayObject: set vao to 0 (0) 0 0
08-01 07:50:27.398  6392  6423 D EGL_emulation: eglCreateContext: 0xdde5c360: maj 2 min 0 rcv 2
08-01 07:50:27.435  6392  6423 D EGL_emulation: eglMakeCurrent: 0xdde5c360: ver 2 0 (tinfo 0xdde4f9f0)
08-01 07:50:27.442  1796 11341 D gralloc_ranchu: gralloc_alloc: Creating ashmem region of size 9334784
08-01 07:50:27.446  1678  1678 I hwservicemanager: getTransport: Cannot find entry android.hardware.graphics.mapper@3.0::IMapper/default in either framework or device manifest.
08-01 07:50:27.446  6392  6423 W Gralloc3: mapper 3.x is not supported
08-01 07:50:27.448  6392  6423 D HostConnection: createUnique: call
08-01 07:50:27.448  6392  6423 D HostConnection: HostConnection::get() New Host Connection established 0xd2b10620, tid 6423
08-01 07:50:27.449  6392  6423 D HostConnection: HostComposition ext ANDROID_EMU_CHECKSUM_HELPER_v1 ANDROID_EMU_dma_v1 ANDROID_EMU_direct_mem ANDROID_EMU_host_composition_v1 ANDROID_EMU_host_composition_v2 ANDROID_EMU_vulkan ANDROID_EMU_deferred_vulkan_commands ANDROID_EMU_vulkan_null_optional_strings ANDROID_EMU_vulkan_create_resources_with_requirements ANDROID_EMU_YUV420_888_to_NV21 ANDROID_EMU_YUV_Cache ANDROID_EMU_vulkan_free_memory_sync ANDROID_EMU_vulkan_shader_float16_int8 ANDROID_EMU_vulkan_async_queue_submit ANDROID_EMU_sync_buffer_data GL_OES_vertex_array_object GL_KHR_texture_compression_astc_ldr ANDROID_EMU_host_side_tracing ANDROID_EMU_gles_max_version_2
08-01 07:50:27.449  6392  6423 D eglCodecCommon: allocate: Ask for block of size 0x1000
08-01 07:50:27.450  6392  6423 D eglCodecCommon: allocate: ioctl allocate returned offset 0x3ff70a000 size 0x2000
08-01 07:50:27.451  1796 11341 D gralloc_ranchu: gralloc_alloc: Creating ashmem region of size 9334784
08-01 07:50:27.453  1796 11341 D gralloc_ranchu: gralloc_alloc: Creating ashmem region of size 9334784
08-01 07:50:27.456  6392  6423 D EGL_emulation: eglMakeCurrent: 0xdde5c360: ver 2 0 (tinfo 0xdde4f9f0)
08-01 07:50:27.458  6392  6423 D eglCodecCommon: setVertexArrayObject: set vao to 0 (0) 1 0
08-01 07:50:27.546  2037  4575 W InputReader: Device has associated, but no associated display id.
08-01 07:50:27.549  2037  4575 I chatty  : uid=1000(system) Binder:2037_1D identical 48 lines
08-01 07:50:27.549  2037  4575 W InputReader: Device has associated, but no associated display id.
08-01 07:50:27.553  6392  6392 W ActivityThread: handleWindowVisibility: no activity for token android.os.BinderProxy@f2d551d
08-01 07:50:27.569  6359  6390 I TestRunner: finished: leisureFilterTest(com.hkxps17.turnup.LeisureFilterTest)

