08-01 07:53:01.959  6955  6987 I TestRunner: started: sportsFilterTest(com.hkxps17.turnup.SportsFilterTest)
08-01 07:53:01.969  6955  6987 W Settings: Setting always_finish_activities has moved from android.provider.Settings.System to android.provider.Settings.Global, returning read-only value.
08-01 07:53:01.993  2037  2059 E system_server: Invalid ID 0x00000000.
08-01 07:53:02.004  2037  4002 W InputReader: Device has associated, but no associated display id.
08-01 07:53:02.004  2037  4002 I chatty  : uid=1000(system) Binder:2037_18 identical 8 lines
08-01 07:53:02.004  2037  4002 W InputReader: Device has associated, but no associated display id.
08-01 07:53:02.009  1796  1796 D gralloc_ranchu: gralloc_alloc: Creating ashmem region of size 9334784
08-01 07:53:02.027  1778  1778 D Zygote  : Forked child process 6989
08-01 07:53:02.034  6989  6989 I s17.turnup.tes: Late-enabling -Xcheck:jni
08-01 07:53:02.051  6989  6989 E s17.turnup.tes: Unknown bits set in runtime_flags: 0x8000
08-01 07:53:02.051  6989  6989 W s17.turnup.tes: Unexpected CPU variant for X86 using defaults: x86
08-01 07:53:02.055  1796  1796 D gralloc_ranchu: gralloc_alloc: Creating ashmem region of size 9334784
08-01 07:53:02.086  2037  2952 W InputReader: Device has associated, but no associated display id.
08-01 07:53:02.091  2037  2952 I chatty  : uid=1000(system) Binder:2037_B identical 28 lines
08-01 07:53:02.091  2037  2952 W InputReader: Device has associated, but no associated display id.
08-01 07:53:02.095  2037  2059 W InputReader: Device has associated, but no associated display id.
08-01 07:53:02.095  2037  2059 I chatty  : uid=1000(system) android.anim identical 8 lines
08-01 07:53:02.095  2037  2059 W InputReader: Device has associated, but no associated display id.
08-01 07:53:02.101  3995  4125 I MicroDetectionState: (REDACTED) Should stop hotword detection immediately - %b
08-01 07:53:02.105  3995  4125 I A       : getLocaleToModelSpecsMap
08-01 07:53:02.105  3995  4125 I A       : Using proto config with mendel
08-01 07:53:02.107  3995  4125 I A       : getLocaleToModelSpecsMap
08-01 07:53:02.107  3995  4125 I A       : Using proto config with mendel
08-01 07:53:02.114  6989  6989 I s17.turnup.tes: The ClassLoaderContext is a special shared library.
08-01 07:53:02.115  6989  6989 I s17.turnup.tes: The ClassLoaderContext is a special shared library.
08-01 07:53:02.157  1824  2077 E SurfaceFlinger: ro.sf.lcd_density must be defined as a build property
08-01 07:53:02.160  1824  2077 E SurfaceFlinger: ro.sf.lcd_density must be defined as a build property
08-01 07:53:02.162  6989  7023 D libEGL  : Emulator has host GPU support, qemu.gles is set to 1.
08-01 07:53:02.163  6989  7023 W libc    : Unable to set property "qemu.gles" to "1": connection failed; errno=13 (Permission denied)
08-01 07:53:02.167  6989  7023 D libEGL  : loaded /vendor/lib/egl/libEGL_emulation.so
08-01 07:53:02.167  6989  7023 D libEGL  : loaded /vendor/lib/egl/libGLESv1_CM_emulation.so
08-01 07:53:02.169  6989  7023 D libEGL  : loaded /vendor/lib/egl/libGLESv2_emulation.so
08-01 07:53:02.146  6989  6989 W RenderThread: type=1400 audit(0.0:580): avc: denied { write } for name="property_service" dev="tmpfs" ino=6968 scontext=u:r:untrusted_app:s0:c135,c256,c512,c768 tcontext=u:object_r:property_socket:s0 tclass=sock_file permissive=0
08-01 07:53:02.211  2037  4002 W InputReader: Device has associated, but no associated display id.
08-01 07:53:02.215  2037  4002 I chatty  : uid=1000(system) Binder:2037_18 identical 48 lines
08-01 07:53:02.215  2037  4002 W InputReader: Device has associated, but no associated display id.
08-01 07:53:02.216  6955  6955 W ActivityThread: handleWindowVisibility: no activity for token android.os.BinderProxy@40513b6
08-01 07:53:02.217  2037  4002 W InputReader: Device has associated, but no associated display id.
08-01 07:53:02.217  2037  4002 I chatty  : uid=1000(system) Binder:2037_18 identical 8 lines
08-01 07:53:02.217  2037  4002 W InputReader: Device has associated, but no associated display id.
08-01 07:53:02.228  1824  2077 E SurfaceFlinger: ro.sf.lcd_density must be defined as a build property
08-01 07:53:02.229  1824  2630 E SurfaceFlinger: ro.sf.lcd_density must be defined as a build property
08-01 07:53:02.231  6955  7027 D libEGL  : Emulator has host GPU support, qemu.gles is set to 1.
08-01 07:53:02.232  6955  7027 W libc    : Unable to set property "qemu.gles" to "1": connection failed; errno=13 (Permission denied)
08-01 07:53:02.240  6955  7027 D libEGL  : loaded /vendor/lib/egl/libEGL_emulation.so
08-01 07:53:02.240  6955  7027 D libEGL  : loaded /vendor/lib/egl/libGLESv1_CM_emulation.so
08-01 07:53:02.241  6955  7027 D libEGL  : loaded /vendor/lib/egl/libGLESv2_emulation.so
08-01 07:53:02.226  6955  6955 W RenderThread: type=1400 audit(0.0:581): avc: denied { write } for name="property_service" dev="tmpfs" ino=6968 scontext=u:r:untrusted_app:s0:c164,c256,c512,c768 tcontext=u:object_r:property_socket:s0 tclass=sock_file permissive=0
08-01 07:53:02.299  6955  6955 D LifecycleMonitor: Lifecycle status change: com.hkxps17.turnup.LoginActivity@7e17953 in: PRE_ON_CREATE
08-01 07:53:02.299  6955  6955 V ActivityScenario: Activity lifecycle changed event received but ignored because the reported transition was not ON_CREATE while the last known transition was PRE_ON_CREATE
08-01 07:53:02.369  6955  6955 W .hkxps17.turnu: Accessing hidden method Landroid/view/View;->computeFitSystemWindows(Landroid/graphics/Rect;Landroid/graphics/Rect;)Z (greylist, reflection, allowed)
08-01 07:53:02.370  6955  6955 W .hkxps17.turnu: Accessing hidden method Landroid/view/ViewGroup;->makeOptionalFitsSystemWindows()V (greylist, reflection, allowed)
08-01 07:53:02.398  3995  4202 D EGL_emulation: eglMakeCurrent: 0xe90545e0: ver 2 0 (tinfo 0xb32f8b60)
08-01 07:53:02.404  2701  3296 D EGL_emulation: eglMakeCurrent: 0xd5d1a900: ver 2 0 (tinfo 0xd5d0f7a0)
08-01 07:53:02.418 25936 25978 D EGL_emulation: eglMakeCurrent: 0xd5d1aa80: ver 2 0 (tinfo 0xd5d0f4e0)
08-01 07:53:02.448  6955  6955 I .hkxps17.turnu: The ClassLoaderContext is a special shared library.
08-01 07:53:02.450  6955  6955 I .hkxps17.turnu: The ClassLoaderContext is a special shared library.
08-01 07:53:02.477  6955  6955 I DynamiteModule: Considering local module com.google.android.gms.signinbutton_dynamite:0 and remote module com.google.android.gms.signinbutton_dynamite:2
08-01 07:53:02.477  6955  6955 I DynamiteModule: Selected remote version of com.google.android.gms.signinbutton_dynamite, version >= 2
08-01 07:53:02.624  6955  6955 D LoginActivity: OnCreate
08-01 07:53:02.625  6955  6955 D LifecycleMonitor: Lifecycle status change: com.hkxps17.turnup.LoginActivity@7e17953 in: CREATED
08-01 07:53:02.625  6955  6955 V ActivityScenario: Update currentActivityStage to CREATED, currentActivity=com.hkxps17.turnup.LoginActivity@7e17953
08-01 07:53:02.636  6955  6955 D LoginActivity: OnStart
08-01 07:53:02.644  6955  6955 D LoginActivity: No user signed in
08-01 07:53:02.644  6955  6955 D LifecycleMonitor: Lifecycle status change: com.hkxps17.turnup.LoginActivity@7e17953 in: STARTED
08-01 07:53:02.645  6955  6955 V ActivityScenario: Update currentActivityStage to STARTED, currentActivity=com.hkxps17.turnup.LoginActivity@7e17953
08-01 07:53:02.647  6955  6955 D LifecycleMonitor: Lifecycle status change: com.hkxps17.turnup.LoginActivity@7e17953 in: RESUMED
08-01 07:53:02.647  6955  6955 V ActivityScenario: Update currentActivityStage to RESUMED, currentActivity=com.hkxps17.turnup.LoginActivity@7e17953
08-01 07:53:02.669 25037 25037 D BoundBrokerSvc: onBind: Intent { act=com.google.android.gms.auth.api.signin.service.START pkg=com.google.android.gms }
08-01 07:53:02.669 25037 25037 D BoundBrokerSvc: Loading bound service for intent: Intent { act=com.google.android.gms.auth.api.signin.service.START pkg=com.google.android.gms }
08-01 07:53:02.694  6955  6987 D EventInjectionStrategy: Creating injection strategy with input manager.
08-01 07:53:02.694  6955  6987 W .hkxps17.turnu: Accessing hidden method Landroid/hardware/input/InputManager;->getInstance()Landroid/hardware/input/InputManager; (greylist, reflection, allowed)
08-01 07:53:02.694  6955  6987 W .hkxps17.turnu: Accessing hidden method Landroid/hardware/input/InputManager;->injectInputEvent(Landroid/view/InputEvent;I)Z (greylist, reflection, allowed)
08-01 07:53:02.695  6955  6987 W .hkxps17.turnu: Accessing hidden field Landroid/hardware/input/InputManager;->INJECT_INPUT_EVENT_MODE_WAIT_FOR_FINISH:I (greylist, reflection, allowed)
08-01 07:53:02.700  6955  7025 D HostConnection: HostConnection::get() New Host Connection established 0xd2b0f720, tid 7025
08-01 07:53:02.702  6955  7025 D HostConnection: HostComposition ext ANDROID_EMU_CHECKSUM_HELPER_v1 ANDROID_EMU_dma_v1 ANDROID_EMU_direct_mem ANDROID_EMU_host_composition_v1 ANDROID_EMU_host_composition_v2 ANDROID_EMU_vulkan ANDROID_EMU_deferred_vulkan_commands ANDROID_EMU_vulkan_null_optional_strings ANDROID_EMU_vulkan_create_resources_with_requirements ANDROID_EMU_YUV420_888_to_NV21 ANDROID_EMU_YUV_Cache ANDROID_EMU_vulkan_free_memory_sync ANDROID_EMU_vulkan_shader_float16_int8 ANDROID_EMU_vulkan_async_queue_submit ANDROID_EMU_sync_buffer_data GL_OES_vertex_array_object GL_KHR_texture_compression_astc_ldr ANDROID_EMU_host_side_tracing ANDROID_EMU_gles_max_version_2
08-01 07:53:02.704  6955  7025 W OpenGLRenderer: Failed to choose config with EGL_SWAP_BEHAVIOR_PRESERVED, retrying without...
08-01 07:53:02.713  6955  7025 D eglCodecCommon: setVertexArrayObject: set vao to 0 (0) 0 0
08-01 07:53:02.713  6955  7025 D EGL_emulation: eglCreateContext: 0xdde5d200: maj 2 min 0 rcv 2
08-01 07:53:02.747  6955  7025 D EGL_emulation: eglMakeCurrent: 0xdde5d200: ver 2 0 (tinfo 0xdde95c60)
08-01 07:53:02.758  1796  1796 D gralloc_ranchu: gralloc_alloc: Creating ashmem region of size 9334784
08-01 07:53:02.781  1795  2479 E GnssHAL_GnssInterface: gnssSvStatusCb: a: input svInfo.flags is 8
08-01 07:53:02.781  1795  2479 E GnssHAL_GnssInterface: gnssSvStatusCb: b: input svInfo.flags is 8
08-01 07:53:02.793  1678  1678 I hwservicemanager: getTransport: Cannot find entry android.hardware.graphics.mapper@3.0::IMapper/default in either framework or device manifest.
08-01 07:53:02.793  6955  7025 W Gralloc3: mapper 3.x is not supported
08-01 07:53:02.795  6955  7025 D HostConnection: createUnique: call
08-01 07:53:02.795  6955  7025 D HostConnection: HostConnection::get() New Host Connection established 0xd2b12600, tid 7025
08-01 07:53:02.797  6955  7025 D HostConnection: HostComposition ext ANDROID_EMU_CHECKSUM_HELPER_v1 ANDROID_EMU_dma_v1 ANDROID_EMU_direct_mem ANDROID_EMU_host_composition_v1 ANDROID_EMU_host_composition_v2 ANDROID_EMU_vulkan ANDROID_EMU_deferred_vulkan_commands ANDROID_EMU_vulkan_null_optional_strings ANDROID_EMU_vulkan_create_resources_with_requirements ANDROID_EMU_YUV420_888_to_NV21 ANDROID_EMU_YUV_Cache ANDROID_EMU_vulkan_free_memory_sync ANDROID_EMU_vulkan_shader_float16_int8 ANDROID_EMU_vulkan_async_queue_submit ANDROID_EMU_sync_buffer_data GL_OES_vertex_array_object GL_KHR_texture_compression_astc_ldr ANDROID_EMU_host_side_tracing ANDROID_EMU_gles_max_version_2
08-01 07:53:02.797  6955  7025 D eglCodecCommon: allocate: Ask for block of size 0x1000
08-01 07:53:02.797  6955  7025 D eglCodecCommon: allocate: ioctl allocate returned offset 0x3ffff4000 size 0x2000
08-01 07:53:02.799  1796  1796 D gralloc_ranchu: gralloc_alloc: Creating ashmem region of size 9334784
08-01 07:53:02.800  1796  1796 D gralloc_ranchu: gralloc_alloc: Creating ashmem region of size 9334784
08-01 07:53:02.811  6955  7025 D EGL_emulation: eglMakeCurrent: 0xdde5d200: ver 2 0 (tinfo 0xdde95c60)
08-01 07:53:02.819  6955  7025 D eglCodecCommon: setVertexArrayObject: set vao to 0 (0) 1 0
08-01 07:53:02.919  2037  2063 I ActivityTaskManager: Displayed com.hkxps17.turnup/.LoginActivity: +927ms
08-01 07:53:02.948  3995  5791 I PBSessionCacheImpl: (REDACTED) Deleted sessionId[%d] from persistence.
08-01 07:53:02.961  3995  4125 I A       : getLocaleToModelSpecsMap
08-01 07:53:02.961  3995  4125 I A       : Using proto config with mendel
08-01 07:53:02.961  3995  4125 I A       : getLocaleToModelSpecsMap
08-01 07:53:02.962  3995  4125 I A       : Using proto config with mendel
08-01 07:53:02.962  3995  4125 W SearchServiceCore: Abort, client detached.
08-01 07:53:02.972  6955  6987 W .hkxps17.turnu: Accessing hidden method Landroid/view/ViewConfiguration;->getDoubleTapMinTime()I (greylist, reflection, allowed)
08-01 07:53:02.984  6955  6955 W .hkxps17.turnu: Accessing hidden method Landroid/os/MessageQueue;->next()Landroid/os/Message; (greylist, reflection, allowed)
08-01 07:53:02.984  6955  6955 W .hkxps17.turnu: Accessing hidden field Landroid/os/MessageQueue;->mMessages:Landroid/os/Message; (greylist, reflection, allowed)
08-01 07:53:02.984  6955  6955 W .hkxps17.turnu: Accessing hidden method Landroid/os/Message;->recycleUnchecked()V (greylist, reflection, allowed)
08-01 07:53:02.986  6955  6987 W .hkxps17.turnu: Accessing hidden method Lsun/misc/Unsafe;->getUnsafe()Lsun/misc/Unsafe; (greylist,core-platform-api, linking, allowed)
08-01 07:53:02.986  6955  6987 W .hkxps17.turnu: Accessing hidden method Lsun/misc/Unsafe;->objectFieldOffset(Ljava/lang/reflect/Field;)J (greylist,core-platform-api, linking, allowed)
08-01 07:53:02.987  6955  6987 W .hkxps17.turnu: Accessing hidden method Lsun/misc/Unsafe;->putObject(Ljava/lang/Object;JLjava/lang/Object;)V (greylist, linking, allowed)
08-01 07:53:02.989  6955  7032 W .hkxps17.turnu: Accessing hidden method Lsun/misc/Unsafe;->compareAndSwapObject(Ljava/lang/Object;JLjava/lang/Object;Ljava/lang/Object;)Z (greylist, linking, allowed)
08-01 07:53:02.989  6955  7032 W .hkxps17.turnu: Accessing hidden method Lsun/misc/Unsafe;->getObject(Ljava/lang/Object;J)Ljava/lang/Object; (greylist, linking, allowed)
08-01 07:53:02.990  6955  6955 W .hkxps17.turnu: Accessing hidden method Landroid/view/WindowManagerGlobal;->getInstance()Landroid/view/WindowManagerGlobal; (greylist, reflection, allowed)
08-01 07:53:02.990  6955  6955 W .hkxps17.turnu: Accessing hidden field Landroid/view/WindowManagerGlobal;->mViews:Ljava/util/ArrayList; (greylist, reflection, allowed)
08-01 07:53:02.990  6955  6955 W .hkxps17.turnu: Accessing hidden field Landroid/view/WindowManagerGlobal;->mParams:Ljava/util/ArrayList; (greylist, reflection, allowed)
08-01 07:53:03.002  6955  6955 I ViewInteraction: Performing 'single click' action on view (view.getId() is <2131230972/com.hkxps17.turnup:id/guest_button> and an instance of android.widget.TextView and view.getText() with or without transformation to match: is "Continue as Guest" and Child at position 4 in parent Child at position 0 in parent view.getId() is <16908290/android:id/content> and (view has effective visibility <VISIBLE> and view.getGlobalVisibleRect() to return non-empty rectangle))
08-01 07:53:03.069  1784  7977 W audio_hw_generic: Not supplying enough data to HAL, expected position 42202292 , only wrote 42202206
08-01 07:53:03.079  6955  6955 D LifecycleMonitor: Lifecycle status change: com.hkxps17.turnup.LoginActivity@7e17953 in: PAUSED
08-01 07:53:03.079  6955  6955 V ActivityScenario: Update currentActivityStage to PAUSED, currentActivity=com.hkxps17.turnup.LoginActivity@7e17953
08-01 07:53:03.080  2037  2952 W InputReader: Device has associated, but no associated display id.
08-01 07:53:03.083  2037  2952 I chatty  : uid=1000(system) Binder:2037_B identical 48 lines
08-01 07:53:03.083  2037  2952 W InputReader: Device has associated, but no associated display id.
08-01 07:53:03.085  6955  6955 W ActivityThread: handleWindowVisibility: no activity for token android.os.BinderProxy@1e15f2b
08-01 07:53:03.096  6955  6955 D LifecycleMonitor: Lifecycle status change: com.hkxps17.turnup.EventListActivity@7a04a5d in: PRE_ON_CREATE
08-01 07:53:03.096  6955  6955 V ActivityScenario: Activity lifecycle changed event received but ignored because the intent does not match. startActivityIntent=Intent { act=android.intent.action.MAIN cat=[android.intent.category.LAUNCHER] cmp=com.hkxps17.turnup/.LoginActivity }, activity.getIntent()=Intent { cmp=com.hkxps17.turnup/.EventListActivity }, activity=com.hkxps17.turnup.EventListActivity@7a04a5d
08-01 07:53:03.201  6955  6955 D EMAIL   : Guest
08-01 07:53:03.228  6955  6955 D LifecycleMonitor: Lifecycle status change: com.hkxps17.turnup.EventListActivity@7a04a5d in: CREATED
08-01 07:53:03.229  6955  6955 V ActivityScenario: Activity lifecycle changed event received but ignored because the intent does not match. startActivityIntent=Intent { act=android.intent.action.MAIN cat=[android.intent.category.LAUNCHER] cmp=com.hkxps17.turnup/.LoginActivity }, activity.getIntent()=Intent { cmp=com.hkxps17.turnup/.EventListActivity }, activity=com.hkxps17.turnup.EventListActivity@7a04a5d
08-01 07:53:03.231  6955  6955 D LifecycleMonitor: Lifecycle status change: com.hkxps17.turnup.EventListActivity@7a04a5d in: STARTED
08-01 07:53:03.232  6955  6955 V ActivityScenario: Activity lifecycle changed event received but ignored because the intent does not match. startActivityIntent=Intent { act=android.intent.action.MAIN cat=[android.intent.category.LAUNCHER] cmp=com.hkxps17.turnup/.LoginActivity }, activity.getIntent()=Intent { cmp=com.hkxps17.turnup/.EventListActivity }, activity=com.hkxps17.turnup.EventListActivity@7a04a5d
08-01 07:53:03.233  6955  6955 D LifecycleMonitor: Lifecycle status change: com.hkxps17.turnup.EventListActivity@7a04a5d in: RESUMED
08-01 07:53:03.234  6955  6955 V ActivityScenario: Activity lifecycle changed event received but ignored because the intent does not match. startActivityIntent=Intent { act=android.intent.action.MAIN cat=[android.intent.category.LAUNCHER] cmp=com.hkxps17.turnup/.LoginActivity }, activity.getIntent()=Intent { cmp=com.hkxps17.turnup/.EventListActivity }, activity=com.hkxps17.turnup.EventListActivity@7a04a5d
08-01 07:53:03.252  6955  7038 D NetworkSecurityConfig: No Network Security Config specified, using platform default
08-01 07:53:03.273  1796  1796 D gralloc_ranchu: gralloc_alloc: Creating ashmem region of size 9334784
08-01 07:53:03.281  1796  1796 I chatty  : uid=1000(system) allocator@2.0-s identical 1 line
08-01 07:53:03.283  1796  1796 D gralloc_ranchu: gralloc_alloc: Creating ashmem region of size 9334784
08-01 07:53:03.290  6955  7025 D EGL_emulation: eglMakeCurrent: 0xdde5d200: ver 2 0 (tinfo 0xdde95c60)
08-01 07:53:03.322  6955  7025 D EGL_emulation: eglMakeCurrent: 0xdde5d200: ver 2 0 (tinfo 0xdde95c60)
08-01 07:53:03.332  2037  2059 W InputReader: Device has associated, but no associated display id.
08-01 07:53:03.334  2037  2059 I chatty  : uid=1000(system) android.anim identical 18 lines
08-01 07:53:03.334  2037  2059 W InputReader: Device has associated, but no associated display id.
08-01 07:53:03.352  6955  7025 D EGL_emulation: eglMakeCurrent: 0xdde5d200: ver 2 0 (tinfo 0xdde95c60)
08-01 07:53:03.356 10808 11173 I FontLog : Received query Noto Color Emoji Compat, URI content://com.google.android.gms.fonts [CONTEXT service_id=132 ]
08-01 07:53:03.356 10808 11173 I FontLog : Query [emojicompat-emoji-font] resolved to {Noto Color Emoji Compat, wdth 100.0, wght 400, ital 0.0, bestEffort false} [CONTEXT service_id=132 ]
08-01 07:53:03.357 10808 11173 I FontLog : Fetch {Noto Color Emoji Compat, wdth 100.0, wght 400, ital 0.0, bestEffort false} end status Status{statusCode=SUCCESS, resolution=null} [CONTEXT service_id=132 ]
08-01 07:53:03.365 10808 11173 I FontLog : Pulling font file for id = 210, cache size = 5 [CONTEXT service_id=132 ]
08-01 07:53:03.370 10808 11173 I FontLog : Pulling font file for id = 210, cache size = 5 [CONTEXT service_id=132 ]
08-01 07:53:03.376  6955  7025 D EGL_emulation: eglMakeCurrent: 0xdde5d200: ver 2 0 (tinfo 0xdde95c60)
08-01 07:53:03.440  6955  7025 I chatty  : uid=10164(com.hkxps17.turnup) RenderThread identical 1 line
08-01 07:53:03.447  6955  7025 D EGL_emulation: eglMakeCurrent: 0xdde5d200: ver 2 0 (tinfo 0xdde95c60)
08-01 07:53:03.588  6955  6987 W .hkxps17.turnu: Accessing hidden method Lsun/misc/Unsafe;->compareAndSwapObject(Ljava/lang/Object;JLjava/lang/Object;Ljava/lang/Object;)Z (greylist, linking, allowed)
08-01 07:53:03.589  6955  6955 I ViewInteraction: Performing 'single click' action on view (view.getId() is <2131231169/com.hkxps17.turnup:id/search_button> and Child at position 4 in parent Child at position 0 in parent view.getId() is <16908290/android:id/content> and (view has effective visibility <VISIBLE> and view.getGlobalVisibleRect() to return non-empty rectangle))
08-01 07:53:03.661  6955  7025 D EGL_emulation: eglMakeCurrent: 0xdde5d200: ver 2 0 (tinfo 0xdde95c60)
08-01 07:53:03.775  6955  6955 W .hkxps17.turnu: Accessing hidden method Ldalvik/system/CloseGuard;->get()Ldalvik/system/CloseGuard; (greylist,core-platform-api, reflection, allowed)
08-01 07:53:03.775  6955  6955 W .hkxps17.turnu: Accessing hidden method Ldalvik/system/CloseGuard;->open(Ljava/lang/String;)V (greylist,core-platform-api, reflection, allowed)
08-01 07:53:03.775  6955  6955 W .hkxps17.turnu: Accessing hidden method Ldalvik/system/CloseGuard;->warnIfOpen()V (greylist,core-platform-api, reflection, allowed)
08-01 07:53:03.781  1795  2479 E GnssHAL_GnssInterface: gnssSvStatusCb: a: input svInfo.flags is 8
08-01 07:53:03.781  1795  2479 E GnssHAL_GnssInterface: gnssSvStatusCb: b: input svInfo.flags is 8
08-01 07:53:03.799  6955  6955 D TEST    : []!!!!
08-01 07:53:03.809  6955  6955 D TEST    : []!!!!
08-01 07:53:03.848  6955  6955 D LifecycleMonitor: Lifecycle status change: com.hkxps17.turnup.LoginActivity@7e17953 in: STOPPED
08-01 07:53:03.848  6955  6955 V ActivityScenario: Update currentActivityStage to STOPPED, currentActivity=com.hkxps17.turnup.LoginActivity@7e17953
08-01 07:53:03.907  1777  7051 E ResolverController: No valid NAT64 prefix (101, <unspecified>/0)
08-01 07:53:03.932  6955  6987 W .hkxps17.turnu: Accessing hidden method Lsun/misc/Unsafe;->compareAndSwapObject(Ljava/lang/Object;JLjava/lang/Object;Ljava/lang/Object;)Z (greylist, linking, allowed)
08-01 07:53:03.932  6955  7032 W .hkxps17.turnu: Accessing hidden method Lsun/misc/Unsafe;->compareAndSwapObject(Ljava/lang/Object;JLjava/lang/Object;Ljava/lang/Object;)Z (greylist, linking, allowed)
08-01 07:53:03.935  6955  6955 I ViewInteraction: Performing 'single click' action on view (view.getId() is <2131230858/com.hkxps17.turnup:id/chip4> and an instance of android.widget.TextView and view.getText() with or without transformation to match: is "Sports Events" and Child at position 4 in parent (view.getId() is <2131230860/com.hkxps17.turnup:id/chipGroupFilter> and Child at position 3 in parent view.getClass().getName() matches: is "androidx.constraintlayout.widget.ConstraintLayout") and (view has effective visibility <VISIBLE> and view.getGlobalVisibleRect() to return non-empty rectangle))
08-01 07:53:04.264  6955  6955 D TEST    : []!!!!
08-01 07:53:04.335  6955  6987 W .hkxps17.turnu: Accessing hidden method Lsun/misc/Unsafe;->compareAndSwapObject(Ljava/lang/Object;JLjava/lang/Object;Ljava/lang/Object;)Z (greylist, linking, allowed)
08-01 07:53:04.338  6955  6955 I ViewInteraction: Checking 'MatchesViewAssertion{viewMatcher=an instance of android.widget.TextView and view.getText() with or without transformation to match: is "Sports"}' assertion on view (view.getId() is <2131230724/com.hkxps17.turnup:id/EventCategory> and an instance of android.widget.TextView and view.getText() with or without transformation to match: is "Sports" and view.getParent() view.getParent() view.getId() is <2131230938/com.hkxps17.turnup:id/event_list_background> and (view has effective visibility <VISIBLE> and view.getGlobalVisibleRect() to return non-empty rectangle))
08-01 07:53:04.344  6955  6955 D LifecycleMonitor: Lifecycle status change: com.hkxps17.turnup.EventListActivity@7a04a5d in: PAUSED
08-01 07:53:04.345  6955  6955 V ActivityScenario: Activity lifecycle changed event received but ignored because the intent does not match. startActivityIntent=Intent { act=android.intent.action.MAIN cat=[android.intent.category.LAUNCHER] cmp=com.hkxps17.turnup/.LoginActivity }, activity.getIntent()=Intent { cmp=com.hkxps17.turnup/.EventListActivity }, activity=com.hkxps17.turnup.EventListActivity@7a04a5d
08-01 07:53:04.346  2037  2952 W InputReader: Device has associated, but no associated display id.
08-01 07:53:04.348  2037  2952 I chatty  : uid=1000(system) Binder:2037_B identical 38 lines
08-01 07:53:04.348  2037  2952 W InputReader: Device has associated, but no associated display id.
08-01 07:53:04.348  6989  6989 W ActivityThread: handleWindowVisibility: no activity for token android.os.BinderProxy@16e073a
08-01 07:53:04.349  2037  2952 W InputReader: Device has associated, but no associated display id.
08-01 07:53:04.349  2037  2952 I chatty  : uid=1000(system) Binder:2037_B identical 8 lines
08-01 07:53:04.349  2037  2952 W InputReader: Device has associated, but no associated display id.
08-01 07:53:04.383  6955  6955 D LifecycleMonitor: Lifecycle status change: com.hkxps17.turnup.LoginActivity@7e17953 in: DESTROYED
08-01 07:53:04.383  6955  6955 V ActivityScenario: Update currentActivityStage to DESTROYED, currentActivity=null
08-01 07:53:04.389  2037  2952 W InputReader: Device has associated, but no associated display id.
08-01 07:53:04.392  2037  2952 I chatty  : uid=1000(system) Binder:2037_B identical 48 lines
08-01 07:53:04.392  2037  2952 W InputReader: Device has associated, but no associated display id.
08-01 07:53:04.411  6989  7021 D HostConnection: HostConnection::get() New Host Connection established 0xd5d50190, tid 7021
08-01 07:53:04.413  6989  7021 D HostConnection: HostComposition ext ANDROID_EMU_CHECKSUM_HELPER_v1 ANDROID_EMU_dma_v1 ANDROID_EMU_direct_mem ANDROID_EMU_host_composition_v1 ANDROID_EMU_host_composition_v2 ANDROID_EMU_vulkan ANDROID_EMU_deferred_vulkan_commands ANDROID_EMU_vulkan_null_optional_strings ANDROID_EMU_vulkan_create_resources_with_requirements ANDROID_EMU_YUV420_888_to_NV21 ANDROID_EMU_YUV_Cache ANDROID_EMU_vulkan_free_memory_sync ANDROID_EMU_vulkan_shader_float16_int8 ANDROID_EMU_vulkan_async_queue_submit ANDROID_EMU_sync_buffer_data GL_OES_vertex_array_object GL_KHR_texture_compression_astc_ldr ANDROID_EMU_host_side_tracing ANDROID_EMU_gles_max_version_2
08-01 07:53:04.420  6989  7021 W OpenGLRenderer: Failed to choose config with EGL_SWAP_BEHAVIOR_PRESERVED, retrying without...
08-01 07:53:04.428  6989  7021 D eglCodecCommon: setVertexArrayObject: set vao to 0 (0) 0 0
08-01 07:53:04.428  6989  7021 D EGL_emulation: eglCreateContext: 0xd5d1a3c0: maj 2 min 0 rcv 2
08-01 07:53:04.429  1777  7058 E ResolverController: No valid NAT64 prefix (101, <unspecified>/0)
08-01 07:53:04.459  6989  7021 D EGL_emulation: eglMakeCurrent: 0xd5d1a3c0: ver 2 0 (tinfo 0xd5d0f810)
08-01 07:53:04.467  1796  1796 D gralloc_ranchu: gralloc_alloc: Creating ashmem region of size 9334784
08-01 07:53:04.469  1678  1678 I hwservicemanager: getTransport: Cannot find entry android.hardware.graphics.mapper@3.0::IMapper/default in either framework or device manifest.
08-01 07:53:04.469  6989  7021 W Gralloc3: mapper 3.x is not supported
08-01 07:53:04.470  6989  7021 D HostConnection: createUnique: call
08-01 07:53:04.471  6989  7021 D HostConnection: HostConnection::get() New Host Connection established 0xd5d50280, tid 7021
08-01 07:53:04.472  6989  7021 D HostConnection: HostComposition ext ANDROID_EMU_CHECKSUM_HELPER_v1 ANDROID_EMU_dma_v1 ANDROID_EMU_direct_mem ANDROID_EMU_host_composition_v1 ANDROID_EMU_host_composition_v2 ANDROID_EMU_vulkan ANDROID_EMU_deferred_vulkan_commands ANDROID_EMU_vulkan_null_optional_strings ANDROID_EMU_vulkan_create_resources_with_requirements ANDROID_EMU_YUV420_888_to_NV21 ANDROID_EMU_YUV_Cache ANDROID_EMU_vulkan_free_memory_sync ANDROID_EMU_vulkan_shader_float16_int8 ANDROID_EMU_vulkan_async_queue_submit ANDROID_EMU_sync_buffer_data GL_OES_vertex_array_object GL_KHR_texture_compression_astc_ldr ANDROID_EMU_host_side_tracing ANDROID_EMU_gles_max_version_2
08-01 07:53:04.473  6989  7021 D eglCodecCommon: allocate: Ask for block of size 0x1000
08-01 07:53:04.473  6989  7021 D eglCodecCommon: allocate: ioctl allocate returned offset 0x3ff70a000 size 0x2000
08-01 07:53:04.474  1796  1796 D gralloc_ranchu: gralloc_alloc: Creating ashmem region of size 9334784
08-01 07:53:04.476  1796  1796 D gralloc_ranchu: gralloc_alloc: Creating ashmem region of size 9334784
08-01 07:53:04.477  6989  7021 D EGL_emulation: eglMakeCurrent: 0xd5d1a3c0: ver 2 0 (tinfo 0xd5d0f810)
08-01 07:53:04.480  6989  7021 D eglCodecCommon: setVertexArrayObject: set vao to 0 (0) 1 0
08-01 07:53:04.554  6989  6989 W ActivityThread: handleWindowVisibility: no activity for token android.os.BinderProxy@f2d551d
08-01 07:53:04.579  6955  6987 I TestRunner: finished: sportsFilterTest(com.hkxps17.turnup.SportsFilterTest)

