08-01 08:39:55.862 25044 25200 W .hkxps17.turnu: Accessing hidden method Lsun/misc/Unsafe;->getObject(Ljava/lang/Object;J)Ljava/lang/Object; (greylist, linking, allowed)
08-01 08:39:55.862 25044 25200 I Counters: exceeded sample count in FrameTime
08-01 08:39:55.880 25044 25200 W .hkxps17.turnu: Accessing hidden method Lsun/misc/Unsafe;->getObject(Ljava/lang/Object;J)Ljava/lang/Object; (greylist, linking, allowed)
08-01 08:39:55.880 25044 25200 I Counters: exceeded sample count in FrameTime
08-01 08:39:55.897 25044 25200 W .hkxps17.turnu: Accessing hidden method Lsun/misc/Unsafe;->getObject(Ljava/lang/Object;J)Ljava/lang/Object; (greylist, linking, allowed)
08-01 08:39:55.897 25044 25200 I Counters: exceeded sample count in FrameTime
08-01 08:39:55.914 25044 25200 W .hkxps17.turnu: Accessing hidden method Lsun/misc/Unsafe;->getObject(Ljava/lang/Object;J)Ljava/lang/Object; (greylist, linking, allowed)
08-01 08:39:55.914 25044 25200 I Counters: exceeded sample count in FrameTime
08-01 08:39:55.930 25044 25196 W .hkxps17.turnu: Accessing hidden field Ljava/nio/Buffer;->position:I (greylist, JNI, allowed)
08-01 08:39:55.930 25044 25196 W .hkxps17.turnu: Accessing hidden field Ljava/nio/Buffer;->limit:I (greylist, JNI, allowed)
08-01 08:39:55.930 25044 25196 W .hkxps17.turnu: Accessing hidden field Ljava/nio/Buffer;->_elementSizeShift:I (greylist, JNI, allowed)
08-01 08:39:55.934 25044 25200 W .hkxps17.turnu: Accessing hidden method Lsun/misc/Unsafe;->getObject(Ljava/lang/Object;J)Ljava/lang/Object; (greylist, linking, allowed)
08-01 08:39:55.934 25044 25200 I Counters: exceeded sample count in FrameTime
08-01 08:39:55.949 25044 25200 W .hkxps17.turnu: Accessing hidden method Lsun/misc/Unsafe;->getObject(Ljava/lang/Object;J)Ljava/lang/Object; (greylist, linking, allowed)
08-01 08:39:55.949 25044 25200 I Counters: exceeded sample count in FrameTime
08-01 08:39:55.965 25044 25200 W .hkxps17.turnu: Accessing hidden method Lsun/misc/Unsafe;->getObject(Ljava/lang/Object;J)Ljava/lang/Object; (greylist, linking, allowed)
08-01 08:39:55.965 25044 25200 I Counters: exceeded sample count in FrameTime
08-01 08:39:55.982 25044 25200 W .hkxps17.turnu: Accessing hidden method Lsun/misc/Unsafe;->getObject(Ljava/lang/Object;J)Ljava/lang/Object; (greylist, linking, allowed)
08-01 08:39:55.982 25044 25200 I Counters: exceeded sample count in FrameTime
08-01 08:39:56.000 25044 25200 W .hkxps17.turnu: Accessing hidden method Lsun/misc/Unsafe;->getObject(Ljava/lang/Object;J)Ljava/lang/Object; (greylist, linking, allowed)
08-01 08:39:56.000 25044 25200 I Counters: exceeded sample count in FrameTime
08-01 08:39:56.003  1795  2479 E GnssHAL_GnssInterface: gnssSvStatusCb: a: input svInfo.flags is 8
08-01 08:39:56.003  1795  2479 E GnssHAL_GnssInterface: gnssSvStatusCb: b: input svInfo.flags is 8
08-01 08:39:56.016 25044 25200 W .hkxps17.turnu: Accessing hidden method Lsun/misc/Unsafe;->getObject(Ljava/lang/Object;J)Ljava/lang/Object; (greylist, linking, allowed)
08-01 08:39:56.017 25044 25200 I Counters: exceeded sample count in FrameTime
08-01 08:39:56.034 25044 25200 W .hkxps17.turnu: Accessing hidden method Lsun/misc/Unsafe;->getObject(Ljava/lang/Object;J)Ljava/lang/Object; (greylist, linking, allowed)
08-01 08:39:56.034 25044 25200 I Counters: exceeded sample count in FrameTime
08-01 08:39:56.053 25044 25200 W .hkxps17.turnu: Accessing hidden method Lsun/misc/Unsafe;->getObject(Ljava/lang/Object;J)Ljava/lang/Object; (greylist, linking, allowed)
08-01 08:39:56.053 25044 25200 I Counters: exceeded sample count in FrameTime
08-01 08:39:56.069 25044 25200 W .hkxps17.turnu: Accessing hidden method Lsun/misc/Unsafe;->getObject(Ljava/lang/Object;J)Ljava/lang/Object; (greylist, linking, allowed)
08-01 08:39:56.069 25044 25200 I Counters: exceeded sample count in FrameTime
08-01 08:39:56.076 25044 25093 W .hkxps17.turnu: Accessing hidden method Lsun/misc/Unsafe;->compareAndSwapObject(Ljava/lang/Object;JLjava/lang/Object;Ljava/lang/Object;)Z (greylist, linking, allowed)
08-01 08:39:56.084 25044 25044 I ViewInteraction: Performing 'single click' action on view (view.getId() is <2131230806/com.hkxps17.turnup:id/add_location> and Child at position 7 in parent Child at position 0 in parent view.getId() is <16908290/android:id/content> and (view has effective visibility <VISIBLE> and view.getGlobalVisibleRect() to return non-empty rectangle))
08-01 08:39:56.090 25044 25200 W .hkxps17.turnu: Accessing hidden method Lsun/misc/Unsafe;->getObject(Ljava/lang/Object;J)Ljava/lang/Object; (greylist, linking, allowed)
08-01 08:39:56.090 25044 25200 I Counters: exceeded sample count in FrameTime
08-01 08:39:56.107 25044 25200 W .hkxps17.turnu: Accessing hidden method Lsun/misc/Unsafe;->getObject(Ljava/lang/Object;J)Ljava/lang/Object; (greylist, linking, allowed)
08-01 08:39:56.107 25044 25200 I Counters: exceeded sample count in FrameTime
08-01 08:39:56.126 25044 25200 W .hkxps17.turnu: Accessing hidden method Lsun/misc/Unsafe;->getObject(Ljava/lang/Object;J)Ljava/lang/Object; (greylist, linking, allowed)
08-01 08:39:56.126 25044 25200 I Counters: exceeded sample count in FrameTime
08-01 08:39:56.171 25044 25200 W .hkxps17.turnu: Accessing hidden method Lsun/misc/Unsafe;->getObject(Ljava/lang/Object;J)Ljava/lang/Object; (greylist, linking, allowed)
08-01 08:39:56.172 25044 25200 I Counters: exceeded sample count in FrameTime
08-01 08:39:56.179 25044 25200 W .hkxps17.turnu: Accessing hidden method Lsun/misc/Unsafe;->getObject(Ljava/lang/Object;J)Ljava/lang/Object; (greylist, linking, allowed)
08-01 08:39:56.179 25044 25200 I Counters: exceeded sample count in FrameTime
08-01 08:39:56.185 25044 25200 W .hkxps17.turnu: Accessing hidden method Lsun/misc/Unsafe;->getObject(Ljava/lang/Object;J)Ljava/lang/Object; (greylist, linking, allowed)
08-01 08:39:56.185 25044 25200 I Counters: exceeded sample count in FrameTime
08-01 08:39:56.203 25044 25200 W .hkxps17.turnu: Accessing hidden method Lsun/misc/Unsafe;->getObject(Ljava/lang/Object;J)Ljava/lang/Object; (greylist, linking, allowed)
08-01 08:39:56.203 25044 25200 I Counters: exceeded sample count in FrameTime
08-01 08:39:56.218 25044 25200 W .hkxps17.turnu: Accessing hidden method Lsun/misc/Unsafe;->getObject(Ljava/lang/Object;J)Ljava/lang/Object; (greylist, linking, allowed)
08-01 08:39:56.219 25044 25200 I Counters: exceeded sample count in FrameTime
08-01 08:39:56.236 25044 25200 W .hkxps17.turnu: Accessing hidden method Lsun/misc/Unsafe;->getObject(Ljava/lang/Object;J)Ljava/lang/Object; (greylist, linking, allowed)
08-01 08:39:56.236 25044 25200 I Counters: exceeded sample count in FrameTime
08-01 08:39:56.254 25044 25200 W .hkxps17.turnu: Accessing hidden method Lsun/misc/Unsafe;->getObject(Ljava/lang/Object;J)Ljava/lang/Object; (greylist, linking, allowed)
08-01 08:39:56.254 25044 25200 I Counters: exceeded sample count in FrameTime
08-01 08:39:56.271 25044 25200 W .hkxps17.turnu: Accessing hidden method Lsun/misc/Unsafe;->getObject(Ljava/lang/Object;J)Ljava/lang/Object; (greylist, linking, allowed)
08-01 08:39:56.271 25044 25200 I Counters: exceeded sample count in FrameTime
08-01 08:39:56.288 25044 25200 W .hkxps17.turnu: Accessing hidden method Lsun/misc/Unsafe;->getObject(Ljava/lang/Object;J)Ljava/lang/Object; (greylist, linking, allowed)
08-01 08:39:56.288 25044 25200 I Counters: exceeded sample count in FrameTime
08-01 08:39:56.305 25044 25200 W .hkxps17.turnu: Accessing hidden method Lsun/misc/Unsafe;->getObject(Ljava/lang/Object;J)Ljava/lang/Object; (greylist, linking, allowed)
08-01 08:39:56.305 25044 25200 I Counters: exceeded sample count in FrameTime
08-01 08:39:56.324 25044 25200 W .hkxps17.turnu: Accessing hidden method Lsun/misc/Unsafe;->getObject(Ljava/lang/Object;J)Ljava/lang/Object; (greylist, linking, allowed)
08-01 08:39:56.324 25044 25200 I Counters: exceeded sample count in FrameTime
08-01 08:39:56.340 25044 25200 W .hkxps17.turnu: Accessing hidden method Lsun/misc/Unsafe;->getObject(Ljava/lang/Object;J)Ljava/lang/Object; (greylist, linking, allowed)
08-01 08:39:56.340 25044 25200 I Counters: exceeded sample count in FrameTime
08-01 08:39:56.357 25044 25200 W .hkxps17.turnu: Accessing hidden method Lsun/misc/Unsafe;->getObject(Ljava/lang/Object;J)Ljava/lang/Object; (greylist, linking, allowed)
08-01 08:39:56.357 25044 25200 I Counters: exceeded sample count in FrameTime
08-01 08:39:56.375 25044 25200 W .hkxps17.turnu: Accessing hidden method Lsun/misc/Unsafe;->getObject(Ljava/lang/Object;J)Ljava/lang/Object; (greylist, linking, allowed)
08-01 08:39:56.375 25044 25200 I Counters: exceeded sample count in FrameTime
08-01 08:39:56.393 25044 25200 W .hkxps17.turnu: Accessing hidden method Lsun/misc/Unsafe;->getObject(Ljava/lang/Object;J)Ljava/lang/Object; (greylist, linking, allowed)
08-01 08:39:56.393 25044 25200 I Counters: exceeded sample count in FrameTime
08-01 08:39:56.411 25044 25200 W .hkxps17.turnu: Accessing hidden method Lsun/misc/Unsafe;->getObject(Ljava/lang/Object;J)Ljava/lang/Object; (greylist, linking, allowed)
08-01 08:39:56.411 25044 25200 I Counters: exceeded sample count in FrameTime
08-01 08:39:56.430 25044 25200 W .hkxps17.turnu: Accessing hidden method Lsun/misc/Unsafe;->getObject(Ljava/lang/Object;J)Ljava/lang/Object; (greylist, linking, allowed)
08-01 08:39:56.430 25044 25200 I Counters: exceeded sample count in FrameTime
08-01 08:39:56.445 25044 25200 W .hkxps17.turnu: Accessing hidden method Lsun/misc/Unsafe;->getObject(Ljava/lang/Object;J)Ljava/lang/Object; (greylist, linking, allowed)
08-01 08:39:56.445 25044 25200 I Counters: exceeded sample count in FrameTime
08-01 08:39:56.464 25044 25200 W .hkxps17.turnu: Accessing hidden method Lsun/misc/Unsafe;->getObject(Ljava/lang/Object;J)Ljava/lang/Object; (greylist, linking, allowed)
08-01 08:39:56.464 25044 25200 I Counters: exceeded sample count in FrameTime
08-01 08:39:56.481 25044 25200 W .hkxps17.turnu: Accessing hidden method Lsun/misc/Unsafe;->getObject(Ljava/lang/Object;J)Ljava/lang/Object; (greylist, linking, allowed)
08-01 08:39:56.481 25044 25200 I Counters: exceeded sample count in FrameTime
08-01 08:39:56.498 25044 25200 W .hkxps17.turnu: Accessing hidden method Lsun/misc/Unsafe;->getObject(Ljava/lang/Object;J)Ljava/lang/Object; (greylist, linking, allowed)
08-01 08:39:56.498 25044 25200 I Counters: exceeded sample count in FrameTime
08-01 08:39:56.515 25044 25175 W DynamiteModule: Local module descriptor class for com.google.android.gms.googlecertificates not found.
08-01 08:39:56.517 25044 25200 W .hkxps17.turnu: Accessing hidden method Lsun/misc/Unsafe;->getInt(Ljava/lang/Object;J)I (greylist, linking, allowed)
08-01 08:39:56.517 25044 25200 W .hkxps17.turnu: Accessing hidden method Lsun/misc/Unsafe;->getObject(Ljava/lang/Object;J)Ljava/lang/Object; (greylist, linking, allowed)
08-01 08:39:56.518 25044 25200 I Counters: exceeded sample count in FrameTime
08-01 08:39:56.529 25044 25175 I DynamiteModule: Considering local module com.google.android.gms.googlecertificates:0 and remote module com.google.android.gms.googlecertificates:7
08-01 08:39:56.531 25044 25175 I DynamiteModule: Selected remote version of com.google.android.gms.googlecertificates, version >= 7
08-01 08:39:56.535 25044 25200 W .hkxps17.turnu: Accessing hidden method Lsun/misc/Unsafe;->getObject(Ljava/lang/Object;J)Ljava/lang/Object; (greylist, linking, allowed)
08-01 08:39:56.536 25044 25200 I Counters: exceeded sample count in FrameTime
08-01 08:39:56.551 25044 25200 W .hkxps17.turnu: Accessing hidden method Lsun/misc/Unsafe;->getInt(Ljava/lang/Object;J)I (greylist, linking, allowed)
08-01 08:39:56.551 25044 25200 W .hkxps17.turnu: Accessing hidden method Lsun/misc/Unsafe;->getObject(Ljava/lang/Object;J)Ljava/lang/Object; (greylist, linking, allowed)
08-01 08:39:56.551 25044 25200 W .hkxps17.turnu: Accessing hidden method Lsun/misc/Unsafe;->getObject(Ljava/lang/Object;J)Ljava/lang/Object; (greylist, linking, allowed)
08-01 08:39:56.551 25044 25200 I Counters: exceeded sample count in FrameTime
08-01 08:39:56.567 25044 25200 W .hkxps17.turnu: Accessing hidden method Lsun/misc/Unsafe;->getObject(Ljava/lang/Object;J)Ljava/lang/Object; (greylist, linking, allowed)
08-01 08:39:56.567 25044 25200 I Counters: exceeded sample count in FrameTime
08-01 08:39:56.572 25044 25175 W .hkxps17.turnu: Accessing hidden method Lsun/misc/Unsafe;->putObject(Ljava/lang/Object;JLjava/lang/Object;)V (greylist, linking, allowed)
08-01 08:39:56.572 25044 25175 W .hkxps17.turnu: Accessing hidden method Lsun/misc/Unsafe;->getObject(Ljava/lang/Object;J)Ljava/lang/Object; (greylist, linking, allowed)
08-01 08:39:56.573 25044 25175 W .hkxps17.turnu: Accessing hidden method Lsun/misc/Unsafe;->compareAndSwapObject(Ljava/lang/Object;JLjava/lang/Object;Ljava/lang/Object;)Z (greylist, linking, allowed)
08-01 08:39:56.587 25044 25200 W .hkxps17.turnu: Accessing hidden method Lsun/misc/Unsafe;->getObject(Ljava/lang/Object;J)Ljava/lang/Object; (greylist, linking, allowed)
08-01 08:39:56.587 25044 25200 I Counters: exceeded sample count in FrameTime
08-01 08:39:56.603 25044 25200 W .hkxps17.turnu: Accessing hidden method Lsun/misc/Unsafe;->getObject(Ljava/lang/Object;J)Ljava/lang/Object; (greylist, linking, allowed)
08-01 08:39:56.603 25044 25200 I Counters: exceeded sample count in FrameTime
08-01 08:39:56.609 25044 25164 W .hkxps17.turnu: Accessing hidden method Lsun/misc/Unsafe;->getLong(Ljava/lang/Object;J)J (greylist,core-platform-api, linking, allowed)
08-01 08:39:56.610 25044 25164 W .hkxps17.turnu: Accessing hidden method Lsun/misc/Unsafe;->putLong(Ljava/lang/Object;JJ)V (greylist, linking, allowed)
08-01 08:39:56.610 25044 25164 W .hkxps17.turnu: Accessing hidden method Lsun/misc/Unsafe;->getObject(Ljava/lang/Object;J)Ljava/lang/Object; (greylist, linking, allowed)
08-01 08:39:56.615 25044 25164 W .hkxps17.turnu: Accessing hidden method Lsun/misc/Unsafe;->compareAndSwapObject(Ljava/lang/Object;JLjava/lang/Object;Ljava/lang/Object;)Z (greylist, linking, allowed)
08-01 08:39:56.616 25044 25164 I SnapshotHandler: Unable to retrieve flag snapshot for com.google.android.libraries.consentverifier#com.hkxps17.turnup, using defaults.
08-01 08:39:56.618 25044 25164 W .hkxps17.turnu: Accessing hidden method Lsun/misc/Unsafe;->getInt(Ljava/lang/Object;J)I (greylist, linking, allowed)
08-01 08:39:56.619 25044 25164 W .hkxps17.turnu: Accessing hidden method Lsun/misc/Unsafe;->getObject(Ljava/lang/Object;J)Ljava/lang/Object; (greylist, linking, allowed)
08-01 08:39:56.619 25044 25200 W .hkxps17.turnu: Accessing hidden method Lsun/misc/Unsafe;->getInt(Ljava/lang/Object;J)I (greylist, linking, allowed)
08-01 08:39:56.619 25044 25200 W .hkxps17.turnu: Accessing hidden method Lsun/misc/Unsafe;->getObject(Ljava/lang/Object;J)Ljava/lang/Object; (greylist, linking, allowed)
08-01 08:39:56.620 25044 25200 I Counters: exceeded sample count in FrameTime
08-01 08:39:56.631 25044 25164 W .hkxps17.turnu: Accessing hidden method Lsun/misc/Unsafe;->compareAndSwapObject(Ljava/lang/Object;JLjava/lang/Object;Ljava/lang/Object;)Z (greylist, linking, allowed)
08-01 08:39:56.636 25044 25200 W .hkxps17.turnu: Accessing hidden method Lsun/misc/Unsafe;->getObject(Ljava/lang/Object;J)Ljava/lang/Object; (greylist, linking, allowed)
08-01 08:39:56.636 25044 25200 I Counters: exceeded sample count in FrameTime
08-01 08:39:56.637 25044 25165 W MobStoreFlagStore: Unable to update local snapshot for com.google.android.libraries.consentverifier#com.hkxps17.turnup, may result in stale flags.
08-01 08:39:56.637 25044 25165 W MobStoreFlagStore: java.util.concurrent.ExecutionException: java.lang.SecurityException: GoogleCertificatesRslt: not allowed: pkg=com.hkxps17.turnup, sha256=[b88f376c2f33757ef6b3f12a23238906ee0ee76f1eac0df575b0e642f43fa802], atk=false, ver=222615031.true (go/gsrlt)
08-01 08:39:56.637 25044 25165 W MobStoreFlagStore: 	at aif.s(:com.google.android.gms.dynamite_mapsdynamite@222615068@22.26.15 (100700-0):3)
08-01 08:39:56.637 25044 25165 W MobStoreFlagStore: 	at aif.get(:com.google.android.gms.dynamite_mapsdynamite@222615068@22.26.15 (100700-0):2)
08-01 08:39:56.637 25044 25165 W MobStoreFlagStore: 	at ajp.g(:com.google.android.gms.dynamite_mapsdynamite@222615068@22.26.15 (100700-0):2)
08-01 08:39:56.637 25044 25165 W MobStoreFlagStore: 	at yg.d(:com.google.android.gms.dynamite_mapsdynamite@222615068@22.26.15 (100700-0):1)
08-01 08:39:56.637 25044 25165 W MobStoreFlagStore: 	at yi.run(:com.google.android.gms.dynamite_mapsdynamite@222615068@22.26.15 (100700-0):0)
08-01 08:39:56.637 25044 25165 W MobStoreFlagStore: 	at java.util.concurrent.Executors$RunnableAdapter.call(Executors.java:462)
08-01 08:39:56.637 25044 25165 W MobStoreFlagStore: 	at java.util.concurrent.FutureTask.run(FutureTask.java:266)
08-01 08:39:56.637 25044 25165 W MobStoreFlagStore: 	at java.util.concurrent.ScheduledThreadPoolExecutor$ScheduledFutureTask.run(ScheduledThreadPoolExecutor.java:301)
08-01 08:39:56.637 25044 25165 W MobStoreFlagStore: 	at java.util.concurrent.ThreadPoolExecutor.runWorker(ThreadPoolExecutor.java:1167)
08-01 08:39:56.637 25044 25165 W MobStoreFlagStore: 	at java.util.concurrent.ThreadPoolExecutor$Worker.run(ThreadPoolExecutor.java:641)
08-01 08:39:56.637 25044 25165 W MobStoreFlagStore: 	at java.lang.Thread.run(Thread.java:919)
08-01 08:39:56.637 25044 25165 W MobStoreFlagStore: Caused by: java.lang.SecurityException: GoogleCertificatesRslt: not allowed: pkg=com.hkxps17.turnup, sha256=[b88f376c2f33757ef6b3f12a23238906ee0ee76f1eac0df575b0e642f43fa802], atk=false, ver=222615031.true (go/gsrlt)
08-01 08:39:56.637 25044 25165 W MobStoreFlagStore: 	at android.os.Parcel.createException(Parcel.java:2071)
08-01 08:39:56.637 25044 25165 W MobStoreFlagStore: 	at android.os.Parcel.readException(Parcel.java:2039)
08-01 08:39:56.637 25044 25165 W MobStoreFlagStore: 	at android.os.Parcel.readException(Parcel.java:1987)
08-01 08:39:56.637 25044 25165 W MobStoreFlagStore: 	at es.bc(:com.google.android.gms.dynamite_mapsdynamite@222615068@22.26.15 (100700-0):2)
08-01 08:39:56.637 25044 25165 W MobStoreFlagStore: 	at rs.a(:com.google.android.gms.dynamite_mapsdynamite@222615068@22.26.15 (100700-0):4)
08-01 08:39:56.637 25044 25165 W MobStoreFlagStore: 	at iz.e(:com.google.android.gms.dynamite_mapsdynamite@222615068@22.26.15 (100700-0):2)
08-01 08:39:56.637 25044 25165 W MobStoreFlagStore: 	at jy.t(:com.google.android.gms.dynamite_mapsdynamite@222615068@22.26.15 (100700-0):2)
08-01 08:39:56.637 25044 25165 W MobStoreFlagStore: 	at jy.u(:com.google.android.gms.dynamite_mapsdynamite@222615068@22.26.15 (100700-0):3)
08-01 08:39:56.637 25044 25165 W MobStoreFlagStore: 	at jy.e(:com.google.android.gms.dynamite_mapsdynamite@222615068@22.26.15 (100700-0):2)
08-01 08:39:56.637 25044 25165 W MobStoreFlagStore: 	at kc.handleMessage(:com.google.android.gms.dynamite_mapsdynamite@222615068@22.26.15 (100700-0):69)
08-01 08:39:56.637 25044 25165 W MobStoreFlagStore: 	at android.os.Handler.dispatchMessage(Handler.java:103)
08-01 08:39:56.637 25044 25165 W MobStoreFlagStore: 	at android.os.Looper.loop(Looper.java:214)
08-01 08:39:56.637 25044 25165 W MobStoreFlagStore: 	at android.os.HandlerThread.run(HandlerThread.java:67)
08-01 08:39:56.652 25044 25200 W .hkxps17.turnu: Accessing hidden method Lsun/misc/Unsafe;->getObject(Ljava/lang/Object;J)Ljava/lang/Object; (greylist, linking, allowed)
08-01 08:39:56.652 25044 25200 I Counters: exceeded sample count in FrameTime
08-01 08:39:56.669 25044 25200 W .hkxps17.turnu: Accessing hidden method Lsun/misc/Unsafe;->getObject(Ljava/lang/Object;J)Ljava/lang/Object; (greylist, linking, allowed)
08-01 08:39:56.669 25044 25200 I Counters: exceeded sample count in FrameTime
08-01 08:39:56.687 25044 25200 W .hkxps17.turnu: Accessing hidden method Lsun/misc/Unsafe;->getInt(Ljava/lang/Object;J)I (greylist, linking, allowed)
08-01 08:39:56.687 25044 25200 W .hkxps17.turnu: Accessing hidden method Lsun/misc/Unsafe;->getObject(Ljava/lang/Object;J)Ljava/lang/Object; (greylist, linking, allowed)
08-01 08:39:56.688 25044 25200 I Counters: exceeded sample count in FrameTime
08-01 08:39:56.698 25044 25197 W .hkxps17.turnu: Accessing hidden method Lsun/misc/Unsafe;->putObject(Ljava/lang/Object;JLjava/lang/Object;)V (greylist, linking, allowed)
08-01 08:39:56.698 25044 25197 W .hkxps17.turnu: Accessing hidden method Lsun/misc/Unsafe;->getObject(Ljava/lang/Object;J)Ljava/lang/Object; (greylist, linking, allowed)
08-01 08:39:56.699 25044 25164 W .hkxps17.turnu: Accessing hidden method Lsun/misc/Unsafe;->putLong(Ljava/lang/Object;JJ)V (greylist, linking, allowed)
08-01 08:39:56.699 25044 25164 W .hkxps17.turnu: Accessing hidden method Lsun/misc/Unsafe;->getObject(Ljava/lang/Object;J)Ljava/lang/Object; (greylist, linking, allowed)
08-01 08:39:56.699 25044 25164 W .hkxps17.turnu: Accessing hidden method Lsun/misc/Unsafe;->getInt(Ljava/lang/Object;J)I (greylist, linking, allowed)
08-01 08:39:56.699 25044 25164 W .hkxps17.turnu: Accessing hidden method Lsun/misc/Unsafe;->getObject(Ljava/lang/Object;J)Ljava/lang/Object; (greylist, linking, allowed)
08-01 08:39:56.700 25044 25164 W .hkxps17.turnu: Accessing hidden method Lsun/misc/Unsafe;->getInt(Ljava/lang/Object;J)I (greylist, linking, allowed)
08-01 08:39:56.700 25044 25164 W .hkxps17.turnu: Accessing hidden method Lsun/misc/Unsafe;->getObject(Ljava/lang/Object;J)Ljava/lang/Object; (greylist, linking, allowed)
08-01 08:39:56.700 25044 25164 W .hkxps17.turnu: Accessing hidden method Lsun/misc/Unsafe;->getInt(Ljava/lang/Object;J)I (greylist, linking, allowed)
08-01 08:39:56.700 25044 25164 W .hkxps17.turnu: Accessing hidden method Lsun/misc/Unsafe;->getObject(Ljava/lang/Object;J)Ljava/lang/Object; (greylist, linking, allowed)
08-01 08:39:56.704 25044 25200 W .hkxps17.turnu: Accessing hidden method Lsun/misc/Unsafe;->getInt(Ljava/lang/Object;J)I (greylist, linking, allowed)
08-01 08:39:56.704 25044 25200 W .hkxps17.turnu: Accessing hidden method Lsun/misc/Unsafe;->getObject(Ljava/lang/Object;J)Ljava/lang/Object; (greylist, linking, allowed)
08-01 08:39:56.704 25044 25200 I Counters: exceeded sample count in FrameTime
08-01 08:39:56.707 25044 25164 W .hkxps17.turnu: Accessing hidden method Lsun/misc/Unsafe;->getInt(Ljava/lang/Object;J)I (greylist, linking, allowed)
08-01 08:39:56.707 25044 25164 W .hkxps17.turnu: Accessing hidden method Lsun/misc/Unsafe;->getObject(Ljava/lang/Object;J)Ljava/lang/Object; (greylist, linking, allowed)
08-01 08:39:56.709 25044 25164 W .hkxps17.turnu: Accessing hidden method Lsun/misc/Unsafe;->getInt(Ljava/lang/Object;J)I (greylist, linking, allowed)
08-01 08:39:56.709 25044 25164 W .hkxps17.turnu: Accessing hidden method Lsun/misc/Unsafe;->getObject(Ljava/lang/Object;J)Ljava/lang/Object; (greylist, linking, allowed)
08-01 08:39:56.711 25044 25164 W .hkxps17.turnu: Accessing hidden method Lsun/misc/Unsafe;->getInt(Ljava/lang/Object;J)I (greylist, linking, allowed)
08-01 08:39:56.711 25044 25164 W .hkxps17.turnu: Accessing hidden method Lsun/misc/Unsafe;->getObject(Ljava/lang/Object;J)Ljava/lang/Object; (greylist, linking, allowed)
08-01 08:39:56.713 25044 25164 W .hkxps17.turnu: Accessing hidden method Lsun/misc/Unsafe;->getInt(Ljava/lang/Object;J)I (greylist, linking, allowed)
08-01 08:39:56.713 25044 25164 W .hkxps17.turnu: Accessing hidden method Lsun/misc/Unsafe;->getObject(Ljava/lang/Object;J)Ljava/lang/Object; (greylist, linking, allowed)
08-01 08:39:56.713 25044 25164 W .hkxps17.turnu: Accessing hidden method Lsun/misc/Unsafe;->getInt(Ljava/lang/Object;J)I (greylist, linking, allowed)
08-01 08:39:56.714 25044 25164 W .hkxps17.turnu: Accessing hidden method Lsun/misc/Unsafe;->getObject(Ljava/lang/Object;J)Ljava/lang/Object; (greylist, linking, allowed)
08-01 08:39:56.716 25044 25164 W .hkxps17.turnu: Accessing hidden method Lsun/misc/Unsafe;->getInt(Ljava/lang/Object;J)I (greylist, linking, allowed)
08-01 08:39:56.716 25044 25164 W .hkxps17.turnu: Accessing hidden method Lsun/misc/Unsafe;->getObject(Ljava/lang/Object;J)Ljava/lang/Object; (greylist, linking, allowed)
08-01 08:39:56.717 25044 25164 W .hkxps17.turnu: Accessing hidden method Lsun/misc/Unsafe;->getInt(Ljava/lang/Object;J)I (greylist, linking, allowed)
08-01 08:39:56.717 25044 25164 W .hkxps17.turnu: Accessing hidden method Lsun/misc/Unsafe;->getObject(Ljava/lang/Object;J)Ljava/lang/Object; (greylist, linking, allowed)
08-01 08:39:56.721 25044 25200 W .hkxps17.turnu: Accessing hidden method Lsun/misc/Unsafe;->getInt(Ljava/lang/Object;J)I (greylist, linking, allowed)
08-01 08:39:56.721 25044 25200 W .hkxps17.turnu: Accessing hidden method Lsun/misc/Unsafe;->getObject(Ljava/lang/Object;J)Ljava/lang/Object; (greylist, linking, allowed)
08-01 08:39:56.721 25044 25200 I Counters: exceeded sample count in FrameTime
08-01 08:39:56.740 25044 25200 W .hkxps17.turnu: Accessing hidden method Lsun/misc/Unsafe;->getObject(Ljava/lang/Object;J)Ljava/lang/Object; (greylist, linking, allowed)
08-01 08:39:56.740 25044 25200 I Counters: exceeded sample count in FrameTime
08-01 08:39:56.756 25044 25200 W .hkxps17.turnu: Accessing hidden method Lsun/misc/Unsafe;->getObject(Ljava/lang/Object;J)Ljava/lang/Object; (greylist, linking, allowed)
08-01 08:39:56.757 25044 25200 I Counters: exceeded sample count in FrameTime
08-01 08:39:56.774 25044 25200 W .hkxps17.turnu: Accessing hidden method Lsun/misc/Unsafe;->getObject(Ljava/lang/Object;J)Ljava/lang/Object; (greylist, linking, allowed)
08-01 08:39:56.774 25044 25200 I Counters: exceeded sample count in FrameTime
08-01 08:39:56.792 25044 25200 W .hkxps17.turnu: Accessing hidden method Lsun/misc/Unsafe;->getObject(Ljava/lang/Object;J)Ljava/lang/Object; (greylist, linking, allowed)
08-01 08:39:56.793 25044 25200 I Counters: exceeded sample count in FrameTime
08-01 08:39:56.810 25044 25200 W .hkxps17.turnu: Accessing hidden method Lsun/misc/Unsafe;->getObject(Ljava/lang/Object;J)Ljava/lang/Object; (greylist, linking, allowed)
08-01 08:39:56.810 25044 25200 I Counters: exceeded sample count in FrameTime
08-01 08:39:56.826 25044 25200 W .hkxps17.turnu: Accessing hidden method Lsun/misc/Unsafe;->getObject(Ljava/lang/Object;J)Ljava/lang/Object; (greylist, linking, allowed)
08-01 08:39:56.827 25044 25200 I Counters: exceeded sample count in FrameTime
08-01 08:39:56.842 25044 25200 W .hkxps17.turnu: Accessing hidden method Lsun/misc/Unsafe;->getObject(Ljava/lang/Object;J)Ljava/lang/Object; (greylist, linking, allowed)
08-01 08:39:56.843 25044 25200 I Counters: exceeded sample count in FrameTime
08-01 08:39:56.859 25044 25200 W .hkxps17.turnu: Accessing hidden method Lsun/misc/Unsafe;->getObject(Ljava/lang/Object;J)Ljava/lang/Object; (greylist, linking, allowed)
08-01 08:39:56.859 25044 25200 I Counters: exceeded sample count in FrameTime
08-01 08:39:56.876 25044 25200 W .hkxps17.turnu: Accessing hidden method Lsun/misc/Unsafe;->getObject(Ljava/lang/Object;J)Ljava/lang/Object; (greylist, linking, allowed)
08-01 08:39:56.877 25044 25200 I Counters: exceeded sample count in FrameTime
08-01 08:39:56.893 25044 25200 W .hkxps17.turnu: Accessing hidden method Lsun/misc/Unsafe;->getObject(Ljava/lang/Object;J)Ljava/lang/Object; (greylist, linking, allowed)
08-01 08:39:56.893 25044 25200 I Counters: exceeded sample count in FrameTime
08-01 08:39:56.910 25044 25200 W .hkxps17.turnu: Accessing hidden method Lsun/misc/Unsafe;->getObject(Ljava/lang/Object;J)Ljava/lang/Object; (greylist, linking, allowed)
08-01 08:39:56.910 25044 25200 I Counters: exceeded sample count in FrameTime
08-01 08:39:56.926 25044 25200 W .hkxps17.turnu: Accessing hidden method Lsun/misc/Unsafe;->getObject(Ljava/lang/Object;J)Ljava/lang/Object; (greylist, linking, allowed)
08-01 08:39:56.926 25044 25200 I Counters: exceeded sample count in FrameTime
08-01 08:39:56.954 25044 25200 W .hkxps17.turnu: Accessing hidden method Lsun/misc/Unsafe;->getObject(Ljava/lang/Object;J)Ljava/lang/Object; (greylist, linking, allowed)
08-01 08:39:56.954 25044 25200 I Counters: exceeded sample count in FrameTime
08-01 08:39:56.962 25044 25200 W .hkxps17.turnu: Accessing hidden method Lsun/misc/Unsafe;->getObject(Ljava/lang/Object;J)Ljava/lang/Object; (greylist, linking, allowed)
08-01 08:39:56.963 25044 25200 I Counters: exceeded sample count in FrameTime
08-01 08:39:56.981 25044 25200 W .hkxps17.turnu: Accessing hidden method Lsun/misc/Unsafe;->getObject(Ljava/lang/Object;J)Ljava/lang/Object; (greylist, linking, allowed)
08-01 08:39:56.981 25044 25200 I Counters: exceeded sample count in FrameTime
08-01 08:39:56.997 25044 25200 W .hkxps17.turnu: Accessing hidden method Lsun/misc/Unsafe;->getObject(Ljava/lang/Object;J)Ljava/lang/Object; (greylist, linking, allowed)
08-01 08:39:56.997 25044 25200 I Counters: exceeded sample count in FrameTime
08-01 08:39:57.003  1795  2479 E GnssHAL_GnssInterface: gnssSvStatusCb: a: input svInfo.flags is 8
08-01 08:39:57.003  1795  2479 E GnssHAL_GnssInterface: gnssSvStatusCb: b: input svInfo.flags is 8
08-01 08:39:57.015 25044 25200 W .hkxps17.turnu: Accessing hidden method Lsun/misc/Unsafe;->getObject(Ljava/lang/Object;J)Ljava/lang/Object; (greylist, linking, allowed)
08-01 08:39:57.015 25044 25200 I Counters: exceeded sample count in FrameTime
08-01 08:39:57.032 25044 25200 W .hkxps17.turnu: Accessing hidden method Lsun/misc/Unsafe;->getObject(Ljava/lang/Object;J)Ljava/lang/Object; (greylist, linking, allowed)
08-01 08:39:57.033 25044 25200 I Counters: exceeded sample count in FrameTime
08-01 08:39:57.049 25044 25200 W .hkxps17.turnu: Accessing hidden method Lsun/misc/Unsafe;->getObject(Ljava/lang/Object;J)Ljava/lang/Object; (greylist, linking, allowed)
08-01 08:39:57.050 25044 25200 I Counters: exceeded sample count in FrameTime
08-01 08:39:57.067 25044 25200 W .hkxps17.turnu: Accessing hidden method Lsun/misc/Unsafe;->getObject(Ljava/lang/Object;J)Ljava/lang/Object; (greylist, linking, allowed)
08-01 08:39:57.067 25044 25200 I Counters: exceeded sample count in FrameTime
08-01 08:39:57.084 25044 25200 W .hkxps17.turnu: Accessing hidden method Lsun/misc/Unsafe;->getObject(Ljava/lang/Object;J)Ljava/lang/Object; (greylist, linking, allowed)
08-01 08:39:57.084 25044 25200 I Counters: exceeded sample count in FrameTime
08-01 08:39:57.101 25044 25200 W .hkxps17.turnu: Accessing hidden method Lsun/misc/Unsafe;->getObject(Ljava/lang/Object;J)Ljava/lang/Object; (greylist, linking, allowed)
08-01 08:39:57.101 25044 25200 I Counters: exceeded sample count in FrameTime
08-01 08:39:57.117 25044 25200 W .hkxps17.turnu: Accessing hidden method Lsun/misc/Unsafe;->getObject(Ljava/lang/Object;J)Ljava/lang/Object; (greylist, linking, allowed)
08-01 08:39:57.118 25044 25200 I Counters: exceeded sample count in FrameTime
08-01 08:39:57.135 25044 25200 W .hkxps17.turnu: Accessing hidden method Lsun/misc/Unsafe;->getObject(Ljava/lang/Object;J)Ljava/lang/Object; (greylist, linking, allowed)
08-01 08:39:57.135 25044 25200 I Counters: exceeded sample count in FrameTime
08-01 08:39:57.152 25044 25200 W .hkxps17.turnu: Accessing hidden method Lsun/misc/Unsafe;->getObject(Ljava/lang/Object;J)Ljava/lang/Object; (greylist, linking, allowed)
08-01 08:39:57.152 25044 25200 I Counters: exceeded sample count in FrameTime
08-01 08:39:57.171 25044 25044 D LifecycleMonitor: Lifecycle status change: com.hkxps17.turnup.MapsActivity@5f79131 in: PAUSED
08-01 08:39:57.171 25044 25044 V ActivityScenario: Activity lifecycle changed event received but ignored because the intent does not match. startActivityIntent=Intent { act=android.intent.action.MAIN cat=[android.intent.category.LAUNCHER] cmp=com.hkxps17.turnup/.LoginActivity }, activity.getIntent()=Intent { cmp=com.hkxps17.turnup/.MapsActivity }, activity=com.hkxps17.turnup.MapsActivity@5f79131
08-01 08:39:57.172  2037  4489 W InputReader: Device has associated, but no associated display id.
08-01 08:39:57.172  2037  4489 I chatty  : uid=1000(system) Binder:2037_1B identical 4 lines
08-01 08:39:57.173  2037  4489 W InputReader: Device has associated, but no associated display id.
08-01 08:39:57.173 25044 25200 W .hkxps17.turnu: Accessing hidden method Lsun/misc/Unsafe;->getObject(Ljava/lang/Object;J)Ljava/lang/Object; (greylist, linking, allowed)
08-01 08:39:57.173  2037  4489 W InputReader: Device has associated, but no associated display id.
08-01 08:39:57.173  2037  4489 I chatty  : uid=1000(system) Binder:2037_1B identical 2 lines
08-01 08:39:57.173  2037  4489 W InputReader: Device has associated, but no associated display id.
08-01 08:39:57.173 25044 25200 I Counters: exceeded sample count in FrameTime
08-01 08:39:57.173  2037  4489 W InputReader: Device has associated, but no associated display id.
08-01 08:39:57.175  2037  4489 I chatty  : uid=1000(system) Binder:2037_1B identical 38 lines
08-01 08:39:57.175  2037  4489 W InputReader: Device has associated, but no associated display id.
08-01 08:39:57.176 25095 25095 W ActivityThread: handleWindowVisibility: no activity for token android.os.BinderProxy@16e073a
08-01 08:39:57.185 25044 25044 E libprocessgroup: set_timerslack_ns write failed: Operation not permitted
08-01 08:39:57.188 25044 25200 W .hkxps17.turnu: Accessing hidden method Lsun/misc/Unsafe;->getObject(Ljava/lang/Object;J)Ljava/lang/Object; (greylist, linking, allowed)
08-01 08:39:57.189 25044 25200 I Counters: exceeded sample count in FrameTime
08-01 08:39:57.210 25044 25044 D LifecycleMonitor: Lifecycle status change: com.hkxps17.turnup.LoginActivity@7e17953 in: DESTROYED
08-01 08:39:57.210 25044 25044 V ActivityScenario: Update currentActivityStage to DESTROYED, currentActivity=null
08-01 08:39:57.223 25095 25128 D HostConnection: HostConnection::get() New Host Connection established 0xd5d4d190, tid 25128
08-01 08:39:57.224 25095 25128 D HostConnection: HostComposition ext ANDROID_EMU_CHECKSUM_HELPER_v1 ANDROID_EMU_dma_v1 ANDROID_EMU_direct_mem ANDROID_EMU_host_composition_v1 ANDROID_EMU_host_composition_v2 ANDROID_EMU_vulkan ANDROID_EMU_deferred_vulkan_commands ANDROID_EMU_vulkan_null_optional_strings ANDROID_EMU_vulkan_create_resources_with_requirements ANDROID_EMU_YUV420_888_to_NV21 ANDROID_EMU_YUV_Cache ANDROID_EMU_vulkan_free_memory_sync ANDROID_EMU_vulkan_shader_float16_int8 ANDROID_EMU_vulkan_async_queue_submit ANDROID_EMU_sync_buffer_data GL_OES_vertex_array_object GL_KHR_texture_compression_astc_ldr ANDROID_EMU_host_side_tracing ANDROID_EMU_gles_max_version_2
08-01 08:39:57.227 25095 25128 W OpenGLRenderer: Failed to choose config with EGL_SWAP_BEHAVIOR_PRESERVED, retrying without...
08-01 08:39:57.237 25095 25128 D eglCodecCommon: setVertexArrayObject: set vao to 0 (0) 0 0
08-01 08:39:57.237 25095 25128 D EGL_emulation: eglCreateContext: 0xd5d1a480: maj 2 min 0 rcv 2
08-01 08:39:57.274 25095 25128 D EGL_emulation: eglMakeCurrent: 0xd5d1a480: ver 2 0 (tinfo 0xd5d0f850)
08-01 08:39:57.284  1796 11341 D gralloc_ranchu: gralloc_alloc: Creating ashmem region of size 9334784
08-01 08:39:57.286  1678  1678 I hwservicemanager: getTransport: Cannot find entry android.hardware.graphics.mapper@3.0::IMapper/default in either framework or device manifest.
08-01 08:39:57.286 25095 25128 W Gralloc3: mapper 3.x is not supported
08-01 08:39:57.288 25095 25128 D HostConnection: createUnique: call
08-01 08:39:57.288 25095 25128 D HostConnection: HostConnection::get() New Host Connection established 0xd5d4d3c0, tid 25128
08-01 08:39:57.290 25095 25128 D HostConnection: HostComposition ext ANDROID_EMU_CHECKSUM_HELPER_v1 ANDROID_EMU_dma_v1 ANDROID_EMU_direct_mem ANDROID_EMU_host_composition_v1 ANDROID_EMU_host_composition_v2 ANDROID_EMU_vulkan ANDROID_EMU_deferred_vulkan_commands ANDROID_EMU_vulkan_null_optional_strings ANDROID_EMU_vulkan_create_resources_with_requirements ANDROID_EMU_YUV420_888_to_NV21 ANDROID_EMU_YUV_Cache ANDROID_EMU_vulkan_free_memory_sync ANDROID_EMU_vulkan_shader_float16_int8 ANDROID_EMU_vulkan_async_queue_submit ANDROID_EMU_sync_buffer_data GL_OES_vertex_array_object GL_KHR_texture_compression_astc_ldr ANDROID_EMU_host_side_tracing ANDROID_EMU_gles_max_version_2
08-01 08:39:57.290 25095 25128 D eglCodecCommon: allocate: Ask for block of size 0x1000
08-01 08:39:57.290 25095 25128 D eglCodecCommon: allocate: ioctl allocate returned offset 0x3ff70a000 size 0x2000
08-01 08:39:57.293  1796 11341 D gralloc_ranchu: gralloc_alloc: Creating ashmem region of size 9334784
08-01 08:39:57.294  1796 11341 D gralloc_ranchu: gralloc_alloc: Creating ashmem region of size 9334784
08-01 08:39:57.295 25095 25128 D EGL_emulation: eglMakeCurrent: 0xd5d1a480: ver 2 0 (tinfo 0xd5d0f850)
08-01 08:39:57.297 25095 25128 D eglCodecCommon: setVertexArrayObject: set vao to 0 (0) 1 0
08-01 08:39:57.378  2037  5320 W InputReader: Device has associated, but no associated display id.
08-01 08:39:57.381  2037  5320 I chatty  : uid=1000(system) Binder:2037_1F identical 48 lines
08-01 08:39:57.381  2037  5320 W InputReader: Device has associated, but no associated display id.
08-01 08:39:57.391 25095 25095 W ActivityThread: handleWindowVisibility: no activity for token android.os.BinderProxy@f2d551d
08-01 08:39:57.409 25044 25093 I TestRunner: finished: nFEventMarker(com.hkxps17.turnup.NFEventMarker)

