08-01 08:12:50.625  8685  8816 W .hkxps17.turnu: Accessing hidden method Lsun/misc/Unsafe;->getObject(Ljava/lang/Object;J)Ljava/lang/Object; (greylist, linking, allowed)
08-01 08:12:50.682  8685  8816 I chatty  : uid=10164(com.hkxps17.turnup) androidmapsapi- identical 3 lines
08-01 08:12:50.696  8685  8816 W .hkxps17.turnu: Accessing hidden method Lsun/misc/Unsafe;->getObject(Ljava/lang/Object;J)Ljava/lang/Object; (greylist, linking, allowed)
08-01 08:12:50.703  1796  3402 D gralloc_ranchu: gralloc_alloc: Creating ashmem region of size 204800
08-01 08:12:50.710  1796  3402 I chatty  : uid=1000(system) HwBinder:1796_2 identical 1 line
08-01 08:12:50.711  1796  3402 D gralloc_ranchu: gralloc_alloc: Creating ashmem region of size 204800
08-01 08:12:50.711  8685  8754 D EGL_emulation: eglMakeCurrent: 0xddefd3c0: ver 2 0 (tinfo 0xdde9a000)
08-01 08:12:50.714  8685  8816 W .hkxps17.turnu: Accessing hidden method Lsun/misc/Unsafe;->getObject(Ljava/lang/Object;J)Ljava/lang/Object; (greylist, linking, allowed)
08-01 08:12:50.732  8685  8754 D EGL_emulation: eglMakeCurrent: 0xddefd3c0: ver 2 0 (tinfo 0xdde9a000)
08-01 08:12:50.734  8685  8816 W .hkxps17.turnu: Accessing hidden method Lsun/misc/Unsafe;->getObject(Ljava/lang/Object;J)Ljava/lang/Object; (greylist, linking, allowed)
08-01 08:12:50.751  8685  8816 W .hkxps17.turnu: Accessing hidden method Lsun/misc/Unsafe;->getObject(Ljava/lang/Object;J)Ljava/lang/Object; (greylist, linking, allowed)
08-01 08:12:50.751  8685  8816 I Counters: exceeded sample count in FrameTime
08-01 08:12:50.774  8685  8816 W .hkxps17.turnu: Accessing hidden method Lsun/misc/Unsafe;->getObject(Ljava/lang/Object;J)Ljava/lang/Object; (greylist, linking, allowed)
08-01 08:12:50.774  8685  8816 I Counters: exceeded sample count in FrameTime
08-01 08:12:50.787  8685  8816 W .hkxps17.turnu: Accessing hidden method Lsun/misc/Unsafe;->getObject(Ljava/lang/Object;J)Ljava/lang/Object; (greylist, linking, allowed)
08-01 08:12:50.787  8685  8816 I Counters: exceeded sample count in FrameTime
08-01 08:12:50.802  8685  8816 W .hkxps17.turnu: Accessing hidden method Lsun/misc/Unsafe;->getObject(Ljava/lang/Object;J)Ljava/lang/Object; (greylist, linking, allowed)
08-01 08:12:50.802  8685  8816 I Counters: exceeded sample count in FrameTime
08-01 08:12:50.820  8685  8816 W .hkxps17.turnu: Accessing hidden method Lsun/misc/Unsafe;->getObject(Ljava/lang/Object;J)Ljava/lang/Object; (greylist, linking, allowed)
08-01 08:12:50.820  8685  8816 I Counters: exceeded sample count in FrameTime
08-01 08:12:50.836  8685  8816 W .hkxps17.turnu: Accessing hidden method Lsun/misc/Unsafe;->getObject(Ljava/lang/Object;J)Ljava/lang/Object; (greylist, linking, allowed)
08-01 08:12:50.836  8685  8816 I Counters: exceeded sample count in FrameTime
08-01 08:12:50.854  8685  8816 W .hkxps17.turnu: Accessing hidden method Lsun/misc/Unsafe;->getObject(Ljava/lang/Object;J)Ljava/lang/Object; (greylist, linking, allowed)
08-01 08:12:50.854  8685  8816 I Counters: exceeded sample count in FrameTime
08-01 08:12:50.866  1795  2479 E GnssHAL_GnssInterface: gnssSvStatusCb: a: input svInfo.flags is 8
08-01 08:12:50.866  1795  2479 E GnssHAL_GnssInterface: gnssSvStatusCb: b: input svInfo.flags is 8
08-01 08:12:50.875  8685  8816 W .hkxps17.turnu: Accessing hidden method Lsun/misc/Unsafe;->getObject(Ljava/lang/Object;J)Ljava/lang/Object; (greylist, linking, allowed)
08-01 08:12:50.876  8685  8816 I Counters: exceeded sample count in FrameTime
08-01 08:12:50.885  8685  8816 W .hkxps17.turnu: Accessing hidden method Lsun/misc/Unsafe;->getObject(Ljava/lang/Object;J)Ljava/lang/Object; (greylist, linking, allowed)
08-01 08:12:50.885  8685  8816 I Counters: exceeded sample count in FrameTime
08-01 08:12:50.904  8685  8816 W .hkxps17.turnu: Accessing hidden method Lsun/misc/Unsafe;->getObject(Ljava/lang/Object;J)Ljava/lang/Object; (greylist, linking, allowed)
08-01 08:12:50.904  8685  8816 I Counters: exceeded sample count in FrameTime
08-01 08:12:50.923  8685  8812 W .hkxps17.turnu: Accessing hidden field Ljava/nio/Buffer;->position:I (greylist, JNI, allowed)
08-01 08:12:50.923  8685  8812 W .hkxps17.turnu: Accessing hidden field Ljava/nio/Buffer;->limit:I (greylist, JNI, allowed)
08-01 08:12:50.923  8685  8812 W .hkxps17.turnu: Accessing hidden field Ljava/nio/Buffer;->_elementSizeShift:I (greylist, JNI, allowed)
08-01 08:12:50.930  8685  8816 W .hkxps17.turnu: Accessing hidden method Lsun/misc/Unsafe;->getObject(Ljava/lang/Object;J)Ljava/lang/Object; (greylist, linking, allowed)
08-01 08:12:50.930  8685  8816 I Counters: exceeded sample count in FrameTime
08-01 08:12:50.939  8685  8816 W .hkxps17.turnu: Accessing hidden method Lsun/misc/Unsafe;->getObject(Ljava/lang/Object;J)Ljava/lang/Object; (greylist, linking, allowed)
08-01 08:12:50.939  8685  8816 I Counters: exceeded sample count in FrameTime
08-01 08:12:50.956  8685  8816 W .hkxps17.turnu: Accessing hidden method Lsun/misc/Unsafe;->getObject(Ljava/lang/Object;J)Ljava/lang/Object; (greylist, linking, allowed)
08-01 08:12:50.957  8685  8816 I Counters: exceeded sample count in FrameTime
08-01 08:12:50.974  8685  8816 W .hkxps17.turnu: Accessing hidden method Lsun/misc/Unsafe;->getObject(Ljava/lang/Object;J)Ljava/lang/Object; (greylist, linking, allowed)
08-01 08:12:50.974  8685  8816 I Counters: exceeded sample count in FrameTime
08-01 08:12:50.988  8685  8717 W .hkxps17.turnu: Accessing hidden method Lsun/misc/Unsafe;->compareAndSwapObject(Ljava/lang/Object;JLjava/lang/Object;Ljava/lang/Object;)Z (greylist, linking, allowed)
08-01 08:12:50.988  8685  8685 I ViewInteraction: Checking 'MatchesViewAssertion{viewMatcher=an instance of android.widget.TextView and view.getText() with or without transformation to match: is "Please Log In!"}' assertion on view an instance of android.widget.TextView and view.getText() with or without transformation to match: is "Please Log In!"
08-01 08:12:51.001  8685  8685 D LifecycleMonitor: Lifecycle status change: com.hkxps17.turnup.MapsActivity@2030f6d in: PAUSED
08-01 08:12:51.001  8685  8685 V ActivityScenario: Activity lifecycle changed event received but ignored because the intent does not match. startActivityIntent=Intent { act=android.intent.action.MAIN cat=[android.intent.category.LAUNCHER] cmp=com.hkxps17.turnup/.LoginActivity }, activity.getIntent()=Intent { cmp=com.hkxps17.turnup/.MapsActivity }, activity=com.hkxps17.turnup.MapsActivity@2030f6d
08-01 08:12:51.002  2037  4004 W InputReader: Device has associated, but no associated display id.
08-01 08:12:51.004  2037  4004 I chatty  : uid=1000(system) Binder:2037_19 identical 38 lines
08-01 08:12:51.004  2037  4004 W InputReader: Device has associated, but no associated display id.
08-01 08:12:51.004  8719  8719 W ActivityThread: handleWindowVisibility: no activity for token android.os.BinderProxy@16e073a
08-01 08:12:51.005  2037  4004 W InputReader: Device has associated, but no associated display id.
08-01 08:12:51.005  2037  4004 I chatty  : uid=1000(system) Binder:2037_19 identical 8 lines
08-01 08:12:51.005  2037  4004 W InputReader: Device has associated, but no associated display id.
08-01 08:12:51.010  8685  8685 E libprocessgroup: set_timerslack_ns write failed: Operation not permitted
08-01 08:12:51.017  8685  8816 W .hkxps17.turnu: Accessing hidden method Lsun/misc/Unsafe;->getObject(Ljava/lang/Object;J)Ljava/lang/Object; (greylist, linking, allowed)
08-01 08:12:51.017  8685  8816 I Counters: exceeded sample count in FrameTime
08-01 08:12:51.021  8685  8816 W .hkxps17.turnu: Accessing hidden method Lsun/misc/Unsafe;->getObject(Ljava/lang/Object;J)Ljava/lang/Object; (greylist, linking, allowed)
08-01 08:12:51.021  8685  8816 I Counters: exceeded sample count in FrameTime
08-01 08:12:51.046  8685  8685 D LifecycleMonitor: Lifecycle status change: com.hkxps17.turnup.LoginActivity@7e17953 in: DESTROYED
08-01 08:12:51.047  8685  8685 V ActivityScenario: Update currentActivityStage to DESTROYED, currentActivity=null
08-01 08:12:51.057  8719  8751 D HostConnection: HostConnection::get() New Host Connection established 0xd2b0ee10, tid 8751
08-01 08:12:51.058  8719  8751 D HostConnection: HostComposition ext ANDROID_EMU_CHECKSUM_HELPER_v1 ANDROID_EMU_dma_v1 ANDROID_EMU_direct_mem ANDROID_EMU_host_composition_v1 ANDROID_EMU_host_composition_v2 ANDROID_EMU_vulkan ANDROID_EMU_deferred_vulkan_commands ANDROID_EMU_vulkan_null_optional_strings ANDROID_EMU_vulkan_create_resources_with_requirements ANDROID_EMU_YUV420_888_to_NV21 ANDROID_EMU_YUV_Cache ANDROID_EMU_vulkan_free_memory_sync ANDROID_EMU_vulkan_shader_float16_int8 ANDROID_EMU_vulkan_async_queue_submit ANDROID_EMU_sync_buffer_data GL_OES_vertex_array_object GL_KHR_texture_compression_astc_ldr ANDROID_EMU_host_side_tracing ANDROID_EMU_gles_max_version_2
08-01 08:12:51.060  8719  8751 W OpenGLRenderer: Failed to choose config with EGL_SWAP_BEHAVIOR_PRESERVED, retrying without...
08-01 08:12:51.069  8719  8751 D eglCodecCommon: setVertexArrayObject: set vao to 0 (0) 0 0
08-01 08:12:51.069  8719  8751 D EGL_emulation: eglCreateContext: 0xdde5ed00: maj 2 min 0 rcv 2
08-01 08:12:51.101  8719  8751 D EGL_emulation: eglMakeCurrent: 0xdde5ed00: ver 2 0 (tinfo 0xdde4fd00)
08-01 08:12:51.108  1796  3402 D gralloc_ranchu: gralloc_alloc: Creating ashmem region of size 9334784
08-01 08:12:51.109  1678  1678 I hwservicemanager: getTransport: Cannot find entry android.hardware.graphics.mapper@3.0::IMapper/default in either framework or device manifest.
08-01 08:12:51.110  8719  8751 W Gralloc3: mapper 3.x is not supported
08-01 08:12:51.111  8719  8751 D HostConnection: createUnique: call
08-01 08:12:51.111  8719  8751 D HostConnection: HostConnection::get() New Host Connection established 0xd2b10760, tid 8751
08-01 08:12:51.112  8719  8751 D HostConnection: HostComposition ext ANDROID_EMU_CHECKSUM_HELPER_v1 ANDROID_EMU_dma_v1 ANDROID_EMU_direct_mem ANDROID_EMU_host_composition_v1 ANDROID_EMU_host_composition_v2 ANDROID_EMU_vulkan ANDROID_EMU_deferred_vulkan_commands ANDROID_EMU_vulkan_null_optional_strings ANDROID_EMU_vulkan_create_resources_with_requirements ANDROID_EMU_YUV420_888_to_NV21 ANDROID_EMU_YUV_Cache ANDROID_EMU_vulkan_free_memory_sync ANDROID_EMU_vulkan_shader_float16_int8 ANDROID_EMU_vulkan_async_queue_submit ANDROID_EMU_sync_buffer_data GL_OES_vertex_array_object GL_KHR_texture_compression_astc_ldr ANDROID_EMU_host_side_tracing ANDROID_EMU_gles_max_version_2
08-01 08:12:51.112  8719  8751 D eglCodecCommon: allocate: Ask for block of size 0x1000
08-01 08:12:51.112  8719  8751 D eglCodecCommon: allocate: ioctl allocate returned offset 0x3ff70a000 size 0x2000
08-01 08:12:51.114  1796  3402 D gralloc_ranchu: gralloc_alloc: Creating ashmem region of size 9334784
08-01 08:12:51.115  1796  3402 D gralloc_ranchu: gralloc_alloc: Creating ashmem region of size 9334784
08-01 08:12:51.115  8719  8751 D EGL_emulation: eglMakeCurrent: 0xdde5ed00: ver 2 0 (tinfo 0xdde4fd00)
08-01 08:12:51.120  8719  8751 D eglCodecCommon: setVertexArrayObject: set vao to 0 (0) 1 0
08-01 08:12:51.218  2037  4004 W InputReader: Device has associated, but no associated display id.
08-01 08:12:51.221  2037  4004 I chatty  : uid=1000(system) Binder:2037_19 identical 48 lines
08-01 08:12:51.221  2037  4004 W InputReader: Device has associated, but no associated display id.
08-01 08:12:51.225  8719  8719 W ActivityThread: handleWindowVisibility: no activity for token android.os.BinderProxy@f2d551d
08-01 08:12:51.244  8685  8717 I TestRunner: finished: loginActivityTest(com.hkxps17.turnup.AddLocationGuest)

