08-01 08:21:07.990  3995  4140 I A       : (REDACTED) GoogleOwnersProvider returned %d accounts.
08-01 08:21:08.019 13827 13827 W RootViewPicker: No activity currently resumed - waiting: 500ms for one to appear.
08-01 08:21:08.043 13968 13968 D MusicLifecycle: com.google.android.music.store.ConfigContentProvider generated event: initializing
08-01 08:21:08.043 13968 13968 I BaseStore: ConfigStore database version: 1
08-01 08:21:08.063  5959  5959 I Finsky  : [2] rzb.onStartJob(4): SCH: job service start with id 9473.
08-01 08:21:08.076  5959 13627 I Finsky  : [4119] rxd.a(45): SCH: Satisfied jobs for 9473 are: 12-1
08-01 08:21:08.077  5959 13694 I Finsky  : [4126] rhc.accept(6): SCH: Job 12-1 starting
08-01 08:21:08.077  5959  5959 I Finsky  : [2] ContentSyncJob.v(3): [ContentSync] job started
08-01 08:21:08.111 13968 13968 I roid.music:mai: The ClassLoaderContext is a special shared library.
08-01 08:21:08.112 13968 13968 I roid.music:mai: The ClassLoaderContext is a special shared library.
08-01 08:21:08.125 13968 13989 W AdvertisingIdClient: Error while reading from SharedPreferences
08-01 08:21:08.125 13968 13989 W AdvertisingIdClient: java.lang.SecurityException: MODE_WORLD_READABLE no longer supported
08-01 08:21:08.125 13968 13989 W AdvertisingIdClient: 	at android.app.ContextImpl.checkMode(ContextImpl.java:2622)
08-01 08:21:08.125 13968 13989 W AdvertisingIdClient: 	at android.app.ContextImpl.getSharedPreferences(ContextImpl.java:453)
08-01 08:21:08.125 13968 13989 W AdvertisingIdClient: 	at android.app.ContextImpl.getSharedPreferences(ContextImpl.java:443)
08-01 08:21:08.125 13968 13989 W AdvertisingIdClient: 	at com.google.android.gms.ads.identifier.AdvertisingIdClient.getAdvertisingIdInfo(Unknown Source:11)
08-01 08:21:08.125 13968 13989 W AdvertisingIdClient: 	at com.google.android.music.preferences.MusicPreferences.getAdvertisingIdInfo(MusicPreferences.java:2482)
08-01 08:21:08.125 13968 13989 W AdvertisingIdClient: 	at com.google.android.music.preferences.MusicPreferences.access$1000(MusicPreferences.java:84)
08-01 08:21:08.125 13968 13989 W AdvertisingIdClient: 	at com.google.android.music.preferences.MusicPreferences$7.run(MusicPreferences.java:2463)
08-01 08:21:08.125 13968 13989 W AdvertisingIdClient: 	at com.google.android.music.utils.async.TraceableRunnable.runLogged(TraceableRunnable.java:21)
08-01 08:21:08.125 13968 13989 W AdvertisingIdClient: 	at com.google.android.music.utils.async.LoggedRunnable.run(LoggedRunnable.java:30)
08-01 08:21:08.125 13968 13989 W AdvertisingIdClient: 	at android.os.Handler.handleCallback(Handler.java:883)
08-01 08:21:08.125 13968 13989 W AdvertisingIdClient: 	at android.os.Handler.dispatchMessage(Handler.java:100)
08-01 08:21:08.125 13968 13989 W AdvertisingIdClient: 	at com.google.android.music.utils.LoggableHandler.dispatchMessage(LoggableHandler.java:74)
08-01 08:21:08.125 13968 13989 W AdvertisingIdClient: 	at android.os.Looper.loop(Looper.java:214)
08-01 08:21:08.125 13968 13989 W AdvertisingIdClient: 	at android.os.HandlerThread.run(HandlerThread.java:67)
08-01 08:21:08.126  2037  2952 W InputReader: Device has associated, but no associated display id.
08-01 08:21:08.126  2037  2952 I chatty  : uid=1000(system) Binder:2037_B identical 8 lines
08-01 08:21:08.126  2037  2952 W InputReader: Device has associated, but no associated display id.
08-01 08:21:08.130 13968 13968 V NativeCrypto: Registering com/google/android/gms/org/conscrypt/NativeCrypto's 295 native methods...
08-01 08:21:08.142  2037  2952 W InputReader: Device has associated, but no associated display id.
08-01 08:21:08.145  2037  2952 I chatty  : uid=1000(system) Binder:2037_B identical 38 lines
08-01 08:21:08.145  2037  2952 W InputReader: Device has associated, but no associated display id.
08-01 08:21:08.156 13968 13968 D NetworkSecurityConfig: No Network Security Config specified, using platform default
08-01 08:21:08.157 13968 13968 I ProviderInstaller: Installed default security provider GmsCore_OpenSSL
08-01 08:21:08.157 13968 13968 D AndroidMusic: GMSCore installation verified
08-01 08:21:08.165 13827 13827 D LifecycleMonitor: Lifecycle status change: com.google.android.gms.auth.api.signin.internal.SignInHubActivity@e36cf88 in: RESUMED
08-01 08:21:08.165 13827 13827 V ActivityScenario: Activity lifecycle changed event received but ignored because the intent does not match. startActivityIntent=Intent { act=android.intent.action.MAIN cat=[android.intent.category.LAUNCHER] cmp=com.hkxps17.turnup/.LoginActivity }, activity.getIntent()=Intent { act=com.google.android.gms.auth.GOOGLE_SIGN_IN flg=0x800000 pkg=com.hkxps17.turnup cmp=com.hkxps17.turnup/com.google.android.gms.auth.api.signin.internal.SignInHubActivity (has extras) }, activity=com.google.android.gms.auth.api.signin.internal.SignInHubActivity@e36cf88
08-01 08:21:08.171  2037  2952 W InputReader: Device has associated, but no associated display id.
08-01 08:21:08.171  2037  2952 I chatty  : uid=1000(system) Binder:2037_B identical 8 lines
08-01 08:21:08.171  2037  2952 W InputReader: Device has associated, but no associated display id.
08-01 08:21:08.173 13827 13827 D LifecycleMonitor: Lifecycle status change: com.google.android.gms.auth.api.signin.internal.SignInHubActivity@e36cf88 in: PAUSED
08-01 08:21:08.174 13827 13827 V ActivityScenario: Activity lifecycle changed event received but ignored because the intent does not match. startActivityIntent=Intent { act=android.intent.action.MAIN cat=[android.intent.category.LAUNCHER] cmp=com.hkxps17.turnup/.LoginActivity }, activity.getIntent()=Intent { act=com.google.android.gms.auth.GOOGLE_SIGN_IN flg=0x800000 pkg=com.hkxps17.turnup cmp=com.hkxps17.turnup/com.google.android.gms.auth.api.signin.internal.SignInHubActivity (has extras) }, activity=com.google.android.gms.auth.api.signin.internal.SignInHubActivity@e36cf88
08-01 08:21:08.174  2037  2952 W InputReader: Device has associated, but no associated display id.
08-01 08:21:08.179  2037  2952 I chatty  : uid=1000(system) Binder:2037_B identical 38 lines
08-01 08:21:08.179  2037  2952 W InputReader: Device has associated, but no associated display id.
08-01 08:21:08.185 13827 13827 E LoginActivity: Name: apna dekh
08-01 08:21:08.185 13827 13827 E LoginActivity: Fam Name: dekh
08-01 08:21:08.185 13827 13827 E LoginActivity: Email: apnadekhbey@gmail.com
08-01 08:21:08.185 13827 13827 E LoginActivity: Photo: null
08-01 08:21:08.193 13827 13827 D LoginActivity: updateUI
08-01 08:21:08.196 13827 13827 D LifecycleMonitor: Lifecycle status change: com.hkxps17.turnup.LoginActivity@7e17953 in: RESUMED
08-01 08:21:08.196 13827 13827 V ActivityScenario: Update currentActivityStage to RESUMED, currentActivity=com.hkxps17.turnup.LoginActivity@7e17953
08-01 08:21:08.201 13827 13827 D LifecycleMonitor: Lifecycle status change: com.hkxps17.turnup.LoginActivity@7e17953 in: PAUSED
08-01 08:21:08.201 13827 13827 V ActivityScenario: Update currentActivityStage to PAUSED, currentActivity=com.hkxps17.turnup.LoginActivity@7e17953
08-01 08:21:08.202  2037  5119 W InputReader: Device has associated, but no associated display id.
08-01 08:21:08.205  2037  5119 I chatty  : uid=1000(system) Binder:2037_1E identical 48 lines
08-01 08:21:08.205  2037  5119 W InputReader: Device has associated, but no associated display id.
08-01 08:21:08.211 13827 13827 W ActivityThread: handleWindowVisibility: no activity for token android.os.BinderProxy@9286518
08-01 08:21:08.225 13827 13827 D LifecycleMonitor: Lifecycle status change: com.hkxps17.turnup.EventListActivity@d6498e2 in: PRE_ON_CREATE
08-01 08:21:08.225 13827 13827 V ActivityScenario: Activity lifecycle changed event received but ignored because the intent does not match. startActivityIntent=Intent { act=android.intent.action.MAIN cat=[android.intent.category.LAUNCHER] cmp=com.hkxps17.turnup/.LoginActivity }, activity.getIntent()=Intent { cmp=com.hkxps17.turnup/.EventListActivity }, activity=com.hkxps17.turnup.EventListActivity@d6498e2
08-01 08:21:08.254  5959 13687 I Finsky  : [4125] fsa.i(1): Completed 0 account content syncs with 0 successful.
08-01 08:21:08.254  5959  5959 I Finsky  : [2] ContentSyncJob.a(1): [ContentSync] Installation state replication succeeded.
08-01 08:21:08.254  5959  5959 I Finsky  : [2] rxi.r(4): SCH: jobFinished: 12-1. TimeElapsed: 177ms.
08-01 08:21:08.256 13968 13968 I MusicExperimentManager: Received config change, experiments list is null
08-01 08:21:08.257 13968 13968 W MusicExperimentManager: Parsing error while updating analysis experiments
08-01 08:21:08.280 13968 13968 I BaseStore: Store database version: 146
08-01 08:21:08.286  5959  6052 I Finsky  : [3815] rrc.accept(43): SCH: Scheduling phonesky job Id: 1-1337, CT: 1659319634436, Constraints: [{ L: 43122518, D: 86322518, C: 1, I: 1, N: 1 }]
08-01 08:21:08.289  5959  6057 I Finsky  : [3819] rqq.apply(12): SCH: Scheduling 1 system job(s)
08-01 08:21:08.289  5959  6057 I Finsky  : [3819] rqq.apply(18): SCH: Scheduling system job Id: 9475, L: 40488665, D: 83688665, C: false, I: false, N: 1
08-01 08:21:08.297  5959 13694 I Finsky  : [4126] rzb.a(16): SCH: job service finished with id 9473.
08-01 08:21:08.341 13968 13968 I PlaybackClient: init: Initializing
08-01 08:21:08.346 13827 13827 D EMAIL   : apnadekhbey@gmail.com
08-01 08:21:08.366 13827 13827 D LifecycleMonitor: Lifecycle status change: com.hkxps17.turnup.EventListActivity@d6498e2 in: CREATED
08-01 08:21:08.367 13827 13827 V ActivityScenario: Activity lifecycle changed event received but ignored because the intent does not match. startActivityIntent=Intent { act=android.intent.action.MAIN cat=[android.intent.category.LAUNCHER] cmp=com.hkxps17.turnup/.LoginActivity }, activity.getIntent()=Intent { cmp=com.hkxps17.turnup/.EventListActivity }, activity=com.hkxps17.turnup.EventListActivity@d6498e2
08-01 08:21:08.369 13827 13827 D LifecycleMonitor: Lifecycle status change: com.hkxps17.turnup.EventListActivity@d6498e2 in: STARTED
08-01 08:21:08.370 13827 13827 V ActivityScenario: Activity lifecycle changed event received but ignored because the intent does not match. startActivityIntent=Intent { act=android.intent.action.MAIN cat=[android.intent.category.LAUNCHER] cmp=com.hkxps17.turnup/.LoginActivity }, activity.getIntent()=Intent { cmp=com.hkxps17.turnup/.EventListActivity }, activity=com.hkxps17.turnup.EventListActivity@d6498e2
08-01 08:21:08.371 13827 13827 D LifecycleMonitor: Lifecycle status change: com.hkxps17.turnup.EventListActivity@d6498e2 in: RESUMED
08-01 08:21:08.371 13827 13827 V ActivityScenario: Activity lifecycle changed event received but ignored because the intent does not match. startActivityIntent=Intent { act=android.intent.action.MAIN cat=[android.intent.category.LAUNCHER] cmp=com.hkxps17.turnup/.LoginActivity }, activity.getIntent()=Intent { cmp=com.hkxps17.turnup/.EventListActivity }, activity=com.hkxps17.turnup.EventListActivity@d6498e2
08-01 08:21:08.377 13827 13827 D LifecycleMonitor: Lifecycle status change: com.google.android.gms.auth.api.signin.internal.SignInHubActivity@e36cf88 in: STOPPED
08-01 08:21:08.377 13827 13827 V ActivityScenario: Activity lifecycle changed event received but ignored because the intent does not match. startActivityIntent=Intent { act=android.intent.action.MAIN cat=[android.intent.category.LAUNCHER] cmp=com.hkxps17.turnup/.LoginActivity }, activity.getIntent()=Intent { act=com.google.android.gms.auth.GOOGLE_SIGN_IN flg=0x800000 pkg=com.hkxps17.turnup cmp=com.hkxps17.turnup/com.google.android.gms.auth.api.signin.internal.SignInHubActivity (has extras) }, activity=com.google.android.gms.auth.api.signin.internal.SignInHubActivity@e36cf88
08-01 08:21:08.378 13827 13827 D LifecycleMonitor: Lifecycle status change: com.google.android.gms.auth.api.signin.internal.SignInHubActivity@e36cf88 in: DESTROYED
08-01 08:21:08.379 13827 13827 V ActivityScenario: Activity lifecycle changed event received but ignored because the intent does not match. startActivityIntent=Intent { act=android.intent.action.MAIN cat=[android.intent.category.LAUNCHER] cmp=com.hkxps17.turnup/.LoginActivity }, activity.getIntent()=Intent { act=com.google.android.gms.auth.GOOGLE_SIGN_IN flg=0x800000 pkg=com.hkxps17.turnup cmp=com.hkxps17.turnup/com.google.android.gms.auth.api.signin.internal.SignInHubActivity (has extras) }, activity=com.google.android.gms.auth.api.signin.internal.SignInHubActivity@e36cf88
08-01 08:21:08.382 13827 14015 D NetworkSecurityConfig: No Network Security Config specified, using platform default
08-01 08:21:08.395 13968 13968 D MusicLifecycle: com.google.android.music.AccountsBroadcastReceiver generated event: Broadcast received with context android.app.ReceiverRestrictedContext@c9071fc and intent Intent { act=android.accounts.LOGIN_ACCOUNTS_CHANGED flg=0x5000010 cmp=com.google.android.music/.AccountsBroadcastReceiver }
08-01 08:21:08.396 13968 13968 D MusicLifecycle: com.google.android.music.net.NetworkConnectivityMonitor$NetworkChangedReceiver generated event: Broadcast received with context com.google.android.music.ui.PhoneMusicApplication@5934fc0 and intent Intent { act=android.net.conn.CONNECTIVITY_CHANGE flg=0x4200010 (has extras) }
08-01 08:21:08.396 13968 13988 I SignupStatusTask: Starting 'com.google.android.music.sync.google.MusicGcmTaskService
08-01 08:21:08.397 13968 13968 I NetworkConnectivity: Network state changed: [type: WIFI[], state: CONNECTED/CONNECTED, reason: (unspecified), extra: (none), failover: false, available: true, roaming: false]
08-01 08:21:08.407 13968 13968 D MusicLifecycle: com.google.android.music.download.EncapsulatedBroadcastReceiver$1 generated event: Broadcast received with context com.google.android.music.ui.PhoneMusicApplication@5934fc0 and intent Intent { act=com.google.android.music.ResumeStorageMigration flg=0x10 (has extras) }
08-01 08:21:08.409 13968 13968 D MusicLifecycle: com.google.android.music.download.EncapsulatedBroadcastReceiver$1 generated event: Broadcast received with context com.google.android.music.ui.PhoneMusicApplication@5934fc0 and intent Intent { act=com.google.android.music.download.keepon.KeeponSchedulingService.START_DOWNLOAD flg=0x10 }
08-01 08:21:08.413 13968 13968 I NetworkPolicyMonitor: Download-ability status changed to (true) unmetered wifi/eth: true mobileOrMetered: false
08-01 08:21:08.414  1796 11341 D gralloc_ranchu: gralloc_alloc: Creating ashmem region of size 9334784
08-01 08:21:08.427  1796 11341 I chatty  : uid=1000(system) HwBinder:1796_3 identical 1 line
08-01 08:21:08.428  1796 11341 D gralloc_ranchu: gralloc_alloc: Creating ashmem region of size 9334784
08-01 08:21:08.429 13827 13895 D EGL_emulation: eglMakeCurrent: 0xdde56c80: ver 2 0 (tinfo 0xdde958f0)
08-01 08:21:08.433 13968 13968 I NetworkPolicyMonitor: Stream-ability status changed to (true) unmetered wifi/eth: true mobileOrMetered: false
08-01 08:21:08.459 13827 13895 D EGL_emulation: eglMakeCurrent: 0xdde56c80: ver 2 0 (tinfo 0xdde958f0)
08-01 08:21:08.464  2037  2059 W InputReader: Device has associated, but no associated display id.
08-01 08:21:08.467  2037  2059 I chatty  : uid=1000(system) android.anim identical 28 lines
08-01 08:21:08.467  2037  2059 W InputReader: Device has associated, but no associated display id.
08-01 08:21:08.469 13827 13895 D EGL_emulation: eglMakeCurrent: 0xdde56c80: ver 2 0 (tinfo 0xdde958f0)
08-01 08:21:08.481 13968 14012 D AwarenessRouter: 0 new fences
08-01 08:21:08.485 13968 14012 D AwarenessRouter: 0 fences already registered
08-01 08:21:08.488 13968 14012 D AwarenessRouter: Successfully removed 0 context fences
08-01 08:21:08.522 13827 13827 I ViewInteraction: Performing 'single click' action on view (view.getId() is <2131231144/com.hkxps17.turnup:id/rbright> and an instance of android.widget.TextView and view.getText() with or without transformation to match: is "Map" and Child at position 1 in parent (view.getId() is <2131231141/com.hkxps17.turnup:id/radioGroup> and Child at position 1 in parent view.getClass().getName() matches: is "androidx.constraintlayout.widget.ConstraintLayout") and (view has effective visibility <VISIBLE> and view.getGlobalVisibleRect() to return non-empty rectangle))
08-01 08:21:08.524  2037  2128 I InputDispatcher: Dropping event because there is no touchable window or gesture monitor at (643, 410) in display 0.
08-01 08:21:08.524  2037  2128 W InputDispatcher: Permission denied: injecting event from pid 13827 uid 10170
08-01 08:21:08.585 25037 13765 I PmtsSwAccountIntentOp: Processing intent action=android.accounts.LOGIN_ACCOUNTS_CHANGED
08-01 08:21:08.586 25037 13765 I PmtsSwAccountIntentOp: Account added has already been processed
08-01 08:21:08.591 25037 13747 I Backup  : [GmsBackupAccountManager] Backup account not found in gmscore.
08-01 08:21:08.610 10808 13754 W ChimeraUtils: Module com.google.android.gms.backup_base has empty metadata display_name_string_id
08-01 08:21:08.614  3995  3995 I GnpSdk  : [ChimeBroadcastReceiver] Intent received for action [android.accounts.LOGIN_ACCOUNTS_CHANGED] package [com.google.android.googlequicksearchbox].
08-01 08:21:08.614  3995  3995 I GnpSdk  : [ChimeBroadcastReceiver] Phenotype initialized.
08-01 08:21:08.615  3995  3995 I GnpSdk  : [ChimeBroadcastReceiver] Validation OK for action [android.accounts.LOGIN_ACCOUNTS_CHANGED].
08-01 08:21:08.615  3995  3995 I GnpSdk  : [ChimeExecutorApiImpl-Tiktok] Submitting Broadcast execution [89799950] to tiktok executor.
08-01 08:21:08.618  3995 12785 I GnpSdk  : [ChimeBroadcastReceiver] Executing action in BroadcastReceiver [android.accounts.LOGIN_ACCOUNTS_CHANGED].
08-01 08:21:08.630 25037 13747 I Backup  : [GmsBackupAccountManager] Backup account not found in gmscore.
08-01 08:21:08.639 10808 13774 W ChimeraUtils: Module com.google.android.gms.backup_base has empty metadata display_name_string_id
08-01 08:21:08.640 13827 13827 D LifecycleMonitor: Lifecycle status change: com.hkxps17.turnup.EventListActivity@d6498e2 in: PAUSED
08-01 08:21:08.640 13827 13827 V ActivityScenario: Activity lifecycle changed event received but ignored because the intent does not match. startActivityIntent=Intent { act=android.intent.action.MAIN cat=[android.intent.category.LAUNCHER] cmp=com.hkxps17.turnup/.LoginActivity }, activity.getIntent()=Intent { cmp=com.hkxps17.turnup/.EventListActivity }, activity=com.hkxps17.turnup.EventListActivity@d6498e2
08-01 08:21:08.641  2037  5119 W InputReader: Device has associated, but no associated display id.
08-01 08:21:08.645  2037  5119 I chatty  : uid=1000(system) Binder:2037_1E identical 48 lines
08-01 08:21:08.645  2037  5119 W InputReader: Device has associated, but no associated display id.
08-01 08:21:08.646 13827 13827 W ActivityThread: handleWindowVisibility: no activity for token android.os.BinderProxy@d6051fe
08-01 08:21:08.657  3995 12785 I GnpSdk  : [ChimeExecutorApiImpl-Tiktok] Finished Broadcast execution [89799950].
08-01 08:21:08.659 13827 13827 D LifecycleMonitor: Lifecycle status change: com.hkxps17.turnup.MapsActivity@f42e98 in: PRE_ON_CREATE
08-01 08:21:08.659 13827 13827 V ActivityScenario: Activity lifecycle changed event received but ignored because the intent does not match. startActivityIntent=Intent { act=android.intent.action.MAIN cat=[android.intent.category.LAUNCHER] cmp=com.hkxps17.turnup/.LoginActivity }, activity.getIntent()=Intent { cmp=com.hkxps17.turnup/.MapsActivity }, activity=com.hkxps17.turnup.MapsActivity@f42e98
08-01 08:21:08.665  3995  3995 I BgTaskExecutorImpl: (REDACTED) Starting %s background task %s.
08-01 08:21:08.679  3995 12785 I Search.LoginHelperImpl: #refresh()
08-01 08:21:08.680  3995 12785 I Search.LoginHelperImpl: Getting accounts.
08-01 08:21:08.684 13827 13827 D MapsInitializer: preferredRenderer: null
08-01 08:21:08.684 13827 13827 D zzca    : preferredRenderer: null
08-01 08:21:08.696 13827 13827 I zzca    : Making Creator dynamically
08-01 08:21:08.714 13827 13827 I DynamiteModule: Considering local module com.google.android.gms.maps_dynamite:0 and remote module com.google.android.gms.maps_dynamite:203115000
08-01 08:21:08.714 13827 13827 I DynamiteModule: Selected remote version of com.google.android.gms.maps_dynamite, version >= 203115000
08-01 08:21:08.758 13827 13827 I Google Maps Android API: Google Play services client version: 12451000
08-01 08:21:08.788 13827 13827 W .hkxps17.turnu: Accessing hidden method Lsun/misc/Unsafe;->putObject(Ljava/lang/Object;JLjava/lang/Object;)V (greylist, linking, allowed)
08-01 08:21:08.791 13827 13827 W .hkxps17.turnu: Accessing hidden method Lsun/misc/Unsafe;->compareAndSwapObject(Ljava/lang/Object;JLjava/lang/Object;Ljava/lang/Object;)Z (greylist, linking, allowed)
08-01 08:21:08.792 13827 13827 W .hkxps17.turnu: Accessing hidden method Lsun/misc/Unsafe;->getObject(Ljava/lang/Object;J)Ljava/lang/Object; (greylist, linking, allowed)
08-01 08:21:08.819 13827 13827 I SnapshotHandler: Unable to retrieve flag snapshot for com.google.android.gms.maps#com.hkxps17.turnup, using defaults.
08-01 08:21:08.830 13827 13827 I Google Maps Android API: Google Play services package version: 222615031
08-01 08:21:08.830 13827 13827 I Google Maps Android API: Google Play services maps renderer version(legacy): 203115000
08-01 08:21:08.835 10808 13767 I NetworkScheduler.Stats: Task com.google.android.videos/ started execution. cause:7 exec_start_elapsed_seconds: 61297 [CONTEXT service_id=218 ]
08-01 08:21:08.837  9405 14048 W PlayMovies: UnpinContentCleanerImpl.cleanUp:13 Start clean up task with reason 2
08-01 08:21:08.837  9405 14048 W PlayMovies:
08-01 08:21:08.839  9405 14048 W PlayMovies: UnpinContentCleanerImpl.startCleanUp:18 Start cleanup unpinned content
08-01 08:21:08.839  9405 14048 W PlayMovies:
08-01 08:21:08.839 13827 13827 W .hkxps17.turnu: Accessing hidden method Lsun/misc/Unsafe;->compareAndSwapObject(Ljava/lang/Object;JLjava/lang/Object;Ljava/lang/Object;)Z (greylist, linking, allowed)
08-01 08:21:08.862  9405 14048 W PlayMovies: UnpinContentCleanerImpl.startCleanUp:26 Done cleanup unpinned content: removed 0 files
08-01 08:21:08.862  9405 14048 W PlayMovies:
08-01 08:21:08.867  1778  1778 D Zygote  : Forked child process 14049
08-01 08:21:08.873 14049 14049 W e.process.gapp: Unexpected CPU variant for X86 using defaults: x86
08-01 08:21:08.883 14049 14049 E e.process.gapp: Not starting debugger since process cannot load the jdwp agent.
08-01 08:21:08.901 14049 14049 I e.process.gapp: The ClassLoaderContext is a special shared library.
08-01 08:21:08.903 14049 14049 I e.process.gapp: The ClassLoaderContext is a special shared library.
08-01 08:21:08.908  1795  2479 E GnssHAL_GnssInterface: gnssSvStatusCb: a: input svInfo.flags is 8
08-01 08:21:08.908  1795  2479 E GnssHAL_GnssInterface: gnssSvStatusCb: b: input svInfo.flags is 8
08-01 08:21:08.913 10808 13768 I NetworkScheduler.Stats: Task com.google.android.videos/ finished executing. cause:7 result: 1 elapsed_millis: 92 uptime_millis: 92 exec_start_elapsed_seconds: 61297 [CONTEXT service_id=218 ]
08-01 08:21:08.927 14049 14049 I GoogleHttpClient: GMS http client unavailable, use old client
08-01 08:21:08.981 13827 13827 W .hkxps17.turnu: Accessing hidden method Lsun/misc/Unsafe;->putInt(Ljava/lang/Object;JI)V (greylist, linking, allowed)
08-01 08:21:08.981 13827 13827 W .hkxps17.turnu: Accessing hidden method Lsun/misc/Unsafe;->getInt(Ljava/lang/Object;J)I (greylist, linking, allowed)
08-01 08:21:08.981 13827 13827 W .hkxps17.turnu: Accessing hidden method Lsun/misc/Unsafe;->putLong(Ljava/lang/Object;JJ)V (greylist, linking, allowed)
08-01 08:21:08.981 13827 13827 W .hkxps17.turnu: Accessing hidden method Lsun/misc/Unsafe;->getObject(Ljava/lang/Object;J)Ljava/lang/Object; (greylist, linking, allowed)
08-01 08:21:08.982 13827 13827 W .hkxps17.turnu: Accessing hidden method Lsun/misc/Unsafe;->putObject(Ljava/lang/Object;JLjava/lang/Object;)V (greylist, linking, allowed)
08-01 08:21:08.982 13827 13827 W .hkxps17.turnu: Accessing hidden method Lsun/misc/Unsafe;->getLong(Ljava/lang/Object;J)J (greylist,core-platform-api, linking, allowed)
08-01 08:21:08.986 13827 13827 W .hkxps17.turnu: Accessing hidden method Lsun/misc/Unsafe;->allocateInstance(Ljava/lang/Class;)Ljava/lang/Object; (greylist, linking, allowed)
08-01 08:21:08.987 13827 13827 W .hkxps17.turnu: Accessing hidden method Llibcore/io/Memory;->peekLong(JZ)J (greylist, reflection, allowed)
08-01 08:21:08.987 13827 13827 W .hkxps17.turnu: Accessing hidden method Llibcore/io/Memory;->pokeLong(JJZ)V (greylist, reflection, allowed)
08-01 08:21:08.987 13827 13827 W .hkxps17.turnu: Accessing hidden method Llibcore/io/Memory;->pokeInt(JIZ)V (greylist, reflection, allowed)
08-01 08:21:08.987 13827 13827 W .hkxps17.turnu: Accessing hidden method Llibcore/io/Memory;->peekInt(JZ)I (greylist, reflection, allowed)
08-01 08:21:08.987 13827 13827 W .hkxps17.turnu: Accessing hidden method Llibcore/io/Memory;->pokeByte(JB)V (greylist, reflection, allowed)
08-01 08:21:08.987 13827 13827 W .hkxps17.turnu: Accessing hidden method Llibcore/io/Memory;->peekByte(J)B (greylist, reflection, allowed)
08-01 08:21:08.987 13827 13827 W .hkxps17.turnu: Accessing hidden method Llibcore/io/Memory;->pokeByteArray(J[BII)V (greylist, reflection, allowed)
08-01 08:21:08.987 13827 13827 W .hkxps17.turnu: Accessing hidden method Llibcore/io/Memory;->peekByteArray(J[BII)V (greylist, reflection, allowed)
08-01 08:21:08.988 13827 13827 W .hkxps17.turnu: Accessing hidden method Lsun/misc/Unsafe;->arrayBaseOffset(Ljava/lang/Class;)I (greylist,core-platform-api, linking, allowed)
08-01 08:21:08.988 13827 13827 W .hkxps17.turnu: Accessing hidden method Lsun/misc/Unsafe;->getInt(Ljava/lang/Object;J)I (greylist, linking, allowed)
08-01 08:21:08.988 13827 13827 W .hkxps17.turnu: Accessing hidden method Lsun/misc/Unsafe;->getLong(Ljava/lang/Object;J)J (greylist,core-platform-api, linking, allowed)
08-01 08:21:08.988 13827 13827 W .hkxps17.turnu: Accessing hidden method Lsun/misc/Unsafe;->getObject(Ljava/lang/Object;J)Ljava/lang/Object; (greylist, linking, allowed)
08-01 08:21:08.988 13827 13827 W .hkxps17.turnu: Accessing hidden method Lsun/misc/Unsafe;->putInt(Ljava/lang/Object;JI)V (greylist, linking, allowed)
08-01 08:21:08.988 13827 13827 W .hkxps17.turnu: Accessing hidden method Lsun/misc/Unsafe;->putLong(Ljava/lang/Object;JJ)V (greylist, linking, allowed)
08-01 08:21:08.988 13827 13827 W .hkxps17.turnu: Accessing hidden method Lsun/misc/Unsafe;->putObject(Ljava/lang/Object;JLjava/lang/Object;)V (greylist, linking, allowed)
08-01 08:21:08.988 13827 13827 W .hkxps17.turnu: Accessing hidden method Lsun/misc/Unsafe;->arrayIndexScale(Ljava/lang/Class;)I (greylist, linking, allowed)
08-01 08:21:08.988 13827 13827 W .hkxps17.turnu: Accessing hidden method Lsun/misc/Unsafe;->getLong(Ljava/lang/Object;J)J (greylist,core-platform-api, reflection, allowed)
08-01 08:21:08.988 13827 13827 W .hkxps17.turnu: Accessing hidden field Ljava/nio/Buffer;->address:J (greylist, reflection, allowed)
08-01 08:21:08.988 13827 13827 W .hkxps17.turnu: Accessing hidden method Lsun/misc/Unsafe;->getInt(Ljava/lang/Object;J)I (greylist, reflection, allowed)
08-01 08:21:08.988 13827 13827 W .hkxps17.turnu: Accessing hidden method Lsun/misc/Unsafe;->putInt(Ljava/lang/Object;JI)V (greylist, reflection, allowed)
08-01 08:21:08.989 13827 13827 W .hkxps17.turnu: Accessing hidden method Lsun/misc/Unsafe;->getLong(Ljava/lang/Object;J)J (greylist,core-platform-api, reflection, allowed)
08-01 08:21:08.989 13827 13827 W .hkxps17.turnu: Accessing hidden method Lsun/misc/Unsafe;->putLong(Ljava/lang/Object;JJ)V (greylist, reflection, allowed)
08-01 08:21:08.989 13827 13827 W .hkxps17.turnu: Accessing hidden method Lsun/misc/Unsafe;->getObject(Ljava/lang/Object;J)Ljava/lang/Object; (greylist, reflection, allowed)
08-01 08:21:08.989 13827 13827 W .hkxps17.turnu: Accessing hidden method Lsun/misc/Unsafe;->putObject(Ljava/lang/Object;JLjava/lang/Object;)V (greylist, reflection, allowed)
08-01 08:21:08.995 13827 13827 W .hkxps17.turnu: Accessing hidden method Lsun/misc/Unsafe;->compareAndSwapObject(Ljava/lang/Object;JLjava/lang/Object;Ljava/lang/Object;)Z (greylist, linking, allowed)
08-01 08:21:09.002 13827 13827 W .hkxps17.turnu: Accessing hidden method Lsun/misc/Unsafe;->putObject(Ljava/lang/Object;JLjava/lang/Object;)V (greylist, linking, allowed)
08-01 08:21:09.024 13827 13827 W .hkxps17.turnu: Accessing hidden method Lsun/misc/Unsafe;->compareAndSwapObject(Ljava/lang/Object;JLjava/lang/Object;Ljava/lang/Object;)Z (greylist, linking, allowed)
08-01 08:21:09.027 13827 13827 D MapsInitializer: loadedRenderer: LEGACY
08-01 08:21:09.027 13827 13827 D zzca    : preferredRenderer: null
08-01 08:21:09.029 13827 13827 I Google Maps Android API: Google Play services package version: 222615031
08-01 08:21:09.029 13827 13827 I Google Maps Android API: Google Play services maps renderer version(legacy): 203115000
08-01 08:21:09.128 13827 13827 W .hkxps17.turnu: Accessing hidden method Lsun/misc/Unsafe;->compareAndSwapObject(Ljava/lang/Object;JLjava/lang/Object;Ljava/lang/Object;)Z (greylist, linking, allowed)
08-01 08:21:09.203 13827 13827 W .hkxps17.turnu: Accessing hidden method Lsun/misc/Unsafe;->compareAndSwapObject(Ljava/lang/Object;JLjava/lang/Object;Ljava/lang/Object;)Z (greylist, linking, allowed)
08-01 08:21:09.204 13827 13827 W .hkxps17.turnu: Accessing hidden method Lsun/misc/Unsafe;->getObject(Ljava/lang/Object;J)Ljava/lang/Object; (greylist, linking, allowed)
08-01 08:21:09.207 13827 13827 W .hkxps17.turnu: Accessing hidden method Lsun/misc/Unsafe;->getInt(Ljava/lang/Object;J)I (greylist, linking, allowed)
08-01 08:21:09.209 13827 13827 W .hkxps17.turnu: Accessing hidden method Lsun/misc/Unsafe;->putObject(Ljava/lang/Object;JLjava/lang/Object;)V (greylist, linking, allowed)
08-01 08:21:09.210 13827 13827 W .hkxps17.turnu: Accessing hidden method Lsun/misc/Unsafe;->putInt(Ljava/lang/Object;JI)V (greylist, linking, allowed)
08-01 08:21:09.239 13827 13827 D LifecycleMonitor: Lifecycle status change: com.hkxps17.turnup.MapsActivity@f42e98 in: CREATED
08-01 08:21:09.239 13827 13827 V ActivityScenario: Activity lifecycle changed event received but ignored because the intent does not match. startActivityIntent=Intent { act=android.intent.action.MAIN cat=[android.intent.category.LAUNCHER] cmp=com.hkxps17.turnup/.LoginActivity }, activity.getIntent()=Intent { cmp=com.hkxps17.turnup/.MapsActivity }, activity=com.hkxps17.turnup.MapsActivity@f42e98
08-01 08:21:09.243 13827 13827 W .hkxps17.turnu: Accessing hidden method Lsun/misc/Unsafe;->compareAndSwapObject(Ljava/lang/Object;JLjava/lang/Object;Ljava/lang/Object;)Z (greylist, linking, allowed)
08-01 08:21:09.244 13827 13827 D LifecycleMonitor: Lifecycle status change: com.hkxps17.turnup.MapsActivity@f42e98 in: STARTED
08-01 08:21:09.244 13827 13827 V ActivityScenario: Activity lifecycle changed event received but ignored because the intent does not match. startActivityIntent=Intent { act=android.intent.action.MAIN cat=[android.intent.category.LAUNCHER] cmp=com.hkxps17.turnup/.LoginActivity }, activity.getIntent()=Intent { cmp=com.hkxps17.turnup/.MapsActivity }, activity=com.hkxps17.turnup.MapsActivity@f42e98
08-01 08:21:09.245 13827 13827 D LifecycleMonitor: Lifecycle status change: com.hkxps17.turnup.MapsActivity@f42e98 in: RESUMED
08-01 08:21:09.245 13827 13827 V ActivityScenario: Activity lifecycle changed event received but ignored because the intent does not match. startActivityIntent=Intent { act=android.intent.action.MAIN cat=[android.intent.category.LAUNCHER] cmp=com.hkxps17.turnup/.LoginActivity }, activity.getIntent()=Intent { cmp=com.hkxps17.turnup/.MapsActivity }, activity=com.hkxps17.turnup.MapsActivity@f42e98
08-01 08:21:09.287 13827 14046 W .hkxps17.turnu: Accessing hidden method Lsun/misc/Unsafe;->getLong(Ljava/lang/Object;J)J (greylist,core-platform-api, linking, allowed)
08-01 08:21:09.293 13827 14046 W .hkxps17.turnu: Accessing hidden method Lsun/misc/Unsafe;->compareAndSwapObject(Ljava/lang/Object;JLjava/lang/Object;Ljava/lang/Object;)Z (greylist, linking, allowed)
08-01 08:21:09.298 10808 12323 I bdrv    : Scheduling Phenotype for a PhenotypeSyncImmediately(6, com.google.android.gms.maps#com.hkxps17.turnup) one off with window [1, 2] in seconds [CONTEXT service_id=51 ]
08-01 08:21:09.304 13827 13845 I ba      : Successfully registered with Phenotype.
08-01 08:21:09.349  1796 11341 D gralloc_ranchu: gralloc_alloc: Creating ashmem region of size 9334784
08-01 08:21:09.353  1796 11341 D gralloc_ranchu: gralloc_alloc: Creating ashmem region of size 9334784
08-01 08:21:09.355 13827 14093 D HostConnection: HostConnection::get() New Host Connection established 0xd5d50dc0, tid 14093
08-01 08:21:09.355 13827 14093 D HostConnection: HostComposition ext ANDROID_EMU_CHECKSUM_HELPER_v1 ANDROID_EMU_dma_v1 ANDROID_EMU_direct_mem ANDROID_EMU_host_composition_v1 ANDROID_EMU_host_composition_v2 ANDROID_EMU_vulkan ANDROID_EMU_deferred_vulkan_commands ANDROID_EMU_vulkan_null_optional_strings ANDROID_EMU_vulkan_create_resources_with_requirements ANDROID_EMU_YUV420_888_to_NV21 ANDROID_EMU_YUV_Cache ANDROID_EMU_vulkan_free_memory_sync ANDROID_EMU_vulkan_shader_float16_int8 ANDROID_EMU_vulkan_async_queue_submit ANDROID_EMU_sync_buffer_data GL_OES_vertex_array_object GL_KHR_texture_compression_astc_ldr ANDROID_EMU_host_side_tracing ANDROID_EMU_gles_max_version_2
08-01 08:21:09.357  1796 11341 D gralloc_ranchu: gralloc_alloc: Creating ashmem region of size 9334784
08-01 08:21:09.364 13827 13895 D EGL_emulation: eglMakeCurrent: 0xdde56c80: ver 2 0 (tinfo 0xdde958f0)
08-01 08:21:09.365 13827 14093 D eglCodecCommon: setVertexArrayObject: set vao to 0 (0) 0 0
08-01 08:21:09.365 13827 14093 D EGL_emulation: eglCreateContext: 0xd5d1b680: maj 1 min 0 rcv 1
08-01 08:21:09.374  1678  1678 I hwservicemanager: getTransport: Cannot find entry android.hardware.graphics.allocator@3.0::IAllocator/default in either framework or device manifest.
08-01 08:21:09.374 13827 14093 W Gralloc3: allocator 3.x is not supported
08-01 08:21:09.382  1796 11341 D gralloc_ranchu: gralloc_alloc: Creating ashmem region of size 8478720
08-01 08:21:09.414 13827 14093 D EGL_emulation: eglMakeCurrent: 0xd5d1b680: ver 1 0 (tinfo 0xd5d0fd00)
08-01 08:21:09.499  1796 11341 D gralloc_ranchu: gralloc_alloc: Creating ashmem region of size 8478720
08-01 08:21:09.505 13827 14096 W .hkxps17.turnu: Accessing hidden method Lsun/misc/Unsafe;->getObject(Ljava/lang/Object;J)Ljava/lang/Object; (greylist, linking, allowed)
08-01 08:21:09.505 13827 14096 W .hkxps17.turnu: Accessing hidden method Lsun/misc/Unsafe;->putObject(Ljava/lang/Object;JLjava/lang/Object;)V (greylist, linking, allowed)
08-01 08:21:09.508 13827 14108 W .hkxps17.turnu: Accessing hidden method Lsun/misc/Unsafe;->getObject(Ljava/lang/Object;J)Ljava/lang/Object; (greylist, linking, allowed)
08-01 08:21:09.512 13827 14108 I chatty  : uid=10170(com.hkxps17.turnup) androidmapsapi- identical 2 lines
08-01 08:21:09.518 13827 14108 W .hkxps17.turnu: Accessing hidden method Lsun/misc/Unsafe;->getObject(Ljava/lang/Object;J)Ljava/lang/Object; (greylist, linking, allowed)
08-01 08:21:09.518 13827 14108 W .hkxps17.turnu: Accessing hidden method Lsun/misc/Unsafe;->putObject(Ljava/lang/Object;JLjava/lang/Object;)V (greylist, linking, allowed)
08-01 08:21:09.547 13827 13827 W .hkxps17.turnu: Accessing hidden method Ldalvik/system/CloseGuard;->get()Ldalvik/system/CloseGuard; (greylist,core-platform-api, reflection, allowed)
08-01 08:21:09.547 13827 13827 W .hkxps17.turnu: Accessing hidden method Ldalvik/system/CloseGuard;->open(Ljava/lang/String;)V (greylist,core-platform-api, reflection, allowed)
08-01 08:21:09.547 13827 13827 W .hkxps17.turnu: Accessing hidden method Ldalvik/system/CloseGuard;->warnIfOpen()V (greylist,core-platform-api, reflection, allowed)
08-01 08:21:09.563 13827 13827 D TEST    : []!!!!
08-01 08:21:09.570 13827 13827 D TEST    : []!!!!
08-01 08:21:09.575 13827 13895 D EGL_emulation: eglMakeCurrent: 0xdde56c80: ver 2 0 (tinfo 0xdde958f0)
08-01 08:21:09.613  1777 14116 E ResolverController: No valid NAT64 prefix (101, <unspecified>/0)
08-01 08:21:09.627  2037  2059 W InputReader: Device has associated, but no associated display id.
08-01 08:21:09.628  2037  2059 I chatty  : uid=1000(system) android.anim identical 18 lines
08-01 08:21:09.628  2037  2059 W InputReader: Device has associated, but no associated display id.
08-01 08:21:09.633  1777 14115 E ResolverController: No valid NAT64 prefix (101, <unspecified>/0)
08-01 08:21:09.635 13827 13895 D EGL_emulation: eglMakeCurrent: 0xdde56c80: ver 2 0 (tinfo 0xdde958f0)
08-01 08:21:09.672 13827 13827 D LifecycleMonitor: Lifecycle status change: com.hkxps17.turnup.LoginActivity@7e17953 in: STOPPED
08-01 08:21:09.673 13827 13827 V ActivityScenario: Update currentActivityStage to STOPPED, currentActivity=com.hkxps17.turnup.LoginActivity@7e17953
08-01 08:21:09.864 13827 14108 W .hkxps17.turnu: Accessing hidden method Lsun/misc/Unsafe;->putObject(Ljava/lang/Object;JLjava/lang/Object;)V (greylist, linking, allowed)
08-01 08:21:09.864 13827 14108 W .hkxps17.turnu: Accessing hidden method Lsun/misc/Unsafe;->getInt(Ljava/lang/Object;J)I (greylist, linking, allowed)
08-01 08:21:09.864 13827 14108 W .hkxps17.turnu: Accessing hidden method Lsun/misc/Unsafe;->putInt(Ljava/lang/Object;JI)V (greylist, linking, allowed)
08-01 08:21:09.865 13827 14108 W .hkxps17.turnu: Accessing hidden method Lsun/misc/Unsafe;->putLong(Ljava/lang/Object;JJ)V (greylist, linking, allowed)
08-01 08:21:09.876 13827 14108 W .hkxps17.turnu: Accessing hidden method Lsun/misc/Unsafe;->getObject(Ljava/lang/Object;J)Ljava/lang/Object; (greylist, linking, allowed)
08-01 08:21:09.877 13827 14108 W .hkxps17.turnu: Accessing hidden method Lsun/misc/Unsafe;->putObject(Ljava/lang/Object;JLjava/lang/Object;)V (greylist, linking, allowed)
08-01 08:21:09.877 13827 14108 W .hkxps17.turnu: Accessing hidden method Lsun/misc/Unsafe;->putLong(Ljava/lang/Object;JJ)V (greylist, linking, allowed)
08-01 08:21:09.879 13827 14108 W .hkxps17.turnu: Accessing hidden method Lsun/misc/Unsafe;->putObject(Ljava/lang/Object;JLjava/lang/Object;)V (greylist, linking, allowed)
08-01 08:21:09.879 13827 14108 W .hkxps17.turnu: Accessing hidden method Lsun/misc/Unsafe;->putLong(Ljava/lang/Object;JJ)V (greylist, linking, allowed)
08-01 08:21:09.881 13827 14108 W .hkxps17.turnu: Accessing hidden method Lsun/misc/Unsafe;->putObject(Ljava/lang/Object;JLjava/lang/Object;)V (greylist, linking, allowed)
08-01 08:21:09.881 13827 14108 W .hkxps17.turnu: Accessing hidden method Lsun/misc/Unsafe;->putLong(Ljava/lang/Object;JJ)V (greylist, linking, allowed)
08-01 08:21:09.884 13827 14108 W .hkxps17.turnu: Accessing hidden method Lsun/misc/Unsafe;->getLong(Ljava/lang/Object;J)J (greylist,core-platform-api, linking, allowed)
08-01 08:21:09.887 13827 14108 W .hkxps17.turnu: Accessing hidden method Lsun/misc/Unsafe;->putObject(Ljava/lang/Object;JLjava/lang/Object;)V (greylist, linking, allowed)
08-01 08:21:09.887 13827 14108 W .hkxps17.turnu: Accessing hidden method Lsun/misc/Unsafe;->putLong(Ljava/lang/Object;JJ)V (greylist, linking, allowed)
08-01 08:21:09.903 13827 13827 W .hkxps17.turnu: Accessing hidden method Lsun/misc/Unsafe;->putObject(Ljava/lang/Object;JLjava/lang/Object;)V (greylist, linking, allowed)
08-01 08:21:09.913  1795  2479 E GnssHAL_GnssInterface: gnssSvStatusCb: a: input svInfo.flags is 8
08-01 08:21:09.913  1795  2479 E GnssHAL_GnssInterface: gnssSvStatusCb: b: input svInfo.flags is 8
08-01 08:21:09.923 13827 14121 W .hkxps17.turnu: Accessing hidden method Lsun/misc/Unsafe;->compareAndSwapObject(Ljava/lang/Object;JLjava/lang/Object;Ljava/lang/Object;)Z (greylist, linking, allowed)
08-01 08:21:09.924 13827 14121 W .hkxps17.turnu: Accessing hidden method Lsun/misc/Unsafe;->getObject(Ljava/lang/Object;J)Ljava/lang/Object; (greylist, linking, allowed)
08-01 08:21:09.926  1796 11341 D gralloc_ranchu: gralloc_alloc: Creating ashmem region of size 8478720
08-01 08:21:09.934 13827 14121 W .hkxps17.turnu: Accessing hidden method Lsun/misc/Unsafe;->getObject(Ljava/lang/Object;J)Ljava/lang/Object; (greylist, linking, allowed)
08-01 08:21:09.959 13827 14121 I chatty  : uid=10170(com.hkxps17.turnup) androidmapsapi- identical 2 lines
08-01 08:21:09.977 13827 14121 W .hkxps17.turnu: Accessing hidden method Lsun/misc/Unsafe;->getObject(Ljava/lang/Object;J)Ljava/lang/Object; (greylist, linking, allowed)
08-01 08:21:09.982 13827 13895 D EGL_emulation: eglMakeCurrent: 0xdde56c80: ver 2 0 (tinfo 0xdde958f0)
08-01 08:21:09.994 13827 14121 W .hkxps17.turnu: Accessing hidden method Lsun/misc/Unsafe;->getObject(Ljava/lang/Object;J)Ljava/lang/Object; (greylist, linking, allowed)
08-01 08:21:10.007 13827 14121 I chatty  : uid=10170(com.hkxps17.turnup) androidmapsapi- identical 1 line
08-01 08:21:10.023 13827 14121 W .hkxps17.turnu: Accessing hidden method Lsun/misc/Unsafe;->getObject(Ljava/lang/Object;J)Ljava/lang/Object; (greylist, linking, allowed)
08-01 08:21:10.031 13827 13895 D EGL_emulation: eglMakeCurrent: 0xdde56c80: ver 2 0 (tinfo 0xdde958f0)
08-01 08:21:10.040 13827 13895 D EGL_emulation: eglMakeCurrent: 0xdde56c80: ver 2 0 (tinfo 0xdde958f0)
08-01 08:21:10.043 13827 14121 W .hkxps17.turnu: Accessing hidden method Lsun/misc/Unsafe;->getObject(Ljava/lang/Object;J)Ljava/lang/Object; (greylist, linking, allowed)
08-01 08:21:10.064 13827 14121 I chatty  : uid=10170(com.hkxps17.turnup) androidmapsapi- identical 1 line
08-01 08:21:10.076 13827 14121 W .hkxps17.turnu: Accessing hidden method Lsun/misc/Unsafe;->getObject(Ljava/lang/Object;J)Ljava/lang/Object; (greylist, linking, allowed)
08-01 08:21:10.083 13827 13895 D EGL_emulation: eglMakeCurrent: 0xdde56c80: ver 2 0 (tinfo 0xdde958f0)
08-01 08:21:10.092 13827 14121 W .hkxps17.turnu: Accessing hidden method Lsun/misc/Unsafe;->getObject(Ljava/lang/Object;J)Ljava/lang/Object; (greylist, linking, allowed)
08-01 08:21:10.094 13827 13827 D LifecycleMonitor: Lifecycle status change: com.hkxps17.turnup.EventListActivity@d6498e2 in: STOPPED
08-01 08:21:10.094 13827 13827 V ActivityScenario: Activity lifecycle changed event received but ignored because the intent does not match. startActivityIntent=Intent { act=android.intent.action.MAIN cat=[android.intent.category.LAUNCHER] cmp=com.hkxps17.turnup/.LoginActivity }, activity.getIntent()=Intent { cmp=com.hkxps17.turnup/.EventListActivity }, activity=com.hkxps17.turnup.EventListActivity@d6498e2
08-01 08:21:10.112 13827 14121 W .hkxps17.turnu: Accessing hidden method Lsun/misc/Unsafe;->getObject(Ljava/lang/Object;J)Ljava/lang/Object; (greylist, linking, allowed)
08-01 08:21:10.122 13827 13895 D EGL_emulation: eglMakeCurrent: 0xdde56c80: ver 2 0 (tinfo 0xdde958f0)
08-01 08:21:10.129 13827 14121 W .hkxps17.turnu: Accessing hidden method Lsun/misc/Unsafe;->getObject(Ljava/lang/Object;J)Ljava/lang/Object; (greylist, linking, allowed)
08-01 08:21:10.433 13827 14121 I chatty  : uid=10170(com.hkxps17.turnup) androidmapsapi- identical 17 lines
08-01 08:21:10.441 13827 14121 W .hkxps17.turnu: Accessing hidden method Lsun/misc/Unsafe;->getObject(Ljava/lang/Object;J)Ljava/lang/Object; (greylist, linking, allowed)
08-01 08:21:10.458 13827 14093 W .hkxps17.turnu: Accessing hidden field Ljava/nio/Buffer;->position:I (greylist, JNI, allowed)
08-01 08:21:10.458 13827 14093 W .hkxps17.turnu: Accessing hidden field Ljava/nio/Buffer;->limit:I (greylist, JNI, allowed)
08-01 08:21:10.458 13827 14093 W .hkxps17.turnu: Accessing hidden field Ljava/nio/Buffer;->_elementSizeShift:I (greylist, JNI, allowed)
08-01 08:21:10.462 13827 14121 W .hkxps17.turnu: Accessing hidden method Lsun/misc/Unsafe;->getObject(Ljava/lang/Object;J)Ljava/lang/Object; (greylist, linking, allowed)
08-01 08:21:10.757 13827 14121 I chatty  : uid=10170(com.hkxps17.turnup) androidmapsapi- identical 17 lines
08-01 08:21:10.781 13827 14121 W .hkxps17.turnu: Accessing hidden method Lsun/misc/Unsafe;->getObject(Ljava/lang/Object;J)Ljava/lang/Object; (greylist, linking, allowed)
08-01 08:21:10.781 13827 14121 I Counters: exceeded sample count in FrameTime
08-01 08:21:10.793 13827 14121 W .hkxps17.turnu: Accessing hidden method Lsun/misc/Unsafe;->getObject(Ljava/lang/Object;J)Ljava/lang/Object; (greylist, linking, allowed)
08-01 08:21:10.794 13827 14121 I Counters: exceeded sample count in FrameTime
08-01 08:21:10.809 13827 14121 W .hkxps17.turnu: Accessing hidden method Lsun/misc/Unsafe;->getObject(Ljava/lang/Object;J)Ljava/lang/Object; (greylist, linking, allowed)
08-01 08:21:10.809 13827 14121 I Counters: exceeded sample count in FrameTime
08-01 08:21:10.826 13827 14121 W .hkxps17.turnu: Accessing hidden method Lsun/misc/Unsafe;->getObject(Ljava/lang/Object;J)Ljava/lang/Object; (greylist, linking, allowed)
08-01 08:21:10.827 13827 14121 I Counters: exceeded sample count in FrameTime
08-01 08:21:10.844 13827 14121 W .hkxps17.turnu: Accessing hidden method Lsun/misc/Unsafe;->getObject(Ljava/lang/Object;J)Ljava/lang/Object; (greylist, linking, allowed)
08-01 08:21:10.844 13827 14121 I Counters: exceeded sample count in FrameTime
08-01 08:21:10.862 13827 14121 W .hkxps17.turnu: Accessing hidden method Lsun/misc/Unsafe;->getObject(Ljava/lang/Object;J)Ljava/lang/Object; (greylist, linking, allowed)
08-01 08:21:10.862 13827 14121 I Counters: exceeded sample count in FrameTime
08-01 08:21:10.878 13827 14121 W .hkxps17.turnu: Accessing hidden method Lsun/misc/Unsafe;->getObject(Ljava/lang/Object;J)Ljava/lang/Object; (greylist, linking, allowed)
08-01 08:21:10.878 13827 14121 I Counters: exceeded sample count in FrameTime
08-01 08:21:10.895 13827 14121 W .hkxps17.turnu: Accessing hidden method Lsun/misc/Unsafe;->getObject(Ljava/lang/Object;J)Ljava/lang/Object; (greylist, linking, allowed)
08-01 08:21:10.895 13827 14121 I Counters: exceeded sample count in FrameTime
08-01 08:21:10.908  1795  2479 E GnssHAL_GnssInterface: gnssSvStatusCb: a: input svInfo.flags is 8
08-01 08:21:10.908  1795  2479 E GnssHAL_GnssInterface: gnssSvStatusCb: b: input svInfo.flags is 8
08-01 08:21:10.913 13827 14121 W .hkxps17.turnu: Accessing hidden method Lsun/misc/Unsafe;->getObject(Ljava/lang/Object;J)Ljava/lang/Object; (greylist, linking, allowed)
08-01 08:21:10.914 13827 14121 I Counters: exceeded sample count in FrameTime
08-01 08:21:10.929 13827 14121 W .hkxps17.turnu: Accessing hidden method Lsun/misc/Unsafe;->getObject(Ljava/lang/Object;J)Ljava/lang/Object; (greylist, linking, allowed)
08-01 08:21:10.929 13827 14121 I Counters: exceeded sample count in FrameTime
08-01 08:21:10.947 13827 14121 W .hkxps17.turnu: Accessing hidden method Lsun/misc/Unsafe;->getObject(Ljava/lang/Object;J)Ljava/lang/Object; (greylist, linking, allowed)
08-01 08:21:10.947 13827 14121 I Counters: exceeded sample count in FrameTime
08-01 08:21:10.965 13827 14121 W .hkxps17.turnu: Accessing hidden method Lsun/misc/Unsafe;->getObject(Ljava/lang/Object;J)Ljava/lang/Object; (greylist, linking, allowed)
08-01 08:21:10.965 13827 14121 I Counters: exceeded sample count in FrameTime
08-01 08:21:10.982 13827 14121 W .hkxps17.turnu: Accessing hidden method Lsun/misc/Unsafe;->getObject(Ljava/lang/Object;J)Ljava/lang/Object; (greylist, linking, allowed)
08-01 08:21:10.982 13827 14121 I Counters: exceeded sample count in FrameTime
08-01 08:21:10.999 13827 14121 W .hkxps17.turnu: Accessing hidden method Lsun/misc/Unsafe;->getObject(Ljava/lang/Object;J)Ljava/lang/Object; (greylist, linking, allowed)
08-01 08:21:11.000 13827 14121 I Counters: exceeded sample count in FrameTime
08-01 08:21:11.016 13827 14121 W .hkxps17.turnu: Accessing hidden method Lsun/misc/Unsafe;->getObject(Ljava/lang/Object;J)Ljava/lang/Object; (greylist, linking, allowed)
08-01 08:21:11.016 13827 14121 I Counters: exceeded sample count in FrameTime
08-01 08:21:11.036 13827 14121 W .hkxps17.turnu: Accessing hidden method Lsun/misc/Unsafe;->getInt(Ljava/lang/Object;J)I (greylist, linking, allowed)
08-01 08:21:11.036 13827 14121 W .hkxps17.turnu: Accessing hidden method Lsun/misc/Unsafe;->getObject(Ljava/lang/Object;J)Ljava/lang/Object; (greylist, linking, allowed)
08-01 08:21:11.036 13827 14121 I Counters: exceeded sample count in FrameTime
08-01 08:21:11.038 13827 14077 W DynamiteModule: Local module descriptor class for com.google.android.gms.googlecertificates not found.
08-01 08:21:11.046 13827 14077 I DynamiteModule: Considering local module com.google.android.gms.googlecertificates:0 and remote module com.google.android.gms.googlecertificates:7
08-01 08:21:11.047 13827 14077 I DynamiteModule: Selected remote version of com.google.android.gms.googlecertificates, version >= 7
08-01 08:21:11.057 13827 14121 W .hkxps17.turnu: Accessing hidden method Lsun/misc/Unsafe;->getObject(Ljava/lang/Object;J)Ljava/lang/Object; (greylist, linking, allowed)
08-01 08:21:11.057 13827 14121 I Counters: exceeded sample count in FrameTime
08-01 08:21:11.072 13827 14121 W .hkxps17.turnu: Accessing hidden method Lsun/misc/Unsafe;->getInt(Ljava/lang/Object;J)I (greylist, linking, allowed)
08-01 08:21:11.072 13827 14121 W .hkxps17.turnu: Accessing hidden method Lsun/misc/Unsafe;->getObject(Ljava/lang/Object;J)Ljava/lang/Object; (greylist, linking, allowed)
08-01 08:21:11.072 13827 14121 W .hkxps17.turnu: Accessing hidden method Lsun/misc/Unsafe;->getObject(Ljava/lang/Object;J)Ljava/lang/Object; (greylist, linking, allowed)
08-01 08:21:11.072 13827 14121 I Counters: exceeded sample count in FrameTime
08-01 08:21:11.088 13827 14077 W .hkxps17.turnu: Accessing hidden method Lsun/misc/Unsafe;->putObject(Ljava/lang/Object;JLjava/lang/Object;)V (greylist, linking, allowed)
08-01 08:21:11.089 13827 14077 W .hkxps17.turnu: Accessing hidden method Lsun/misc/Unsafe;->getObject(Ljava/lang/Object;J)Ljava/lang/Object; (greylist, linking, allowed)
08-01 08:21:11.093 13827 14121 W .hkxps17.turnu: Accessing hidden method Lsun/misc/Unsafe;->getObject(Ljava/lang/Object;J)Ljava/lang/Object; (greylist, linking, allowed)
08-01 08:21:11.093 13827 14121 I Counters: exceeded sample count in FrameTime
