08-01 08:21:04.849 13827 13858 I TestRunner: started: locationLikeTest(com.hkxps17.turnup.LocationLikeTest)
08-01 08:21:04.858 13827 13858 W Settings: Setting always_finish_activities has moved from android.provider.Settings.System to android.provider.Settings.Global, returning read-only value.
08-01 08:21:04.879  2037  2059 E system_server: Invalid ID 0x00000000.
08-01 08:21:04.884  2037  4002 W InputReader: Device has associated, but no associated display id.
08-01 08:21:04.885  2037  4002 I chatty  : uid=1000(system) Binder:2037_18 identical 8 lines
08-01 08:21:04.885  2037  4002 W InputReader: Device has associated, but no associated display id.
08-01 08:21:04.898  1778  1778 D Zygote  : Forked child process 13860
08-01 08:21:04.899 13860 13860 I s17.turnup.tes: Late-enabling -Xcheck:jni
08-01 08:21:04.903  1796  1796 D gralloc_ranchu: gralloc_alloc: Creating ashmem region of size 9334784
08-01 08:21:04.907  1795  2479 E GnssHAL_GnssInterface: gnssSvStatusCb: a: input svInfo.flags is 8
08-01 08:21:04.907  1795  2479 E GnssHAL_GnssInterface: gnssSvStatusCb: b: input svInfo.flags is 8
08-01 08:21:04.912 13860 13860 E s17.turnup.tes: Unknown bits set in runtime_flags: 0x8000
08-01 08:21:04.912 13860 13860 W s17.turnup.tes: Unexpected CPU variant for X86 using defaults: x86
08-01 08:21:04.943  2037  4002 W InputReader: Device has associated, but no associated display id.
08-01 08:21:04.948  2037  4002 I chatty  : uid=1000(system) Binder:2037_18 identical 28 lines
08-01 08:21:04.948  2037  4002 W InputReader: Device has associated, but no associated display id.
08-01 08:21:04.952  2037  2059 W InputReader: Device has associated, but no associated display id.
08-01 08:21:04.952  2037  2059 I chatty  : uid=1000(system) android.anim identical 8 lines
08-01 08:21:04.952  2037  2059 W InputReader: Device has associated, but no associated display id.
08-01 08:21:04.980 13860 13860 I s17.turnup.tes: The ClassLoaderContext is a special shared library.
08-01 08:21:04.981 13860 13860 I s17.turnup.tes: The ClassLoaderContext is a special shared library.
08-01 08:21:04.988  3995  4125 I MicroDetectionState: (REDACTED) Should stop hotword detection immediately - %b
08-01 08:21:04.989  3995  4125 I A       : getLocaleToModelSpecsMap
08-01 08:21:04.989  3995  4125 I A       : Using proto config with mendel
08-01 08:21:04.990  3995  4125 I A       : getLocaleToModelSpecsMap
08-01 08:21:04.990  3995  4125 I A       : Using proto config with mendel
08-01 08:21:05.015  1824  1921 E SurfaceFlinger: ro.sf.lcd_density must be defined as a build property
08-01 08:21:05.017  1824  1921 E SurfaceFlinger: ro.sf.lcd_density must be defined as a build property
08-01 08:21:05.019 13860 13894 D libEGL  : Emulator has host GPU support, qemu.gles is set to 1.
08-01 08:21:05.028 13860 13894 W libc    : Unable to set property "qemu.gles" to "1": connection failed; errno=13 (Permission denied)
08-01 08:21:05.030 13860 13894 D libEGL  : loaded /vendor/lib/egl/libEGL_emulation.so
08-01 08:21:05.032 13860 13894 D libEGL  : loaded /vendor/lib/egl/libGLESv1_CM_emulation.so
08-01 08:21:05.034 13860 13894 D libEGL  : loaded /vendor/lib/egl/libGLESv2_emulation.so
08-01 08:21:05.006 13860 13860 W RenderThread: type=1400 audit(0.0:665): avc: denied { write } for name="property_service" dev="tmpfs" ino=6968 scontext=u:r:untrusted_app:s0:c135,c256,c512,c768 tcontext=u:object_r:property_socket:s0 tclass=sock_file permissive=0
08-01 08:21:05.067  2037  4489 W InputReader: Device has associated, but no associated display id.
08-01 08:21:05.069  2037  4489 I chatty  : uid=1000(system) Binder:2037_1B identical 38 lines
08-01 08:21:05.069  2037  4489 W InputReader: Device has associated, but no associated display id.
08-01 08:21:05.069 13827 13827 W ActivityThread: handleWindowVisibility: no activity for token android.os.BinderProxy@40513b6
08-01 08:21:05.071  2037  4489 W InputReader: Device has associated, but no associated display id.
08-01 08:21:05.073  2037  4489 I chatty  : uid=1000(system) Binder:2037_1B identical 18 lines
08-01 08:21:05.073  2037  4489 W InputReader: Device has associated, but no associated display id.
08-01 08:21:05.087  1824  2131 E SurfaceFlinger: ro.sf.lcd_density must be defined as a build property
08-01 08:21:05.089  1824  2131 E SurfaceFlinger: ro.sf.lcd_density must be defined as a build property
08-01 08:21:05.091 13827 13898 D libEGL  : Emulator has host GPU support, qemu.gles is set to 1.
08-01 08:21:05.091 13827 13898 W libc    : Unable to set property "qemu.gles" to "1": connection failed; errno=13 (Permission denied)
08-01 08:21:05.105 13827 13898 D libEGL  : loaded /vendor/lib/egl/libEGL_emulation.so
08-01 08:21:05.108 13827 13898 D libEGL  : loaded /vendor/lib/egl/libGLESv1_CM_emulation.so
08-01 08:21:05.110 13827 13898 D libEGL  : loaded /vendor/lib/egl/libGLESv2_emulation.so
08-01 08:21:05.076 13827 13827 W RenderThread: type=1400 audit(0.0:666): avc: denied { write } for name="property_service" dev="tmpfs" ino=6968 scontext=u:r:untrusted_app:s0:c170,c256,c512,c768 tcontext=u:object_r:property_socket:s0 tclass=sock_file permissive=0
08-01 08:21:05.182 13827 13827 D LifecycleMonitor: Lifecycle status change: com.hkxps17.turnup.LoginActivity@7e17953 in: PRE_ON_CREATE
08-01 08:21:05.183 13827 13827 V ActivityScenario: Activity lifecycle changed event received but ignored because the reported transition was not ON_CREATE while the last known transition was PRE_ON_CREATE
08-01 08:21:05.228 13827 13827 W .hkxps17.turnu: Accessing hidden method Landroid/view/View;->computeFitSystemWindows(Landroid/graphics/Rect;Landroid/graphics/Rect;)Z (greylist, reflection, allowed)
08-01 08:21:05.228 13827 13827 W .hkxps17.turnu: Accessing hidden method Landroid/view/ViewGroup;->makeOptionalFitsSystemWindows()V (greylist, reflection, allowed)
08-01 08:21:05.273 25936 25978 D EGL_emulation: eglMakeCurrent: 0xd5d1aa80: ver 2 0 (tinfo 0xd5d0f4e0)
08-01 08:21:05.276  3995  4202 D EGL_emulation: eglMakeCurrent: 0xe90545e0: ver 2 0 (tinfo 0xb32f8b60)
08-01 08:21:05.278  2701  3296 D EGL_emulation: eglMakeCurrent: 0xd5d1a900: ver 2 0 (tinfo 0xd5d0f7a0)
08-01 08:21:05.298 13827 13827 I .hkxps17.turnu: The ClassLoaderContext is a special shared library.
08-01 08:21:05.301 13827 13827 I .hkxps17.turnu: The ClassLoaderContext is a special shared library.
08-01 08:21:05.342 13827 13827 I DynamiteModule: Considering local module com.google.android.gms.signinbutton_dynamite:0 and remote module com.google.android.gms.signinbutton_dynamite:2
08-01 08:21:05.342 13827 13827 I DynamiteModule: Selected remote version of com.google.android.gms.signinbutton_dynamite, version >= 2
08-01 08:21:05.478 13827 13827 D LoginActivity: OnCreate
08-01 08:21:05.482 13827 13827 D LifecycleMonitor: Lifecycle status change: com.hkxps17.turnup.LoginActivity@7e17953 in: CREATED
08-01 08:21:05.482 13827 13827 V ActivityScenario: Update currentActivityStage to CREATED, currentActivity=com.hkxps17.turnup.LoginActivity@7e17953
08-01 08:21:05.495 13827 13827 D LoginActivity: OnStart
08-01 08:21:05.499 13827 13827 D LoginActivity: No user signed in
08-01 08:21:05.500 13827 13827 D LifecycleMonitor: Lifecycle status change: com.hkxps17.turnup.LoginActivity@7e17953 in: STARTED
08-01 08:21:05.500 13827 13827 V ActivityScenario: Update currentActivityStage to STARTED, currentActivity=com.hkxps17.turnup.LoginActivity@7e17953
08-01 08:21:05.503 13827 13827 D LifecycleMonitor: Lifecycle status change: com.hkxps17.turnup.LoginActivity@7e17953 in: RESUMED
08-01 08:21:05.503 13827 13827 V ActivityScenario: Update currentActivityStage to RESUMED, currentActivity=com.hkxps17.turnup.LoginActivity@7e17953
08-01 08:21:05.514 25037 25037 D BoundBrokerSvc: onBind: Intent { act=com.google.android.gms.auth.api.signin.service.START pkg=com.google.android.gms }
08-01 08:21:05.514 25037 25037 D BoundBrokerSvc: Loading bound service for intent: Intent { act=com.google.android.gms.auth.api.signin.service.START pkg=com.google.android.gms }
08-01 08:21:05.528  3995  4117 I A       : NGA disabled since it's running Panthera and at least one a11y feature is on.
08-01 08:21:05.531  3995  4117 I A       : (REDACTED) Nga state changed to %s
08-01 08:21:05.533  4090  4112 I A       : (REDACTED) APA or Classic session decision: %s.
08-01 08:21:05.533  4090  4148 I A       : Unsubscribed to apa or classic variant change.
08-01 08:21:05.539  3995 13058 I Search.LoginHelperImpl: (REDACTED) Successfully received auth token for scope: %s in time %d ms
08-01 08:21:05.569 13827 13895 D HostConnection: HostConnection::get() New Host Connection established 0xd2b0f720, tid 13895
08-01 08:21:05.569 13827 13895 D HostConnection: HostComposition ext ANDROID_EMU_CHECKSUM_HELPER_v1 ANDROID_EMU_dma_v1 ANDROID_EMU_direct_mem ANDROID_EMU_host_composition_v1 ANDROID_EMU_host_composition_v2 ANDROID_EMU_vulkan ANDROID_EMU_deferred_vulkan_commands ANDROID_EMU_vulkan_null_optional_strings ANDROID_EMU_vulkan_create_resources_with_requirements ANDROID_EMU_YUV420_888_to_NV21 ANDROID_EMU_YUV_Cache ANDROID_EMU_vulkan_free_memory_sync ANDROID_EMU_vulkan_shader_float16_int8 ANDROID_EMU_vulkan_async_queue_submit ANDROID_EMU_sync_buffer_data GL_OES_vertex_array_object GL_KHR_texture_compression_astc_ldr ANDROID_EMU_host_side_tracing ANDROID_EMU_gles_max_version_2
08-01 08:21:05.588 13827 13858 D EventInjectionStrategy: Creating injection strategy with input manager.
08-01 08:21:05.588 13827 13858 W .hkxps17.turnu: Accessing hidden method Landroid/hardware/input/InputManager;->getInstance()Landroid/hardware/input/InputManager; (greylist, reflection, allowed)
08-01 08:21:05.588 13827 13858 W .hkxps17.turnu: Accessing hidden method Landroid/hardware/input/InputManager;->injectInputEvent(Landroid/view/InputEvent;I)Z (greylist, reflection, allowed)
08-01 08:21:05.588 13827 13858 W .hkxps17.turnu: Accessing hidden field Landroid/hardware/input/InputManager;->INJECT_INPUT_EVENT_MODE_WAIT_FOR_FINISH:I (greylist, reflection, allowed)
08-01 08:21:05.615 13827 13895 W OpenGLRenderer: Failed to choose config with EGL_SWAP_BEHAVIOR_PRESERVED, retrying without...
08-01 08:21:05.623 13827 13895 D eglCodecCommon: setVertexArrayObject: set vao to 0 (0) 0 0
08-01 08:21:05.623 13827 13895 D EGL_emulation: eglCreateContext: 0xdde56c80: maj 2 min 0 rcv 2
08-01 08:21:05.659 13827 13895 D EGL_emulation: eglMakeCurrent: 0xdde56c80: ver 2 0 (tinfo 0xdde958f0)
08-01 08:21:05.669  1796  1796 D gralloc_ranchu: gralloc_alloc: Creating ashmem region of size 9334784
08-01 08:21:05.671  1678  1678 I hwservicemanager: getTransport: Cannot find entry android.hardware.graphics.mapper@3.0::IMapper/default in either framework or device manifest.
08-01 08:21:05.671 13827 13895 W Gralloc3: mapper 3.x is not supported
08-01 08:21:05.672 13827 13895 D HostConnection: createUnique: call
08-01 08:21:05.672 13827 13895 D HostConnection: HostConnection::get() New Host Connection established 0xd2b12600, tid 13895
08-01 08:21:05.672 13827 13895 D HostConnection: HostComposition ext ANDROID_EMU_CHECKSUM_HELPER_v1 ANDROID_EMU_dma_v1 ANDROID_EMU_direct_mem ANDROID_EMU_host_composition_v1 ANDROID_EMU_host_composition_v2 ANDROID_EMU_vulkan ANDROID_EMU_deferred_vulkan_commands ANDROID_EMU_vulkan_null_optional_strings ANDROID_EMU_vulkan_create_resources_with_requirements ANDROID_EMU_YUV420_888_to_NV21 ANDROID_EMU_YUV_Cache ANDROID_EMU_vulkan_free_memory_sync ANDROID_EMU_vulkan_shader_float16_int8 ANDROID_EMU_vulkan_async_queue_submit ANDROID_EMU_sync_buffer_data GL_OES_vertex_array_object GL_KHR_texture_compression_astc_ldr ANDROID_EMU_host_side_tracing ANDROID_EMU_gles_max_version_2
08-01 08:21:05.673 13827 13895 D eglCodecCommon: allocate: Ask for block of size 0x1000
08-01 08:21:05.673 13827 13895 D eglCodecCommon: allocate: ioctl allocate returned offset 0x3ff706000 size 0x2000
08-01 08:21:05.675  1796  1796 D gralloc_ranchu: gralloc_alloc: Creating ashmem region of size 9334784
08-01 08:21:05.682  1796  1796 D gralloc_ranchu: gralloc_alloc: Creating ashmem region of size 9334784
08-01 08:21:05.686 13827 13895 D EGL_emulation: eglMakeCurrent: 0xdde56c80: ver 2 0 (tinfo 0xdde958f0)
08-01 08:21:05.693 13827 13895 D eglCodecCommon: setVertexArrayObject: set vao to 0 (0) 1 0
08-01 08:21:05.745  2037  2063 I ActivityTaskManager: Displayed com.hkxps17.turnup/.LoginActivity: +872ms
08-01 08:21:05.764 10370 10383 W putmethod.lati: Reducing the number of considered missed Gc histogram windows from 611 to 100
08-01 08:21:05.800 13827 13858 W .hkxps17.turnu: Accessing hidden method Landroid/view/ViewConfiguration;->getDoubleTapMinTime()I (greylist, reflection, allowed)
08-01 08:21:05.810  3995 13058 I PBSessionCacheImpl: (REDACTED) Deleted sessionId[%d] from persistence.
08-01 08:21:05.817 13827 13858 W .hkxps17.turnu: Accessing hidden method Lsun/misc/Unsafe;->getUnsafe()Lsun/misc/Unsafe; (greylist,core-platform-api, linking, allowed)
08-01 08:21:05.817 13827 13858 W .hkxps17.turnu: Accessing hidden method Lsun/misc/Unsafe;->objectFieldOffset(Ljava/lang/reflect/Field;)J (greylist,core-platform-api, linking, allowed)
08-01 08:21:05.818 13827 13827 W .hkxps17.turnu: Accessing hidden method Landroid/os/MessageQueue;->next()Landroid/os/Message; (greylist, reflection, allowed)
08-01 08:21:05.818 13827 13827 W .hkxps17.turnu: Accessing hidden field Landroid/os/MessageQueue;->mMessages:Landroid/os/Message; (greylist, reflection, allowed)
08-01 08:21:05.818 13827 13827 W .hkxps17.turnu: Accessing hidden method Landroid/os/Message;->recycleUnchecked()V (greylist, reflection, allowed)
08-01 08:21:05.818  3995  4125 I A       : getLocaleToModelSpecsMap
08-01 08:21:05.818 13827 13858 W .hkxps17.turnu: Accessing hidden method Lsun/misc/Unsafe;->putObject(Ljava/lang/Object;JLjava/lang/Object;)V (greylist, linking, allowed)
08-01 08:21:05.818  3995  4125 I A       : Using proto config with mendel
08-01 08:21:05.819  3995  4125 I A       : getLocaleToModelSpecsMap
08-01 08:21:05.819  3995  4125 I A       : Using proto config with mendel
08-01 08:21:05.819  3995  4125 W SearchServiceCore: Abort, client detached.
08-01 08:21:05.822 13827 13858 W .hkxps17.turnu: Accessing hidden method Lsun/misc/Unsafe;->compareAndSwapObject(Ljava/lang/Object;JLjava/lang/Object;Ljava/lang/Object;)Z (greylist, linking, allowed)
08-01 08:21:05.822 13827 13858 W .hkxps17.turnu: Accessing hidden method Lsun/misc/Unsafe;->getObject(Ljava/lang/Object;J)Ljava/lang/Object; (greylist, linking, allowed)
08-01 08:21:05.827 13827 13827 W .hkxps17.turnu: Accessing hidden method Landroid/view/WindowManagerGlobal;->getInstance()Landroid/view/WindowManagerGlobal; (greylist, reflection, allowed)
08-01 08:21:05.827 13827 13827 W .hkxps17.turnu: Accessing hidden field Landroid/view/WindowManagerGlobal;->mViews:Ljava/util/ArrayList; (greylist, reflection, allowed)
08-01 08:21:05.827 13827 13827 W .hkxps17.turnu: Accessing hidden field Landroid/view/WindowManagerGlobal;->mParams:Ljava/util/ArrayList; (greylist, reflection, allowed)
08-01 08:21:05.837 13827 13827 I ViewInteraction: Performing 'single click' action on view (an instance of android.widget.TextView and view.getText() with or without transformation to match: is "Sign in" and Child at position 0 in parent (view.getId() is <2131231188/com.hkxps17.turnup:id/sign_in_button> and Child at position 3 in parent view.getClass().getName() matches: is "androidx.constraintlayout.widget.ConstraintLayout") and (view has effective visibility <VISIBLE> and view.getGlobalVisibleRect() to return non-empty rectangle))
08-01 08:21:05.884 13827 13827 D LoginActivity: signIN
08-01 08:21:05.888  1784  7977 W audio_hw_generic: Not supplying enough data to HAL, expected position 46702971 , only wrote 46702955
08-01 08:21:05.905 13827 13827 D LifecycleMonitor: Lifecycle status change: com.hkxps17.turnup.LoginActivity@7e17953 in: PAUSED
08-01 08:21:05.906 13827 13827 V ActivityScenario: Update currentActivityStage to PAUSED, currentActivity=com.hkxps17.turnup.LoginActivity@7e17953
08-01 08:21:05.907  2037  5119 W InputReader: Device has associated, but no associated display id.
08-01 08:21:05.907  2037  5119 I chatty  : uid=1000(system) Binder:2037_1E identical 8 lines
08-01 08:21:05.907  2037  5119 W InputReader: Device has associated, but no associated display id.
08-01 08:21:05.907  1795  2479 E GnssHAL_GnssInterface: gnssSvStatusCb: a: input svInfo.flags is 8
08-01 08:21:05.907  1795  2479 E GnssHAL_GnssInterface: gnssSvStatusCb: b: input svInfo.flags is 8
08-01 08:21:05.907  2037  5119 W InputReader: Device has associated, but no associated display id.
08-01 08:21:05.910  2037  5119 I chatty  : uid=1000(system) Binder:2037_1E identical 28 lines
08-01 08:21:05.910  2037  5119 W InputReader: Device has associated, but no associated display id.
08-01 08:21:05.919 13827 13827 W ActivityThread: handleWindowVisibility: no activity for token android.os.BinderProxy@a4e966e
08-01 08:21:05.925 13827 13827 D LifecycleMonitor: Lifecycle status change: com.google.android.gms.auth.api.signin.internal.SignInHubActivity@e36cf88 in: PRE_ON_CREATE
08-01 08:21:05.925 13827 13827 V ActivityScenario: Activity lifecycle changed event received but ignored because the intent does not match. startActivityIntent=Intent { act=android.intent.action.MAIN cat=[android.intent.category.LAUNCHER] cmp=com.hkxps17.turnup/.LoginActivity }, activity.getIntent()=Intent { act=com.google.android.gms.auth.GOOGLE_SIGN_IN flg=0x800000 pkg=com.hkxps17.turnup cmp=com.hkxps17.turnup/com.google.android.gms.auth.api.signin.internal.SignInHubActivity (has extras) }, activity=com.google.android.gms.auth.api.signin.internal.SignInHubActivity@e36cf88
08-01 08:21:05.939 13827 13827 D LifecycleMonitor: Lifecycle status change: com.google.android.gms.auth.api.signin.internal.SignInHubActivity@e36cf88 in: CREATED
08-01 08:21:05.939 13827 13827 V ActivityScenario: Activity lifecycle changed event received but ignored because the intent does not match. startActivityIntent=Intent { act=android.intent.action.MAIN cat=[android.intent.category.LAUNCHER] cmp=com.hkxps17.turnup/.LoginActivity }, activity.getIntent()=Intent { act=com.google.android.gms.auth.GOOGLE_SIGN_IN flg=0x800000 pkg=com.hkxps17.turnup cmp=com.hkxps17.turnup/com.google.android.gms.auth.api.signin.internal.SignInHubActivity (has extras) }, activity=com.google.android.gms.auth.api.signin.internal.SignInHubActivity@e36cf88
08-01 08:21:05.942 13827 13827 D LifecycleMonitor: Lifecycle status change: com.google.android.gms.auth.api.signin.internal.SignInHubActivity@e36cf88 in: STARTED
08-01 08:21:05.943 13827 13827 V ActivityScenario: Activity lifecycle changed event received but ignored because the intent does not match. startActivityIntent=Intent { act=android.intent.action.MAIN cat=[android.intent.category.LAUNCHER] cmp=com.hkxps17.turnup/.LoginActivity }, activity.getIntent()=Intent { act=com.google.android.gms.auth.GOOGLE_SIGN_IN flg=0x800000 pkg=com.hkxps17.turnup cmp=com.hkxps17.turnup/com.google.android.gms.auth.api.signin.internal.SignInHubActivity (has extras) }, activity=com.google.android.gms.auth.api.signin.internal.SignInHubActivity@e36cf88
08-01 08:21:05.943 13827 13827 D LifecycleMonitor: Lifecycle status change: com.google.android.gms.auth.api.signin.internal.SignInHubActivity@e36cf88 in: RESUMED
08-01 08:21:05.944 13827 13827 V ActivityScenario: Activity lifecycle changed event received but ignored because the intent does not match. startActivityIntent=Intent { act=android.intent.action.MAIN cat=[android.intent.category.LAUNCHER] cmp=com.hkxps17.turnup/.LoginActivity }, activity.getIntent()=Intent { act=com.google.android.gms.auth.GOOGLE_SIGN_IN flg=0x800000 pkg=com.hkxps17.turnup cmp=com.hkxps17.turnup/com.google.android.gms.auth.api.signin.internal.SignInHubActivity (has extras) }, activity=com.google.android.gms.auth.api.signin.internal.SignInHubActivity@e36cf88
08-01 08:21:05.962  1796  1796 D gralloc_ranchu: gralloc_alloc: Creating ashmem region of size 9334784
08-01 08:21:05.972  1796  1796 I chatty  : uid=1000(system) allocator@2.0-s identical 1 line
08-01 08:21:05.973  1796  1796 D gralloc_ranchu: gralloc_alloc: Creating ashmem region of size 9334784
08-01 08:21:05.974 13827 13895 D EGL_emulation: eglMakeCurrent: 0xdde56c80: ver 2 0 (tinfo 0xdde958f0)
08-01 08:21:05.987 13827 13895 D EGL_emulation: eglMakeCurrent: 0xdde56c80: ver 2 0 (tinfo 0xdde958f0)
08-01 08:21:05.992 13827 13827 D LifecycleMonitor: Lifecycle status change: com.google.android.gms.auth.api.signin.internal.SignInHubActivity@e36cf88 in: PAUSED
08-01 08:21:05.993 13827 13827 V ActivityScenario: Activity lifecycle changed event received but ignored because the intent does not match. startActivityIntent=Intent { act=android.intent.action.MAIN cat=[android.intent.category.LAUNCHER] cmp=com.hkxps17.turnup/.LoginActivity }, activity.getIntent()=Intent { act=com.google.android.gms.auth.GOOGLE_SIGN_IN flg=0x800000 pkg=com.hkxps17.turnup cmp=com.hkxps17.turnup/com.google.android.gms.auth.api.signin.internal.SignInHubActivity (has extras) }, activity=com.google.android.gms.auth.api.signin.internal.SignInHubActivity@e36cf88
08-01 08:21:05.994  2037  3300 W InputReader: Device has associated, but no associated display id.
08-01 08:21:05.994  2037  3300 I chatty  : uid=1000(system) Binder:2037_F identical 8 lines
08-01 08:21:05.994  2037  3300 W InputReader: Device has associated, but no associated display id.
08-01 08:21:06.016  1778  1778 D Zygote  : Forked child process 13909
08-01 08:21:06.020 13909 13909 W .android.gms.u: Unexpected CPU variant for X86 using defaults: x86
08-01 08:21:06.022 13909 13909 E .android.gms.u: Not starting debugger since process cannot load the jdwp agent.
08-01 08:21:06.023 13827 13895 D EGL_emulation: eglMakeCurrent: 0xdde56c80: ver 2 0 (tinfo 0xdde958f0)
08-01 08:21:06.030 10808 10852 I FontLog : Received query Noto Color Emoji Compat, URI content://com.google.android.gms.fonts [CONTEXT service_id=132 ]
08-01 08:21:06.030 10808 10852 I FontLog : Query [emojicompat-emoji-font] resolved to {Noto Color Emoji Compat, wdth 100.0, wght 400, ital 0.0, bestEffort false} [CONTEXT service_id=132 ]
08-01 08:21:06.031 10808 10852 I FontLog : Fetch {Noto Color Emoji Compat, wdth 100.0, wght 400, ital 0.0, bestEffort false} end status Status{statusCode=SUCCESS, resolution=null} [CONTEXT service_id=132 ]
08-01 08:21:06.038  2037  5119 W InputReader: Device has associated, but no associated display id.
08-01 08:21:06.044  2037  5119 I chatty  : uid=1000(system) Binder:2037_1E identical 28 lines
08-01 08:21:06.044  2037  5119 W InputReader: Device has associated, but no associated display id.
08-01 08:21:06.048 10808 11259 I FontLog : Pulling font file for id = 240, cache size = 7 [CONTEXT service_id=132 ]
08-01 08:21:06.052 13909 13909 I .android.gms.u: The ClassLoaderContext is a special shared library.
08-01 08:21:06.052 10808 11259 I FontLog : Pulling font file for id = 240, cache size = 7 [CONTEXT service_id=132 ]
08-01 08:21:06.053 13909 13909 I .android.gms.u: The ClassLoaderContext is a special shared library.
08-01 08:21:06.056 13909 13909 I .android.gms.u: The ClassLoaderContext is a special shared library.
08-01 08:21:06.061 13909 13909 W .android.gms.u: JIT profile information will not be recorded: profile file does not exits.
08-01 08:21:06.061 13909 13909 W .android.gms.u: JIT profile information will not be recorded: profile file does not exits.
08-01 08:21:06.129 13909 13909 W ProviderHelper: Unknown dynamite feature providerinstaller.dynamite
08-01 08:21:06.129 13827 13895 D EGL_emulation: eglMakeCurrent: 0xdde56c80: ver 2 0 (tinfo 0xdde958f0)
08-01 08:21:06.131 13909 13909 I DynamiteModule: Considering local module com.google.android.gms.providerinstaller.dynamite:1 and remote module com.google.android.gms.providerinstaller.dynamite:0
08-01 08:21:06.131 13909 13909 I DynamiteModule: Selected local version of com.google.android.gms.providerinstaller.dynamite
08-01 08:21:06.142 13909 13909 V NativeCrypto: Registering com/google/android/gms/org/conscrypt/NativeCrypto's 295 native methods...
08-01 08:21:06.152 13909 13909 D NetworkSecurityConfig: Using Network Security Config from resource network_security_config debugBuild: false
08-01 08:21:06.154 13909 13909 I ProviderInstaller: Installed default security provider GmsCore_OpenSSL
08-01 08:21:06.177 13909 13938 I GMS_MM_Logger: Started.
08-01 08:21:06.177 13909 13909 I bwvl    : Primes not initialized, returning default (no-op) Primes instance which will ignore all calls. Please call Primes.initialize(...) before using any Primes API.
08-01 08:21:06.182  1824  2131 E SurfaceFlinger: ro.sf.lcd_density must be defined as a build property
08-01 08:21:06.187  1824  1919 E SurfaceFlinger: ro.sf.lcd_density must be defined as a build property
08-01 08:21:06.188 13909 13945 D libEGL  : Emulator has host GPU support, qemu.gles is set to 1.
08-01 08:21:06.189 13909 13945 W libc    : Unable to set property "qemu.gles" to "1": connection failed; errno=13 (Permission denied)
08-01 08:21:06.197 13909 13945 D libEGL  : loaded /vendor/lib/egl/libEGL_emulation.so
08-01 08:21:06.198 13909 13945 D libEGL  : loaded /vendor/lib/egl/libGLESv1_CM_emulation.so
08-01 08:21:06.201 13909 13945 D libEGL  : loaded /vendor/lib/egl/libGLESv2_emulation.so
08-01 08:21:06.176 13909 13909 W RenderThread: type=1400 audit(0.0:667): avc: denied { write } for name="property_service" dev="tmpfs" ino=6968 scontext=u:r:priv_app:s0:c512,c768 tcontext=u:object_r:property_socket:s0 tclass=sock_file permissive=0
08-01 08:21:06.285 25037 25037 D BoundBrokerSvc: onBind: Intent { act=com.google.android.gms.signin.service.START dat=chimera-action:com.google.android.gms.signin.service.START cmp=com.google.android.gms/.chimera.GmsApiService }
08-01 08:21:06.285 25037 25037 D BoundBrokerSvc: Loading bound service for intent: Intent { act=com.google.android.gms.signin.service.START dat=chimera-action:com.google.android.gms.signin.service.START cmp=com.google.android.gms/.chimera.GmsApiService }
08-01 08:21:06.335 13909 13943 D HostConnection: HostConnection::get() New Host Connection established 0xd2b10760, tid 13943
08-01 08:21:06.337 13909 13943 D HostConnection: HostComposition ext ANDROID_EMU_CHECKSUM_HELPER_v1 ANDROID_EMU_dma_v1 ANDROID_EMU_direct_mem ANDROID_EMU_host_composition_v1 ANDROID_EMU_host_composition_v2 ANDROID_EMU_vulkan ANDROID_EMU_deferred_vulkan_commands ANDROID_EMU_vulkan_null_optional_strings ANDROID_EMU_vulkan_create_resources_with_requirements ANDROID_EMU_YUV420_888_to_NV21 ANDROID_EMU_YUV_Cache ANDROID_EMU_vulkan_free_memory_sync ANDROID_EMU_vulkan_shader_float16_int8 ANDROID_EMU_vulkan_async_queue_submit ANDROID_EMU_sync_buffer_data GL_OES_vertex_array_object GL_KHR_texture_compression_astc_ldr ANDROID_EMU_host_side_tracing ANDROID_EMU_gles_max_version_2
08-01 08:21:06.340 13909 13943 W OpenGLRenderer: Failed to choose config with EGL_SWAP_BEHAVIOR_PRESERVED, retrying without...
08-01 08:21:06.348 13909 13943 D eglCodecCommon: setVertexArrayObject: set vao to 0 (0) 0 0
08-01 08:21:06.348 13909 13943 D EGL_emulation: eglCreateContext: 0xdde5c180: maj 2 min 0 rcv 2
08-01 08:21:06.385 13909 13943 D EGL_emulation: eglMakeCurrent: 0xdde5c180: ver 2 0 (tinfo 0xddf13c20)
08-01 08:21:06.393  1796  1796 D gralloc_ranchu: gralloc_alloc: Creating ashmem region of size 4096
08-01 08:21:06.395  1678  1678 I hwservicemanager: getTransport: Cannot find entry android.hardware.graphics.mapper@3.0::IMapper/default in either framework or device manifest.
08-01 08:21:06.395 13909 13943 W Gralloc3: mapper 3.x is not supported
08-01 08:21:06.396 13909 13943 D HostConnection: createUnique: call
08-01 08:21:06.442 13909 13943 D HostConnection: HostConnection::get() New Host Connection established 0xd2b12010, tid 13943
08-01 08:21:06.442 13909 13943 D HostConnection: HostComposition ext ANDROID_EMU_CHECKSUM_HELPER_v1 ANDROID_EMU_dma_v1 ANDROID_EMU_direct_mem ANDROID_EMU_host_composition_v1 ANDROID_EMU_host_composition_v2 ANDROID_EMU_vulkan ANDROID_EMU_deferred_vulkan_commands ANDROID_EMU_vulkan_null_optional_strings ANDROID_EMU_vulkan_create_resources_with_requirements ANDROID_EMU_YUV420_888_to_NV21 ANDROID_EMU_YUV_Cache ANDROID_EMU_vulkan_free_memory_sync ANDROID_EMU_vulkan_shader_float16_int8 ANDROID_EMU_vulkan_async_queue_submit ANDROID_EMU_sync_buffer_data GL_OES_vertex_array_object GL_KHR_texture_compression_astc_ldr ANDROID_EMU_host_side_tracing ANDROID_EMU_gles_max_version_2
08-01 08:21:06.442 13909 13943 D eglCodecCommon: allocate: Ask for block of size 0x1000
08-01 08:21:06.443 13909 13943 D eglCodecCommon: allocate: ioctl allocate returned offset 0x3ff70a000 size 0x2000
08-01 08:21:06.447  1796  1796 D gralloc_ranchu: gralloc_alloc: Creating ashmem region of size 4096
08-01 08:21:06.448  1796  1796 D gralloc_ranchu: gralloc_alloc: Creating ashmem region of size 4096
08-01 08:21:06.449  2037  2059 W InputReader: Device has associated, but no associated display id.
08-01 08:21:06.450  2037  2059 I chatty  : uid=1000(system) android.anim identical 18 lines
08-01 08:21:06.450  2037  2059 W InputReader: Device has associated, but no associated display id.
08-01 08:21:06.455  2037  2063 I ActivityTaskManager: Displayed com.google.android.gms/.auth.api.signin.ui.SignInActivity: +63ms
08-01 08:21:06.471  2037  3300 W InputReader: Device has associated, but no associated display id.
08-01 08:21:06.480  2037  3300 I chatty  : uid=1000(system) Binder:2037_F identical 38 lines
08-01 08:21:06.480  2037  3300 W InputReader: Device has associated, but no associated display id.
08-01 08:21:06.482 13909 13909 W ActivityThread: handleWindowVisibility: no activity for token android.os.BinderProxy@132f2ef
08-01 08:21:06.500  2037  3300 W InputReader: Device has associated, but no associated display id.
08-01 08:21:06.503  2037  3300 I chatty  : uid=1000(system) Binder:2037_F identical 38 lines
08-01 08:21:06.503  2037  3300 W InputReader: Device has associated, but no associated display id.
08-01 08:21:06.515  1796  1796 D gralloc_ranchu: gralloc_alloc: Creating ashmem region of size 9334784
08-01 08:21:06.519  1796  1796 D gralloc_ranchu: gralloc_alloc: Creating ashmem region of size 9334784
08-01 08:21:06.520  1796 11341 D gralloc_ranchu: gralloc_alloc: Creating ashmem region of size 9334784
08-01 08:21:06.520 13909 13943 D EGL_emulation: eglMakeCurrent: 0xdde5c180: ver 2 0 (tinfo 0xddf13c20)
08-01 08:21:06.522 13909 13943 D eglCodecCommon: setVertexArrayObject: set vao to 0 (0) 1 0
08-01 08:21:06.550 13909 13909 W ActivityThread: handleWindowVisibility: no activity for token android.os.BinderProxy@be5d600
08-01 08:21:06.589  1796 11341 D gralloc_ranchu: gralloc_alloc: Creating ashmem region of size 4096
08-01 08:21:06.593  1796 11341 D gralloc_ranchu: gralloc_alloc: Creating ashmem region of size 4096
08-01 08:21:06.594  2037  2059 W InputReader: Device has associated, but no associated display id.
08-01 08:21:06.595  2037  2059 I chatty  : uid=1000(system) android.anim identical 18 lines
08-01 08:21:06.595  2037  2059 W InputReader: Device has associated, but no associated display id.
08-01 08:21:06.607  1796 11341 D gralloc_ranchu: gralloc_alloc: Creating ashmem region of size 4096
08-01 08:21:06.711 13909 13959 W ProviderHelper: Unknown dynamite feature providerinstaller.dynamite
08-01 08:21:06.711 13909 13959 I DynamiteModule: Considering local module com.google.android.gms.providerinstaller.dynamite:1 and remote module com.google.android.gms.providerinstaller.dynamite:0
08-01 08:21:06.711 13909 13959 I DynamiteModule: Selected local version of com.google.android.gms.providerinstaller.dynamite
08-01 08:21:06.716 13909 13959 W Conscrypt: Could not set socket write timeout: java.net.SocketException: Socket closed
08-01 08:21:06.716 13909 13959 W Conscrypt: 	at com.google.android.gms.org.conscrypt.Platform.setSocketWriteTimeout(:com.google.android.gms@222615031@22.26.15 (100700-461192076):2)
08-01 08:21:06.716 13909 13959 W Conscrypt: 	at com.google.android.gms.org.conscrypt.ConscryptFileDescriptorSocket.setSoWriteTimeout(:com.google.android.gms@222615031@22.26.15 (100700-461192076):0)
08-01 08:21:06.801 13909 13959 W Conscrypt: Could not set socket write timeout: java.net.SocketException: Socket closed
08-01 08:21:06.801 13909 13959 W Conscrypt: 	at com.google.android.gms.org.conscrypt.Platform.setSocketWriteTimeout(:com.google.android.gms@222615031@22.26.15 (100700-461192076):2)
08-01 08:21:06.801 13909 13959 W Conscrypt: 	at com.google.android.gms.org.conscrypt.ConscryptFileDescriptorSocket.setSoWriteTimeout(:com.google.android.gms@222615031@22.26.15 (100700-461192076):0)
08-01 08:21:06.907  1795  2479 E GnssHAL_GnssInterface: gnssSvStatusCb: a: input svInfo.flags is 8
08-01 08:21:06.907  1795  2479 E GnssHAL_GnssInterface: gnssSvStatusCb: b: input svInfo.flags is 8
08-01 08:21:06.976  2037  3300 W InputReader: Device has associated, but no associated display id.
08-01 08:21:06.978  2037  3300 I chatty  : uid=1000(system) Binder:2037_F identical 38 lines
08-01 08:21:06.978  2037  3300 W InputReader: Device has associated, but no associated display id.
08-01 08:21:06.979 13909 13909 W ActivityThread: handleWindowVisibility: no activity for token android.os.BinderProxy@fba56f1
08-01 08:21:06.996 13909 13909 I DynamiteModule: Considering local module com.google.android.gms.googlecertificates:7 and remote module com.google.android.gms.googlecertificates:7
08-01 08:21:06.996 13909 13909 I DynamiteModule: Selected local version of com.google.android.gms.googlecertificates
08-01 08:21:07.023  2037  3300 W InputReader: Device has associated, but no associated display id.
08-01 08:21:07.025  2037  3300 I chatty  : uid=1000(system) Binder:2037_F identical 48 lines
08-01 08:21:07.025  2037  3300 W InputReader: Device has associated, but no associated display id.
08-01 08:21:07.027 13909 13909 W ActivityThread: handleWindowVisibility: no activity for token android.os.BinderProxy@274dc12
08-01 08:21:07.060 25037 25495 I PeopleChimeraService: onService. callbacks = apfk@b87434a, request = com.google.android.gms.common.internal.GetServiceRequest@45462bb
08-01 08:21:07.069 10808 10834 I FontLog : Received query Google Sans, URI content://com.google.android.gms.fonts [CONTEXT service_id=132 ]
08-01 08:21:07.069 10808 10834 I FontLog : Query [Google Sans] resolved to {Google Sans, wdth 100.0, wght 400, ital 0.0, bestEffort false} [CONTEXT service_id=132 ]
08-01 08:21:07.070 25037  4034 E BasePeopleOperation: Failed to load OwnerAvatar from MDI with cause: %s
08-01 08:21:07.070 25037  4034 E BasePeopleOperation: java.util.concurrent.ExecutionException: bulz
08-01 08:21:07.070 25037  4034 E BasePeopleOperation: 	at cmxw.s(:com.google.android.gms@222615031@22.26.15 (100700-461192076):3)
08-01 08:21:07.070 25037  4034 E BasePeopleOperation: 	at cmxw.get(:com.google.android.gms@222615031@22.26.15 (100700-461192076):9)
08-01 08:21:07.070 25037  4034 E BasePeopleOperation: 	at bbvh.e(:com.google.android.gms@222615031@22.26.15 (100700-461192076):7)
08-01 08:21:07.070 25037  4034 E BasePeopleOperation: 	at bbvc.b(:com.google.android.gms@222615031@22.26.15 (100700-461192076):1)
08-01 08:21:07.070 25037  4034 E BasePeopleOperation: 	at bbva.d(:com.google.android.gms@222615031@22.26.15 (100700-461192076):3)
08-01 08:21:07.070 25037  4034 E BasePeopleOperation: 	at bcpg.f(:com.google.android.gms@222615031@22.26.15 (100700-461192076):1)
08-01 08:21:07.070 25037  4034 E BasePeopleOperation: 	at apfj.eo(:com.google.android.gms@222615031@22.26.15 (100700-461192076):1)
08-01 08:21:07.070 25037  4034 E BasePeopleOperation: 	at aixe.run(:com.google.android.gms@222615031@22.26.15 (100700-461192076):12)
08-01 08:21:07.070 25037  4034 E BasePeopleOperation: 	at chez.run(:com.google.android.gms@222615031@22.26.15 (100700-461192076):2)
08-01 08:21:07.070 25037  4034 E BasePeopleOperation: 	at zeu.c(:com.google.android.gms@222615031@22.26.15 (100700-461192076):6)
08-01 08:21:07.070 25037  4034 E BasePeopleOperation: 	at zeu.run(:com.google.android.gms@222615031@22.26.15 (100700-461192076):7)
08-01 08:21:07.070 25037  4034 E BasePeopleOperation: 	at java.util.concurrent.ThreadPoolExecutor.runWorker(ThreadPoolExecutor.java:1167)
08-01 08:21:07.070 25037  4034 E BasePeopleOperation: 	at java.util.concurrent.ThreadPoolExecutor$Worker.run(ThreadPoolExecutor.java:641)
08-01 08:21:07.070 25037  4034 E BasePeopleOperation: 	at zjz.run(:com.google.android.gms@222615031@22.26.15 (100700-461192076):0)
08-01 08:21:07.070 25037  4034 E BasePeopleOperation: 	at java.lang.Thread.run(Thread.java:919)
08-01 08:21:07.070 25037  4034 E BasePeopleOperation: Caused by: bulz
08-01 08:21:07.070 25037  4034 E BasePeopleOperation: 	at buml.a(:com.google.android.gms@222615031@22.26.15 (100700-461192076):2)
08-01 08:21:07.070 25037  4034 E BasePeopleOperation: 	at chfe.a(:com.google.android.gms@222615031@22.26.15 (100700-461192076):2)
08-01 08:21:07.070 25037  4034 E BasePeopleOperation: 	at cmxy.c(:com.google.android.gms@222615031@22.26.15 (100700-461192076):2)
08-01 08:21:07.070 25037  4034 E BasePeopleOperation: 	at cmya.run(:com.google.android.gms@222615031@22.26.15 (100700-461192076):9)
08-01 08:21:07.070 25037  4034 E BasePeopleOperation: 	at cmzk.execute(:com.google.android.gms@222615031@22.26.15 (100700-461192076):0)
08-01 08:21:07.070 25037  4034 E BasePeopleOperation: 	at cmxw.q(:com.google.android.gms@222615031@22.26.15 (100700-461192076):1)
08-01 08:21:07.070 25037  4034 E BasePeopleOperation: 	at cmxw.j(:com.google.android.gms@222615031@22.26.15 (100700-461192076):8)
08-01 08:21:07.070 25037  4034 E BasePeopleOperation: 	at cmxw.m(:com.google.android.gms@222615031@22.26.15 (100700-461192076):0)
08-01 08:21:07.070 25037  4034 E BasePeopleOperation: 	at cmxg.run(:com.google.android.gms@222615031@22.26.15 (100700-461192076):9)
08-01 08:21:07.070 25037  4034 E BasePeopleOperation: 	at cmzk.execute(:com.google.android.gms@222615031@22.26.15 (100700-461192076):0)
08-01 08:21:07.070 25037  4034 E BasePeopleOperation: 	at cmxw.q(:com.google.android.gms@222615031@22.26.15 (100700-461192076):1)
08-01 08:21:07.070 25037  4034 E BasePeopleOperation: 	at cmxw.j(:com.google.android.gms@222615031@22.26.15 (100700-461192076):8)
08-01 08:21:07.070 25037  4034 E BasePeopleOperation: 	at cmxw.m(:com.google.android.gms@222615031@22.26.15 (100700-461192076):0)
08-01 08:21:07.070 25037  4034 E BasePeopleOperation: 	at cmxz.e(:com.google.android.gms@222615031@22.26.15 (100700-461192076):0)
08-01 08:21:07.070 25037  4034 E BasePeopleOperation: 	at cmya.run(:com.google.android.gms@222615031@22.26.15 (100700-461192076):13)
08-01 08:21:07.070 25037  4034 E BasePeopleOperation: 	at cmzk.execute(:com.google.android.gms@222615031@22.26.15 (100700-461192076):0)
08-01 08:21:07.070 25037  4034 E BasePeopleOperation: 	at cmxw.q(:com.google.android.gms@222615031@22.26.15 (100700-461192076):1)
08-01 08:21:07.070 25037  4034 E BasePeopleOperation: 	at cmxw.j(:com.google.android.gms@222615031@22.26.15 (100700-461192076):8)
08-01 08:21:07.070 25037  4034 E BasePeopleOperation: 	at cmxw.p(:com.google.android.gms@222615031@22.26.15 (100700-461192076):2)
08-01 08:21:07.070 25037  4034 E BasePeopleOperation: 	at cnbq.e(:com.google.android.gms@222615031@22.26.15 (100700-461192076):2)
08-01 08:21:07.070 25037  4034 E BasePeopleOperation: 	at cnar.run(:com.google.android.gms@222615031@22.26.15 (100700-461192076):6)
08-01 08:21:07.070 25037  4034 E BasePeopleOperation: 	at cnbs.run(:com.google.android.gms@222615031@22.26.15 (100700-461192076):0)
08-01 08:21:07.070 25037  4034 E BasePeopleOperation: 	... 6 more
08-01 08:21:07.071 10808 10834 I FontLog : Font PFD returned from cache for {Google Sans, wdth 100.0, wght 400, ital 0.0, bestEffort false} [CONTEXT service_id=132 ]
08-01 08:21:07.071 10808 10834 I FontLog : Fetch {Google Sans, wdth 100.0, wght 400, ital 0.0, bestEffort false} end status Status{statusCode=SUCCESS, resolution=null} [CONTEXT service_id=132 ]
08-01 08:21:07.076 10808 10834 I FontLog : Pulling font file for id = 241, cache size = 6 [CONTEXT service_id=132 ]
08-01 08:21:07.088 13909 13909 W DividerItem: @android:attr/listDivider was not set in the theme used for this DividerItemDecoration. Please set that attribute all call setDrawable()
08-01 08:21:07.089 10808 10834 I FontLog : Received query Google Sans, URI content://com.google.android.gms.fonts [CONTEXT service_id=132 ]
08-01 08:21:07.089 10808 10834 I FontLog : Query [Google Sans] resolved to {Google Sans, wdth 100.0, wght 400, ital 0.0, bestEffort false} [CONTEXT service_id=132 ]
08-01 08:21:07.090 10808 10834 I FontLog : Font PFD returned from cache for {Google Sans, wdth 100.0, wght 400, ital 0.0, bestEffort false} [CONTEXT service_id=132 ]
08-01 08:21:07.090 10808 10834 I FontLog : Fetch {Google Sans, wdth 100.0, wght 400, ital 0.0, bestEffort false} end status Status{statusCode=SUCCESS, resolution=null} [CONTEXT service_id=132 ]
08-01 08:21:07.095 10808 11259 I FontLog : Pulling font file for id = 242, cache size = 7 [CONTEXT service_id=132 ]
08-01 08:21:07.119  1796 11341 D gralloc_ranchu: gralloc_alloc: Creating ashmem region of size 4681728
08-01 08:21:07.123  1796 11341 I chatty  : uid=1000(system) HwBinder:1796_3 identical 1 line
08-01 08:21:07.124  1796 11341 D gralloc_ranchu: gralloc_alloc: Creating ashmem region of size 4681728
08-01 08:21:07.125  5959  6009 I Finsky  : [3798] ixc.run(30): Stats for Executor: BlockingExecutor iya@d66086b[Running, pool size = 1, active threads = 0, queued tasks = 0, completed tasks = 83]
08-01 08:21:07.125  5959  6009 I Finsky  : [3798] ixc.run(30): Stats for Executor: LightweightExecutor iya@8c45fc8[Running, pool size = 3, active threads = 0, queued tasks = 0, completed tasks = 1194]
08-01 08:21:07.127 13909 13943 D EGL_emulation: eglMakeCurrent: 0xdde5c180: ver 2 0 (tinfo 0xddf13c20)
08-01 08:21:07.158  2037  2059 W InputReader: Device has associated, but no associated display id.
08-01 08:21:07.160  2037  2059 I chatty  : uid=1000(system) android.anim identical 8 lines
08-01 08:21:07.160  2037  2059 W InputReader: Device has associated, but no associated display id.
08-01 08:21:07.177 10808 11259 I FontLog : Received query Google Sans, URI content://com.google.android.gms.fonts [CONTEXT service_id=132 ]
08-01 08:21:07.177 10808 11259 I FontLog : Query [Google Sans] resolved to {Google Sans, wdth 100.0, wght 400, ital 0.0, bestEffort false} [CONTEXT service_id=132 ]
08-01 08:21:07.178 10808 11259 I FontLog : Font PFD returned from cache for {Google Sans, wdth 100.0, wght 400, ital 0.0, bestEffort false} [CONTEXT service_id=132 ]
08-01 08:21:07.178 10808 11259 I FontLog : Fetch {Google Sans, wdth 100.0, wght 400, ital 0.0, bestEffort false} end status Status{statusCode=SUCCESS, resolution=null} [CONTEXT service_id=132 ]
08-01 08:21:07.187 13909 13943 D EGL_emulation: eglMakeCurrent: 0xdde5c180: ver 2 0 (tinfo 0xddf13c20)
08-01 08:21:07.191  1796 11341 D gralloc_ranchu: gralloc_alloc: Creating ashmem region of size 6103040
08-01 08:21:07.192 10808 11259 I FontLog : Pulling font file for id = 243, cache size = 5 [CONTEXT service_id=132 ]
08-01 08:21:07.204 13909 13943 D EGL_emulation: eglMakeCurrent: 0xdde5c180: ver 2 0 (tinfo 0xddf13c20)
08-01 08:21:07.225  1796 11341 D gralloc_ranchu: gralloc_alloc: Creating ashmem region of size 6103040
08-01 08:21:07.232  1796 11341 D gralloc_ranchu: gralloc_alloc: Creating ashmem region of size 6103040
08-01 08:21:07.246 13909 13943 D EGL_emulation: eglMakeCurrent: 0xdde5c180: ver 2 0 (tinfo 0xddf13c20)
08-01 08:21:07.246 13827 13858 D InteractionController: clickNoSync (707, 1006)
08-01 08:21:07.250  1796 11341 D gralloc_ranchu: gralloc_alloc: Creating ashmem region of size 6070272
08-01 08:21:07.261 13909 13943 D EGL_emulation: eglMakeCurrent: 0xdde5c180: ver 2 0 (tinfo 0xddf13c20)
08-01 08:21:07.272  1796 11341 D gralloc_ranchu: gralloc_alloc: Creating ashmem region of size 6070272
08-01 08:21:07.278 13909 13943 D EGL_emulation: eglMakeCurrent: 0xdde5c180: ver 2 0 (tinfo 0xddf13c20)
08-01 08:21:07.281  1796 11341 D gralloc_ranchu: gralloc_alloc: Creating ashmem region of size 6045696
08-01 08:21:07.283  1824  1824 E SurfaceFlinger: [com.google.android.gms/com.google.android.gms.common.account.AccountPickerActivity#0] rejecting buffer: bufWidth=1200, bufHeight=1264, front.active_legacy.{w=1200, h=1271}
08-01 08:21:07.292 13909 13943 D EGL_emulation: eglMakeCurrent: 0xdde5c180: ver 2 0 (tinfo 0xddf13c20)
08-01 08:21:07.298  1796 11341 D gralloc_ranchu: gralloc_alloc: Creating ashmem region of size 6045696
08-01 08:21:07.311  1796 11341 D gralloc_ranchu: gralloc_alloc: Creating ashmem region of size 6045696
08-01 08:21:07.658  5959  6009 I Finsky  : [3798] ixc.run(30): Stats for Executor: bgExecutor iya@d7be861[Running, pool size = 4, active threads = 0, queued tasks = 0, completed tasks = 6495]
08-01 08:21:07.839  2037  4489 I AccountManagerService: the accounts changed, sending broadcast of android.accounts.LOGIN_ACCOUNTS_CHANGED
08-01 08:21:07.842  2037  3300 W InputReader: Device has associated, but no associated display id.
08-01 08:21:07.842  2037  3300 I chatty  : uid=1000(system) Binder:2037_F identical 8 lines
08-01 08:21:07.842  2037  3300 W InputReader: Device has associated, but no associated display id.
08-01 08:21:07.850  2037  3195 W InputReader: Device has associated, but no associated display id.
08-01 08:21:07.853  2037  3195 I chatty  : uid=1000(system) Binder:2037_E identical 28 lines
08-01 08:21:07.853  2037  3195 W InputReader: Device has associated, but no associated display id.
08-01 08:21:07.855 13827 13858 W .hkxps17.turnu: Accessing hidden method Lsun/misc/Unsafe;->compareAndSwapObject(Ljava/lang/Object;JLjava/lang/Object;Ljava/lang/Object;)Z (greylist, linking, allowed)
08-01 08:21:07.855 13827 13827 W RootViewPicker: No activity currently resumed - waiting: 10ms for one to appear.
08-01 08:21:07.855  1778  1778 D Zygote  : Forked child process 13968
08-01 08:21:07.855 13827 13903 W .hkxps17.turnu: Accessing hidden method Lsun/misc/Unsafe;->compareAndSwapObject(Ljava/lang/Object;JLjava/lang/Object;Ljava/lang/Object;)Z (greylist, linking, allowed)
08-01 08:21:07.856  2037  3195 W InputReader: Device has associated, but no associated display id.
08-01 08:21:07.856  2037  3195 I chatty  : uid=1000(system) Binder:2037_E identical 8 lines
08-01 08:21:07.856  2037  3195 W InputReader: Device has associated, but no associated display id.
08-01 08:21:07.866 13827 13827 W RootViewPicker: No activity currently resumed - waiting: 50ms for one to appear.
08-01 08:21:07.867 13909 13943 D EGL_emulation: eglMakeCurrent: 0xdde5c180: ver 2 0 (tinfo 0xddf13c20)
08-01 08:21:07.869 13968 13968 W roid.music:mai: Unexpected CPU variant for X86 using defaults: x86
08-01 08:21:07.871 13968 13968 E roid.music:mai: Not starting debugger since process cannot load the jdwp agent.
08-01 08:21:07.875 13909 13943 D OpenGLRenderer: endAllActiveAnimators on 0xb9eb7800 (RippleDrawable) with handle 0xd2bac920
08-01 08:21:07.908  1795  2479 E GnssHAL_GnssInterface: gnssSvStatusCb: a: input svInfo.flags is 8
08-01 08:21:07.908  1795  2479 E GnssHAL_GnssInterface: gnssSvStatusCb: b: input svInfo.flags is 8
08-01 08:21:07.918 13827 13827 W RootViewPicker: No activity currently resumed - waiting: 100ms for one to appear.
08-01 08:21:07.932 13968 13968 D ApplicationLoaders: Returning zygote-cached class loader: /system/framework/android.hidl.base-V1.0-java.jar
08-01 08:21:07.932 13968 13968 D ApplicationLoaders: Returning zygote-cached class loader: /system/framework/android.hidl.manager-V1.0-java.jar
08-01 08:21:07.932 13968 13968 D ApplicationLoaders: Returning zygote-cached class loader: /system/framework/android.hidl.base-V1.0-java.jar
08-01 08:21:07.933 13968 13968 I roid.music:mai: The ClassLoaderContext is a special shared library.
08-01 08:21:07.934 13968 13968 I roid.music:mai: The ClassLoaderContext is a special shared library.
08-01 08:21:07.942 13968 13968 I MultiDex: VM with version 2.1.0 has multidex support
08-01 08:21:07.942 13968 13968 I MultiDex: install
08-01 08:21:07.942 13968 13968 I MultiDex: VM has multidex support, MultiDex support library is disabled.
08-01 08:21:07.946 13968 13968 D ProcessNameProvider: Content provider MainProcessTypeInitializerContentProvider created for process MAIN
08-01 08:21:07.949 13968 13968 D MusicLifecycle: com.google.android.music.store.ConfigContentProvider generated event: Content provider created
08-01 08:21:07.950 13968 13968 D MusicLifecycle: com.google.android.music.api.MusicPublicContentProvider generated event: Content provider created
08-01 08:21:07.954 13968 13968 D MusicLifecycle: com.google.android.music.store.MusicContentProvider generated event: Content provider created
08-01 08:21:07.959  2037  3505 W InputReader: Device has associated, but no associated display id.
08-01 08:21:07.959  2037  3505 I chatty  : uid=1000(system) Binder:2037_15 identical 8 lines
08-01 08:21:07.959  2037  3505 W InputReader: Device has associated, but no associated display id.
08-01 08:21:07.965  2037  5119 W InputReader: Device has associated, but no associated display id.
08-01 08:21:07.969  2037  5119 I chatty  : uid=1000(system) Binder:2037_1E identical 48 lines
08-01 08:21:07.969  2037  5119 W InputReader: Device has associated, but no associated display id.
08-01 08:21:07.973  2037  3102 W InputReader: Device has associated, but no associated display id.
08-01 08:21:07.976  2037  3102 I chatty  : uid=1000(system) Binder:2037_D identical 38 lines
08-01 08:21:07.976  2037  3102 W InputReader: Device has associated, but no associated display id.
08-01 08:21:07.984 13968 13968 D MusicLifecycle: com.google.android.music.ui.PhoneMusicApplication generated event: Application created
08-01 08:21:07.984 13968 13968 I AndroidMusic: Application start. Process=MAIN
08-01 08:21:07.990  3995  4140 I A       : (REDACTED) GMSCore Auth returned %d accounts.
