08-01 08:29:34.870 10808 19280 E djrt    : 	at djrs.<init>(:com.google.android.gms@222615031@22.26.15 (100700-461192076):3)
08-01 08:29:34.870 10808 19280 E djrt    : 	at djrt.<init>(:com.google.android.gms@222615031@22.26.15 (100700-461192076):2)
08-01 08:29:34.870 10808 19280 E djrt    : 	at djke.a(:com.google.android.gms@222615031@22.26.15 (100700-461192076):22)
08-01 08:29:34.870 10808 19280 E djrt    : 	at yyi.c(:com.google.android.gms@222615031@22.26.15 (100700-461192076):22)
08-01 08:29:34.870 10808 19280 E djrt    : 	at yyi.e(:com.google.android.gms@222615031@22.26.15 (100700-461192076):1)
08-01 08:29:34.870 10808 19280 E djrt    : 	at apyp.a(:com.google.android.gms@222615031@22.26.15 (100700-461192076):6)
08-01 08:29:34.870 10808 19280 E djrt    : 	at apzc.run(:com.google.android.gms@222615031@22.26.15 (100700-461192076):2)
08-01 08:29:34.870 10808 19280 E djrt    : 	at java.util.concurrent.Executors$RunnableAdapter.call(Executors.java:462)
08-01 08:29:34.870 10808 19280 E djrt    : 	at java.util.concurrent.FutureTask.run(FutureTask.java:266)
08-01 08:29:34.870 10808 19280 E djrt    : 	at zeu.c(:com.google.android.gms@222615031@22.26.15 (100700-461192076):6)
08-01 08:29:34.870 10808 19280 E djrt    : 	at zeu.run(:com.google.android.gms@222615031@22.26.15 (100700-461192076):7)
08-01 08:29:34.870 10808 19280 E djrt    : 	at java.util.concurrent.ThreadPoolExecutor.runWorker(ThreadPoolExecutor.java:1167)
08-01 08:29:34.870 10808 19280 E djrt    : 	at java.util.concurrent.ThreadPoolExecutor$Worker.run(ThreadPoolExecutor.java:641)
08-01 08:29:34.870 10808 19280 E djrt    : 	at zjz.run(:com.google.android.gms@222615031@22.26.15 (100700-461192076):0)
08-01 08:29:34.870 10808 19280 E djrt    : 	at java.lang.Thread.run(Thread.java:919)
08-01 08:29:34.876 10808 19280 W GLSUser : [DeviceKeyStore] Cannot load key: Device key file not found.
08-01 08:29:34.882  1778  1778 D Zygote  : Forked child process 19995
08-01 08:29:34.885 19995 19995 W id.gms.unstabl: Unexpected CPU variant for X86 using defaults: x86
08-01 08:29:34.896 19995 19995 E id.gms.unstabl: Not starting debugger since process cannot load the jdwp agent.
08-01 08:29:34.915 19995 19995 I id.gms.unstabl: The ClassLoaderContext is a special shared library.
08-01 08:29:34.916 19995 19995 I chatty  : uid=10097 com.google.android.gms.unstable identical 1 line
08-01 08:29:34.916 19995 19995 I id.gms.unstabl: The ClassLoaderContext is a special shared library.
08-01 08:29:34.920 19995 19995 W id.gms.unstabl: JIT profile information will not be recorded: profile file does not exits.
08-01 08:29:34.920 19995 19995 W id.gms.unstabl: JIT profile information will not be recorded: profile file does not exits.
08-01 08:29:34.948  1795  2479 E GnssHAL_GnssInterface: gnssSvStatusCb: a: input svInfo.flags is 8
08-01 08:29:34.949  1795  2479 E GnssHAL_GnssInterface: gnssSvStatusCb: b: input svInfo.flags is 8
08-01 08:29:34.979 19713 19968 W .hkxps17.turnu: Accessing hidden field Ljava/nio/Buffer;->position:I (greylist, JNI, allowed)
08-01 08:29:34.980 19713 19968 W .hkxps17.turnu: Accessing hidden field Ljava/nio/Buffer;->limit:I (greylist, JNI, allowed)
08-01 08:29:34.980 19713 19968 W .hkxps17.turnu: Accessing hidden field Ljava/nio/Buffer;->_elementSizeShift:I (greylist, JNI, allowed)
08-01 08:29:34.982 19713 19989 W .hkxps17.turnu: Accessing hidden method Lsun/misc/Unsafe;->getObject(Ljava/lang/Object;J)Ljava/lang/Object; (greylist, linking, allowed)
08-01 08:29:34.984 19995 19995 W ProviderHelper: Unknown dynamite feature providerinstaller.dynamite
08-01 08:29:34.987 19995 19995 I DynamiteModule: Considering local module com.google.android.gms.providerinstaller.dynamite:1 and remote module com.google.android.gms.providerinstaller.dynamite:0
08-01 08:29:34.987 19995 19995 I DynamiteModule: Selected local version of com.google.android.gms.providerinstaller.dynamite
08-01 08:29:34.997 19995 19995 V NativeCrypto: Registering com/google/android/gms/org/conscrypt/NativeCrypto's 295 native methods...
08-01 08:29:35.010 19995 19995 D NetworkSecurityConfig: Using Network Security Config from resource network_security_config debugBuild: false
08-01 08:29:35.011 19995 19995 I ProviderInstaller: Installed default security provider GmsCore_OpenSSL
08-01 08:29:35.039 19995 20024 I Watchcat: Started
08-01 08:29:35.040 19995 20025 I GMS_MM_Logger: Started.
08-01 08:29:35.040 19995 19995 I bwvl    : Primes not initialized, returning default (no-op) Primes instance which will ignore all calls. Please call Primes.initialize(...) before using any Primes API.
08-01 08:29:35.045 19713 19952 W DynamiteModule: Local module descriptor class for com.google.android.gms.googlecertificates not found.
08-01 08:29:35.052 19713 19952 I DynamiteModule: Considering local module com.google.android.gms.googlecertificates:0 and remote module com.google.android.gms.googlecertificates:7
08-01 08:29:35.054 19713 19952 I DynamiteModule: Selected remote version of com.google.android.gms.googlecertificates, version >= 7
08-01 08:29:35.086 19713 19952 W .hkxps17.turnu: Accessing hidden method Lsun/misc/Unsafe;->getObject(Ljava/lang/Object;J)Ljava/lang/Object; (greylist, linking, allowed)
08-01 08:29:35.086 19713 19952 W .hkxps17.turnu: Accessing hidden method Lsun/misc/Unsafe;->putObject(Ljava/lang/Object;JLjava/lang/Object;)V (greylist, linking, allowed)
08-01 08:29:35.086 19713 19952 W .hkxps17.turnu: Accessing hidden method Lsun/misc/Unsafe;->getObject(Ljava/lang/Object;J)Ljava/lang/Object; (greylist, linking, allowed)
08-01 08:29:35.087 19713 19952 W .hkxps17.turnu: Accessing hidden method Lsun/misc/Unsafe;->compareAndSwapObject(Ljava/lang/Object;JLjava/lang/Object;Ljava/lang/Object;)Z (greylist, linking, allowed)
08-01 08:29:35.112 19713 19921 W .hkxps17.turnu: Accessing hidden method Lsun/misc/Unsafe;->getLong(Ljava/lang/Object;J)J (greylist,core-platform-api, linking, allowed)
08-01 08:29:35.112 19713 19921 W .hkxps17.turnu: Accessing hidden method Lsun/misc/Unsafe;->putLong(Ljava/lang/Object;JJ)V (greylist, linking, allowed)
08-01 08:29:35.112 19713 19921 W .hkxps17.turnu: Accessing hidden method Lsun/misc/Unsafe;->getInt(Ljava/lang/Object;J)I (greylist, linking, allowed)
08-01 08:29:35.112 19713 19921 W .hkxps17.turnu: Accessing hidden method Lsun/misc/Unsafe;->getObject(Ljava/lang/Object;J)Ljava/lang/Object; (greylist, linking, allowed)
08-01 08:29:35.115 19713 19921 I SnapshotHandler: Unable to retrieve flag snapshot for com.google.android.libraries.consentverifier#com.hkxps17.turnup, using defaults.
08-01 08:29:35.116 19713 19921 W .hkxps17.turnu: Accessing hidden method Lsun/misc/Unsafe;->getInt(Ljava/lang/Object;J)I (greylist, linking, allowed)
08-01 08:29:35.117 19713 19921 W .hkxps17.turnu: Accessing hidden method Lsun/misc/Unsafe;->getObject(Ljava/lang/Object;J)Ljava/lang/Object; (greylist, linking, allowed)
08-01 08:29:35.130 19713 19921 W .hkxps17.turnu: Accessing hidden method Lsun/misc/Unsafe;->compareAndSwapObject(Ljava/lang/Object;JLjava/lang/Object;Ljava/lang/Object;)Z (greylist, linking, allowed)
08-01 08:29:35.131 19713 19922 W MobStoreFlagStore: Unable to update local snapshot for com.google.android.libraries.consentverifier#com.hkxps17.turnup, may result in stale flags.
08-01 08:29:35.131 19713 19922 W MobStoreFlagStore: java.util.concurrent.ExecutionException: java.lang.SecurityException: GoogleCertificatesRslt: not allowed: pkg=com.hkxps17.turnup, sha256=[b88f376c2f33757ef6b3f12a23238906ee0ee76f1eac0df575b0e642f43fa802], atk=false, ver=222615031.true (go/gsrlt)
08-01 08:29:35.131 19713 19922 W MobStoreFlagStore: 	at aif.s(:com.google.android.gms.dynamite_mapsdynamite@222615068@22.26.15 (100700-0):3)
08-01 08:29:35.131 19713 19922 W MobStoreFlagStore: 	at aif.get(:com.google.android.gms.dynamite_mapsdynamite@222615068@22.26.15 (100700-0):2)
08-01 08:29:35.131 19713 19922 W MobStoreFlagStore: 	at ajp.g(:com.google.android.gms.dynamite_mapsdynamite@222615068@22.26.15 (100700-0):2)
08-01 08:29:35.131 19713 19922 W MobStoreFlagStore: 	at yg.d(:com.google.android.gms.dynamite_mapsdynamite@222615068@22.26.15 (100700-0):1)
08-01 08:29:35.131 19713 19922 W MobStoreFlagStore: 	at yi.run(:com.google.android.gms.dynamite_mapsdynamite@222615068@22.26.15 (100700-0):0)
08-01 08:29:35.131 19713 19922 W MobStoreFlagStore: 	at java.util.concurrent.Executors$RunnableAdapter.call(Executors.java:462)
08-01 08:29:35.131 19713 19922 W MobStoreFlagStore: 	at java.util.concurrent.FutureTask.run(FutureTask.java:266)
08-01 08:29:35.131 19713 19922 W MobStoreFlagStore: 	at java.util.concurrent.ScheduledThreadPoolExecutor$ScheduledFutureTask.run(ScheduledThreadPoolExecutor.java:301)
08-01 08:29:35.131 19713 19922 W MobStoreFlagStore: 	at java.util.concurrent.ThreadPoolExecutor.runWorker(ThreadPoolExecutor.java:1167)
08-01 08:29:35.131 19713 19922 W MobStoreFlagStore: 	at java.util.concurrent.ThreadPoolExecutor$Worker.run(ThreadPoolExecutor.java:641)
08-01 08:29:35.131 19713 19922 W MobStoreFlagStore: 	at java.lang.Thread.run(Thread.java:919)
08-01 08:29:35.131 19713 19922 W MobStoreFlagStore: Caused by: java.lang.SecurityException: GoogleCertificatesRslt: not allowed: pkg=com.hkxps17.turnup, sha256=[b88f376c2f33757ef6b3f12a23238906ee0ee76f1eac0df575b0e642f43fa802], atk=false, ver=222615031.true (go/gsrlt)
08-01 08:29:35.131 19713 19922 W MobStoreFlagStore: 	at android.os.Parcel.createException(Parcel.java:2071)
08-01 08:29:35.131 19713 19922 W MobStoreFlagStore: 	at android.os.Parcel.readException(Parcel.java:2039)
08-01 08:29:35.131 19713 19922 W MobStoreFlagStore: 	at android.os.Parcel.readException(Parcel.java:1987)
08-01 08:29:35.131 19713 19922 W MobStoreFlagStore: 	at es.bc(:com.google.android.gms.dynamite_mapsdynamite@222615068@22.26.15 (100700-0):2)
08-01 08:29:35.131 19713 19922 W MobStoreFlagStore: 	at rs.a(:com.google.android.gms.dynamite_mapsdynamite@222615068@22.26.15 (100700-0):4)
08-01 08:29:35.131 19713 19922 W MobStoreFlagStore: 	at iz.e(:com.google.android.gms.dynamite_mapsdynamite@222615068@22.26.15 (100700-0):2)
08-01 08:29:35.131 19713 19922 W MobStoreFlagStore: 	at jy.t(:com.google.android.gms.dynamite_mapsdynamite@222615068@22.26.15 (100700-0):2)
08-01 08:29:35.131 19713 19922 W MobStoreFlagStore: 	at jy.u(:com.google.android.gms.dynamite_mapsdynamite@222615068@22.26.15 (100700-0):3)
08-01 08:29:35.131 19713 19922 W MobStoreFlagStore: 	at jy.e(:com.google.android.gms.dynamite_mapsdynamite@222615068@22.26.15 (100700-0):2)
08-01 08:29:35.131 19713 19922 W MobStoreFlagStore: 	at kc.handleMessage(:com.google.android.gms.dynamite_mapsdynamite@222615068@22.26.15 (100700-0):69)
08-01 08:29:35.131 19713 19922 W MobStoreFlagStore: 	at android.os.Handler.dispatchMessage(Handler.java:103)
08-01 08:29:35.131 19713 19922 W MobStoreFlagStore: 	at android.os.Looper.loop(Looper.java:214)
08-01 08:29:35.131 19713 19922 W MobStoreFlagStore: 	at android.os.HandlerThread.run(HandlerThread.java:67)
08-01 08:29:35.217 10808 19280 W Conscrypt: Could not set socket write timeout: java.net.SocketException: Socket closed
08-01 08:29:35.219 10808 19280 W Conscrypt: 	at com.google.android.gms.org.conscrypt.Platform.setSocketWriteTimeout(:com.google.android.gms@222615031@22.26.15 (100700-461192076):2)
08-01 08:29:35.220 10808 19280 W Conscrypt: 	at com.google.android.gms.org.conscrypt.ConscryptFileDescriptorSocket.setSoWriteTimeout(:com.google.android.gms@222615031@22.26.15 (100700-461192076):0)
08-01 08:29:35.233 19713 19969 W .hkxps17.turnu: Accessing hidden method Lsun/misc/Unsafe;->putObject(Ljava/lang/Object;JLjava/lang/Object;)V (greylist, linking, allowed)
08-01 08:29:35.233 19713 19969 W .hkxps17.turnu: Accessing hidden method Lsun/misc/Unsafe;->getObject(Ljava/lang/Object;J)Ljava/lang/Object; (greylist, linking, allowed)
08-01 08:29:35.234 19713 19921 W .hkxps17.turnu: Accessing hidden method Lsun/misc/Unsafe;->putLong(Ljava/lang/Object;JJ)V (greylist, linking, allowed)
08-01 08:29:35.234 19713 19921 W .hkxps17.turnu: Accessing hidden method Lsun/misc/Unsafe;->getInt(Ljava/lang/Object;J)I (greylist, linking, allowed)
08-01 08:29:35.234 19713 19921 W .hkxps17.turnu: Accessing hidden method Lsun/misc/Unsafe;->getObject(Ljava/lang/Object;J)Ljava/lang/Object; (greylist, linking, allowed)
08-01 08:29:35.236 19713 19921 W .hkxps17.turnu: Accessing hidden method Lsun/misc/Unsafe;->getInt(Ljava/lang/Object;J)I (greylist, linking, allowed)
08-01 08:29:35.236 19713 19921 W .hkxps17.turnu: Accessing hidden method Lsun/misc/Unsafe;->getObject(Ljava/lang/Object;J)Ljava/lang/Object; (greylist, linking, allowed)
08-01 08:29:35.237 19713 19921 W .hkxps17.turnu: Accessing hidden method Lsun/misc/Unsafe;->getInt(Ljava/lang/Object;J)I (greylist, linking, allowed)
08-01 08:29:35.237 19713 19921 W .hkxps17.turnu: Accessing hidden method Lsun/misc/Unsafe;->getObject(Ljava/lang/Object;J)Ljava/lang/Object; (greylist, linking, allowed)
08-01 08:29:35.239 19713 19921 W .hkxps17.turnu: Accessing hidden method Lsun/misc/Unsafe;->getInt(Ljava/lang/Object;J)I (greylist, linking, allowed)
08-01 08:29:35.239 19713 19921 W .hkxps17.turnu: Accessing hidden method Lsun/misc/Unsafe;->getObject(Ljava/lang/Object;J)Ljava/lang/Object; (greylist, linking, allowed)
08-01 08:29:35.239 19713 19921 W .hkxps17.turnu: Accessing hidden method Lsun/misc/Unsafe;->getInt(Ljava/lang/Object;J)I (greylist, linking, allowed)
08-01 08:29:35.240 19713 19921 W .hkxps17.turnu: Accessing hidden method Lsun/misc/Unsafe;->getObject(Ljava/lang/Object;J)Ljava/lang/Object; (greylist, linking, allowed)
08-01 08:29:35.242 19713 19921 W .hkxps17.turnu: Accessing hidden method Lsun/misc/Unsafe;->getInt(Ljava/lang/Object;J)I (greylist, linking, allowed)
08-01 08:29:35.242 19713 19921 W .hkxps17.turnu: Accessing hidden method Lsun/misc/Unsafe;->getObject(Ljava/lang/Object;J)Ljava/lang/Object; (greylist, linking, allowed)
08-01 08:29:35.243 19713 19921 W .hkxps17.turnu: Accessing hidden method Lsun/misc/Unsafe;->getInt(Ljava/lang/Object;J)I (greylist, linking, allowed)
08-01 08:29:35.244 19713 19921 W .hkxps17.turnu: Accessing hidden method Lsun/misc/Unsafe;->getObject(Ljava/lang/Object;J)Ljava/lang/Object; (greylist, linking, allowed)
08-01 08:29:35.245 19713 19921 W .hkxps17.turnu: Accessing hidden method Lsun/misc/Unsafe;->getInt(Ljava/lang/Object;J)I (greylist, linking, allowed)
08-01 08:29:35.246 19713 19921 W .hkxps17.turnu: Accessing hidden method Lsun/misc/Unsafe;->getObject(Ljava/lang/Object;J)Ljava/lang/Object; (greylist, linking, allowed)
08-01 08:29:35.247 19713 19921 W .hkxps17.turnu: Accessing hidden method Lsun/misc/Unsafe;->getInt(Ljava/lang/Object;J)I (greylist, linking, allowed)
08-01 08:29:35.247 19713 19921 W .hkxps17.turnu: Accessing hidden method Lsun/misc/Unsafe;->getObject(Ljava/lang/Object;J)Ljava/lang/Object; (greylist, linking, allowed)
08-01 08:29:35.248 19713 19921 W .hkxps17.turnu: Accessing hidden method Lsun/misc/Unsafe;->getInt(Ljava/lang/Object;J)I (greylist, linking, allowed)
08-01 08:29:35.249 19713 19921 W .hkxps17.turnu: Accessing hidden method Lsun/misc/Unsafe;->getObject(Ljava/lang/Object;J)Ljava/lang/Object; (greylist, linking, allowed)
08-01 08:29:35.251 19713 19921 W .hkxps17.turnu: Accessing hidden method Lsun/misc/Unsafe;->getInt(Ljava/lang/Object;J)I (greylist, linking, allowed)
08-01 08:29:35.251 19713 19921 W .hkxps17.turnu: Accessing hidden method Lsun/misc/Unsafe;->getObject(Ljava/lang/Object;J)Ljava/lang/Object; (greylist, linking, allowed)
08-01 08:29:35.252 19713 19921 W .hkxps17.turnu: Accessing hidden method Lsun/misc/Unsafe;->getInt(Ljava/lang/Object;J)I (greylist, linking, allowed)
08-01 08:29:35.252 19713 19921 W .hkxps17.turnu: Accessing hidden method Lsun/misc/Unsafe;->getObject(Ljava/lang/Object;J)Ljava/lang/Object; (greylist, linking, allowed)
08-01 08:29:35.287 10808 19280 W Conscrypt: Could not set socket write timeout: java.net.SocketException: Socket closed
08-01 08:29:35.287 10808 19280 W Conscrypt: 	at com.google.android.gms.org.conscrypt.Platform.setSocketWriteTimeout(:com.google.android.gms@222615031@22.26.15 (100700-461192076):2)
08-01 08:29:35.287 10808 19280 W Conscrypt: 	at com.google.android.gms.org.conscrypt.ConscryptFileDescriptorSocket.setSoWriteTimeout(:com.google.android.gms@222615031@22.26.15 (100700-461192076):0)
08-01 08:29:35.374 10808 19280 W GLSUser : [AppCertManager] IOException while requesting key:
08-01 08:29:35.374 10808 19280 W GLSUser : java.io.IOException: Invalid device key response.
08-01 08:29:35.374 10808 19280 W GLSUser : 	at lqh.b(:com.google.android.gms@222615031@22.26.15 (100700-461192076):29)
08-01 08:29:35.374 10808 19280 W GLSUser : 	at lqf.a(:com.google.android.gms@222615031@22.26.15 (100700-461192076):5)
08-01 08:29:35.374 10808 19280 W GLSUser : 	at lqb.a(:com.google.android.gms@222615031@22.26.15 (100700-461192076):0)
08-01 08:29:35.374 10808 19280 W GLSUser : 	at lqd.a(:com.google.android.gms@222615031@22.26.15 (100700-461192076):5)
08-01 08:29:35.374 10808 19280 W GLSUser : 	at lqd.b(:com.google.android.gms@222615031@22.26.15 (100700-461192076):0)
08-01 08:29:35.374 10808 19280 W GLSUser : 	at yxu.s(:com.google.android.gms@222615031@22.26.15 (100700-461192076):1)
08-01 08:29:35.374 10808 19280 W GLSUser : 	at yyi.e(:com.google.android.gms@222615031@22.26.15 (100700-461192076):4)
08-01 08:29:35.374 10808 19280 W GLSUser : 	at apyp.a(:com.google.android.gms@222615031@22.26.15 (100700-461192076):6)
08-01 08:29:35.374 10808 19280 W GLSUser : 	at apzc.run(:com.google.android.gms@222615031@22.26.15 (100700-461192076):2)
08-01 08:29:35.374 10808 19280 W GLSUser : 	at java.util.concurrent.Executors$RunnableAdapter.call(Executors.java:462)
08-01 08:29:35.374 10808 19280 W GLSUser : 	at java.util.concurrent.FutureTask.run(FutureTask.java:266)
08-01 08:29:35.374 10808 19280 W GLSUser : 	at zeu.c(:com.google.android.gms@222615031@22.26.15 (100700-461192076):6)
08-01 08:29:35.374 10808 19280 W GLSUser : 	at zeu.run(:com.google.android.gms@222615031@22.26.15 (100700-461192076):7)
08-01 08:29:35.374 10808 19280 W GLSUser : 	at java.util.concurrent.ThreadPoolExecutor.runWorker(ThreadPoolExecutor.java:1167)
08-01 08:29:35.374 10808 19280 W GLSUser : 	at java.util.concurrent.ThreadPoolExecutor$Worker.run(ThreadPoolExecutor.java:641)
08-01 08:29:35.374 10808 19280 W GLSUser : 	at zjz.run(:com.google.android.gms@222615031@22.26.15 (100700-461192076):0)
08-01 08:29:35.374 10808 19280 W GLSUser : 	at java.lang.Thread.run(Thread.java:919)
08-01 08:29:35.374 10808 19280 W GLSUser : [DeviceKeyStore] Cannot load key: Device key file not found.
08-01 08:29:35.423 10808 19655 W Conscrypt: Could not set socket write timeout: java.net.SocketException: Socket closed
08-01 08:29:35.423 10808 19655 W Conscrypt: 	at com.google.android.gms.org.conscrypt.Platform.setSocketWriteTimeout(:com.google.android.gms@222615031@22.26.15 (100700-461192076):2)
08-01 08:29:35.423 10808 19655 W Conscrypt: 	at com.google.android.gms.org.conscrypt.ConscryptFileDescriptorSocket.setSoWriteTimeout(:com.google.android.gms@222615031@22.26.15 (100700-461192076):0)
08-01 08:29:35.493 10808 19655 W Conscrypt: Could not set socket write timeout: java.net.SocketException: Socket closed
08-01 08:29:35.493 10808 19655 W Conscrypt: 	at com.google.android.gms.org.conscrypt.Platform.setSocketWriteTimeout(:com.google.android.gms@222615031@22.26.15 (100700-461192076):2)
08-01 08:29:35.493 10808 19655 W Conscrypt: 	at com.google.android.gms.org.conscrypt.ConscryptFileDescriptorSocket.setSoWriteTimeout(:com.google.android.gms@222615031@22.26.15 (100700-461192076):0)
08-01 08:29:35.497 19713 19989 W .hkxps17.turnu: Accessing hidden method Lsun/misc/Unsafe;->getInt(Ljava/lang/Object;J)I (greylist, linking, allowed)
08-01 08:29:35.497 19713 19989 W .hkxps17.turnu: Accessing hidden method Lsun/misc/Unsafe;->getObject(Ljava/lang/Object;J)Ljava/lang/Object; (greylist, linking, allowed)
08-01 08:29:35.527 10808 19655 I NetworkScheduler.Stats: Task com.google.android.gms/com.google.android.gms.phenotype.service.sync.PhenotypeConfigurator started execution. cause:1 exec_start_elapsed_seconds: 61804 [CONTEXT service_id=218 ]
08-01 08:29:35.642 19713 19713 D LifecycleMonitor: Lifecycle status change: com.hkxps17.turnup.MapsActivity@c45e81b in: STOPPED
08-01 08:29:35.642 19713 19921 W .hkxps17.turnu: Accessing hidden method Lsun/misc/Unsafe;->putLong(Ljava/lang/Object;JJ)V (greylist, linking, allowed)
08-01 08:29:35.643 19713 19713 V ActivityScenario: Activity lifecycle changed event received but ignored because the intent does not match. startActivityIntent=Intent { act=android.intent.action.MAIN cat=[android.intent.category.LAUNCHER] cmp=com.hkxps17.turnup/.LoginActivity }, activity.getIntent()=Intent { cmp=com.hkxps17.turnup/.MapsActivity }, activity=com.hkxps17.turnup.MapsActivity@c45e81b
08-01 08:29:35.647 19713 19713 D LifecycleMonitor: Lifecycle status change: com.hkxps17.turnup.AddLocationActivity@23b92b2 in: PAUSED
08-01 08:29:35.647 19713 19713 V ActivityScenario: Activity lifecycle changed event received but ignored because the intent does not match. startActivityIntent=Intent { act=android.intent.action.MAIN cat=[android.intent.category.LAUNCHER] cmp=com.hkxps17.turnup/.LoginActivity }, activity.getIntent()=Intent { cmp=com.hkxps17.turnup/.AddLocationActivity }, activity=com.hkxps17.turnup.AddLocationActivity@23b92b2
08-01 08:29:35.648  2037  2919 W InputReader: Device has associated, but no associated display id.
08-01 08:29:35.661  2037  2919 I chatty  : uid=1000(system) Binder:2037_A identical 48 lines
08-01 08:29:35.661  2037  2919 W InputReader: Device has associated, but no associated display id.
08-01 08:29:35.680  1796  3402 D gralloc_ranchu: gralloc_alloc: Creating ashmem region of size 225280
08-01 08:29:35.689  1796  3402 D gralloc_ranchu: gralloc_alloc: Creating ashmem region of size 225280
08-01 08:29:35.690 19713 19786 D EGL_emulation: eglMakeCurrent: 0xdde55de0: ver 2 0 (tinfo 0xdde95820)
08-01 08:29:35.693  1796  3402 D gralloc_ranchu: gralloc_alloc: Creating ashmem region of size 225280
08-01 08:29:35.700 19713 19713 W ActivityThread: handleWindowVisibility: no activity for token android.os.BinderProxy@9b5bc7
08-01 08:29:35.704 19713 19713 D LifecycleMonitor: Lifecycle status change: com.hkxps17.turnup.MapsActivity@9a66d60 in: PRE_ON_CREATE
08-01 08:29:35.705 19713 19713 V ActivityScenario: Activity lifecycle changed event received but ignored because the intent does not match. startActivityIntent=Intent { act=android.intent.action.MAIN cat=[android.intent.category.LAUNCHER] cmp=com.hkxps17.turnup/.LoginActivity }, activity.getIntent()=Intent { cmp=com.hkxps17.turnup/.MapsActivity }, activity=com.hkxps17.turnup.MapsActivity@9a66d60
08-01 08:29:35.720 19713 19713 D MapsInitializer: preferredRenderer: null
08-01 08:29:35.720 19713 19713 D zzca    : preferredRenderer: null
08-01 08:29:35.723 19713 19713 I Google Maps Android API: Google Play services package version: 222615031
08-01 08:29:35.723 19713 19713 I Google Maps Android API: Google Play services maps renderer version(legacy): 203115000
08-01 08:29:35.767 19713 20053 W .hkxps17.turnu: Accessing hidden method Lsun/misc/Unsafe;->putLong(Ljava/lang/Object;JJ)V (greylist, linking, allowed)
08-01 08:29:35.767 19713 20053 W .hkxps17.turnu: Accessing hidden method Lsun/misc/Unsafe;->putObject(Ljava/lang/Object;JLjava/lang/Object;)V (greylist, linking, allowed)
08-01 08:29:35.774 19713 20056 W .hkxps17.turnu: Accessing hidden method Lsun/misc/Unsafe;->getObject(Ljava/lang/Object;J)Ljava/lang/Object; (greylist, linking, allowed)
08-01 08:29:35.775 19713 19713 W .hkxps17.turnu: Accessing hidden method Lsun/misc/Unsafe;->putInt(Ljava/lang/Object;JI)V (greylist, linking, allowed)
08-01 08:29:35.776 19713 20056 W .hkxps17.turnu: Accessing hidden method Lsun/misc/Unsafe;->getObject(Ljava/lang/Object;J)Ljava/lang/Object; (greylist, linking, allowed)
08-01 08:29:35.780 19713 20057 W .hkxps17.turnu: Accessing hidden method Lsun/misc/Unsafe;->getObject(Ljava/lang/Object;J)Ljava/lang/Object; (greylist, linking, allowed)
08-01 08:29:35.818 19713 19713 D LifecycleMonitor: Lifecycle status change: com.hkxps17.turnup.MapsActivity@9a66d60 in: CREATED
08-01 08:29:35.818 19713 19713 V ActivityScenario: Activity lifecycle changed event received but ignored because the intent does not match. startActivityIntent=Intent { act=android.intent.action.MAIN cat=[android.intent.category.LAUNCHER] cmp=com.hkxps17.turnup/.LoginActivity }, activity.getIntent()=Intent { cmp=com.hkxps17.turnup/.MapsActivity }, activity=com.hkxps17.turnup.MapsActivity@9a66d60
08-01 08:29:35.821 19713 19713 D LifecycleMonitor: Lifecycle status change: com.hkxps17.turnup.MapsActivity@9a66d60 in: STARTED
08-01 08:29:35.821 19713 19713 V ActivityScenario: Activity lifecycle changed event received but ignored because the intent does not match. startActivityIntent=Intent { act=android.intent.action.MAIN cat=[android.intent.category.LAUNCHER] cmp=com.hkxps17.turnup/.LoginActivity }, activity.getIntent()=Intent { cmp=com.hkxps17.turnup/.MapsActivity }, activity=com.hkxps17.turnup.MapsActivity@9a66d60
08-01 08:29:35.822 19713 19713 D LifecycleMonitor: Lifecycle status change: com.hkxps17.turnup.MapsActivity@9a66d60 in: RESUMED
08-01 08:29:35.822 19713 19713 V ActivityScenario: Activity lifecycle changed event received but ignored because the intent does not match. startActivityIntent=Intent { act=android.intent.action.MAIN cat=[android.intent.category.LAUNCHER] cmp=com.hkxps17.turnup/.LoginActivity }, activity.getIntent()=Intent { cmp=com.hkxps17.turnup/.MapsActivity }, activity=com.hkxps17.turnup.MapsActivity@9a66d60
08-01 08:29:35.859  1796  3402 D gralloc_ranchu: gralloc_alloc: Creating ashmem region of size 9334784
08-01 08:29:35.866  1796  3402 I chatty  : uid=1000(system) HwBinder:1796_2 identical 1 line
08-01 08:29:35.867  1796  3402 D gralloc_ranchu: gralloc_alloc: Creating ashmem region of size 9334784
08-01 08:29:35.870 19713 20054 D HostConnection: HostConnection::get() New Host Connection established 0xd5d4e7c0, tid 20054
08-01 08:29:35.870 19713 20054 D HostConnection: HostComposition ext ANDROID_EMU_CHECKSUM_HELPER_v1 ANDROID_EMU_dma_v1 ANDROID_EMU_direct_mem ANDROID_EMU_host_composition_v1 ANDROID_EMU_host_composition_v2 ANDROID_EMU_vulkan ANDROID_EMU_deferred_vulkan_commands ANDROID_EMU_vulkan_null_optional_strings ANDROID_EMU_vulkan_create_resources_with_requirements ANDROID_EMU_YUV420_888_to_NV21 ANDROID_EMU_YUV_Cache ANDROID_EMU_vulkan_free_memory_sync ANDROID_EMU_vulkan_shader_float16_int8 ANDROID_EMU_vulkan_async_queue_submit ANDROID_EMU_sync_buffer_data GL_OES_vertex_array_object GL_KHR_texture_compression_astc_ldr ANDROID_EMU_host_side_tracing ANDROID_EMU_gles_max_version_2
08-01 08:29:35.879 19713 20054 D eglCodecCommon: setVertexArrayObject: set vao to 0 (0) 0 0
08-01 08:29:35.879 19713 20054 D EGL_emulation: eglCreateContext: 0xd5d1cd60: maj 1 min 0 rcv 1
08-01 08:29:35.879 19713 19786 D EGL_emulation: eglMakeCurrent: 0xdde55de0: ver 2 0 (tinfo 0xdde95820)
08-01 08:29:35.889  1796  3402 D gralloc_ranchu: gralloc_alloc: Creating ashmem region of size 8478720
08-01 08:29:35.922 19713 20054 D EGL_emulation: eglMakeCurrent: 0xd5d1cd60: ver 1 0 (tinfo 0xb850ba30)
08-01 08:29:35.925 19713 19786 D EGL_emulation: eglMakeCurrent: 0xdde55de0: ver 2 0 (tinfo 0xdde95820)
08-01 08:29:35.928  2037  2059 W InputReader: Device has associated, but no associated display id.
08-01 08:29:35.935  2037  2059 I chatty  : uid=1000(system) android.anim identical 18 lines
08-01 08:29:35.935  2037  2059 W InputReader: Device has associated, but no associated display id.
08-01 08:29:35.940 19713 19786 D EGL_emulation: eglMakeCurrent: 0xdde55de0: ver 2 0 (tinfo 0xdde95820)
08-01 08:29:35.943 19713 19713 W System.err: com.android.volley.ParseError: org.json.JSONException: Value New of type java.lang.String cannot be converted to JSONObject
08-01 08:29:35.943 19713 19713 W System.err: 	at com.android.volley.toolbox.JsonObjectRequest.parseNetworkResponse(JsonObjectRequest.java:103)
08-01 08:29:35.943 19713 19713 W System.err: 	at com.android.volley.NetworkDispatcher.processRequest(NetworkDispatcher.java:144)
08-01 08:29:35.943 19713 19713 W System.err: 	at com.android.volley.NetworkDispatcher.processRequest(NetworkDispatcher.java:111)
08-01 08:29:35.943 19713 19713 W System.err: 	at com.android.volley.NetworkDispatcher.run(NetworkDispatcher.java:90)
08-01 08:29:35.943 19713 19713 W System.err: Caused by: org.json.JSONException: Value New of type java.lang.String cannot be converted to JSONObject
08-01 08:29:35.943 19713 19713 W System.err: 	at org.json.JSON.typeMismatch(JSON.java:112)
08-01 08:29:35.943 19713 19713 W System.err: 	at org.json.JSONObject.<init>(JSONObject.java:168)
08-01 08:29:35.943 19713 19713 W System.err: 	at org.json.JSONObject.<init>(JSONObject.java:181)
08-01 08:29:35.943 19713 19713 W System.err: 	at com.android.volley.toolbox.JsonObjectRequest.parseNetworkResponse(JsonObjectRequest.java:98)
08-01 08:29:35.943 19713 19713 W System.err: 	... 3 more
08-01 08:29:35.949  1795  2479 E GnssHAL_GnssInterface: gnssSvStatusCb: a: input svInfo.flags is 8
08-01 08:29:35.949  1795  2479 E GnssHAL_GnssInterface: gnssSvStatusCb: b: input svInfo.flags is 8
08-01 08:29:35.955 19713 20056 W .hkxps17.turnu: Accessing hidden method Lsun/misc/Unsafe;->putObject(Ljava/lang/Object;JLjava/lang/Object;)V (greylist, linking, allowed)
08-01 08:29:35.955 19713 20056 W .hkxps17.turnu: Accessing hidden method Lsun/misc/Unsafe;->putLong(Ljava/lang/Object;JJ)V (greylist, linking, allowed)
08-01 08:29:35.967 19713 20057 W .hkxps17.turnu: Accessing hidden method Lsun/misc/Unsafe;->putLong(Ljava/lang/Object;JJ)V (greylist, linking, allowed)
08-01 08:29:36.023 19713 19989 W .hkxps17.turnu: Accessing hidden method Lsun/misc/Unsafe;->getObject(Ljava/lang/Object;J)Ljava/lang/Object; (greylist, linking, allowed)
08-01 08:29:36.029  1796  3402 D gralloc_ranchu: gralloc_alloc: Creating ashmem region of size 8478720
08-01 08:29:36.036 19713 19989 W .hkxps17.turnu: Accessing hidden method Lsun/misc/Unsafe;->getObject(Ljava/lang/Object;J)Ljava/lang/Object; (greylist, linking, allowed)
08-01 08:29:36.042  1796  3402 D gralloc_ranchu: gralloc_alloc: Creating ashmem region of size 8478720
08-01 08:29:36.047 19713 19989 W .hkxps17.turnu: Accessing hidden method Lsun/misc/Unsafe;->getObject(Ljava/lang/Object;J)Ljava/lang/Object; (greylist, linking, allowed)
08-01 08:29:36.166 19713 19989 I chatty  : uid=10178(com.hkxps17.turnup) androidmapsapi- identical 7 lines
08-01 08:29:36.183 19713 19989 W .hkxps17.turnu: Accessing hidden method Lsun/misc/Unsafe;->getObject(Ljava/lang/Object;J)Ljava/lang/Object; (greylist, linking, allowed)
08-01 08:29:36.200 19713 19713 D LifecycleMonitor: Lifecycle status change: com.hkxps17.turnup.MapsActivity@9a66d60 in: PAUSED
08-01 08:29:36.200 19713 19713 V ActivityScenario: Activity lifecycle changed event received but ignored because the intent does not match. startActivityIntent=Intent { act=android.intent.action.MAIN cat=[android.intent.category.LAUNCHER] cmp=com.hkxps17.turnup/.LoginActivity }, activity.getIntent()=Intent { cmp=com.hkxps17.turnup/.MapsActivity }, activity=com.hkxps17.turnup.MapsActivity@9a66d60
08-01 08:29:36.201  2037  2952 W InputReader: Device has associated, but no associated display id.
08-01 08:29:36.202 19713 19989 W .hkxps17.turnu: Accessing hidden method Lsun/misc/Unsafe;->getObject(Ljava/lang/Object;J)Ljava/lang/Object; (greylist, linking, allowed)
08-01 08:29:36.202  2037  2952 W InputReader: Device has associated, but no associated display id.
08-01 08:29:36.204  2037  2952 I chatty  : uid=1000(system) Binder:2037_B identical 37 lines
08-01 08:29:36.204  2037  2952 W InputReader: Device has associated, but no associated display id.
08-01 08:29:36.204 19746 19746 W ActivityThread: handleWindowVisibility: no activity for token android.os.BinderProxy@16e073a
08-01 08:29:36.208  2037  2952 W InputReader: Device has associated, but no associated display id.
08-01 08:29:36.208  2037  2952 I chatty  : uid=1000(system) Binder:2037_B identical 8 lines
08-01 08:29:36.208  2037  2952 W InputReader: Device has associated, but no associated display id.
08-01 08:29:36.219 19713 19989 W .hkxps17.turnu: Accessing hidden method Lsun/misc/Unsafe;->getObject(Ljava/lang/Object;J)Ljava/lang/Object; (greylist, linking, allowed)
08-01 08:29:36.229 19713 19713 E libprocessgroup: set_timerslack_ns write failed: Operation not permitted
08-01 08:29:36.237 19713 19989 W .hkxps17.turnu: Accessing hidden method Lsun/misc/Unsafe;->getObject(Ljava/lang/Object;J)Ljava/lang/Object; (greylist, linking, allowed)
08-01 08:29:36.252 19713 19713 D LifecycleMonitor: Lifecycle status change: com.hkxps17.turnup.LoginActivity@7e17953 in: DESTROYED
08-01 08:29:36.252 19713 19713 V ActivityScenario: Update currentActivityStage to DESTROYED, currentActivity=null
08-01 08:29:36.258 19746 19781 D HostConnection: HostConnection::get() New Host Connection established 0xd5d4d190, tid 19781
08-01 08:29:36.259 19746 19781 D HostConnection: HostComposition ext ANDROID_EMU_CHECKSUM_HELPER_v1 ANDROID_EMU_dma_v1 ANDROID_EMU_direct_mem ANDROID_EMU_host_composition_v1 ANDROID_EMU_host_composition_v2 ANDROID_EMU_vulkan ANDROID_EMU_deferred_vulkan_commands ANDROID_EMU_vulkan_null_optional_strings ANDROID_EMU_vulkan_create_resources_with_requirements ANDROID_EMU_YUV420_888_to_NV21 ANDROID_EMU_YUV_Cache ANDROID_EMU_vulkan_free_memory_sync ANDROID_EMU_vulkan_shader_float16_int8 ANDROID_EMU_vulkan_async_queue_submit ANDROID_EMU_sync_buffer_data GL_OES_vertex_array_object GL_KHR_texture_compression_astc_ldr ANDROID_EMU_host_side_tracing ANDROID_EMU_gles_max_version_2
08-01 08:29:36.267 19746 19781 W OpenGLRenderer: Failed to choose config with EGL_SWAP_BEHAVIOR_PRESERVED, retrying without...
08-01 08:29:36.276 19746 19781 D eglCodecCommon: setVertexArrayObject: set vao to 0 (0) 0 0
08-01 08:29:36.276 19746 19781 D EGL_emulation: eglCreateContext: 0xd5d1a420: maj 2 min 0 rcv 2
08-01 08:29:36.315 19746 19781 D EGL_emulation: eglMakeCurrent: 0xd5d1a420: ver 2 0 (tinfo 0xd5d0f030)
08-01 08:29:36.322  1796  3402 D gralloc_ranchu: gralloc_alloc: Creating ashmem region of size 9334784
08-01 08:29:36.324  1678  1678 I hwservicemanager: getTransport: Cannot find entry android.hardware.graphics.mapper@3.0::IMapper/default in either framework or device manifest.
08-01 08:29:36.325 19746 19781 W Gralloc3: mapper 3.x is not supported
08-01 08:29:36.326 19746 19781 D HostConnection: createUnique: call
08-01 08:29:36.326 19746 19781 D HostConnection: HostConnection::get() New Host Connection established 0xd5d4d3c0, tid 19781
08-01 08:29:36.328 19746 19781 D HostConnection: HostComposition ext ANDROID_EMU_CHECKSUM_HELPER_v1 ANDROID_EMU_dma_v1 ANDROID_EMU_direct_mem ANDROID_EMU_host_composition_v1 ANDROID_EMU_host_composition_v2 ANDROID_EMU_vulkan ANDROID_EMU_deferred_vulkan_commands ANDROID_EMU_vulkan_null_optional_strings ANDROID_EMU_vulkan_create_resources_with_requirements ANDROID_EMU_YUV420_888_to_NV21 ANDROID_EMU_YUV_Cache ANDROID_EMU_vulkan_free_memory_sync ANDROID_EMU_vulkan_shader_float16_int8 ANDROID_EMU_vulkan_async_queue_submit ANDROID_EMU_sync_buffer_data GL_OES_vertex_array_object GL_KHR_texture_compression_astc_ldr ANDROID_EMU_host_side_tracing ANDROID_EMU_gles_max_version_2
08-01 08:29:36.328 19746 19781 D eglCodecCommon: allocate: Ask for block of size 0x1000
08-01 08:29:36.328 19746 19781 D eglCodecCommon: allocate: ioctl allocate returned offset 0x3ffff4000 size 0x2000
08-01 08:29:36.330  1796  3402 D gralloc_ranchu: gralloc_alloc: Creating ashmem region of size 9334784
08-01 08:29:36.331 19746 19781 D EGL_emulation: eglMakeCurrent: 0xd5d1a420: ver 2 0 (tinfo 0xd5d0f030)
08-01 08:29:36.334  1796  3402 D gralloc_ranchu: gralloc_alloc: Creating ashmem region of size 9334784
08-01 08:29:36.337 19746 19781 D eglCodecCommon: setVertexArrayObject: set vao to 0 (0) 1 0
08-01 08:29:36.443  2037  2919 W InputReader: Device has associated, but no associated display id.
08-01 08:29:36.446  2037  2919 I chatty  : uid=1000(system) Binder:2037_A identical 48 lines
08-01 08:29:36.446  2037  2919 W InputReader: Device has associated, but no associated display id.
08-01 08:29:36.450 19746 19746 W ActivityThread: handleWindowVisibility: no activity for token android.os.BinderProxy@b29738c
08-01 08:29:36.451 19713 19713 D LifecycleMonitor: Lifecycle status change: com.hkxps17.turnup.AddLocationActivity@23b92b2 in: STOPPED
08-01 08:29:36.451 19713 19713 V ActivityScenario: Activity lifecycle changed event received but ignored because the intent does not match. startActivityIntent=Intent { act=android.intent.action.MAIN cat=[android.intent.category.LAUNCHER] cmp=com.hkxps17.turnup/.LoginActivity }, activity.getIntent()=Intent { cmp=com.hkxps17.turnup/.AddLocationActivity }, activity=com.hkxps17.turnup.AddLocationActivity@23b92b2
08-01 08:29:36.471 19713 19744 I TestRunner: finished: locationAddTest(com.hkxps17.turnup.LocationAddTest)

