08-01 08:23:35.603 15425 15425 I BaseStore: ConfigStore database version: 1
08-01 08:23:35.622 15425 15425 I roid.music:mai: The ClassLoaderContext is a special shared library.
08-01 08:23:35.624 15425 15425 I roid.music:mai: The ClassLoaderContext is a special shared library.
08-01 08:23:35.634 15425 15425 V NativeCrypto: Registering com/google/android/gms/org/conscrypt/NativeCrypto's 295 native methods...
08-01 08:23:35.636  2037  3689 W InputReader: Device has associated, but no associated display id.
08-01 08:23:35.636  2037  3689 I chatty  : uid=1000(system) Binder:2037_16 identical 8 lines
08-01 08:23:35.636  2037  3689 W InputReader: Device has associated, but no associated display id.
08-01 08:23:35.646  2037  2954 W InputReader: Device has associated, but no associated display id.
08-01 08:23:35.652  2037  2954 I chatty  : uid=1000(system) Binder:2037_C identical 38 lines
08-01 08:23:35.652  2037  2954 W InputReader: Device has associated, but no associated display id.
08-01 08:23:35.657 15425 15425 D NetworkSecurityConfig: No Network Security Config specified, using platform default
08-01 08:23:35.660 15425 15425 I ProviderInstaller: Installed default security provider GmsCore_OpenSSL
08-01 08:23:35.660 15425 15425 D AndroidMusic: GMSCore installation verified
08-01 08:23:35.669 15286 15286 D LifecycleMonitor: Lifecycle status change: com.google.android.gms.auth.api.signin.internal.SignInHubActivity@8abe72a in: RESUMED
08-01 08:23:35.670 15286 15286 V ActivityScenario: Activity lifecycle changed event received but ignored because the intent does not match. startActivityIntent=Intent { act=android.intent.action.MAIN cat=[android.intent.category.LAUNCHER] cmp=com.hkxps17.turnup/.LoginActivity }, activity.getIntent()=Intent { act=com.google.android.gms.auth.GOOGLE_SIGN_IN flg=0x800000 pkg=com.hkxps17.turnup cmp=com.hkxps17.turnup/com.google.android.gms.auth.api.signin.internal.SignInHubActivity (has extras) }, activity=com.google.android.gms.auth.api.signin.internal.SignInHubActivity@8abe72a
08-01 08:23:35.676  2037  2954 W InputReader: Device has associated, but no associated display id.
08-01 08:23:35.677  2037  2954 I chatty  : uid=1000(system) Binder:2037_C identical 8 lines
08-01 08:23:35.677  2037  2954 W InputReader: Device has associated, but no associated display id.
08-01 08:23:35.679 15286 15286 D LifecycleMonitor: Lifecycle status change: com.google.android.gms.auth.api.signin.internal.SignInHubActivity@8abe72a in: PAUSED
08-01 08:23:35.679 15286 15286 V ActivityScenario: Activity lifecycle changed event received but ignored because the intent does not match. startActivityIntent=Intent { act=android.intent.action.MAIN cat=[android.intent.category.LAUNCHER] cmp=com.hkxps17.turnup/.LoginActivity }, activity.getIntent()=Intent { act=com.google.android.gms.auth.GOOGLE_SIGN_IN flg=0x800000 pkg=com.hkxps17.turnup cmp=com.hkxps17.turnup/com.google.android.gms.auth.api.signin.internal.SignInHubActivity (has extras) }, activity=com.google.android.gms.auth.api.signin.internal.SignInHubActivity@8abe72a
08-01 08:23:35.680  2037  3689 W InputReader: Device has associated, but no associated display id.
08-01 08:23:35.685  2037  3689 I chatty  : uid=1000(system) Binder:2037_16 identical 38 lines
08-01 08:23:35.685  2037  3689 W InputReader: Device has associated, but no associated display id.
08-01 08:23:35.692 15286 15286 E LoginActivity: Name: apna dekh
08-01 08:23:35.692 15286 15286 E LoginActivity: Fam Name: dekh
08-01 08:23:35.692 15286 15286 E LoginActivity: Email: apnadekhbey@gmail.com
08-01 08:23:35.692 15286 15286 E LoginActivity: Photo: null
08-01 08:23:35.696 15286 15286 D LoginActivity: updateUI
08-01 08:23:35.702 15286 15286 D LifecycleMonitor: Lifecycle status change: com.hkxps17.turnup.LoginActivity@7e17953 in: RESUMED
08-01 08:23:35.703 15286 15286 V ActivityScenario: Update currentActivityStage to RESUMED, currentActivity=com.hkxps17.turnup.LoginActivity@7e17953
08-01 08:23:35.708 15286 15286 D LifecycleMonitor: Lifecycle status change: com.hkxps17.turnup.LoginActivity@7e17953 in: PAUSED
08-01 08:23:35.708 15286 15286 V ActivityScenario: Update currentActivityStage to PAUSED, currentActivity=com.hkxps17.turnup.LoginActivity@7e17953
08-01 08:23:35.709  2037  2441 W InputReader: Device has associated, but no associated display id.
08-01 08:23:35.712  2037  2441 I chatty  : uid=1000(system) Binder:2037_7 identical 48 lines
08-01 08:23:35.712  2037  2441 W InputReader: Device has associated, but no associated display id.
08-01 08:23:35.723 15286 15286 W ActivityThread: handleWindowVisibility: no activity for token android.os.BinderProxy@15c623a
08-01 08:23:35.736 15286 15286 D LifecycleMonitor: Lifecycle status change: com.hkxps17.turnup.EventListActivity@2345cf4 in: PRE_ON_CREATE
08-01 08:23:35.736 15286 15286 V ActivityScenario: Activity lifecycle changed event received but ignored because the intent does not match. startActivityIntent=Intent { act=android.intent.action.MAIN cat=[android.intent.category.LAUNCHER] cmp=com.hkxps17.turnup/.LoginActivity }, activity.getIntent()=Intent { cmp=com.hkxps17.turnup/.EventListActivity }, activity=com.hkxps17.turnup.EventListActivity@2345cf4
08-01 08:23:35.770 15425 15425 I MusicExperimentManager: Received config change, experiments list is null
08-01 08:23:35.770 15425 15425 W MusicExperimentManager: Parsing error while updating analysis experiments
08-01 08:23:35.784 15425 15425 I BaseStore: Store database version: 146
08-01 08:23:35.822 15425 15425 I PlaybackClient: init: Initializing
08-01 08:23:35.832 15286 15286 D EMAIL   : apnadekhbey@gmail.com
08-01 08:23:35.849 15286 15286 D LifecycleMonitor: Lifecycle status change: com.hkxps17.turnup.EventListActivity@2345cf4 in: CREATED
08-01 08:23:35.849 15286 15286 V ActivityScenario: Activity lifecycle changed event received but ignored because the intent does not match. startActivityIntent=Intent { act=android.intent.action.MAIN cat=[android.intent.category.LAUNCHER] cmp=com.hkxps17.turnup/.LoginActivity }, activity.getIntent()=Intent { cmp=com.hkxps17.turnup/.EventListActivity }, activity=com.hkxps17.turnup.EventListActivity@2345cf4
08-01 08:23:35.853 15286 15286 D LifecycleMonitor: Lifecycle status change: com.hkxps17.turnup.EventListActivity@2345cf4 in: STARTED
08-01 08:23:35.854 15286 15286 V ActivityScenario: Activity lifecycle changed event received but ignored because the intent does not match. startActivityIntent=Intent { act=android.intent.action.MAIN cat=[android.intent.category.LAUNCHER] cmp=com.hkxps17.turnup/.LoginActivity }, activity.getIntent()=Intent { cmp=com.hkxps17.turnup/.EventListActivity }, activity=com.hkxps17.turnup.EventListActivity@2345cf4
08-01 08:23:35.855 15286 15286 D LifecycleMonitor: Lifecycle status change: com.hkxps17.turnup.EventListActivity@2345cf4 in: RESUMED
08-01 08:23:35.855 15286 15286 V ActivityScenario: Activity lifecycle changed event received but ignored because the intent does not match. startActivityIntent=Intent { act=android.intent.action.MAIN cat=[android.intent.category.LAUNCHER] cmp=com.hkxps17.turnup/.LoginActivity }, activity.getIntent()=Intent { cmp=com.hkxps17.turnup/.EventListActivity }, activity=com.hkxps17.turnup.EventListActivity@2345cf4
08-01 08:23:35.870 15286 15473 D NetworkSecurityConfig: No Network Security Config specified, using platform default
08-01 08:23:35.871 15286 15286 D LifecycleMonitor: Lifecycle status change: com.google.android.gms.auth.api.signin.internal.SignInHubActivity@8abe72a in: STOPPED
08-01 08:23:35.871 15286 15286 V ActivityScenario: Activity lifecycle changed event received but ignored because the intent does not match. startActivityIntent=Intent { act=android.intent.action.MAIN cat=[android.intent.category.LAUNCHER] cmp=com.hkxps17.turnup/.LoginActivity }, activity.getIntent()=Intent { act=com.google.android.gms.auth.GOOGLE_SIGN_IN flg=0x800000 pkg=com.hkxps17.turnup cmp=com.hkxps17.turnup/com.google.android.gms.auth.api.signin.internal.SignInHubActivity (has extras) }, activity=com.google.android.gms.auth.api.signin.internal.SignInHubActivity@8abe72a
08-01 08:23:35.873 15286 15286 D LifecycleMonitor: Lifecycle status change: com.google.android.gms.auth.api.signin.internal.SignInHubActivity@8abe72a in: DESTROYED
08-01 08:23:35.873 15286 15286 V ActivityScenario: Activity lifecycle changed event received but ignored because the intent does not match. startActivityIntent=Intent { act=android.intent.action.MAIN cat=[android.intent.category.LAUNCHER] cmp=com.hkxps17.turnup/.LoginActivity }, activity.getIntent()=Intent { act=com.google.android.gms.auth.GOOGLE_SIGN_IN flg=0x800000 pkg=com.hkxps17.turnup cmp=com.hkxps17.turnup/com.google.android.gms.auth.api.signin.internal.SignInHubActivity (has extras) }, activity=com.google.android.gms.auth.api.signin.internal.SignInHubActivity@8abe72a
08-01 08:23:35.913  1796 11341 D gralloc_ranchu: gralloc_alloc: Creating ashmem region of size 9334784
08-01 08:23:35.917  1795  2479 E GnssHAL_GnssInterface: gnssSvStatusCb: a: input svInfo.flags is 8
08-01 08:23:35.918  1795  2479 E GnssHAL_GnssInterface: gnssSvStatusCb: b: input svInfo.flags is 8
08-01 08:23:35.931  1796 11341 D gralloc_ranchu: gralloc_alloc: Creating ashmem region of size 9334784
08-01 08:23:35.933  1796  3402 D gralloc_ranchu: gralloc_alloc: Creating ashmem region of size 9334784
08-01 08:23:35.938 15425 15425 D MusicLifecycle: com.google.android.music.AccountsBroadcastReceiver generated event: Broadcast received with context android.app.ReceiverRestrictedContext@25298d0 and intent Intent { act=android.accounts.LOGIN_ACCOUNTS_CHANGED flg=0x5000010 cmp=com.google.android.music/.AccountsBroadcastReceiver }
08-01 08:23:35.939 15286 15354 D EGL_emulation: eglMakeCurrent: 0xdde5ee80: ver 2 0 (tinfo 0xdde95f80)
08-01 08:23:35.940 15425 15425 D MusicLifecycle: com.google.android.music.net.NetworkConnectivityMonitor$NetworkChangedReceiver generated event: Broadcast received with context com.google.android.music.ui.PhoneMusicApplication@5934fc0 and intent Intent { act=android.net.conn.CONNECTIVITY_CHANGE flg=0x4200010 (has extras) }
08-01 08:23:35.941 15425 15425 I NetworkConnectivity: Network state changed: [type: WIFI[], state: CONNECTED/CONNECTED, reason: (unspecified), extra: (none), failover: false, available: true, roaming: false]
08-01 08:23:35.942 15425 15444 I SignupStatusTask: Starting 'com.google.android.music.sync.google.MusicGcmTaskService
08-01 08:23:35.945 15425 15425 D MusicLifecycle: com.google.android.music.download.EncapsulatedBroadcastReceiver$1 generated event: Broadcast received with context com.google.android.music.ui.PhoneMusicApplication@5934fc0 and intent Intent { act=com.google.android.music.ResumeStorageMigration flg=0x10 (has extras) }
08-01 08:23:35.952 15425 15425 D MusicLifecycle: com.google.android.music.download.EncapsulatedBroadcastReceiver$1 generated event: Broadcast received with context com.google.android.music.ui.PhoneMusicApplication@5934fc0 and intent Intent { act=com.google.android.music.download.keepon.KeeponSchedulingService.START_DOWNLOAD flg=0x10 }
08-01 08:23:35.964 15425 15425 I NetworkPolicyMonitor: Download-ability status changed to (true) unmetered wifi/eth: true mobileOrMetered: false
08-01 08:23:35.975 25037 25037 D BoundBrokerSvc: onBind: Intent { act=com.google.android.gms.feedback.internal.IFeedbackService dat=chimera-action:com.google.android.gms.feedback.internal.IFeedbackService cmp=com.google.android.gms/.chimera.GmsBoundBrokerService }
08-01 08:23:35.975 25037 25037 D BoundBrokerSvc: Loading bound service for intent: Intent { act=com.google.android.gms.feedback.internal.IFeedbackService dat=chimera-action:com.google.android.gms.feedback.internal.IFeedbackService cmp=com.google.android.gms/.chimera.GmsBoundBrokerService }
08-01 08:23:35.977 15286 15354 D EGL_emulation: eglMakeCurrent: 0xdde5ee80: ver 2 0 (tinfo 0xdde95f80)
08-01 08:23:35.981  2037  2059 W InputReader: Device has associated, but no associated display id.
08-01 08:23:35.984  2037  2059 I chatty  : uid=1000(system) android.anim identical 28 lines
08-01 08:23:35.985  2037  2059 W InputReader: Device has associated, but no associated display id.
08-01 08:23:35.988 15286 15354 D EGL_emulation: eglMakeCurrent: 0xdde5ee80: ver 2 0 (tinfo 0xdde95f80)
08-01 08:23:35.997 15425 15425 I NetworkPolicyMonitor: Stream-ability status changed to (true) unmetered wifi/eth: true mobileOrMetered: false
08-01 08:23:36.029 15286 15286 I ViewInteraction: Performing 'single click' action on view (view.getId() is <2131231144/com.hkxps17.turnup:id/rbright> and an instance of android.widget.TextView and view.getText() with or without transformation to match: is "Map" and Child at position 1 in parent (view.getId() is <2131231141/com.hkxps17.turnup:id/radioGroup> and Child at position 1 in parent view.getClass().getName() matches: is "androidx.constraintlayout.widget.ConstraintLayout") and (view has effective visibility <VISIBLE> and view.getGlobalVisibleRect() to return non-empty rectangle))
08-01 08:23:36.031  2037  2128 I InputDispatcher: Dropping event because there is no touchable window or gesture monitor at (643, 410) in display 0.
08-01 08:23:36.031  2037  2128 W InputDispatcher: Permission denied: injecting event from pid 15286 uid 10172
08-01 08:23:36.038 15425 15469 D AwarenessRouter: 0 new fences
08-01 08:23:36.045 15425 15469 D AwarenessRouter: 0 fences already registered
08-01 08:23:36.050 15425 15469 D AwarenessRouter: Successfully removed 0 context fences
08-01 08:23:36.059 15425 15445 W AdvertisingIdClient: Error while reading from SharedPreferences
08-01 08:23:36.059 15425 15445 W AdvertisingIdClient: java.lang.SecurityException: MODE_WORLD_READABLE no longer supported
08-01 08:23:36.059 15425 15445 W AdvertisingIdClient: 	at android.app.ContextImpl.checkMode(ContextImpl.java:2622)
08-01 08:23:36.059 15425 15445 W AdvertisingIdClient: 	at android.app.ContextImpl.getSharedPreferences(ContextImpl.java:453)
08-01 08:23:36.059 15425 15445 W AdvertisingIdClient: 	at android.app.ContextImpl.getSharedPreferences(ContextImpl.java:443)
08-01 08:23:36.059 15425 15445 W AdvertisingIdClient: 	at com.google.android.gms.ads.identifier.AdvertisingIdClient.getAdvertisingIdInfo(Unknown Source:11)
08-01 08:23:36.059 15425 15445 W AdvertisingIdClient: 	at com.google.android.music.preferences.MusicPreferences.getAdvertisingIdInfo(MusicPreferences.java:2482)
08-01 08:23:36.059 15425 15445 W AdvertisingIdClient: 	at com.google.android.music.preferences.MusicPreferences.access$1000(MusicPreferences.java:84)
08-01 08:23:36.059 15425 15445 W AdvertisingIdClient: 	at com.google.android.music.preferences.MusicPreferences$7.run(MusicPreferences.java:2463)
08-01 08:23:36.059 15425 15445 W AdvertisingIdClient: 	at com.google.android.music.utils.async.TraceableRunnable.runLogged(TraceableRunnable.java:21)
08-01 08:23:36.059 15425 15445 W AdvertisingIdClient: 	at com.google.android.music.utils.async.LoggedRunnable.run(LoggedRunnable.java:30)
08-01 08:23:36.059 15425 15445 W AdvertisingIdClient: 	at android.os.Handler.handleCallback(Handler.java:883)
08-01 08:23:36.059 15425 15445 W AdvertisingIdClient: 	at android.os.Handler.dispatchMessage(Handler.java:100)
08-01 08:23:36.059 15425 15445 W AdvertisingIdClient: 	at com.google.android.music.utils.LoggableHandler.dispatchMessage(LoggableHandler.java:74)
08-01 08:23:36.059 15425 15445 W AdvertisingIdClient: 	at android.os.Looper.loop(Looper.java:214)
08-01 08:23:36.059 15425 15445 W AdvertisingIdClient: 	at android.os.HandlerThread.run(HandlerThread.java:67)
08-01 08:23:36.084  1778  1778 D Zygote  : Forked child process 15486
08-01 08:23:36.087 15486 15486 W ndroid.calenda: Unexpected CPU variant for X86 using defaults: x86
08-01 08:23:36.099 15486 15486 E ndroid.calenda: Not starting debugger since process cannot load the jdwp agent.
08-01 08:23:36.121 15486 15486 I ndroid.calenda: The ClassLoaderContext is a special shared library.
08-01 08:23:36.125 15486 15486 I ndroid.calenda: The ClassLoaderContext is a special shared library.
08-01 08:23:36.137 15286 15286 D LifecycleMonitor: Lifecycle status change: com.hkxps17.turnup.EventListActivity@2345cf4 in: PAUSED
08-01 08:23:36.137 15286 15286 V ActivityScenario: Activity lifecycle changed event received but ignored because the intent does not match. startActivityIntent=Intent { act=android.intent.action.MAIN cat=[android.intent.category.LAUNCHER] cmp=com.hkxps17.turnup/.LoginActivity }, activity.getIntent()=Intent { cmp=com.hkxps17.turnup/.EventListActivity }, activity=com.hkxps17.turnup.EventListActivity@2345cf4
08-01 08:23:36.138  2037  2952 W InputReader: Device has associated, but no associated display id.
08-01 08:23:36.144  2037  2952 I chatty  : uid=1000(system) Binder:2037_B identical 48 lines
08-01 08:23:36.144  2037  2952 W InputReader: Device has associated, but no associated display id.
08-01 08:23:36.148 15286 15286 W ActivityThread: handleWindowVisibility: no activity for token android.os.BinderProxy@26638b0
08-01 08:23:36.154 15286 15286 D LifecycleMonitor: Lifecycle status change: com.hkxps17.turnup.MapsActivity@c100fba in: PRE_ON_CREATE
08-01 08:23:36.154 15286 15286 V ActivityScenario: Activity lifecycle changed event received but ignored because the intent does not match. startActivityIntent=Intent { act=android.intent.action.MAIN cat=[android.intent.category.LAUNCHER] cmp=com.hkxps17.turnup/.LoginActivity }, activity.getIntent()=Intent { cmp=com.hkxps17.turnup/.MapsActivity }, activity=com.hkxps17.turnup.MapsActivity@c100fba
08-01 08:23:36.185 15286 15286 D MapsInitializer: preferredRenderer: null
08-01 08:23:36.185 15286 15286 D zzca    : preferredRenderer: null
08-01 08:23:36.189 15286 15286 I zzca    : Making Creator dynamically
08-01 08:23:36.196  1778  1778 D Zygote  : Forked child process 15518
08-01 08:23:36.202 15518 15518 W viders.calenda: Unexpected CPU variant for X86 using defaults: x86
08-01 08:23:36.205 15518 15518 E viders.calenda: Not starting debugger since process cannot load the jdwp agent.
08-01 08:23:36.221 15286 15286 I DynamiteModule: Considering local module com.google.android.gms.maps_dynamite:0 and remote module com.google.android.gms.maps_dynamite:203115000
08-01 08:23:36.221 15286 15286 I DynamiteModule: Selected remote version of com.google.android.gms.maps_dynamite, version >= 203115000
08-01 08:23:36.243 15518 15518 I viders.calenda: The ClassLoaderContext is a special shared library.
08-01 08:23:36.262 15486 15486 W Primes  : Primes not initialized, returning default (no-op) Primes instance which will ignore all calls. Please call Primes.initialize(...) before using any Primes API.
08-01 08:23:36.263 15518 15518 I CalendarProvider2: Created com.android.providers.calendar.CalendarAlarmManager@4cc30(com.android.providers.calendar.CalendarProvider2@561c0a9)
08-01 08:23:36.273 15286 15286 I Google Maps Android API: Google Play services client version: 12451000
08-01 08:23:36.305 15286 15286 W .hkxps17.turnu: Accessing hidden method Lsun/misc/Unsafe;->putObject(Ljava/lang/Object;JLjava/lang/Object;)V (greylist, linking, allowed)
08-01 08:23:36.308 15286 15286 W .hkxps17.turnu: Accessing hidden method Lsun/misc/Unsafe;->compareAndSwapObject(Ljava/lang/Object;JLjava/lang/Object;Ljava/lang/Object;)Z (greylist, linking, allowed)
08-01 08:23:36.308 15286 15286 W .hkxps17.turnu: Accessing hidden method Lsun/misc/Unsafe;->getObject(Ljava/lang/Object;J)Ljava/lang/Object; (greylist, linking, allowed)
08-01 08:23:36.348 15286 15286 I SnapshotHandler: Unable to retrieve flag snapshot for com.google.android.gms.maps#com.hkxps17.turnup, using defaults.
08-01 08:23:36.359 15286 15286 I Google Maps Android API: Google Play services package version: 222615031
08-01 08:23:36.359 15286 15286 I Google Maps Android API: Google Play services maps renderer version(legacy): 203115000
08-01 08:23:36.371 15286 15286 W .hkxps17.turnu: Accessing hidden method Lsun/misc/Unsafe;->compareAndSwapObject(Ljava/lang/Object;JLjava/lang/Object;Ljava/lang/Object;)Z (greylist, linking, allowed)
08-01 08:23:36.391 25037 15210 I PmtsSwAccountIntentOp: Processing intent action=android.accounts.LOGIN_ACCOUNTS_CHANGED
08-01 08:23:36.391 25037 15210 I PmtsSwAccountIntentOp: Account added has already been processed
08-01 08:23:36.405  3995  3995 I GnpSdk  : [ChimeBroadcastReceiver] Intent received for action [android.accounts.LOGIN_ACCOUNTS_CHANGED] package [com.google.android.googlequicksearchbox].
08-01 08:23:36.405  3995  3995 I GnpSdk  : [ChimeBroadcastReceiver] Phenotype initialized.
08-01 08:23:36.405  3995  3995 I GnpSdk  : [ChimeBroadcastReceiver] Validation OK for action [android.accounts.LOGIN_ACCOUNTS_CHANGED].
08-01 08:23:36.405  3995  3995 I GnpSdk  : [ChimeExecutorApiImpl-Tiktok] Submitting Broadcast execution [167411942] to tiktok executor.
08-01 08:23:36.406  3995 12785 I GnpSdk  : [ChimeBroadcastReceiver] Executing action in BroadcastReceiver [android.accounts.LOGIN_ACCOUNTS_CHANGED].
08-01 08:23:36.406  3995  3995 I BgTaskExecutorImpl: (REDACTED) Starting %s background task %s.
08-01 08:23:36.417  3995 14727 I Search.LoginHelperImpl: #refresh()
08-01 08:23:36.417  3995 14727 I Search.LoginHelperImpl: Getting accounts.
08-01 08:23:36.418 10808 15200 I bdrv    : Scheduling Phenotype for a PhenotypeSyncImmediately(5, null) one off with window [1, 2] in seconds [CONTEXT service_id=51 ]
08-01 08:23:36.432 25037 15211 I Backup  : [GmsBackupAccountManager] Backup account not found in gmscore.
08-01 08:23:36.441  3995  4050 I earchbox:searc: WaitForGcToComplete blocked Background on ProfileSaver for 19.304ms
08-01 08:23:36.448  3995 12785 I GnpSdk  : [ChimeExecutorApiImpl-Tiktok] Finished Broadcast execution [167411942].
08-01 08:23:36.456 10808 15200 W ChimeraUtils: Module com.google.android.gms.backup_base has empty metadata display_name_string_id
08-01 08:23:36.476 25037 15211 I Backup  : [GmsBackupAccountManager] Backup account not found in gmscore.
08-01 08:23:36.479 15286 15286 W .hkxps17.turnu: Accessing hidden method Lsun/misc/Unsafe;->putInt(Ljava/lang/Object;JI)V (greylist, linking, allowed)
08-01 08:23:36.480 15286 15286 W .hkxps17.turnu: Accessing hidden method Lsun/misc/Unsafe;->getInt(Ljava/lang/Object;J)I (greylist, linking, allowed)
08-01 08:23:36.480 15286 15286 W .hkxps17.turnu: Accessing hidden method Lsun/misc/Unsafe;->putLong(Ljava/lang/Object;JJ)V (greylist, linking, allowed)
08-01 08:23:36.480 15286 15286 W .hkxps17.turnu: Accessing hidden method Lsun/misc/Unsafe;->getObject(Ljava/lang/Object;J)Ljava/lang/Object; (greylist, linking, allowed)
08-01 08:23:36.480 15286 15286 W .hkxps17.turnu: Accessing hidden method Lsun/misc/Unsafe;->putObject(Ljava/lang/Object;JLjava/lang/Object;)V (greylist, linking, allowed)
08-01 08:23:36.480 15286 15286 W .hkxps17.turnu: Accessing hidden method Lsun/misc/Unsafe;->getLong(Ljava/lang/Object;J)J (greylist,core-platform-api, linking, allowed)
08-01 08:23:36.484 10808 15200 W ChimeraUtils: Module com.google.android.gms.backup_base has empty metadata display_name_string_id
08-01 08:23:36.485 15286 15286 W .hkxps17.turnu: Accessing hidden method Lsun/misc/Unsafe;->allocateInstance(Ljava/lang/Class;)Ljava/lang/Object; (greylist, linking, allowed)
08-01 08:23:36.487 15286 15286 W .hkxps17.turnu: Accessing hidden method Llibcore/io/Memory;->peekLong(JZ)J (greylist, reflection, allowed)
08-01 08:23:36.487 15286 15286 W .hkxps17.turnu: Accessing hidden method Llibcore/io/Memory;->pokeLong(JJZ)V (greylist, reflection, allowed)
08-01 08:23:36.487 15286 15286 W .hkxps17.turnu: Accessing hidden method Llibcore/io/Memory;->pokeInt(JIZ)V (greylist, reflection, allowed)
08-01 08:23:36.487 15286 15286 W .hkxps17.turnu: Accessing hidden method Llibcore/io/Memory;->peekInt(JZ)I (greylist, reflection, allowed)
08-01 08:23:36.487 15286 15286 W .hkxps17.turnu: Accessing hidden method Llibcore/io/Memory;->pokeByte(JB)V (greylist, reflection, allowed)
08-01 08:23:36.487 15286 15286 W .hkxps17.turnu: Accessing hidden method Llibcore/io/Memory;->peekByte(J)B (greylist, reflection, allowed)
08-01 08:23:36.487 15286 15286 W .hkxps17.turnu: Accessing hidden method Llibcore/io/Memory;->pokeByteArray(J[BII)V (greylist, reflection, allowed)
08-01 08:23:36.487 15286 15286 W .hkxps17.turnu: Accessing hidden method Llibcore/io/Memory;->peekByteArray(J[BII)V (greylist, reflection, allowed)
08-01 08:23:36.488 15286 15286 W .hkxps17.turnu: Accessing hidden method Lsun/misc/Unsafe;->arrayBaseOffset(Ljava/lang/Class;)I (greylist,core-platform-api, linking, allowed)
08-01 08:23:36.488  1778  1778 D Zygote  : Forked child process 15572
08-01 08:23:36.488 15286 15286 W .hkxps17.turnu: Accessing hidden method Lsun/misc/Unsafe;->getInt(Ljava/lang/Object;J)I (greylist, linking, allowed)
08-01 08:23:36.488 15286 15286 W .hkxps17.turnu: Accessing hidden method Lsun/misc/Unsafe;->getLong(Ljava/lang/Object;J)J (greylist,core-platform-api, linking, allowed)
08-01 08:23:36.488 15286 15286 W .hkxps17.turnu: Accessing hidden method Lsun/misc/Unsafe;->getObject(Ljava/lang/Object;J)Ljava/lang/Object; (greylist, linking, allowed)
08-01 08:23:36.488 15286 15286 W .hkxps17.turnu: Accessing hidden method Lsun/misc/Unsafe;->putInt(Ljava/lang/Object;JI)V (greylist, linking, allowed)
08-01 08:23:36.488 15286 15286 W .hkxps17.turnu: Accessing hidden method Lsun/misc/Unsafe;->putLong(Ljava/lang/Object;JJ)V (greylist, linking, allowed)
08-01 08:23:36.488 15286 15286 W .hkxps17.turnu: Accessing hidden method Lsun/misc/Unsafe;->putObject(Ljava/lang/Object;JLjava/lang/Object;)V (greylist, linking, allowed)
08-01 08:23:36.488 15286 15286 W .hkxps17.turnu: Accessing hidden method Lsun/misc/Unsafe;->arrayIndexScale(Ljava/lang/Class;)I (greylist, linking, allowed)
08-01 08:23:36.489 15286 15286 W .hkxps17.turnu: Accessing hidden method Lsun/misc/Unsafe;->getLong(Ljava/lang/Object;J)J (greylist,core-platform-api, reflection, allowed)
08-01 08:23:36.489 15286 15286 W .hkxps17.turnu: Accessing hidden field Ljava/nio/Buffer;->address:J (greylist, reflection, allowed)
08-01 08:23:36.489 15286 15286 W .hkxps17.turnu: Accessing hidden method Lsun/misc/Unsafe;->getInt(Ljava/lang/Object;J)I (greylist, reflection, allowed)
08-01 08:23:36.489 15286 15286 W .hkxps17.turnu: Accessing hidden method Lsun/misc/Unsafe;->putInt(Ljava/lang/Object;JI)V (greylist, reflection, allowed)
08-01 08:23:36.489 15286 15286 W .hkxps17.turnu: Accessing hidden method Lsun/misc/Unsafe;->getLong(Ljava/lang/Object;J)J (greylist,core-platform-api, reflection, allowed)
08-01 08:23:36.489 15286 15286 W .hkxps17.turnu: Accessing hidden method Lsun/misc/Unsafe;->putLong(Ljava/lang/Object;JJ)V (greylist, reflection, allowed)
08-01 08:23:36.489 15286 15286 W .hkxps17.turnu: Accessing hidden method Lsun/misc/Unsafe;->getObject(Ljava/lang/Object;J)Ljava/lang/Object; (greylist, reflection, allowed)
08-01 08:23:36.489 15286 15286 W .hkxps17.turnu: Accessing hidden method Lsun/misc/Unsafe;->putObject(Ljava/lang/Object;JLjava/lang/Object;)V (greylist, reflection, allowed)
08-01 08:23:36.496 15286 15286 W .hkxps17.turnu: Accessing hidden method Lsun/misc/Unsafe;->compareAndSwapObject(Ljava/lang/Object;JLjava/lang/Object;Ljava/lang/Object;)Z (greylist, linking, allowed)
08-01 08:23:36.501 15572 15572 W e.process.gapp: Unexpected CPU variant for X86 using defaults: x86
08-01 08:23:36.507 15286 15286 W .hkxps17.turnu: Accessing hidden method Lsun/misc/Unsafe;->putObject(Ljava/lang/Object;JLjava/lang/Object;)V (greylist, linking, allowed)
08-01 08:23:36.516 15572 15572 E e.process.gapp: Not starting debugger since process cannot load the jdwp agent.
08-01 08:23:36.531 15286 15286 W .hkxps17.turnu: Accessing hidden method Lsun/misc/Unsafe;->compareAndSwapObject(Ljava/lang/Object;JLjava/lang/Object;Ljava/lang/Object;)Z (greylist, linking, allowed)
08-01 08:23:36.534 15572 15572 D ApplicationLoaders: Returning zygote-cached class loader: /system/framework/android.hidl.base-V1.0-java.jar
08-01 08:23:36.534 15572 15572 D ApplicationLoaders: Returning zygote-cached class loader: /system/framework/android.hidl.manager-V1.0-java.jar
08-01 08:23:36.534 15572 15572 D ApplicationLoaders: Returning zygote-cached class loader: /system/framework/android.hidl.base-V1.0-java.jar
08-01 08:23:36.534 15286 15286 D MapsInitializer: loadedRenderer: LEGACY
08-01 08:23:36.534 15286 15286 D zzca    : preferredRenderer: null
08-01 08:23:36.535 15572 15572 I e.process.gapp: The ClassLoaderContext is a special shared library.
08-01 08:23:36.536 15286 15286 I Google Maps Android API: Google Play services package version: 222615031
08-01 08:23:36.536 15286 15286 I Google Maps Android API: Google Play services maps renderer version(legacy): 203115000
08-01 08:23:36.536 15572 15572 I e.process.gapp: The ClassLoaderContext is a special shared library.
08-01 08:23:36.549 15572 15572 I GoogleHttpClient: GMS http client unavailable, use old client
08-01 08:23:36.650 15286 15286 W .hkxps17.turnu: Accessing hidden method Lsun/misc/Unsafe;->compareAndSwapObject(Ljava/lang/Object;JLjava/lang/Object;Ljava/lang/Object;)Z (greylist, linking, allowed)
08-01 08:23:36.650 15486 15486 W GrowthKit: Failed to get phenotypeManager in PhenotypeBroadcastReceiver
08-01 08:23:36.650 15486 15486 W GrowthKit: java.lang.NullPointerException: Unable to get GrowthKit Component from host app.
08-01 08:23:36.650 15486 15486 W GrowthKit: 	at com.google.android.libraries.internal.growth.growthkit.inject.GrowthKit.get(GrowthKit.java:43)
08-01 08:23:36.650 15486 15486 W GrowthKit: 	at com.google.android.libraries.internal.growth.growthkit.internal.experiments.impl.PhenotypeBroadcastReceiver.onReceive(PhenotypeBroadcastReceiver.java:25)
08-01 08:23:36.650 15486 15486 W GrowthKit: 	at android.app.ActivityThread.handleReceiver(ActivityThread.java:3788)
08-01 08:23:36.650 15486 15486 W GrowthKit: 	at android.app.ActivityThread.access$1400(ActivityThread.java:219)
08-01 08:23:36.650 15486 15486 W GrowthKit: 	at android.app.ActivityThread$H.handleMessage(ActivityThread.java:1870)
08-01 08:23:36.650 15486 15486 W GrowthKit: 	at android.os.Handler.dispatchMessage(Handler.java:107)
08-01 08:23:36.650 15486 15486 W GrowthKit: 	at android.os.Looper.loop(Looper.java:214)
08-01 08:23:36.650 15486 15486 W GrowthKit: 	at android.app.ActivityThread.main(ActivityThread.java:7356)
08-01 08:23:36.650 15486 15486 W GrowthKit: 	at java.lang.reflect.Method.invoke(Native Method)
08-01 08:23:36.650 15486 15486 W GrowthKit: 	at com.android.internal.os.RuntimeInit$MethodAndArgsCaller.run(RuntimeInit.java:492)
08-01 08:23:36.650 15486 15486 W GrowthKit: 	at com.android.internal.os.ZygoteInit.main(ZygoteInit.java:930)
08-01 08:23:36.713  1778  1778 I Zygote  : Process 14904 exited due to signal 9 (Killed)
08-01 08:23:36.724 10808 15068 I NetworkScheduler.Stats: Task com.google.android.videos/ started execution. cause:7 exec_start_elapsed_seconds: 61445 [CONTEXT service_id=218 ]
08-01 08:23:36.726  9405 15617 W PlayMovies: UnpinContentCleanerImpl.cleanUp:13 Start clean up task with reason 2
08-01 08:23:36.726  9405 15617 W PlayMovies:
08-01 08:23:36.726  9405 15617 W PlayMovies: UnpinContentCleanerImpl.startCleanUp:18 Start cleanup unpinned content
08-01 08:23:36.726  9405 15617 W PlayMovies:
08-01 08:23:36.734  9405 15617 W PlayMovies: UnpinContentCleanerImpl.startCleanUp:26 Done cleanup unpinned content: removed 0 files
08-01 08:23:36.734  9405 15617 W PlayMovies:
08-01 08:23:36.745 15286 15286 W .hkxps17.turnu: Accessing hidden method Lsun/misc/Unsafe;->compareAndSwapObject(Ljava/lang/Object;JLjava/lang/Object;Ljava/lang/Object;)Z (greylist, linking, allowed)
08-01 08:23:36.745 15286 15286 W .hkxps17.turnu: Accessing hidden method Lsun/misc/Unsafe;->getObject(Ljava/lang/Object;J)Ljava/lang/Object; (greylist, linking, allowed)
08-01 08:23:36.750 15286 15286 W .hkxps17.turnu: Accessing hidden method Lsun/misc/Unsafe;->getInt(Ljava/lang/Object;J)I (greylist, linking, allowed)
08-01 08:23:36.752 15286 15286 W .hkxps17.turnu: Accessing hidden method Lsun/misc/Unsafe;->putObject(Ljava/lang/Object;JLjava/lang/Object;)V (greylist, linking, allowed)
08-01 08:23:36.753 15286 15286 W .hkxps17.turnu: Accessing hidden method Lsun/misc/Unsafe;->putInt(Ljava/lang/Object;JI)V (greylist, linking, allowed)
08-01 08:23:36.753  2037  2066 I libprocessgroup: Successfully killed process cgroup uid 10050 pid 14904 in 89ms
08-01 08:23:36.789 15286 15286 D LifecycleMonitor: Lifecycle status change: com.hkxps17.turnup.MapsActivity@c100fba in: CREATED
08-01 08:23:36.790 15286 15286 V ActivityScenario: Activity lifecycle changed event received but ignored because the intent does not match. startActivityIntent=Intent { act=android.intent.action.MAIN cat=[android.intent.category.LAUNCHER] cmp=com.hkxps17.turnup/.LoginActivity }, activity.getIntent()=Intent { cmp=com.hkxps17.turnup/.MapsActivity }, activity=com.hkxps17.turnup.MapsActivity@c100fba
08-01 08:23:36.798 15286 15286 W .hkxps17.turnu: Accessing hidden method Lsun/misc/Unsafe;->compareAndSwapObject(Ljava/lang/Object;JLjava/lang/Object;Ljava/lang/Object;)Z (greylist, linking, allowed)
08-01 08:23:36.800 15286 15286 D LifecycleMonitor: Lifecycle status change: com.hkxps17.turnup.MapsActivity@c100fba in: STARTED
08-01 08:23:36.801 15286 15286 V ActivityScenario: Activity lifecycle changed event received but ignored because the intent does not match. startActivityIntent=Intent { act=android.intent.action.MAIN cat=[android.intent.category.LAUNCHER] cmp=com.hkxps17.turnup/.LoginActivity }, activity.getIntent()=Intent { cmp=com.hkxps17.turnup/.MapsActivity }, activity=com.hkxps17.turnup.MapsActivity@c100fba
08-01 08:23:36.801 15286 15286 D LifecycleMonitor: Lifecycle status change: com.hkxps17.turnup.MapsActivity@c100fba in: RESUMED
08-01 08:23:36.802 15286 15286 V ActivityScenario: Activity lifecycle changed event received but ignored because the intent does not match. startActivityIntent=Intent { act=android.intent.action.MAIN cat=[android.intent.category.LAUNCHER] cmp=com.hkxps17.turnup/.LoginActivity }, activity.getIntent()=Intent { cmp=com.hkxps17.turnup/.MapsActivity }, activity=com.hkxps17.turnup.MapsActivity@c100fba
08-01 08:23:36.802 10808 15221 I NetworkScheduler.Stats: Task com.google.android.videos/ finished executing. cause:7 result: 1 elapsed_millis: 90 uptime_millis: 90 exec_start_elapsed_seconds: 61445 [CONTEXT service_id=218 ]
08-01 08:23:36.875 10808  4211 I bdrv    : Scheduling Phenotype for a PhenotypeSyncImmediately(6, com.google.android.gms.maps#com.hkxps17.turnup) one off with window [1, 2] in seconds [CONTEXT service_id=51 ]
08-01 08:23:36.880 15286 15303 I ba      : Successfully registered with Phenotype.
08-01 08:23:36.891 15286 15557 W .hkxps17.turnu: Accessing hidden method Lsun/misc/Unsafe;->getLong(Ljava/lang/Object;J)J (greylist,core-platform-api, linking, allowed)
08-01 08:23:36.899  1796  3402 D gralloc_ranchu: gralloc_alloc: Creating ashmem region of size 9334784
08-01 08:23:36.902 15286 15557 W .hkxps17.turnu: Accessing hidden method Lsun/misc/Unsafe;->compareAndSwapObject(Ljava/lang/Object;JLjava/lang/Object;Ljava/lang/Object;)Z (greylist, linking, allowed)
08-01 08:23:36.904  1796  3402 D gralloc_ranchu: gralloc_alloc: Creating ashmem region of size 9334784
08-01 08:23:36.906  1796  3402 D gralloc_ranchu: gralloc_alloc: Creating ashmem region of size 9334784
08-01 08:23:36.906 15286 15616 D HostConnection: HostConnection::get() New Host Connection established 0xb8be95f0, tid 15616
08-01 08:23:36.907 15286 15616 D HostConnection: HostComposition ext ANDROID_EMU_CHECKSUM_HELPER_v1 ANDROID_EMU_dma_v1 ANDROID_EMU_direct_mem ANDROID_EMU_host_composition_v1 ANDROID_EMU_host_composition_v2 ANDROID_EMU_vulkan ANDROID_EMU_deferred_vulkan_commands ANDROID_EMU_vulkan_null_optional_strings ANDROID_EMU_vulkan_create_resources_with_requirements ANDROID_EMU_YUV420_888_to_NV21 ANDROID_EMU_YUV_Cache ANDROID_EMU_vulkan_free_memory_sync ANDROID_EMU_vulkan_shader_float16_int8 ANDROID_EMU_vulkan_async_queue_submit ANDROID_EMU_sync_buffer_data GL_OES_vertex_array_object GL_KHR_texture_compression_astc_ldr ANDROID_EMU_host_side_tracing ANDROID_EMU_gles_max_version_2
08-01 08:23:36.915 15286 15616 D eglCodecCommon: setVertexArrayObject: set vao to 0 (0) 0 0
08-01 08:23:36.916 15286 15616 D EGL_emulation: eglCreateContext: 0xdde5c480: maj 1 min 0 rcv 1
08-01 08:23:36.916 15286 15354 D EGL_emulation: eglMakeCurrent: 0xdde5ee80: ver 2 0 (tinfo 0xdde95f80)
08-01 08:23:36.918  1678  1678 I hwservicemanager: getTransport: Cannot find entry android.hardware.graphics.allocator@3.0::IAllocator/default in either framework or device manifest.
08-01 08:23:36.918 15286 15616 W Gralloc3: allocator 3.x is not supported
08-01 08:23:36.921  1796  3402 D gralloc_ranchu: gralloc_alloc: Creating ashmem region of size 8478720
08-01 08:23:36.921  1795  2479 E GnssHAL_GnssInterface: gnssSvStatusCb: a: input svInfo.flags is 8
08-01 08:23:36.921  1795  2479 E GnssHAL_GnssInterface: gnssSvStatusCb: b: input svInfo.flags is 8
08-01 08:23:36.962 15286 15616 D EGL_emulation: eglMakeCurrent: 0xdde5c480: ver 1 0 (tinfo 0xd2b69a10)
08-01 08:23:36.993 15286 15620 W .hkxps17.turnu: Accessing hidden method Lsun/misc/Unsafe;->getObject(Ljava/lang/Object;J)Ljava/lang/Object; (greylist, linking, allowed)
08-01 08:23:36.994 15286 15620 W .hkxps17.turnu: Accessing hidden method Lsun/misc/Unsafe;->putObject(Ljava/lang/Object;JLjava/lang/Object;)V (greylist, linking, allowed)
08-01 08:23:36.999 15286 15632 W .hkxps17.turnu: Accessing hidden method Lsun/misc/Unsafe;->getObject(Ljava/lang/Object;J)Ljava/lang/Object; (greylist, linking, allowed)
08-01 08:23:37.002 15286 15632 I chatty  : uid=10172(com.hkxps17.turnup) androidmapsapi- identical 2 lines
08-01 08:23:37.004 15286 15632 W .hkxps17.turnu: Accessing hidden method Lsun/misc/Unsafe;->getObject(Ljava/lang/Object;J)Ljava/lang/Object; (greylist, linking, allowed)
08-01 08:23:37.023 15286 15632 W .hkxps17.turnu: Accessing hidden method Lsun/misc/Unsafe;->putObject(Ljava/lang/Object;JLjava/lang/Object;)V (greylist, linking, allowed)
08-01 08:23:37.063  1796  3402 D gralloc_ranchu: gralloc_alloc: Creating ashmem region of size 8478720
08-01 08:23:37.088 15286 15286 W .hkxps17.turnu: Accessing hidden method Ldalvik/system/CloseGuard;->get()Ldalvik/system/CloseGuard; (greylist,core-platform-api, reflection, allowed)
08-01 08:23:37.088 15286 15286 W .hkxps17.turnu: Accessing hidden method Ldalvik/system/CloseGuard;->open(Ljava/lang/String;)V (greylist,core-platform-api, reflection, allowed)
08-01 08:23:37.088 15286 15286 W .hkxps17.turnu: Accessing hidden method Ldalvik/system/CloseGuard;->warnIfOpen()V (greylist,core-platform-api, reflection, allowed)
08-01 08:23:37.104 15286 15286 D TEST    : []!!!!
08-01 08:23:37.112 15286 15286 D TEST    : []!!!!
08-01 08:23:37.124 15286 15354 D EGL_emulation: eglMakeCurrent: 0xdde5ee80: ver 2 0 (tinfo 0xdde95f80)
08-01 08:23:37.157  1777 15640 E ResolverController: No valid NAT64 prefix (101, <unspecified>/0)
08-01 08:23:37.167  2037  2059 W InputReader: Device has associated, but no associated display id.
08-01 08:23:37.170  2037  2059 I chatty  : uid=1000(system) android.anim identical 18 lines
08-01 08:23:37.170  2037  2059 W InputReader: Device has associated, but no associated display id.
08-01 08:23:37.171 15286 15354 D EGL_emulation: eglMakeCurrent: 0xdde5ee80: ver 2 0 (tinfo 0xdde95f80)
08-01 08:23:37.178  1777 15641 E ResolverController: No valid NAT64 prefix (101, <unspecified>/0)
08-01 08:23:37.209 15286 15286 D LifecycleMonitor: Lifecycle status change: com.hkxps17.turnup.LoginActivity@7e17953 in: STOPPED
08-01 08:23:37.210 15286 15286 V ActivityScenario: Update currentActivityStage to STOPPED, currentActivity=com.hkxps17.turnup.LoginActivity@7e17953
08-01 08:23:37.385 15286 15632 W .hkxps17.turnu: Accessing hidden method Lsun/misc/Unsafe;->putObject(Ljava/lang/Object;JLjava/lang/Object;)V (greylist, linking, allowed)
08-01 08:23:37.386 15286 15632 W .hkxps17.turnu: Accessing hidden method Lsun/misc/Unsafe;->getInt(Ljava/lang/Object;J)I (greylist, linking, allowed)
08-01 08:23:37.386 15286 15632 W .hkxps17.turnu: Accessing hidden method Lsun/misc/Unsafe;->putInt(Ljava/lang/Object;JI)V (greylist, linking, allowed)
08-01 08:23:37.388 15286 15632 W .hkxps17.turnu: Accessing hidden method Lsun/misc/Unsafe;->putLong(Ljava/lang/Object;JJ)V (greylist, linking, allowed)
08-01 08:23:37.398 15286 15632 W .hkxps17.turnu: Accessing hidden method Lsun/misc/Unsafe;->getObject(Ljava/lang/Object;J)Ljava/lang/Object; (greylist, linking, allowed)
08-01 08:23:37.398 15286 15632 W .hkxps17.turnu: Accessing hidden method Lsun/misc/Unsafe;->putObject(Ljava/lang/Object;JLjava/lang/Object;)V (greylist, linking, allowed)
08-01 08:23:37.398 15286 15632 W .hkxps17.turnu: Accessing hidden method Lsun/misc/Unsafe;->putLong(Ljava/lang/Object;JJ)V (greylist, linking, allowed)
08-01 08:23:37.399 15286 15632 W .hkxps17.turnu: Accessing hidden method Lsun/misc/Unsafe;->putObject(Ljava/lang/Object;JLjava/lang/Object;)V (greylist, linking, allowed)
08-01 08:23:37.400 15286 15632 W .hkxps17.turnu: Accessing hidden method Lsun/misc/Unsafe;->putLong(Ljava/lang/Object;JJ)V (greylist, linking, allowed)
08-01 08:23:37.401 15286 15632 W .hkxps17.turnu: Accessing hidden method Lsun/misc/Unsafe;->putObject(Ljava/lang/Object;JLjava/lang/Object;)V (greylist, linking, allowed)
08-01 08:23:37.401 15286 15632 W .hkxps17.turnu: Accessing hidden method Lsun/misc/Unsafe;->putLong(Ljava/lang/Object;JJ)V (greylist, linking, allowed)
08-01 08:23:37.407 15286 15632 W .hkxps17.turnu: Accessing hidden method Lsun/misc/Unsafe;->getLong(Ljava/lang/Object;J)J (greylist,core-platform-api, linking, allowed)
08-01 08:23:37.411 15286 15632 W .hkxps17.turnu: Accessing hidden method Lsun/misc/Unsafe;->putObject(Ljava/lang/Object;JLjava/lang/Object;)V (greylist, linking, allowed)
08-01 08:23:37.411 15286 15632 W .hkxps17.turnu: Accessing hidden method Lsun/misc/Unsafe;->putLong(Ljava/lang/Object;JJ)V (greylist, linking, allowed)
08-01 08:23:37.431 15286 15286 W .hkxps17.turnu: Accessing hidden method Lsun/misc/Unsafe;->putObject(Ljava/lang/Object;JLjava/lang/Object;)V (greylist, linking, allowed)
08-01 08:23:37.442 15286 15645 W .hkxps17.turnu: Accessing hidden method Lsun/misc/Unsafe;->compareAndSwapObject(Ljava/lang/Object;JLjava/lang/Object;Ljava/lang/Object;)Z (greylist, linking, allowed)
08-01 08:23:37.443  1796  3402 D gralloc_ranchu: gralloc_alloc: Creating ashmem region of size 8478720
08-01 08:23:37.445 15286 15645 W .hkxps17.turnu: Accessing hidden method Lsun/misc/Unsafe;->getObject(Ljava/lang/Object;J)Ljava/lang/Object; (greylist, linking, allowed)
08-01 08:23:37.462 15286 15645 I chatty  : uid=10172(com.hkxps17.turnup) androidmapsapi- identical 2 lines
08-01 08:23:37.473 15286 15645 W .hkxps17.turnu: Accessing hidden method Lsun/misc/Unsafe;->getObject(Ljava/lang/Object;J)Ljava/lang/Object; (greylist, linking, allowed)
08-01 08:23:37.475  2037  2063 E memtrack: Couldn't load memtrack module
08-01 08:23:37.475  2037  2063 W android.os.Debug: failed to get memory consumption info: -1
08-01 08:23:37.491 15286 15645 W .hkxps17.turnu: Accessing hidden method Lsun/misc/Unsafe;->getObject(Ljava/lang/Object;J)Ljava/lang/Object; (greylist, linking, allowed)
08-01 08:23:37.500 15286 15354 D EGL_emulation: eglMakeCurrent: 0xdde5ee80: ver 2 0 (tinfo 0xdde95f80)
08-01 08:23:37.508 15286 15354 D EGL_emulation: eglMakeCurrent: 0xdde5ee80: ver 2 0 (tinfo 0xdde95f80)
08-01 08:23:37.513 15286 15645 W .hkxps17.turnu: Accessing hidden method Lsun/misc/Unsafe;->getObject(Ljava/lang/Object;J)Ljava/lang/Object; (greylist, linking, allowed)
08-01 08:23:37.522 15286 15354 D EGL_emulation: eglMakeCurrent: 0xdde5ee80: ver 2 0 (tinfo 0xdde95f80)
08-01 08:23:37.526 15286 15645 W .hkxps17.turnu: Accessing hidden method Lsun/misc/Unsafe;->getObject(Ljava/lang/Object;J)Ljava/lang/Object; (greylist, linking, allowed)
08-01 08:23:37.542 15286 15645 W .hkxps17.turnu: Accessing hidden method Lsun/misc/Unsafe;->getObject(Ljava/lang/Object;J)Ljava/lang/Object; (greylist, linking, allowed)
08-01 08:23:37.549 15286 15354 D EGL_emulation: eglMakeCurrent: 0xdde5ee80: ver 2 0 (tinfo 0xdde95f80)
08-01 08:23:37.556 15286 15354 D EGL_emulation: eglMakeCurrent: 0xdde5ee80: ver 2 0 (tinfo 0xdde95f80)
08-01 08:23:37.559 15286 15645 W .hkxps17.turnu: Accessing hidden method Lsun/misc/Unsafe;->getObject(Ljava/lang/Object;J)Ljava/lang/Object; (greylist, linking, allowed)
08-01 08:23:37.577 15286 15645 I chatty  : uid=10172(com.hkxps17.turnup) androidmapsapi- identical 1 line
08-01 08:23:37.595 15286 15645 W .hkxps17.turnu: Accessing hidden method Lsun/misc/Unsafe;->getObject(Ljava/lang/Object;J)Ljava/lang/Object; (greylist, linking, allowed)
08-01 08:23:37.603 15286 15354 D EGL_emulation: eglMakeCurrent: 0xdde5ee80: ver 2 0 (tinfo 0xdde95f80)
08-01 08:23:37.610 15286 15354 D EGL_emulation: eglMakeCurrent: 0xdde5ee80: ver 2 0 (tinfo 0xdde95f80)
08-01 08:23:37.613 15286 15645 W .hkxps17.turnu: Accessing hidden method Lsun/misc/Unsafe;->getObject(Ljava/lang/Object;J)Ljava/lang/Object; (greylist, linking, allowed)
08-01 08:23:37.628 15286 15354 D EGL_emulation: eglMakeCurrent: 0xdde5ee80: ver 2 0 (tinfo 0xdde95f80)
08-01 08:23:37.629 15286 15286 D LifecycleMonitor: Lifecycle status change: com.hkxps17.turnup.EventListActivity@2345cf4 in: STOPPED
08-01 08:23:37.630 15286 15286 V ActivityScenario: Activity lifecycle changed event received but ignored because the intent does not match. startActivityIntent=Intent { act=android.intent.action.MAIN cat=[android.intent.category.LAUNCHER] cmp=com.hkxps17.turnup/.LoginActivity }, activity.getIntent()=Intent { cmp=com.hkxps17.turnup/.EventListActivity }, activity=com.hkxps17.turnup.EventListActivity@2345cf4
08-01 08:23:37.633 15286 15645 W .hkxps17.turnu: Accessing hidden method Lsun/misc/Unsafe;->getObject(Ljava/lang/Object;J)Ljava/lang/Object; (greylist, linking, allowed)
08-01 08:23:37.645 15286 15645 W .hkxps17.turnu: Accessing hidden method Lsun/misc/Unsafe;->getObject(Ljava/lang/Object;J)Ljava/lang/Object; (greylist, linking, allowed)
08-01 08:23:37.655 15286 15354 D EGL_emulation: eglMakeCurrent: 0xdde5ee80: ver 2 0 (tinfo 0xdde95f80)
08-01 08:23:37.660 15286 15317 W .hkxps17.turnu: Accessing hidden method Lsun/misc/Unsafe;->compareAndSwapObject(Ljava/lang/Object;JLjava/lang/Object;Ljava/lang/Object;)Z (greylist, linking, allowed)
08-01 08:23:37.662 15286 15645 W .hkxps17.turnu: Accessing hidden method Lsun/misc/Unsafe;->getObject(Ljava/lang/Object;J)Ljava/lang/Object; (greylist, linking, allowed)
08-01 08:23:37.662 15286 15286 I ViewInteraction: Performing 'single click' action on view (view.getId() is <2131231035/com.hkxps17.turnup:id/map_add_button> and Child at position 4 in parent Child at position 0 in parent view.getId() is <16908290/android:id/content> and (view has effective visibility <VISIBLE> and view.getGlobalVisibleRect() to return non-empty rectangle))
08-01 08:23:37.680 15286 15645 W .hkxps17.turnu: Accessing hidden method Lsun/misc/Unsafe;->getObject(Ljava/lang/Object;J)Ljava/lang/Object; (greylist, linking, allowed)
08-01 08:23:37.698 15286 15645 I chatty  : uid=10172(com.hkxps17.turnup) androidmapsapi- identical 1 line
08-01 08:23:37.716 15286 15645 W .hkxps17.turnu: Accessing hidden method Lsun/misc/Unsafe;->getObject(Ljava/lang/Object;J)Ljava/lang/Object; (greylist, linking, allowed)
08-01 08:23:37.720 15286 15286 D LifecycleMonitor: Lifecycle status change: com.hkxps17.turnup.MapsActivity@c100fba in: PAUSED
08-01 08:23:37.721 15286 15286 V ActivityScenario: Activity lifecycle changed event received but ignored because the intent does not match. startActivityIntent=Intent { act=android.intent.action.MAIN cat=[android.intent.category.LAUNCHER] cmp=com.hkxps17.turnup/.LoginActivity }, activity.getIntent()=Intent { cmp=com.hkxps17.turnup/.MapsActivity }, activity=com.hkxps17.turnup.MapsActivity@c100fba
08-01 08:23:37.721  2037  3386 W InputReader: Device has associated, but no associated display id.
08-01 08:23:37.725  2037  3386 I chatty  : uid=1000(system) Binder:2037_11 identical 48 lines
08-01 08:23:37.725  2037  3386 W InputReader: Device has associated, but no associated display id.
08-01 08:23:37.730 15286 15286 W ActivityThread: handleWindowVisibility: no activity for token android.os.BinderProxy@9cd8e7b
08-01 08:23:37.733 15286 15645 W .hkxps17.turnu: Accessing hidden method Lsun/misc/Unsafe;->getObject(Ljava/lang/Object;J)Ljava/lang/Object; (greylist, linking, allowed)
08-01 08:23:37.736 15286 15286 D LifecycleMonitor: Lifecycle status change: com.hkxps17.turnup.AddLocationActivity@92e7f2d in: PRE_ON_CREATE
08-01 08:23:37.736 15286 15286 V ActivityScenario: Activity lifecycle changed event received but ignored because the intent does not match. startActivityIntent=Intent { act=android.intent.action.MAIN cat=[android.intent.category.LAUNCHER] cmp=com.hkxps17.turnup/.LoginActivity }, activity.getIntent()=Intent { cmp=com.hkxps17.turnup/.AddLocationActivity }, activity=com.hkxps17.turnup.AddLocationActivity@92e7f2d
08-01 08:23:37.753 15286 15645 W .hkxps17.turnu: Accessing hidden method Lsun/misc/Unsafe;->getObject(Ljava/lang/Object;J)Ljava/lang/Object; (greylist, linking, allowed)
08-01 08:23:37.766 15286 15286 D LifecycleMonitor: Lifecycle status change: com.hkxps17.turnup.AddLocationActivity@92e7f2d in: CREATED
08-01 08:23:37.767 15286 15286 V ActivityScenario: Activity lifecycle changed event received but ignored because the intent does not match. startActivityIntent=Intent { act=android.intent.action.MAIN cat=[android.intent.category.LAUNCHER] cmp=com.hkxps17.turnup/.LoginActivity }, activity.getIntent()=Intent { cmp=com.hkxps17.turnup/.AddLocationActivity }, activity=com.hkxps17.turnup.AddLocationActivity@92e7f2d
08-01 08:23:37.768 15286 15286 D LifecycleMonitor: Lifecycle status change: com.hkxps17.turnup.AddLocationActivity@92e7f2d in: STARTED
