08-01 08:29:31.888 19713 19713 W ActivityThread: handleWindowVisibility: no activity for token android.os.BinderProxy@c8c90fb
08-01 08:29:31.906 19814 19814 I MusicExperimentManager: Received config change, experiments list is null
08-01 08:29:31.906 19814 19814 W MusicExperimentManager: Parsing error while updating analysis experiments
08-01 08:29:31.906 19713 19713 D LifecycleMonitor: Lifecycle status change: com.hkxps17.turnup.EventListActivity@acabac4 in: PRE_ON_CREATE
08-01 08:29:31.907 19713 19713 V ActivityScenario: Activity lifecycle changed event received but ignored because the intent does not match. startActivityIntent=Intent { act=android.intent.action.MAIN cat=[android.intent.category.LAUNCHER] cmp=com.hkxps17.turnup/.LoginActivity }, activity.getIntent()=Intent { cmp=com.hkxps17.turnup/.EventListActivity }, activity=com.hkxps17.turnup.EventListActivity@acabac4
08-01 08:29:31.916 19814 19814 I BaseStore: Store database version: 146
08-01 08:29:31.947  1795  2479 E GnssHAL_GnssInterface: gnssSvStatusCb: a: input svInfo.flags is 8
08-01 08:29:31.948  1795  2479 E GnssHAL_GnssInterface: gnssSvStatusCb: b: input svInfo.flags is 8
08-01 08:29:31.965 19814 19814 I PlaybackClient: init: Initializing
08-01 08:29:32.000 19713 19713 D EMAIL   : apnadekhbey@gmail.com
08-01 08:29:32.019 19713 19713 D LifecycleMonitor: Lifecycle status change: com.hkxps17.turnup.EventListActivity@acabac4 in: CREATED
08-01 08:29:32.019 19713 19713 V ActivityScenario: Activity lifecycle changed event received but ignored because the intent does not match. startActivityIntent=Intent { act=android.intent.action.MAIN cat=[android.intent.category.LAUNCHER] cmp=com.hkxps17.turnup/.LoginActivity }, activity.getIntent()=Intent { cmp=com.hkxps17.turnup/.EventListActivity }, activity=com.hkxps17.turnup.EventListActivity@acabac4
08-01 08:29:32.023 19713 19713 D LifecycleMonitor: Lifecycle status change: com.hkxps17.turnup.EventListActivity@acabac4 in: STARTED
08-01 08:29:32.027 19713 19713 V ActivityScenario: Activity lifecycle changed event received but ignored because the intent does not match. startActivityIntent=Intent { act=android.intent.action.MAIN cat=[android.intent.category.LAUNCHER] cmp=com.hkxps17.turnup/.LoginActivity }, activity.getIntent()=Intent { cmp=com.hkxps17.turnup/.EventListActivity }, activity=com.hkxps17.turnup.EventListActivity@acabac4
08-01 08:29:32.028 19713 19713 D LifecycleMonitor: Lifecycle status change: com.hkxps17.turnup.EventListActivity@acabac4 in: RESUMED
08-01 08:29:32.029 19713 19713 V ActivityScenario: Activity lifecycle changed event received but ignored because the intent does not match. startActivityIntent=Intent { act=android.intent.action.MAIN cat=[android.intent.category.LAUNCHER] cmp=com.hkxps17.turnup/.LoginActivity }, activity.getIntent()=Intent { cmp=com.hkxps17.turnup/.EventListActivity }, activity=com.hkxps17.turnup.EventListActivity@acabac4
08-01 08:29:32.037 19814 19814 D MusicLifecycle: com.google.android.music.AccountsBroadcastReceiver generated event: Broadcast received with context android.app.ReceiverRestrictedContext@25298d0 and intent Intent { act=android.accounts.LOGIN_ACCOUNTS_CHANGED flg=0x5000010 cmp=com.google.android.music/.AccountsBroadcastReceiver }
08-01 08:29:32.037 19814 19814 D MusicLifecycle: com.google.android.music.net.NetworkConnectivityMonitor$NetworkChangedReceiver generated event: Broadcast received with context com.google.android.music.ui.PhoneMusicApplication@5934fc0 and intent Intent { act=android.net.conn.CONNECTIVITY_CHANGE flg=0x4200010 (has extras) }
08-01 08:29:32.038 19814 19814 I NetworkConnectivity: Network state changed: [type: WIFI[], state: CONNECTED/CONNECTED, reason: (unspecified), extra: (none), failover: false, available: true, roaming: false]
08-01 08:29:32.039 19713 19713 D LifecycleMonitor: Lifecycle status change: com.google.android.gms.auth.api.signin.internal.SignInHubActivity@e36cf88 in: STOPPED
08-01 08:29:32.039 19713 19713 V ActivityScenario: Activity lifecycle changed event received but ignored because the intent does not match. startActivityIntent=Intent { act=android.intent.action.MAIN cat=[android.intent.category.LAUNCHER] cmp=com.hkxps17.turnup/.LoginActivity }, activity.getIntent()=Intent { act=com.google.android.gms.auth.GOOGLE_SIGN_IN flg=0x800000 pkg=com.hkxps17.turnup cmp=com.hkxps17.turnup/com.google.android.gms.auth.api.signin.internal.SignInHubActivity (has extras) }, activity=com.google.android.gms.auth.api.signin.internal.SignInHubActivity@e36cf88
08-01 08:29:32.040 19814 19833 I SignupStatusTask: Starting 'com.google.android.music.sync.google.MusicGcmTaskService
08-01 08:29:32.040 19713 19860 D NetworkSecurityConfig: No Network Security Config specified, using platform default
08-01 08:29:32.043 19713 19713 D LifecycleMonitor: Lifecycle status change: com.google.android.gms.auth.api.signin.internal.SignInHubActivity@e36cf88 in: DESTROYED
08-01 08:29:32.043 19713 19713 V ActivityScenario: Activity lifecycle changed event received but ignored because the intent does not match. startActivityIntent=Intent { act=android.intent.action.MAIN cat=[android.intent.category.LAUNCHER] cmp=com.hkxps17.turnup/.LoginActivity }, activity.getIntent()=Intent { act=com.google.android.gms.auth.GOOGLE_SIGN_IN flg=0x800000 pkg=com.hkxps17.turnup cmp=com.hkxps17.turnup/com.google.android.gms.auth.api.signin.internal.SignInHubActivity (has extras) }, activity=com.google.android.gms.auth.api.signin.internal.SignInHubActivity@e36cf88
08-01 08:29:32.045 19814 19814 D MusicLifecycle: com.google.android.music.download.EncapsulatedBroadcastReceiver$1 generated event: Broadcast received with context com.google.android.music.ui.PhoneMusicApplication@5934fc0 and intent Intent { act=com.google.android.music.ResumeStorageMigration flg=0x10 (has extras) }
08-01 08:29:32.054 19814 19814 D MusicLifecycle: com.google.android.music.download.EncapsulatedBroadcastReceiver$1 generated event: Broadcast received with context com.google.android.music.ui.PhoneMusicApplication@5934fc0 and intent Intent { act=com.google.android.music.download.keepon.KeeponSchedulingService.START_DOWNLOAD flg=0x10 }
08-01 08:29:32.069 19814 19841 I NetworkPolicyMonitor: Download-ability status changed to (true) unmetered wifi/eth: true mobileOrMetered: false
08-01 08:29:32.070 25037 25037 D BoundBrokerSvc: onBind: Intent { act=com.google.android.gms.feedback.internal.IFeedbackService dat=chimera-action:com.google.android.gms.feedback.internal.IFeedbackService cmp=com.google.android.gms/.chimera.GmsBoundBrokerService }
08-01 08:29:32.070 25037 25037 D BoundBrokerSvc: Loading bound service for intent: Intent { act=com.google.android.gms.feedback.internal.IFeedbackService dat=chimera-action:com.google.android.gms.feedback.internal.IFeedbackService cmp=com.google.android.gms/.chimera.GmsBoundBrokerService }
08-01 08:29:32.073  1796  3402 D gralloc_ranchu: gralloc_alloc: Creating ashmem region of size 9334784
08-01 08:29:32.086 19814 19814 I NetworkPolicyMonitor: Stream-ability status changed to (true) unmetered wifi/eth: true mobileOrMetered: false
08-01 08:29:32.086  1796  3402 D gralloc_ranchu: gralloc_alloc: Creating ashmem region of size 9334784
08-01 08:29:32.087  1796  3402 D gralloc_ranchu: gralloc_alloc: Creating ashmem region of size 9334784
08-01 08:29:32.094 19713 19786 D EGL_emulation: eglMakeCurrent: 0xdde55de0: ver 2 0 (tinfo 0xdde95820)
08-01 08:29:32.121 19713 19786 D EGL_emulation: eglMakeCurrent: 0xdde55de0: ver 2 0 (tinfo 0xdde95820)
08-01 08:29:32.124  2037  2059 W InputReader: Device has associated, but no associated display id.
08-01 08:29:32.129  2037  2059 I chatty  : uid=1000(system) android.anim identical 28 lines
08-01 08:29:32.129  2037  2059 W InputReader: Device has associated, but no associated display id.
08-01 08:29:32.132 19713 19786 D EGL_emulation: eglMakeCurrent: 0xdde55de0: ver 2 0 (tinfo 0xdde95820)
08-01 08:29:32.134 19814 19856 D AwarenessRouter: 0 new fences
08-01 08:29:32.144 19814 19856 D AwarenessRouter: 0 fences already registered
08-01 08:29:32.146 19814 19856 D AwarenessRouter: Successfully removed 0 context fences
08-01 08:29:32.153 19814 19834 W AdvertisingIdClient: Error while reading from SharedPreferences
08-01 08:29:32.153 19814 19834 W AdvertisingIdClient: java.lang.SecurityException: MODE_WORLD_READABLE no longer supported
08-01 08:29:32.153 19814 19834 W AdvertisingIdClient: 	at android.app.ContextImpl.checkMode(ContextImpl.java:2622)
08-01 08:29:32.153 19814 19834 W AdvertisingIdClient: 	at android.app.ContextImpl.getSharedPreferences(ContextImpl.java:453)
08-01 08:29:32.153 19814 19834 W AdvertisingIdClient: 	at android.app.ContextImpl.getSharedPreferences(ContextImpl.java:443)
08-01 08:29:32.153 19814 19834 W AdvertisingIdClient: 	at com.google.android.gms.ads.identifier.AdvertisingIdClient.getAdvertisingIdInfo(Unknown Source:11)
08-01 08:29:32.153 19814 19834 W AdvertisingIdClient: 	at com.google.android.music.preferences.MusicPreferences.getAdvertisingIdInfo(MusicPreferences.java:2482)
08-01 08:29:32.153 19814 19834 W AdvertisingIdClient: 	at com.google.android.music.preferences.MusicPreferences.access$1000(MusicPreferences.java:84)
08-01 08:29:32.153 19814 19834 W AdvertisingIdClient: 	at com.google.android.music.preferences.MusicPreferences$7.run(MusicPreferences.java:2463)
08-01 08:29:32.153 19814 19834 W AdvertisingIdClient: 	at com.google.android.music.utils.async.TraceableRunnable.runLogged(TraceableRunnable.java:21)
08-01 08:29:32.153 19814 19834 W AdvertisingIdClient: 	at com.google.android.music.utils.async.LoggedRunnable.run(LoggedRunnable.java:30)
08-01 08:29:32.153 19814 19834 W AdvertisingIdClient: 	at android.os.Handler.handleCallback(Handler.java:883)
08-01 08:29:32.153 19814 19834 W AdvertisingIdClient: 	at android.os.Handler.dispatchMessage(Handler.java:100)
08-01 08:29:32.153 19814 19834 W AdvertisingIdClient: 	at com.google.android.music.utils.LoggableHandler.dispatchMessage(LoggableHandler.java:74)
08-01 08:29:32.153 19814 19834 W AdvertisingIdClient: 	at android.os.Looper.loop(Looper.java:214)
08-01 08:29:32.153 19814 19834 W AdvertisingIdClient: 	at android.os.HandlerThread.run(HandlerThread.java:67)
08-01 08:29:32.183 25037 19639 I PmtsSwAccountIntentOp: Processing intent action=android.accounts.LOGIN_ACCOUNTS_CHANGED
08-01 08:29:32.183 25037 19639 I PmtsSwAccountIntentOp: Account added has already been processed
08-01 08:29:32.189  3995  3995 I GnpSdk  : [ChimeBroadcastReceiver] Intent received for action [android.accounts.LOGIN_ACCOUNTS_CHANGED] package [com.google.android.googlequicksearchbox].
08-01 08:29:32.189  3995  3995 I GnpSdk  : [ChimeBroadcastReceiver] Phenotype initialized.
08-01 08:29:32.189  3995  3995 I GnpSdk  : [ChimeBroadcastReceiver] Validation OK for action [android.accounts.LOGIN_ACCOUNTS_CHANGED].
08-01 08:29:32.189  3995  3995 I GnpSdk  : [ChimeExecutorApiImpl-Tiktok] Submitting Broadcast execution [205484276] to tiktok executor.
08-01 08:29:32.189  3995 15768 I GnpSdk  : [ChimeBroadcastReceiver] Executing action in BroadcastReceiver [android.accounts.LOGIN_ACCOUNTS_CHANGED].
08-01 08:29:32.191  3995  3995 I BgTaskExecutorImpl: (REDACTED) Starting %s background task %s.
08-01 08:29:32.194  3995 17055 I Search.LoginHelperImpl: #refresh()
08-01 08:29:32.194  3995 17055 I Search.LoginHelperImpl: Getting accounts.
08-01 08:29:32.214  1778  1778 I Zygote  : Process 18393 exited due to signal 9 (Killed)
08-01 08:29:32.222 25037 19641 I Backup  : [GmsBackupAccountManager] Backup account not found in gmscore.
08-01 08:29:32.232  3995 15768 I GnpSdk  : [ChimeExecutorApiImpl-Tiktok] Finished Broadcast execution [205484276].
08-01 08:29:32.236 10808 19646 W ChimeraUtils: Module com.google.android.gms.backup_base has empty metadata display_name_string_id
08-01 08:29:32.247  2037  2066 I libprocessgroup: Successfully killed process cgroup uid 10130 pid 18393 in 82ms
08-01 08:29:32.250  1778  1778 D Zygote  : Forked child process 19876
08-01 08:29:32.260 19876 19876 W e.process.gapp: Unexpected CPU variant for X86 using defaults: x86
08-01 08:29:32.260 25037 19641 I Backup  : [GmsBackupAccountManager] Backup account not found in gmscore.
08-01 08:29:32.267 10808 19646 W ChimeraUtils: Module com.google.android.gms.backup_base has empty metadata display_name_string_id
08-01 08:29:32.276 19876 19876 E e.process.gapp: Not starting debugger since process cannot load the jdwp agent.
08-01 08:29:32.307 19876 19876 D ApplicationLoaders: Returning zygote-cached class loader: /system/framework/android.hidl.base-V1.0-java.jar
08-01 08:29:32.308 19876 19876 D ApplicationLoaders: Returning zygote-cached class loader: /system/framework/android.hidl.manager-V1.0-java.jar
08-01 08:29:32.308 19876 19876 D ApplicationLoaders: Returning zygote-cached class loader: /system/framework/android.hidl.base-V1.0-java.jar
08-01 08:29:32.309 19876 19876 I e.process.gapp: The ClassLoaderContext is a special shared library.
08-01 08:29:32.310 19876 19876 I e.process.gapp: The ClassLoaderContext is a special shared library.
08-01 08:29:32.327 19876 19876 I GoogleHttpClient: GMS http client unavailable, use old client
08-01 08:29:32.417  1778  1778 I Zygote  : Process 19509 exited due to signal 9 (Killed)
08-01 08:29:32.438 10808 19280 I NetworkScheduler.Stats: Task com.google.android.videos/ started execution. cause:7 exec_start_elapsed_seconds: 61800 [CONTEXT service_id=218 ]
08-01 08:29:32.440  9405 19901 W PlayMovies: UnpinContentCleanerImpl.cleanUp:13 Start clean up task with reason 2
08-01 08:29:32.440  9405 19901 W PlayMovies:
08-01 08:29:32.440  9405 19901 W PlayMovies: UnpinContentCleanerImpl.startCleanUp:18 Start cleanup unpinned content
08-01 08:29:32.440  9405 19901 W PlayMovies:
08-01 08:29:32.449  9405 19901 W PlayMovies: UnpinContentCleanerImpl.startCleanUp:26 Done cleanup unpinned content: removed 0 files
08-01 08:29:32.449  9405 19901 W PlayMovies:
08-01 08:29:32.452  2037  2066 I libprocessgroup: Successfully killed process cgroup uid 10050 pid 19509 in 78ms
08-01 08:29:32.543 19713 19744 W .hkxps17.turnu: Accessing hidden method Lsun/misc/Unsafe;->compareAndSwapObject(Ljava/lang/Object;JLjava/lang/Object;Ljava/lang/Object;)Z (greylist, linking, allowed)
08-01 08:29:32.554 10808 15221 I NetworkScheduler.Stats: Task com.google.android.videos/ finished executing. cause:7 result: 1 elapsed_millis: 131 uptime_millis: 131 exec_start_elapsed_seconds: 61800 [CONTEXT service_id=218 ]
08-01 08:29:32.563 19713 19713 W .hkxps17.turnu: Accessing hidden method Ldalvik/system/CloseGuard;->get()Ldalvik/system/CloseGuard; (greylist,core-platform-api, reflection, allowed)
08-01 08:29:32.563 19713 19713 W .hkxps17.turnu: Accessing hidden method Ldalvik/system/CloseGuard;->open(Ljava/lang/String;)V (greylist,core-platform-api, reflection, allowed)
08-01 08:29:32.563 19713 19713 W .hkxps17.turnu: Accessing hidden method Ldalvik/system/CloseGuard;->warnIfOpen()V (greylist,core-platform-api, reflection, allowed)
08-01 08:29:32.579 19713 19713 D TEST    : []!!!!
08-01 08:29:32.590 19713 19713 D TEST    : []!!!!
08-01 08:29:32.619 19713 19713 D LifecycleMonitor: Lifecycle status change: com.hkxps17.turnup.LoginActivity@7e17953 in: STOPPED
08-01 08:29:32.620 19713 19713 V ActivityScenario: Update currentActivityStage to STOPPED, currentActivity=com.hkxps17.turnup.LoginActivity@7e17953
08-01 08:29:32.633  1777 19909 E ResolverController: No valid NAT64 prefix (101, <unspecified>/0)
08-01 08:29:32.636 19713 19713 I ViewInteraction: Performing 'single click' action on view (view.getId() is <2131231144/com.hkxps17.turnup:id/rbright> and an instance of android.widget.TextView and view.getText() with or without transformation to match: is "Map" and Child at position 1 in parent (view.getId() is <2131231141/com.hkxps17.turnup:id/radioGroup> and Child at position 1 in parent view.getClass().getName() matches: is "androidx.constraintlayout.widget.ConstraintLayout") and (view has effective visibility <VISIBLE> and view.getGlobalVisibleRect() to return non-empty rectangle))
08-01 08:29:32.642  1777 19908 E ResolverController: No valid NAT64 prefix (101, <unspecified>/0)
08-01 08:29:32.696 19713 19713 D LifecycleMonitor: Lifecycle status change: com.hkxps17.turnup.EventListActivity@acabac4 in: PAUSED
08-01 08:29:32.696 19713 19713 V ActivityScenario: Activity lifecycle changed event received but ignored because the intent does not match. startActivityIntent=Intent { act=android.intent.action.MAIN cat=[android.intent.category.LAUNCHER] cmp=com.hkxps17.turnup/.LoginActivity }, activity.getIntent()=Intent { cmp=com.hkxps17.turnup/.EventListActivity }, activity=com.hkxps17.turnup.EventListActivity@acabac4
08-01 08:29:32.697  2037  3300 W InputReader: Device has associated, but no associated display id.
08-01 08:29:32.701  2037  3300 I chatty  : uid=1000(system) Binder:2037_F identical 48 lines
08-01 08:29:32.701  2037  3300 W InputReader: Device has associated, but no associated display id.
08-01 08:29:32.703 19713 19713 W ActivityThread: handleWindowVisibility: no activity for token android.os.BinderProxy@e97baa0
08-01 08:29:32.713 19713 19713 D LifecycleMonitor: Lifecycle status change: com.hkxps17.turnup.MapsActivity@c45e81b in: PRE_ON_CREATE
08-01 08:29:32.714 19713 19713 V ActivityScenario: Activity lifecycle changed event received but ignored because the intent does not match. startActivityIntent=Intent { act=android.intent.action.MAIN cat=[android.intent.category.LAUNCHER] cmp=com.hkxps17.turnup/.LoginActivity }, activity.getIntent()=Intent { cmp=com.hkxps17.turnup/.MapsActivity }, activity=com.hkxps17.turnup.MapsActivity@c45e81b
08-01 08:29:32.748 19713 19713 D MapsInitializer: preferredRenderer: null
08-01 08:29:32.748 19713 19713 D zzca    : preferredRenderer: null
08-01 08:29:32.752 19713 19713 I zzca    : Making Creator dynamically
08-01 08:29:32.763 19713 19713 I DynamiteModule: Considering local module com.google.android.gms.maps_dynamite:0 and remote module com.google.android.gms.maps_dynamite:203115000
08-01 08:29:32.763 19713 19713 I DynamiteModule: Selected remote version of com.google.android.gms.maps_dynamite, version >= 203115000
08-01 08:29:32.794 19713 19713 I Google Maps Android API: Google Play services client version: 12451000
08-01 08:29:32.819 19713 19713 W .hkxps17.turnu: Accessing hidden method Lsun/misc/Unsafe;->putObject(Ljava/lang/Object;JLjava/lang/Object;)V (greylist, linking, allowed)
08-01 08:29:32.821 19713 19713 W .hkxps17.turnu: Accessing hidden method Lsun/misc/Unsafe;->compareAndSwapObject(Ljava/lang/Object;JLjava/lang/Object;Ljava/lang/Object;)Z (greylist, linking, allowed)
08-01 08:29:32.821 19713 19713 W .hkxps17.turnu: Accessing hidden method Lsun/misc/Unsafe;->getObject(Ljava/lang/Object;J)Ljava/lang/Object; (greylist, linking, allowed)
08-01 08:29:32.857 19713 19713 I SnapshotHandler: Unable to retrieve flag snapshot for com.google.android.gms.maps#com.hkxps17.turnup, using defaults.
08-01 08:29:32.865 19713 19713 I Google Maps Android API: Google Play services package version: 222615031
08-01 08:29:32.865 19713 19713 I Google Maps Android API: Google Play services maps renderer version(legacy): 203115000
08-01 08:29:32.872 19713 19713 W .hkxps17.turnu: Accessing hidden method Lsun/misc/Unsafe;->compareAndSwapObject(Ljava/lang/Object;JLjava/lang/Object;Ljava/lang/Object;)Z (greylist, linking, allowed)
08-01 08:29:32.886  1778  1778 D Zygote  : Forked child process 19924
08-01 08:29:32.889 19924 19924 W e.process.gapp: Unexpected CPU variant for X86 using defaults: x86
08-01 08:29:32.896 19924 19924 E e.process.gapp: Not starting debugger since process cannot load the jdwp agent.
08-01 08:29:32.911 19924 19924 I e.process.gapp: The ClassLoaderContext is a special shared library.
08-01 08:29:32.913 19924 19924 I e.process.gapp: The ClassLoaderContext is a special shared library.
08-01 08:29:32.932 19924 19924 I GoogleHttpClient: GMS http client unavailable, use old client
08-01 08:29:32.948  1795  2479 E GnssHAL_GnssInterface: gnssSvStatusCb: a: input svInfo.flags is 8
08-01 08:29:32.948  1795  2479 E GnssHAL_GnssInterface: gnssSvStatusCb: b: input svInfo.flags is 8
08-01 08:29:32.986 19713 19713 W .hkxps17.turnu: Accessing hidden method Lsun/misc/Unsafe;->putInt(Ljava/lang/Object;JI)V (greylist, linking, allowed)
08-01 08:29:32.986 19713 19713 W .hkxps17.turnu: Accessing hidden method Lsun/misc/Unsafe;->getInt(Ljava/lang/Object;J)I (greylist, linking, allowed)
08-01 08:29:32.986 19713 19713 W .hkxps17.turnu: Accessing hidden method Lsun/misc/Unsafe;->putLong(Ljava/lang/Object;JJ)V (greylist, linking, allowed)
08-01 08:29:32.986 19713 19713 W .hkxps17.turnu: Accessing hidden method Lsun/misc/Unsafe;->getObject(Ljava/lang/Object;J)Ljava/lang/Object; (greylist, linking, allowed)
08-01 08:29:32.987 19713 19713 W .hkxps17.turnu: Accessing hidden method Lsun/misc/Unsafe;->putObject(Ljava/lang/Object;JLjava/lang/Object;)V (greylist, linking, allowed)
08-01 08:29:32.987 19713 19713 W .hkxps17.turnu: Accessing hidden method Lsun/misc/Unsafe;->getLong(Ljava/lang/Object;J)J (greylist,core-platform-api, linking, allowed)
08-01 08:29:32.992 19713 19713 W .hkxps17.turnu: Accessing hidden method Lsun/misc/Unsafe;->allocateInstance(Ljava/lang/Class;)Ljava/lang/Object; (greylist, linking, allowed)
08-01 08:29:32.993 19713 19713 W .hkxps17.turnu: Accessing hidden method Llibcore/io/Memory;->peekLong(JZ)J (greylist, reflection, allowed)
08-01 08:29:32.993 19713 19713 W .hkxps17.turnu: Accessing hidden method Llibcore/io/Memory;->pokeLong(JJZ)V (greylist, reflection, allowed)
08-01 08:29:32.993 19713 19713 W .hkxps17.turnu: Accessing hidden method Llibcore/io/Memory;->pokeInt(JIZ)V (greylist, reflection, allowed)
08-01 08:29:32.994 19713 19713 W .hkxps17.turnu: Accessing hidden method Llibcore/io/Memory;->peekInt(JZ)I (greylist, reflection, allowed)
08-01 08:29:32.994 19713 19713 W .hkxps17.turnu: Accessing hidden method Llibcore/io/Memory;->pokeByte(JB)V (greylist, reflection, allowed)
08-01 08:29:32.994 19713 19713 W .hkxps17.turnu: Accessing hidden method Llibcore/io/Memory;->peekByte(J)B (greylist, reflection, allowed)
08-01 08:29:32.994 19713 19713 W .hkxps17.turnu: Accessing hidden method Llibcore/io/Memory;->pokeByteArray(J[BII)V (greylist, reflection, allowed)
08-01 08:29:32.994 19713 19713 W .hkxps17.turnu: Accessing hidden method Llibcore/io/Memory;->peekByteArray(J[BII)V (greylist, reflection, allowed)
08-01 08:29:32.995 19713 19713 W .hkxps17.turnu: Accessing hidden method Lsun/misc/Unsafe;->arrayBaseOffset(Ljava/lang/Class;)I (greylist,core-platform-api, linking, allowed)
08-01 08:29:32.995 19713 19713 W .hkxps17.turnu: Accessing hidden method Lsun/misc/Unsafe;->getInt(Ljava/lang/Object;J)I (greylist, linking, allowed)
08-01 08:29:32.995 19713 19713 W .hkxps17.turnu: Accessing hidden method Lsun/misc/Unsafe;->getLong(Ljava/lang/Object;J)J (greylist,core-platform-api, linking, allowed)
08-01 08:29:32.996 19713 19713 W .hkxps17.turnu: Accessing hidden method Lsun/misc/Unsafe;->getObject(Ljava/lang/Object;J)Ljava/lang/Object; (greylist, linking, allowed)
08-01 08:29:32.996 19713 19713 W .hkxps17.turnu: Accessing hidden method Lsun/misc/Unsafe;->putInt(Ljava/lang/Object;JI)V (greylist, linking, allowed)
08-01 08:29:32.996 19713 19713 W .hkxps17.turnu: Accessing hidden method Lsun/misc/Unsafe;->putLong(Ljava/lang/Object;JJ)V (greylist, linking, allowed)
08-01 08:29:32.996 19713 19713 W .hkxps17.turnu: Accessing hidden method Lsun/misc/Unsafe;->putObject(Ljava/lang/Object;JLjava/lang/Object;)V (greylist, linking, allowed)
08-01 08:29:32.996 19713 19713 W .hkxps17.turnu: Accessing hidden method Lsun/misc/Unsafe;->arrayIndexScale(Ljava/lang/Class;)I (greylist, linking, allowed)
08-01 08:29:32.998 19713 19713 W .hkxps17.turnu: Accessing hidden method Lsun/misc/Unsafe;->getLong(Ljava/lang/Object;J)J (greylist,core-platform-api, reflection, allowed)
08-01 08:29:32.998 19713 19713 W .hkxps17.turnu: Accessing hidden field Ljava/nio/Buffer;->address:J (greylist, reflection, allowed)
08-01 08:29:32.998 19713 19713 W .hkxps17.turnu: Accessing hidden method Lsun/misc/Unsafe;->getInt(Ljava/lang/Object;J)I (greylist, reflection, allowed)
08-01 08:29:32.998 19713 19713 W .hkxps17.turnu: Accessing hidden method Lsun/misc/Unsafe;->putInt(Ljava/lang/Object;JI)V (greylist, reflection, allowed)
08-01 08:29:32.998 19713 19713 W .hkxps17.turnu: Accessing hidden method Lsun/misc/Unsafe;->getLong(Ljava/lang/Object;J)J (greylist,core-platform-api, reflection, allowed)
08-01 08:29:32.998 19713 19713 W .hkxps17.turnu: Accessing hidden method Lsun/misc/Unsafe;->putLong(Ljava/lang/Object;JJ)V (greylist, reflection, allowed)
08-01 08:29:32.998 19713 19713 W .hkxps17.turnu: Accessing hidden method Lsun/misc/Unsafe;->getObject(Ljava/lang/Object;J)Ljava/lang/Object; (greylist, reflection, allowed)
08-01 08:29:32.998 19713 19713 W .hkxps17.turnu: Accessing hidden method Lsun/misc/Unsafe;->putObject(Ljava/lang/Object;JLjava/lang/Object;)V (greylist, reflection, allowed)
08-01 08:29:33.005 19713 19713 W .hkxps17.turnu: Accessing hidden method Lsun/misc/Unsafe;->compareAndSwapObject(Ljava/lang/Object;JLjava/lang/Object;Ljava/lang/Object;)Z (greylist, linking, allowed)
08-01 08:29:33.013 19713 19713 W .hkxps17.turnu: Accessing hidden method Lsun/misc/Unsafe;->putObject(Ljava/lang/Object;JLjava/lang/Object;)V (greylist, linking, allowed)
08-01 08:29:33.037 19713 19713 W .hkxps17.turnu: Accessing hidden method Lsun/misc/Unsafe;->compareAndSwapObject(Ljava/lang/Object;JLjava/lang/Object;Ljava/lang/Object;)Z (greylist, linking, allowed)
08-01 08:29:33.039 19713 19713 D MapsInitializer: loadedRenderer: LEGACY
08-01 08:29:33.039 19713 19713 D zzca    : preferredRenderer: null
08-01 08:29:33.042 19713 19713 I Google Maps Android API: Google Play services package version: 222615031
08-01 08:29:33.042 19713 19713 I Google Maps Android API: Google Play services maps renderer version(legacy): 203115000
08-01 08:29:33.147 19713 19713 W .hkxps17.turnu: Accessing hidden method Lsun/misc/Unsafe;->compareAndSwapObject(Ljava/lang/Object;JLjava/lang/Object;Ljava/lang/Object;)Z (greylist, linking, allowed)
08-01 08:29:33.227 19713 19713 W .hkxps17.turnu: Accessing hidden method Lsun/misc/Unsafe;->compareAndSwapObject(Ljava/lang/Object;JLjava/lang/Object;Ljava/lang/Object;)Z (greylist, linking, allowed)
08-01 08:29:33.228 19713 19713 W .hkxps17.turnu: Accessing hidden method Lsun/misc/Unsafe;->getObject(Ljava/lang/Object;J)Ljava/lang/Object; (greylist, linking, allowed)
08-01 08:29:33.231 19713 19713 W .hkxps17.turnu: Accessing hidden method Lsun/misc/Unsafe;->getInt(Ljava/lang/Object;J)I (greylist, linking, allowed)
08-01 08:29:33.234 19713 19713 W .hkxps17.turnu: Accessing hidden method Lsun/misc/Unsafe;->putObject(Ljava/lang/Object;JLjava/lang/Object;)V (greylist, linking, allowed)
08-01 08:29:33.235 19713 19713 W .hkxps17.turnu: Accessing hidden method Lsun/misc/Unsafe;->putInt(Ljava/lang/Object;JI)V (greylist, linking, allowed)
08-01 08:29:33.268 19713 19713 D LifecycleMonitor: Lifecycle status change: com.hkxps17.turnup.MapsActivity@c45e81b in: CREATED
08-01 08:29:33.268 19713 19713 V ActivityScenario: Activity lifecycle changed event received but ignored because the intent does not match. startActivityIntent=Intent { act=android.intent.action.MAIN cat=[android.intent.category.LAUNCHER] cmp=com.hkxps17.turnup/.LoginActivity }, activity.getIntent()=Intent { cmp=com.hkxps17.turnup/.MapsActivity }, activity=com.hkxps17.turnup.MapsActivity@c45e81b
08-01 08:29:33.276 19713 19713 W .hkxps17.turnu: Accessing hidden method Lsun/misc/Unsafe;->compareAndSwapObject(Ljava/lang/Object;JLjava/lang/Object;Ljava/lang/Object;)Z (greylist, linking, allowed)
08-01 08:29:33.278 19713 19713 D LifecycleMonitor: Lifecycle status change: com.hkxps17.turnup.MapsActivity@c45e81b in: STARTED
08-01 08:29:33.278 19713 19713 V ActivityScenario: Activity lifecycle changed event received but ignored because the intent does not match. startActivityIntent=Intent { act=android.intent.action.MAIN cat=[android.intent.category.LAUNCHER] cmp=com.hkxps17.turnup/.LoginActivity }, activity.getIntent()=Intent { cmp=com.hkxps17.turnup/.MapsActivity }, activity=com.hkxps17.turnup.MapsActivity@c45e81b
08-01 08:29:33.279 19713 19713 D LifecycleMonitor: Lifecycle status change: com.hkxps17.turnup.MapsActivity@c45e81b in: RESUMED
08-01 08:29:33.280 19713 19713 V ActivityScenario: Activity lifecycle changed event received but ignored because the intent does not match. startActivityIntent=Intent { act=android.intent.action.MAIN cat=[android.intent.category.LAUNCHER] cmp=com.hkxps17.turnup/.LoginActivity }, activity.getIntent()=Intent { cmp=com.hkxps17.turnup/.MapsActivity }, activity=com.hkxps17.turnup.MapsActivity@c45e81b
08-01 08:29:33.331 19713 19922 W .hkxps17.turnu: Accessing hidden method Lsun/misc/Unsafe;->getLong(Ljava/lang/Object;J)J (greylist,core-platform-api, linking, allowed)
08-01 08:29:33.337 19713 19922 W .hkxps17.turnu: Accessing hidden method Lsun/misc/Unsafe;->compareAndSwapObject(Ljava/lang/Object;JLjava/lang/Object;Ljava/lang/Object;)Z (greylist, linking, allowed)
08-01 08:29:33.349 10808 25160 I bdrv    : Scheduling Phenotype for a PhenotypeSyncImmediately(6, com.google.android.gms.maps#com.hkxps17.turnup) one off with window [1, 2] in seconds [CONTEXT service_id=51 ]
08-01 08:29:33.352 19713 19845 I ba      : Successfully registered with Phenotype.
08-01 08:29:33.380  1796  3402 D gralloc_ranchu: gralloc_alloc: Creating ashmem region of size 9334784
08-01 08:29:33.424  1796  3402 I chatty  : uid=1000(system) HwBinder:1796_2 identical 1 line
08-01 08:29:33.425  1796  3402 D gralloc_ranchu: gralloc_alloc: Creating ashmem region of size 9334784
08-01 08:29:33.425 19713 19968 D HostConnection: HostConnection::get() New Host Connection established 0xd5d4e270, tid 19968
08-01 08:29:33.426 19713 19968 D HostConnection: HostComposition ext ANDROID_EMU_CHECKSUM_HELPER_v1 ANDROID_EMU_dma_v1 ANDROID_EMU_direct_mem ANDROID_EMU_host_composition_v1 ANDROID_EMU_host_composition_v2 ANDROID_EMU_vulkan ANDROID_EMU_deferred_vulkan_commands ANDROID_EMU_vulkan_null_optional_strings ANDROID_EMU_vulkan_create_resources_with_requirements ANDROID_EMU_YUV420_888_to_NV21 ANDROID_EMU_YUV_Cache ANDROID_EMU_vulkan_free_memory_sync ANDROID_EMU_vulkan_shader_float16_int8 ANDROID_EMU_vulkan_async_queue_submit ANDROID_EMU_sync_buffer_data GL_OES_vertex_array_object GL_KHR_texture_compression_astc_ldr ANDROID_EMU_host_side_tracing ANDROID_EMU_gles_max_version_2
08-01 08:29:33.435 19713 19968 D eglCodecCommon: setVertexArrayObject: set vao to 0 (0) 0 0
08-01 08:29:33.435 19713 19968 D EGL_emulation: eglCreateContext: 0xd5d1be60: maj 1 min 0 rcv 1
08-01 08:29:33.436 19713 19786 D EGL_emulation: eglMakeCurrent: 0xdde55de0: ver 2 0 (tinfo 0xdde95820)
08-01 08:29:33.444  1678  1678 I hwservicemanager: getTransport: Cannot find entry android.hardware.graphics.allocator@3.0::IAllocator/default in either framework or device manifest.
08-01 08:29:33.444 19713 19968 W Gralloc3: allocator 3.x is not supported
08-01 08:29:33.446  1796 11341 D gralloc_ranchu: gralloc_alloc: Creating ashmem region of size 8478720
08-01 08:29:33.481 19713 19968 D EGL_emulation: eglMakeCurrent: 0xd5d1be60: ver 1 0 (tinfo 0xb850b8e0)
08-01 08:29:33.490 19713 19786 D EGL_emulation: eglMakeCurrent: 0xdde55de0: ver 2 0 (tinfo 0xdde95820)
08-01 08:29:33.494  2037  2059 W InputReader: Device has associated, but no associated display id.
08-01 08:29:33.495  2037  2059 I chatty  : uid=1000(system) android.anim identical 18 lines
08-01 08:29:33.495  2037  2059 W InputReader: Device has associated, but no associated display id.
08-01 08:29:33.523 19713 19786 D EGL_emulation: eglMakeCurrent: 0xdde55de0: ver 2 0 (tinfo 0xdde95820)
08-01 08:29:33.534 19713 19786 D EGL_emulation: eglMakeCurrent: 0xdde55de0: ver 2 0 (tinfo 0xdde95820)
08-01 08:29:33.535 19713 19972 W .hkxps17.turnu: Accessing hidden method Lsun/misc/Unsafe;->getObject(Ljava/lang/Object;J)Ljava/lang/Object; (greylist, linking, allowed)
08-01 08:29:33.536 19713 19972 W .hkxps17.turnu: Accessing hidden method Lsun/misc/Unsafe;->putObject(Ljava/lang/Object;JLjava/lang/Object;)V (greylist, linking, allowed)
08-01 08:29:33.544 19713 19984 W .hkxps17.turnu: Accessing hidden method Lsun/misc/Unsafe;->getObject(Ljava/lang/Object;J)Ljava/lang/Object; (greylist, linking, allowed)
08-01 08:29:33.547 19713 19984 I chatty  : uid=10178(com.hkxps17.turnup) androidmapsapi- identical 2 lines
08-01 08:29:33.549 19713 19984 W .hkxps17.turnu: Accessing hidden method Lsun/misc/Unsafe;->getObject(Ljava/lang/Object;J)Ljava/lang/Object; (greylist, linking, allowed)
08-01 08:29:33.549 19713 19984 W .hkxps17.turnu: Accessing hidden method Lsun/misc/Unsafe;->putObject(Ljava/lang/Object;JLjava/lang/Object;)V (greylist, linking, allowed)
08-01 08:29:33.560 19713 19786 D EGL_emulation: eglMakeCurrent: 0xdde55de0: ver 2 0 (tinfo 0xdde95820)
08-01 08:29:33.601  1796  3402 D gralloc_ranchu: gralloc_alloc: Creating ashmem region of size 8478720
08-01 08:29:33.831 19713 19984 W .hkxps17.turnu: Accessing hidden method Lsun/misc/Unsafe;->putObject(Ljava/lang/Object;JLjava/lang/Object;)V (greylist, linking, allowed)
08-01 08:29:33.831 19713 19984 W .hkxps17.turnu: Accessing hidden method Lsun/misc/Unsafe;->getInt(Ljava/lang/Object;J)I (greylist, linking, allowed)
08-01 08:29:33.831 19713 19984 W .hkxps17.turnu: Accessing hidden method Lsun/misc/Unsafe;->putInt(Ljava/lang/Object;JI)V (greylist, linking, allowed)
08-01 08:29:33.831 19713 19984 W .hkxps17.turnu: Accessing hidden method Lsun/misc/Unsafe;->putLong(Ljava/lang/Object;JJ)V (greylist, linking, allowed)
08-01 08:29:33.844 19713 19984 W .hkxps17.turnu: Accessing hidden method Lsun/misc/Unsafe;->getObject(Ljava/lang/Object;J)Ljava/lang/Object; (greylist, linking, allowed)
08-01 08:29:33.844 19713 19984 W .hkxps17.turnu: Accessing hidden method Lsun/misc/Unsafe;->putObject(Ljava/lang/Object;JLjava/lang/Object;)V (greylist, linking, allowed)
08-01 08:29:33.844 19713 19984 W .hkxps17.turnu: Accessing hidden method Lsun/misc/Unsafe;->putLong(Ljava/lang/Object;JJ)V (greylist, linking, allowed)
08-01 08:29:33.847 19713 19984 W .hkxps17.turnu: Accessing hidden method Lsun/misc/Unsafe;->putObject(Ljava/lang/Object;JLjava/lang/Object;)V (greylist, linking, allowed)
08-01 08:29:33.847 19713 19984 W .hkxps17.turnu: Accessing hidden method Lsun/misc/Unsafe;->putLong(Ljava/lang/Object;JJ)V (greylist, linking, allowed)
08-01 08:29:33.849 19713 19984 W .hkxps17.turnu: Accessing hidden method Lsun/misc/Unsafe;->putObject(Ljava/lang/Object;JLjava/lang/Object;)V (greylist, linking, allowed)
08-01 08:29:33.849 19713 19984 W .hkxps17.turnu: Accessing hidden method Lsun/misc/Unsafe;->putLong(Ljava/lang/Object;JJ)V (greylist, linking, allowed)
08-01 08:29:33.853 19713 19984 W .hkxps17.turnu: Accessing hidden method Lsun/misc/Unsafe;->getLong(Ljava/lang/Object;J)J (greylist,core-platform-api, linking, allowed)
08-01 08:29:33.857 19713 19984 W .hkxps17.turnu: Accessing hidden method Lsun/misc/Unsafe;->putObject(Ljava/lang/Object;JLjava/lang/Object;)V (greylist, linking, allowed)
08-01 08:29:33.857 19713 19984 W .hkxps17.turnu: Accessing hidden method Lsun/misc/Unsafe;->putLong(Ljava/lang/Object;JJ)V (greylist, linking, allowed)
08-01 08:29:33.872 19713 19713 W .hkxps17.turnu: Accessing hidden method Lsun/misc/Unsafe;->putObject(Ljava/lang/Object;JLjava/lang/Object;)V (greylist, linking, allowed)
08-01 08:29:33.890 19713 19989 W .hkxps17.turnu: Accessing hidden method Lsun/misc/Unsafe;->getObject(Ljava/lang/Object;J)Ljava/lang/Object; (greylist, linking, allowed)
08-01 08:29:33.892  1796  3402 D gralloc_ranchu: gralloc_alloc: Creating ashmem region of size 8478720
08-01 08:29:33.900 19713 19989 W .hkxps17.turnu: Accessing hidden method Lsun/misc/Unsafe;->getObject(Ljava/lang/Object;J)Ljava/lang/Object; (greylist, linking, allowed)
08-01 08:29:33.934 19713 19989 I chatty  : uid=10178(com.hkxps17.turnup) androidmapsapi- identical 1 line
08-01 08:29:33.935 19713 19989 W .hkxps17.turnu: Accessing hidden method Lsun/misc/Unsafe;->getObject(Ljava/lang/Object;J)Ljava/lang/Object; (greylist, linking, allowed)
08-01 08:29:33.935 19713 19713 D LifecycleMonitor: Lifecycle status change: com.hkxps17.turnup.EventListActivity@acabac4 in: STOPPED
08-01 08:29:33.935 19713 19713 V ActivityScenario: Activity lifecycle changed event received but ignored because the intent does not match. startActivityIntent=Intent { act=android.intent.action.MAIN cat=[android.intent.category.LAUNCHER] cmp=com.hkxps17.turnup/.LoginActivity }, activity.getIntent()=Intent { cmp=com.hkxps17.turnup/.EventListActivity }, activity=com.hkxps17.turnup.EventListActivity@acabac4
08-01 08:29:33.949  1795  2479 E GnssHAL_GnssInterface: gnssSvStatusCb: a: input svInfo.flags is 8
08-01 08:29:33.949  1795  2479 E GnssHAL_GnssInterface: gnssSvStatusCb: b: input svInfo.flags is 8
08-01 08:29:33.952 19713 19989 W .hkxps17.turnu: Accessing hidden method Lsun/misc/Unsafe;->getObject(Ljava/lang/Object;J)Ljava/lang/Object; (greylist, linking, allowed)
08-01 08:29:34.256 19713 19989 I chatty  : uid=10178(com.hkxps17.turnup) androidmapsapi- identical 17 lines
08-01 08:29:34.276 19713 19989 W .hkxps17.turnu: Accessing hidden method Lsun/misc/Unsafe;->getObject(Ljava/lang/Object;J)Ljava/lang/Object; (greylist, linking, allowed)
08-01 08:29:34.289 19713 19744 W .hkxps17.turnu: Accessing hidden method Lsun/misc/Unsafe;->compareAndSwapObject(Ljava/lang/Object;JLjava/lang/Object;Ljava/lang/Object;)Z (greylist, linking, allowed)
08-01 08:29:34.291 19713 19713 I ViewInteraction: Performing 'single click' action on view (view.getId() is <2131231035/com.hkxps17.turnup:id/map_add_button> and Child at position 4 in parent Child at position 0 in parent view.getId() is <16908290/android:id/content> and (view has effective visibility <VISIBLE> and view.getGlobalVisibleRect() to return non-empty rectangle))
08-01 08:29:34.292 19713 19989 W .hkxps17.turnu: Accessing hidden method Lsun/misc/Unsafe;->getObject(Ljava/lang/Object;J)Ljava/lang/Object; (greylist, linking, allowed)
08-01 08:29:34.329 19713 19989 I chatty  : uid=10178(com.hkxps17.turnup) androidmapsapi- identical 2 lines
08-01 08:29:34.347 19713 19989 W .hkxps17.turnu: Accessing hidden method Lsun/misc/Unsafe;->getObject(Ljava/lang/Object;J)Ljava/lang/Object; (greylist, linking, allowed)
08-01 08:29:34.349 19713 19713 D LifecycleMonitor: Lifecycle status change: com.hkxps17.turnup.MapsActivity@c45e81b in: PAUSED
08-01 08:29:34.349 19713 19713 V ActivityScenario: Activity lifecycle changed event received but ignored because the intent does not match. startActivityIntent=Intent { act=android.intent.action.MAIN cat=[android.intent.category.LAUNCHER] cmp=com.hkxps17.turnup/.LoginActivity }, activity.getIntent()=Intent { cmp=com.hkxps17.turnup/.MapsActivity }, activity=com.hkxps17.turnup.MapsActivity@c45e81b
08-01 08:29:34.350  2037  3300 W InputReader: Device has associated, but no associated display id.
08-01 08:29:34.352  2037  3300 I chatty  : uid=1000(system) Binder:2037_F identical 48 lines
08-01 08:29:34.352  2037  3300 W InputReader: Device has associated, but no associated display id.
08-01 08:29:34.354 19713 19713 W ActivityThread: handleWindowVisibility: no activity for token android.os.BinderProxy@ff6c168
08-01 08:29:34.364 19713 19713 D LifecycleMonitor: Lifecycle status change: com.hkxps17.turnup.AddLocationActivity@23b92b2 in: PRE_ON_CREATE
08-01 08:29:34.365 19713 19713 V ActivityScenario: Activity lifecycle changed event received but ignored because the intent does not match. startActivityIntent=Intent { act=android.intent.action.MAIN cat=[android.intent.category.LAUNCHER] cmp=com.hkxps17.turnup/.LoginActivity }, activity.getIntent()=Intent { cmp=com.hkxps17.turnup/.AddLocationActivity }, activity=com.hkxps17.turnup.AddLocationActivity@23b92b2
08-01 08:29:34.366 19713 19989 W .hkxps17.turnu: Accessing hidden method Lsun/misc/Unsafe;->getObject(Ljava/lang/Object;J)Ljava/lang/Object; (greylist, linking, allowed)
08-01 08:29:34.378 19713 19989 I chatty  : uid=10178(com.hkxps17.turnup) androidmapsapi- identical 1 line
08-01 08:29:34.396 19713 19989 W .hkxps17.turnu: Accessing hidden method Lsun/misc/Unsafe;->getObject(Ljava/lang/Object;J)Ljava/lang/Object; (greylist, linking, allowed)
08-01 08:29:34.406 19713 19713 D LifecycleMonitor: Lifecycle status change: com.hkxps17.turnup.AddLocationActivity@23b92b2 in: CREATED
08-01 08:29:34.406 19713 19713 V ActivityScenario: Activity lifecycle changed event received but ignored because the intent does not match. startActivityIntent=Intent { act=android.intent.action.MAIN cat=[android.intent.category.LAUNCHER] cmp=com.hkxps17.turnup/.LoginActivity }, activity.getIntent()=Intent { cmp=com.hkxps17.turnup/.AddLocationActivity }, activity=com.hkxps17.turnup.AddLocationActivity@23b92b2
08-01 08:29:34.407 19713 19713 D LifecycleMonitor: Lifecycle status change: com.hkxps17.turnup.AddLocationActivity@23b92b2 in: STARTED
08-01 08:29:34.408 19713 19713 V ActivityScenario: Activity lifecycle changed event received but ignored because the intent does not match. startActivityIntent=Intent { act=android.intent.action.MAIN cat=[android.intent.category.LAUNCHER] cmp=com.hkxps17.turnup/.LoginActivity }, activity.getIntent()=Intent { cmp=com.hkxps17.turnup/.AddLocationActivity }, activity=com.hkxps17.turnup.AddLocationActivity@23b92b2
08-01 08:29:34.409 19713 19713 D LifecycleMonitor: Lifecycle status change: com.hkxps17.turnup.AddLocationActivity@23b92b2 in: RESUMED
08-01 08:29:34.409 19713 19713 V ActivityScenario: Activity lifecycle changed event received but ignored because the intent does not match. startActivityIntent=Intent { act=android.intent.action.MAIN cat=[android.intent.category.LAUNCHER] cmp=com.hkxps17.turnup/.LoginActivity }, activity.getIntent()=Intent { cmp=com.hkxps17.turnup/.AddLocationActivity }, activity=com.hkxps17.turnup.AddLocationActivity@23b92b2
08-01 08:29:34.413 19713 19989 W .hkxps17.turnu: Accessing hidden method Lsun/misc/Unsafe;->getObject(Ljava/lang/Object;J)Ljava/lang/Object; (greylist, linking, allowed)
08-01 08:29:34.433  1796  3402 D gralloc_ranchu: gralloc_alloc: Creating ashmem region of size 9334784
08-01 08:29:34.435 19713 19989 W .hkxps17.turnu: Accessing hidden method Lsun/misc/Unsafe;->getObject(Ljava/lang/Object;J)Ljava/lang/Object; (greylist, linking, allowed)
08-01 08:29:34.440  1796  3402 D gralloc_ranchu: gralloc_alloc: Creating ashmem region of size 9334784
08-01 08:29:34.441  1796  3402 D gralloc_ranchu: gralloc_alloc: Creating ashmem region of size 9334784
08-01 08:29:34.443 19713 19786 D EGL_emulation: eglMakeCurrent: 0xdde55de0: ver 2 0 (tinfo 0xdde95820)
08-01 08:29:34.460 19713 19713 E libprocessgroup: set_timerslack_ns write failed: Operation not permitted
08-01 08:29:34.461 19713 19989 W .hkxps17.turnu: Accessing hidden method Lsun/misc/Unsafe;->getObject(Ljava/lang/Object;J)Ljava/lang/Object; (greylist, linking, allowed)
08-01 08:29:34.464  2037  2059 W InputReader: Device has associated, but no associated display id.
08-01 08:29:34.465  2037  2059 I chatty  : uid=1000(system) android.anim identical 18 lines
08-01 08:29:34.466  2037  2059 W InputReader: Device has associated, but no associated display id.
08-01 08:29:34.474 19713 19786 D EGL_emulation: eglMakeCurrent: 0xdde55de0: ver 2 0 (tinfo 0xdde95820)
08-01 08:29:34.484 19713 19786 D EGL_emulation: eglMakeCurrent: 0xdde55de0: ver 2 0 (tinfo 0xdde95820)
08-01 08:29:34.721 19713 19744 W .hkxps17.turnu: Accessing hidden method Lsun/misc/Unsafe;->compareAndSwapObject(Ljava/lang/Object;JLjava/lang/Object;Ljava/lang/Object;)Z (greylist, linking, allowed)
08-01 08:29:34.725 19713 19713 I ViewInteraction: Performing 'replace text(English Bay)' action on view (view.getId() is <2131230808/com.hkxps17.turnup:id/add_location_title> and Child at position 0 in parent Child at position 0 in parent view.getId() is <2131231021/com.hkxps17.turnup:id/linearLayout> and (view has effective visibility <VISIBLE> and view.getGlobalVisibleRect() to return non-empty rectangle))
08-01 08:29:34.732 19713 19744 W .hkxps17.turnu: Accessing hidden method Lsun/misc/Unsafe;->compareAndSwapObject(Ljava/lang/Object;JLjava/lang/Object;Ljava/lang/Object;)Z (greylist, linking, allowed)
08-01 08:29:34.733 19713 19796 W .hkxps17.turnu: Accessing hidden method Lsun/misc/Unsafe;->compareAndSwapObject(Ljava/lang/Object;JLjava/lang/Object;Ljava/lang/Object;)Z (greylist, linking, allowed)
08-01 08:29:34.756 19713 19713 I ViewInteraction: Performing 'close keyboard' action on view (view.getId() is <2131230808/com.hkxps17.turnup:id/add_location_title> and Child at position 0 in parent Child at position 0 in parent view.getId() is <2131231021/com.hkxps17.turnup:id/linearLayout> and (view has effective visibility <VISIBLE> and view.getGlobalVisibleRect() to return non-empty rectangle))
08-01 08:29:34.758 19713 19713 W CloseKeyboardAction: Attempting to close soft keyboard, while it is not shown.
08-01 08:29:34.759 19713 19744 W .hkxps17.turnu: Accessing hidden method Lsun/misc/Unsafe;->compareAndSwapObject(Ljava/lang/Object;JLjava/lang/Object;Ljava/lang/Object;)Z (greylist, linking, allowed)
08-01 08:29:34.766 19713 19713 I ViewInteraction: Performing 'replace text(English Bay)' action on view (view.getId() is <2131230807/com.hkxps17.turnup:id/add_location_text> and Child at position 1 in parent Child at position 1 in parent view.getId() is <2131231021/com.hkxps17.turnup:id/linearLayout> and (view has effective visibility <VISIBLE> and view.getGlobalVisibleRect() to return non-empty rectangle))
08-01 08:29:34.774 19713 19744 W .hkxps17.turnu: Accessing hidden method Lsun/misc/Unsafe;->compareAndSwapObject(Ljava/lang/Object;JLjava/lang/Object;Ljava/lang/Object;)Z (greylist, linking, allowed)
08-01 08:29:34.774 19713 19796 W .hkxps17.turnu: Accessing hidden method Lsun/misc/Unsafe;->compareAndSwapObject(Ljava/lang/Object;JLjava/lang/Object;Ljava/lang/Object;)Z (greylist, linking, allowed)
08-01 08:29:34.797 19713 19713 I ViewInteraction: Performing 'close keyboard' action on view (view.getId() is <2131230807/com.hkxps17.turnup:id/add_location_text> and Child at position 1 in parent Child at position 1 in parent view.getId() is <2131231021/com.hkxps17.turnup:id/linearLayout> and (view has effective visibility <VISIBLE> and view.getGlobalVisibleRect() to return non-empty rectangle))
08-01 08:29:34.799 19713 19713 W CloseKeyboardAction: Attempting to close soft keyboard, while it is not shown.
08-01 08:29:34.802 19713 19744 W .hkxps17.turnu: Accessing hidden method Lsun/misc/Unsafe;->compareAndSwapObject(Ljava/lang/Object;JLjava/lang/Object;Ljava/lang/Object;)Z (greylist, linking, allowed)
08-01 08:29:34.803 19713 19713 I ViewInteraction: Checking 'MatchesViewAssertion{viewMatcher=view.isEnabled() is <true>}' assertion on view (view.getId() is <2131231027/com.hkxps17.turnup:id/location_done_button> and Child at position 2 in parent Child at position 0 in parent view.getId() is <16908290/android:id/content> and (view has effective visibility <VISIBLE> and view.getGlobalVisibleRect() to return non-empty rectangle))
08-01 08:29:34.804 19713 19744 W .hkxps17.turnu: Accessing hidden method Lsun/misc/Unsafe;->compareAndSwapObject(Ljava/lang/Object;JLjava/lang/Object;Ljava/lang/Object;)Z (greylist, linking, allowed)
08-01 08:29:34.804 19713 19796 W .hkxps17.turnu: Accessing hidden method Lsun/misc/Unsafe;->compareAndSwapObject(Ljava/lang/Object;JLjava/lang/Object;Ljava/lang/Object;)Z (greylist, linking, allowed)
08-01 08:29:34.806 19713 19713 I ViewInteraction: Performing 'single click' action on view (view.getId() is <2131231027/com.hkxps17.turnup:id/location_done_button> and Child at position 2 in parent Child at position 0 in parent view.getId() is <16908290/android:id/content> and (view has effective visibility <VISIBLE> and view.getGlobalVisibleRect() to return non-empty rectangle))
08-01 08:29:34.858  2037  2055 W Binder  : Outgoing transactions from this process must be FLAG_ONEWAY
08-01 08:29:34.858  2037  2055 W Binder  : java.lang.Throwable
08-01 08:29:34.858  2037  2055 W Binder  : 	at android.os.BinderProxy.transact(BinderProxy.java:480)
08-01 08:29:34.858  2037  2055 W Binder  : 	at android.location.IGeocodeProvider$Stub$Proxy.getFromLocationName(IGeocodeProvider.java:216)
08-01 08:29:34.858  2037  2055 W Binder  : 	at com.android.server.location.GeocoderProxy.lambda$getFromLocationName$1(GeocoderProxy.java:81)
08-01 08:29:34.858  2037  2055 W Binder  : 	at com.android.server.location.-$$Lambda$GeocoderProxy$l4GRjTzjcqxZJILrVLX5qayXBE0.run(Unknown Source:17)
08-01 08:29:34.858  2037  2055 W Binder  : 	at com.android.server.ServiceWatcher.lambda$runOnBinderBlocking$2$ServiceWatcher(ServiceWatcher.java:400)
08-01 08:29:34.858  2037  2055 W Binder  : 	at com.android.server.-$$Lambda$ServiceWatcher$b1z9OeL-1VpQ_8p47qz7nMNUpsE.call(Unknown Source:6)
08-01 08:29:34.858  2037  2055 W Binder  : 	at java.util.concurrent.FutureTask.run(FutureTask.java:266)
08-01 08:29:34.858  2037  2055 W Binder  : 	at android.os.Handler.handleCallback(Handler.java:883)
08-01 08:29:34.858  2037  2055 W Binder  : 	at android.os.Handler.dispatchMessage(Handler.java:100)
08-01 08:29:34.858  2037  2055 W Binder  : 	at android.os.Looper.loop(Looper.java:214)
08-01 08:29:34.858  2037  2055 W Binder  : 	at android.os.HandlerThread.run(HandlerThread.java:67)
08-01 08:29:34.858  2037  2055 W Binder  : 	at com.android.server.ServiceThread.run(ServiceThread.java:44)
08-01 08:29:34.870 10808 19280 E djrt    : *~*~*~ Channel {0} was not shutdown properly!!! ~*~*~*
08-01 08:29:34.870 10808 19280 E djrt    :     Make sure to call shutdown()/shutdownNow() and wait until awaitTermination() returns true.
08-01 08:29:34.870 10808 19280 E djrt    : java.lang.RuntimeException: ManagedChannel allocation site
