08-01 08:16:38.296 11002 11002 V ActivityScenario: Activity lifecycle changed event received but ignored because the intent does not match. startActivityIntent=Intent { act=android.intent.action.MAIN cat=[android.intent.category.LAUNCHER] cmp=com.hkxps17.turnup/.LoginActivity }, activity.getIntent()=Intent { act=com.google.android.gms.auth.GOOGLE_SIGN_IN flg=0x800000 pkg=com.hkxps17.turnup cmp=com.hkxps17.turnup/com.google.android.gms.auth.api.signin.internal.SignInHubActivity (has extras) }, activity=com.google.android.gms.auth.api.signin.internal.SignInHubActivity@e36cf88
08-01 08:16:38.305  2037  3504 W InputReader: Device has associated, but no associated display id.
08-01 08:16:38.305  2037  3504 I chatty  : uid=1000(system) Binder:2037_14 identical 8 lines
08-01 08:16:38.305  2037  3504 W InputReader: Device has associated, but no associated display id.
08-01 08:16:38.308 11002 11002 D LifecycleMonitor: Lifecycle status change: com.google.android.gms.auth.api.signin.internal.SignInHubActivity@e36cf88 in: PAUSED
08-01 08:16:38.308 11002 11002 V ActivityScenario: Activity lifecycle changed event received but ignored because the intent does not match. startActivityIntent=Intent { act=android.intent.action.MAIN cat=[android.intent.category.LAUNCHER] cmp=com.hkxps17.turnup/.LoginActivity }, activity.getIntent()=Intent { act=com.google.android.gms.auth.GOOGLE_SIGN_IN flg=0x800000 pkg=com.hkxps17.turnup cmp=com.hkxps17.turnup/com.google.android.gms.auth.api.signin.internal.SignInHubActivity (has extras) }, activity=com.google.android.gms.auth.api.signin.internal.SignInHubActivity@e36cf88
08-01 08:16:38.309  2037  2184 W InputReader: Device has associated, but no associated display id.
08-01 08:16:38.311  2037  2184 I chatty  : uid=1000(system) Binder:2037_3 identical 29 lines
08-01 08:16:38.313  2037  2184 W InputReader: Device has associated, but no associated display id.
08-01 08:16:38.314 11146 11146 I MusicExperimentManager: Received config change, experiments list is null
08-01 08:16:38.314 11146 11146 W MusicExperimentManager: Parsing error while updating analysis experiments
08-01 08:16:38.313  2037  2184 W InputReader: Device has associated, but no associated display id.
08-01 08:16:38.318  2037  2184 I chatty  : uid=1000(system) Binder:2037_3 identical 7 lines
08-01 08:16:38.318  2037  2184 W InputReader: Device has associated, but no associated display id.
08-01 08:16:38.325 11002 11002 E LoginActivity: Name: apna dekh
08-01 08:16:38.325 11002 11002 E LoginActivity: Fam Name: dekh
08-01 08:16:38.325 11002 11002 E LoginActivity: Email: apnadekhbey@gmail.com
08-01 08:16:38.325 11002 11002 E LoginActivity: Photo: null
08-01 08:16:38.326 11146 11146 I BaseStore: Store database version: 146
08-01 08:16:38.329 11002 11002 D LoginActivity: updateUI
08-01 08:16:38.336 11002 11002 D LifecycleMonitor: Lifecycle status change: com.hkxps17.turnup.LoginActivity@7e17953 in: RESUMED
08-01 08:16:38.337 11002 11002 V ActivityScenario: Update currentActivityStage to RESUMED, currentActivity=com.hkxps17.turnup.LoginActivity@7e17953
08-01 08:16:38.343 11002 11002 D LifecycleMonitor: Lifecycle status change: com.hkxps17.turnup.LoginActivity@7e17953 in: PAUSED
08-01 08:16:38.343 11002 11002 V ActivityScenario: Update currentActivityStage to PAUSED, currentActivity=com.hkxps17.turnup.LoginActivity@7e17953
08-01 08:16:38.343  2037  2184 W InputReader: Device has associated, but no associated display id.
08-01 08:16:38.346  2037  2184 I chatty  : uid=1000(system) Binder:2037_3 identical 48 lines
08-01 08:16:38.346  2037  2184 W InputReader: Device has associated, but no associated display id.
08-01 08:16:38.356 11002 11002 W ActivityThread: handleWindowVisibility: no activity for token android.os.BinderProxy@9286518
08-01 08:16:38.366 11002 11002 D LifecycleMonitor: Lifecycle status change: com.hkxps17.turnup.EventListActivity@d6498e2 in: PRE_ON_CREATE
08-01 08:16:38.367 11002 11002 V ActivityScenario: Activity lifecycle changed event received but ignored because the intent does not match. startActivityIntent=Intent { act=android.intent.action.MAIN cat=[android.intent.category.LAUNCHER] cmp=com.hkxps17.turnup/.LoginActivity }, activity.getIntent()=Intent { cmp=com.hkxps17.turnup/.EventListActivity }, activity=com.hkxps17.turnup.EventListActivity@d6498e2
08-01 08:16:38.396 11146 11146 I PlaybackClient: init: Initializing
08-01 08:16:38.455 11146 11146 D MusicLifecycle: com.google.android.music.AccountsBroadcastReceiver generated event: Broadcast received with context android.app.ReceiverRestrictedContext@25298d0 and intent Intent { act=android.accounts.LOGIN_ACCOUNTS_CHANGED flg=0x5000010 cmp=com.google.android.music/.AccountsBroadcastReceiver }
08-01 08:16:38.456 11146 11146 D MusicLifecycle: com.google.android.music.net.NetworkConnectivityMonitor$NetworkChangedReceiver generated event: Broadcast received with context com.google.android.music.ui.PhoneMusicApplication@5934fc0 and intent Intent { act=android.net.conn.CONNECTIVITY_CHANGE flg=0x4200010 (has extras) }
08-01 08:16:38.456 11146 11166 I SignupStatusTask: Starting 'com.google.android.music.sync.google.MusicGcmTaskService
08-01 08:16:38.457 11146 11146 I NetworkConnectivity: Network state changed: [type: WIFI[], state: CONNECTED/CONNECTED, reason: (unspecified), extra: (none), failover: false, available: true, roaming: false]
08-01 08:16:38.459 11146 11146 D MusicLifecycle: com.google.android.music.download.EncapsulatedBroadcastReceiver$1 generated event: Broadcast received with context com.google.android.music.ui.PhoneMusicApplication@5934fc0 and intent Intent { act=com.google.android.music.ResumeStorageMigration flg=0x10 (has extras) }
08-01 08:16:38.470 11146 11146 D MusicLifecycle: com.google.android.music.download.EncapsulatedBroadcastReceiver$1 generated event: Broadcast received with context com.google.android.music.ui.PhoneMusicApplication@5934fc0 and intent Intent { act=com.google.android.music.download.keepon.KeeponSchedulingService.START_DOWNLOAD flg=0x10 }
08-01 08:16:38.474 11146 11146 I NetworkPolicyMonitor: Download-ability status changed to (true) unmetered wifi/eth: true mobileOrMetered: false
08-01 08:16:38.480 11146 11146 I NetworkPolicyMonitor: Stream-ability status changed to (true) unmetered wifi/eth: true mobileOrMetered: false
08-01 08:16:38.491 11002 11002 D EMAIL   : apnadekhbey@gmail.com
08-01 08:16:38.507 11002 11002 D LifecycleMonitor: Lifecycle status change: com.hkxps17.turnup.EventListActivity@d6498e2 in: CREATED
08-01 08:16:38.508 11002 11002 V ActivityScenario: Activity lifecycle changed event received but ignored because the intent does not match. startActivityIntent=Intent { act=android.intent.action.MAIN cat=[android.intent.category.LAUNCHER] cmp=com.hkxps17.turnup/.LoginActivity }, activity.getIntent()=Intent { cmp=com.hkxps17.turnup/.EventListActivity }, activity=com.hkxps17.turnup.EventListActivity@d6498e2
08-01 08:16:38.512 11002 11002 D LifecycleMonitor: Lifecycle status change: com.hkxps17.turnup.EventListActivity@d6498e2 in: STARTED
08-01 08:16:38.513 11002 11002 V ActivityScenario: Activity lifecycle changed event received but ignored because the intent does not match. startActivityIntent=Intent { act=android.intent.action.MAIN cat=[android.intent.category.LAUNCHER] cmp=com.hkxps17.turnup/.LoginActivity }, activity.getIntent()=Intent { cmp=com.hkxps17.turnup/.EventListActivity }, activity=com.hkxps17.turnup.EventListActivity@d6498e2
08-01 08:16:38.515 11002 11002 D LifecycleMonitor: Lifecycle status change: com.hkxps17.turnup.EventListActivity@d6498e2 in: RESUMED
08-01 08:16:38.515 11002 11002 V ActivityScenario: Activity lifecycle changed event received but ignored because the intent does not match. startActivityIntent=Intent { act=android.intent.action.MAIN cat=[android.intent.category.LAUNCHER] cmp=com.hkxps17.turnup/.LoginActivity }, activity.getIntent()=Intent { cmp=com.hkxps17.turnup/.EventListActivity }, activity=com.hkxps17.turnup.EventListActivity@d6498e2
08-01 08:16:38.526 11002 11203 D NetworkSecurityConfig: No Network Security Config specified, using platform default
08-01 08:16:38.529 11002 11002 D LifecycleMonitor: Lifecycle status change: com.google.android.gms.auth.api.signin.internal.SignInHubActivity@e36cf88 in: STOPPED
08-01 08:16:38.529 11002 11002 V ActivityScenario: Activity lifecycle changed event received but ignored because the intent does not match. startActivityIntent=Intent { act=android.intent.action.MAIN cat=[android.intent.category.LAUNCHER] cmp=com.hkxps17.turnup/.LoginActivity }, activity.getIntent()=Intent { act=com.google.android.gms.auth.GOOGLE_SIGN_IN flg=0x800000 pkg=com.hkxps17.turnup cmp=com.hkxps17.turnup/com.google.android.gms.auth.api.signin.internal.SignInHubActivity (has extras) }, activity=com.google.android.gms.auth.api.signin.internal.SignInHubActivity@e36cf88
08-01 08:16:38.530 11002 11002 D LifecycleMonitor: Lifecycle status change: com.google.android.gms.auth.api.signin.internal.SignInHubActivity@e36cf88 in: DESTROYED
08-01 08:16:38.530 11002 11002 V ActivityScenario: Activity lifecycle changed event received but ignored because the intent does not match. startActivityIntent=Intent { act=android.intent.action.MAIN cat=[android.intent.category.LAUNCHER] cmp=com.hkxps17.turnup/.LoginActivity }, activity.getIntent()=Intent { act=com.google.android.gms.auth.GOOGLE_SIGN_IN flg=0x800000 pkg=com.hkxps17.turnup cmp=com.hkxps17.turnup/com.google.android.gms.auth.api.signin.internal.SignInHubActivity (has extras) }, activity=com.google.android.gms.auth.api.signin.internal.SignInHubActivity@e36cf88
08-01 08:16:38.540 11146 11190 D AwarenessRouter: 0 new fences
08-01 08:16:38.544 11146 11190 D AwarenessRouter: 0 fences already registered
08-01 08:16:38.550 11146 11190 D AwarenessRouter: Successfully removed 0 context fences
08-01 08:16:38.552 11146 11167 W AdvertisingIdClient: Error while reading from SharedPreferences
08-01 08:16:38.552 11146 11167 W AdvertisingIdClient: java.lang.SecurityException: MODE_WORLD_READABLE no longer supported
08-01 08:16:38.552 11146 11167 W AdvertisingIdClient: 	at android.app.ContextImpl.checkMode(ContextImpl.java:2622)
08-01 08:16:38.552 11146 11167 W AdvertisingIdClient: 	at android.app.ContextImpl.getSharedPreferences(ContextImpl.java:453)
08-01 08:16:38.552 11146 11167 W AdvertisingIdClient: 	at android.app.ContextImpl.getSharedPreferences(ContextImpl.java:443)
08-01 08:16:38.552 11146 11167 W AdvertisingIdClient: 	at com.google.android.gms.ads.identifier.AdvertisingIdClient.getAdvertisingIdInfo(Unknown Source:11)
08-01 08:16:38.552 11146 11167 W AdvertisingIdClient: 	at com.google.android.music.preferences.MusicPreferences.getAdvertisingIdInfo(MusicPreferences.java:2482)
08-01 08:16:38.552 11146 11167 W AdvertisingIdClient: 	at com.google.android.music.preferences.MusicPreferences.access$1000(MusicPreferences.java:84)
08-01 08:16:38.552 11146 11167 W AdvertisingIdClient: 	at com.google.android.music.preferences.MusicPreferences$7.run(MusicPreferences.java:2463)
08-01 08:16:38.552 11146 11167 W AdvertisingIdClient: 	at com.google.android.music.utils.async.TraceableRunnable.runLogged(TraceableRunnable.java:21)
08-01 08:16:38.552 11146 11167 W AdvertisingIdClient: 	at com.google.android.music.utils.async.LoggedRunnable.run(LoggedRunnable.java:30)
08-01 08:16:38.552 11146 11167 W AdvertisingIdClient: 	at android.os.Handler.handleCallback(Handler.java:883)
08-01 08:16:38.552 11146 11167 W AdvertisingIdClient: 	at android.os.Handler.dispatchMessage(Handler.java:100)
08-01 08:16:38.552 11146 11167 W AdvertisingIdClient: 	at com.google.android.music.utils.LoggableHandler.dispatchMessage(LoggableHandler.java:74)
08-01 08:16:38.552 11146 11167 W AdvertisingIdClient: 	at android.os.Looper.loop(Looper.java:214)
08-01 08:16:38.552 11146 11167 W AdvertisingIdClient: 	at android.os.HandlerThread.run(HandlerThread.java:67)
08-01 08:16:38.563  1796  3402 D gralloc_ranchu: gralloc_alloc: Creating ashmem region of size 9334784
08-01 08:16:38.579  1796  3402 I chatty  : uid=1000(system) HwBinder:1796_2 identical 1 line
08-01 08:16:38.580  1796  3402 D gralloc_ranchu: gralloc_alloc: Creating ashmem region of size 9334784
08-01 08:16:38.584 11002 11073 D EGL_emulation: eglMakeCurrent: 0xd2b1f960: ver 2 0 (tinfo 0xddeadc10)
08-01 08:16:38.614 11002 11073 D EGL_emulation: eglMakeCurrent: 0xd2b1f960: ver 2 0 (tinfo 0xddeadc10)
08-01 08:16:38.619  2037  2059 W InputReader: Device has associated, but no associated display id.
08-01 08:16:38.623  2037  2059 I chatty  : uid=1000(system) android.anim identical 28 lines
08-01 08:16:38.623  2037  2059 W InputReader: Device has associated, but no associated display id.
08-01 08:16:38.628 11002 11073 D EGL_emulation: eglMakeCurrent: 0xd2b1f960: ver 2 0 (tinfo 0xddeadc10)
08-01 08:16:38.638 25037 10897 I PmtsSwAccountIntentOp: Processing intent action=android.accounts.LOGIN_ACCOUNTS_CHANGED
08-01 08:16:38.639 25037 10897 I PmtsSwAccountIntentOp: Account added has already been processed
08-01 08:16:38.671  3995  3995 I BgTaskExecutorImpl: (REDACTED) Starting %s background task %s.
08-01 08:16:38.672 25037 10923 I Backup  : [GmsBackupAccountManager] Backup account not found in gmscore.
08-01 08:16:38.673  3995  3995 I GnpSdk  : [ChimeBroadcastReceiver] Intent received for action [android.accounts.LOGIN_ACCOUNTS_CHANGED] package [com.google.android.googlequicksearchbox].
08-01 08:16:38.673  3995  3995 I GnpSdk  : [ChimeBroadcastReceiver] Phenotype initialized.
08-01 08:16:38.676  3995  3995 I GnpSdk  : [ChimeBroadcastReceiver] Validation OK for action [android.accounts.LOGIN_ACCOUNTS_CHANGED].
08-01 08:16:38.676  3995  3995 I GnpSdk  : [ChimeExecutorApiImpl-Tiktok] Submitting Broadcast execution [230427052] to tiktok executor.
08-01 08:16:38.678  3995 10058 I GnpSdk  : [ChimeBroadcastReceiver] Executing action in BroadcastReceiver [android.accounts.LOGIN_ACCOUNTS_CHANGED].
08-01 08:16:38.684  3995  9852 I Search.LoginHelperImpl: #refresh()
08-01 08:16:38.685  3995  9852 I Search.LoginHelperImpl: Getting accounts.
08-01 08:16:38.686 10808 10917 W ChimeraUtils: Module com.google.android.gms.backup_base has empty metadata display_name_string_id
08-01 08:16:38.689 11002 11002 I ViewInteraction: Performing 'single click' action on view (view.getId() is <2131231144/com.hkxps17.turnup:id/rbright> and an instance of android.widget.TextView and view.getText() with or without transformation to match: is "Map" and Child at position 1 in parent (view.getId() is <2131231141/com.hkxps17.turnup:id/radioGroup> and Child at position 1 in parent view.getClass().getName() matches: is "androidx.constraintlayout.widget.ConstraintLayout") and (view has effective visibility <VISIBLE> and view.getGlobalVisibleRect() to return non-empty rectangle))
08-01 08:16:38.694  2037  2128 I InputDispatcher: Dropping event because there is no touchable window or gesture monitor at (643, 410) in display 0.
08-01 08:16:38.694  2037  2128 W InputDispatcher: Permission denied: injecting event from pid 11002 uid 10166
08-01 08:16:38.705 25037 10923 I Backup  : [GmsBackupAccountManager] Backup account not found in gmscore.
08-01 08:16:38.718 10808 10917 W ChimeraUtils: Module com.google.android.gms.backup_base has empty metadata display_name_string_id
08-01 08:16:38.744 25037 25049 I gle.android.gm: Background concurrent copying GC freed 31720(1902KB) AllocSpace objects, 11(540KB) LOS objects, 36% free, 10MB/16MB, paused 576us total 105.272ms
08-01 08:16:38.761  3995 10058 I GnpSdk  : [ChimeExecutorApiImpl-Tiktok] Finished Broadcast execution [230427052].
08-01 08:16:38.805 11002 11002 D LifecycleMonitor: Lifecycle status change: com.hkxps17.turnup.EventListActivity@d6498e2 in: PAUSED
08-01 08:16:38.805 11002 11002 V ActivityScenario: Activity lifecycle changed event received but ignored because the intent does not match. startActivityIntent=Intent { act=android.intent.action.MAIN cat=[android.intent.category.LAUNCHER] cmp=com.hkxps17.turnup/.LoginActivity }, activity.getIntent()=Intent { cmp=com.hkxps17.turnup/.EventListActivity }, activity=com.hkxps17.turnup.EventListActivity@d6498e2
08-01 08:16:38.806  2037  3300 W InputReader: Device has associated, but no associated display id.
08-01 08:16:38.811  2037  3300 I chatty  : uid=1000(system) Binder:2037_F identical 48 lines
08-01 08:16:38.811  2037  3300 W InputReader: Device has associated, but no associated display id.
08-01 08:16:38.812 11002 11002 W ActivityThread: handleWindowVisibility: no activity for token android.os.BinderProxy@d6051fe
08-01 08:16:38.826 11002 11002 D LifecycleMonitor: Lifecycle status change: com.hkxps17.turnup.MapsActivity@f42e98 in: PRE_ON_CREATE
08-01 08:16:38.827 11002 11002 V ActivityScenario: Activity lifecycle changed event received but ignored because the intent does not match. startActivityIntent=Intent { act=android.intent.action.MAIN cat=[android.intent.category.LAUNCHER] cmp=com.hkxps17.turnup/.LoginActivity }, activity.getIntent()=Intent { cmp=com.hkxps17.turnup/.MapsActivity }, activity=com.hkxps17.turnup.MapsActivity@f42e98
08-01 08:16:38.860 11002 11002 D MapsInitializer: preferredRenderer: null
08-01 08:16:38.861 11002 11002 D zzca    : preferredRenderer: null
08-01 08:16:38.865 11002 11002 I zzca    : Making Creator dynamically
08-01 08:16:38.878 11002 11002 I DynamiteModule: Considering local module com.google.android.gms.maps_dynamite:0 and remote module com.google.android.gms.maps_dynamite:203115000
08-01 08:16:38.878 11002 11002 I DynamiteModule: Selected remote version of com.google.android.gms.maps_dynamite, version >= 203115000
08-01 08:16:38.887  1795  2479 E GnssHAL_GnssInterface: gnssSvStatusCb: a: input svInfo.flags is 8
08-01 08:16:38.887  1795  2479 E GnssHAL_GnssInterface: gnssSvStatusCb: b: input svInfo.flags is 8
08-01 08:16:38.905 11002 11002 I Google Maps Android API: Google Play services client version: 12451000
08-01 08:16:38.935 11002 11002 W .hkxps17.turnu: Accessing hidden method Lsun/misc/Unsafe;->putObject(Ljava/lang/Object;JLjava/lang/Object;)V (greylist, linking, allowed)
08-01 08:16:38.937 11002 11002 W .hkxps17.turnu: Accessing hidden method Lsun/misc/Unsafe;->compareAndSwapObject(Ljava/lang/Object;JLjava/lang/Object;Ljava/lang/Object;)Z (greylist, linking, allowed)
08-01 08:16:38.937 11002 11002 W .hkxps17.turnu: Accessing hidden method Lsun/misc/Unsafe;->getObject(Ljava/lang/Object;J)Ljava/lang/Object; (greylist, linking, allowed)
08-01 08:16:38.945 10808 10933 I NetworkScheduler.Stats: Task com.google.android.videos/ started execution. cause:7 exec_start_elapsed_seconds: 61027 [CONTEXT service_id=218 ]
08-01 08:16:38.948  9405 11224 W PlayMovies: UnpinContentCleanerImpl.cleanUp:13 Start clean up task with reason 2
08-01 08:16:38.948  9405 11224 W PlayMovies:
08-01 08:16:38.948  9405 11224 W PlayMovies: UnpinContentCleanerImpl.startCleanUp:18 Start cleanup unpinned content
08-01 08:16:38.948  9405 11224 W PlayMovies:
08-01 08:16:38.955  9405 11224 W PlayMovies: UnpinContentCleanerImpl.startCleanUp:26 Done cleanup unpinned content: removed 0 files
08-01 08:16:38.955  9405 11224 W PlayMovies:
08-01 08:16:38.983 11002 11002 I SnapshotHandler: Unable to retrieve flag snapshot for com.google.android.gms.maps#com.hkxps17.turnup, using defaults.
08-01 08:16:38.989 11002 11002 I Google Maps Android API: Google Play services package version: 222615031
08-01 08:16:38.990 11002 11002 I Google Maps Android API: Google Play services maps renderer version(legacy): 203115000
08-01 08:16:39.002 11002 11002 W .hkxps17.turnu: Accessing hidden method Lsun/misc/Unsafe;->compareAndSwapObject(Ljava/lang/Object;JLjava/lang/Object;Ljava/lang/Object;)Z (greylist, linking, allowed)
08-01 08:16:39.019  1778  1778 D Zygote  : Forked child process 11227
08-01 08:16:39.022 10808 10833 I NetworkScheduler.Stats: Task com.google.android.videos/ finished executing. cause:7 result: 1 elapsed_millis: 107 uptime_millis: 107 exec_start_elapsed_seconds: 61027 [CONTEXT service_id=218 ]
08-01 08:16:39.023 11227 11227 W e.process.gapp: Unexpected CPU variant for X86 using defaults: x86
08-01 08:16:39.043 11227 11227 E e.process.gapp: Not starting debugger since process cannot load the jdwp agent.
08-01 08:16:39.069 11227 11227 I e.process.gapp: The ClassLoaderContext is a special shared library.
08-01 08:16:39.075 11227 11227 I e.process.gapp: The ClassLoaderContext is a special shared library.
08-01 08:16:39.104 11227 11227 I GoogleHttpClient: GMS http client unavailable, use old client
08-01 08:16:39.165 11002 11002 W .hkxps17.turnu: Accessing hidden method Lsun/misc/Unsafe;->putInt(Ljava/lang/Object;JI)V (greylist, linking, allowed)
08-01 08:16:39.166 11002 11002 W .hkxps17.turnu: Accessing hidden method Lsun/misc/Unsafe;->getInt(Ljava/lang/Object;J)I (greylist, linking, allowed)
08-01 08:16:39.166 11002 11002 W .hkxps17.turnu: Accessing hidden method Lsun/misc/Unsafe;->putLong(Ljava/lang/Object;JJ)V (greylist, linking, allowed)
08-01 08:16:39.166 11002 11002 W .hkxps17.turnu: Accessing hidden method Lsun/misc/Unsafe;->getObject(Ljava/lang/Object;J)Ljava/lang/Object; (greylist, linking, allowed)
08-01 08:16:39.166 11002 11002 W .hkxps17.turnu: Accessing hidden method Lsun/misc/Unsafe;->putObject(Ljava/lang/Object;JLjava/lang/Object;)V (greylist, linking, allowed)
08-01 08:16:39.166 11002 11002 W .hkxps17.turnu: Accessing hidden method Lsun/misc/Unsafe;->getLong(Ljava/lang/Object;J)J (greylist,core-platform-api, linking, allowed)
08-01 08:16:39.171 11002 11002 W .hkxps17.turnu: Accessing hidden method Lsun/misc/Unsafe;->allocateInstance(Ljava/lang/Class;)Ljava/lang/Object; (greylist, linking, allowed)
08-01 08:16:39.173 11002 11002 W .hkxps17.turnu: Accessing hidden method Llibcore/io/Memory;->peekLong(JZ)J (greylist, reflection, allowed)
08-01 08:16:39.173 11002 11002 W .hkxps17.turnu: Accessing hidden method Llibcore/io/Memory;->pokeLong(JJZ)V (greylist, reflection, allowed)
08-01 08:16:39.173 11002 11002 W .hkxps17.turnu: Accessing hidden method Llibcore/io/Memory;->pokeInt(JIZ)V (greylist, reflection, allowed)
08-01 08:16:39.173 11002 11002 W .hkxps17.turnu: Accessing hidden method Llibcore/io/Memory;->peekInt(JZ)I (greylist, reflection, allowed)
08-01 08:16:39.173 11002 11002 W .hkxps17.turnu: Accessing hidden method Llibcore/io/Memory;->pokeByte(JB)V (greylist, reflection, allowed)
08-01 08:16:39.173 11002 11002 W .hkxps17.turnu: Accessing hidden method Llibcore/io/Memory;->peekByte(J)B (greylist, reflection, allowed)
08-01 08:16:39.173 11002 11002 W .hkxps17.turnu: Accessing hidden method Llibcore/io/Memory;->pokeByteArray(J[BII)V (greylist, reflection, allowed)
08-01 08:16:39.173 11002 11002 W .hkxps17.turnu: Accessing hidden method Llibcore/io/Memory;->peekByteArray(J[BII)V (greylist, reflection, allowed)
08-01 08:16:39.174 11002 11002 W .hkxps17.turnu: Accessing hidden method Lsun/misc/Unsafe;->arrayBaseOffset(Ljava/lang/Class;)I (greylist,core-platform-api, linking, allowed)
08-01 08:16:39.174 11002 11002 W .hkxps17.turnu: Accessing hidden method Lsun/misc/Unsafe;->getInt(Ljava/lang/Object;J)I (greylist, linking, allowed)
08-01 08:16:39.174 11002 11002 W .hkxps17.turnu: Accessing hidden method Lsun/misc/Unsafe;->getLong(Ljava/lang/Object;J)J (greylist,core-platform-api, linking, allowed)
08-01 08:16:39.174 11002 11002 W .hkxps17.turnu: Accessing hidden method Lsun/misc/Unsafe;->getObject(Ljava/lang/Object;J)Ljava/lang/Object; (greylist, linking, allowed)
08-01 08:16:39.175 11002 11002 W .hkxps17.turnu: Accessing hidden method Lsun/misc/Unsafe;->putInt(Ljava/lang/Object;JI)V (greylist, linking, allowed)
08-01 08:16:39.175 11002 11002 W .hkxps17.turnu: Accessing hidden method Lsun/misc/Unsafe;->putLong(Ljava/lang/Object;JJ)V (greylist, linking, allowed)
08-01 08:16:39.175 11002 11002 W .hkxps17.turnu: Accessing hidden method Lsun/misc/Unsafe;->putObject(Ljava/lang/Object;JLjava/lang/Object;)V (greylist, linking, allowed)
08-01 08:16:39.175 11002 11002 W .hkxps17.turnu: Accessing hidden method Lsun/misc/Unsafe;->arrayIndexScale(Ljava/lang/Class;)I (greylist, linking, allowed)
08-01 08:16:39.176 11002 11002 W .hkxps17.turnu: Accessing hidden method Lsun/misc/Unsafe;->getLong(Ljava/lang/Object;J)J (greylist,core-platform-api, reflection, allowed)
08-01 08:16:39.176 11002 11002 W .hkxps17.turnu: Accessing hidden field Ljava/nio/Buffer;->address:J (greylist, reflection, allowed)
08-01 08:16:39.176 11002 11002 W .hkxps17.turnu: Accessing hidden method Lsun/misc/Unsafe;->getInt(Ljava/lang/Object;J)I (greylist, reflection, allowed)
08-01 08:16:39.176 11002 11002 W .hkxps17.turnu: Accessing hidden method Lsun/misc/Unsafe;->putInt(Ljava/lang/Object;JI)V (greylist, reflection, allowed)
08-01 08:16:39.176 11002 11002 W .hkxps17.turnu: Accessing hidden method Lsun/misc/Unsafe;->getLong(Ljava/lang/Object;J)J (greylist,core-platform-api, reflection, allowed)
08-01 08:16:39.176 11002 11002 W .hkxps17.turnu: Accessing hidden method Lsun/misc/Unsafe;->putLong(Ljava/lang/Object;JJ)V (greylist, reflection, allowed)
08-01 08:16:39.176 11002 11002 W .hkxps17.turnu: Accessing hidden method Lsun/misc/Unsafe;->getObject(Ljava/lang/Object;J)Ljava/lang/Object; (greylist, reflection, allowed)
08-01 08:16:39.176 11002 11002 W .hkxps17.turnu: Accessing hidden method Lsun/misc/Unsafe;->putObject(Ljava/lang/Object;JLjava/lang/Object;)V (greylist, reflection, allowed)
08-01 08:16:39.184 11002 11002 W .hkxps17.turnu: Accessing hidden method Lsun/misc/Unsafe;->compareAndSwapObject(Ljava/lang/Object;JLjava/lang/Object;Ljava/lang/Object;)Z (greylist, linking, allowed)
08-01 08:16:39.194 11002 11002 W .hkxps17.turnu: Accessing hidden method Lsun/misc/Unsafe;->putObject(Ljava/lang/Object;JLjava/lang/Object;)V (greylist, linking, allowed)
08-01 08:16:39.227 11002 11002 W .hkxps17.turnu: Accessing hidden method Lsun/misc/Unsafe;->compareAndSwapObject(Ljava/lang/Object;JLjava/lang/Object;Ljava/lang/Object;)Z (greylist, linking, allowed)
08-01 08:16:39.231 11002 11002 D MapsInitializer: loadedRenderer: LEGACY
08-01 08:16:39.231 11002 11002 D zzca    : preferredRenderer: null
08-01 08:16:39.234 11002 11002 I Google Maps Android API: Google Play services package version: 222615031
08-01 08:16:39.234 11002 11002 I Google Maps Android API: Google Play services maps renderer version(legacy): 203115000
08-01 08:16:39.357 11002 11002 W .hkxps17.turnu: Accessing hidden method Lsun/misc/Unsafe;->compareAndSwapObject(Ljava/lang/Object;JLjava/lang/Object;Ljava/lang/Object;)Z (greylist, linking, allowed)
08-01 08:16:39.453 11002 11002 W .hkxps17.turnu: Accessing hidden method Lsun/misc/Unsafe;->compareAndSwapObject(Ljava/lang/Object;JLjava/lang/Object;Ljava/lang/Object;)Z (greylist, linking, allowed)
08-01 08:16:39.454 11002 11002 W .hkxps17.turnu: Accessing hidden method Lsun/misc/Unsafe;->getObject(Ljava/lang/Object;J)Ljava/lang/Object; (greylist, linking, allowed)
08-01 08:16:39.457 11002 11002 W .hkxps17.turnu: Accessing hidden method Lsun/misc/Unsafe;->getInt(Ljava/lang/Object;J)I (greylist, linking, allowed)
08-01 08:16:39.459 11002 11002 W .hkxps17.turnu: Accessing hidden method Lsun/misc/Unsafe;->putObject(Ljava/lang/Object;JLjava/lang/Object;)V (greylist, linking, allowed)
08-01 08:16:39.461 11002 11002 W .hkxps17.turnu: Accessing hidden method Lsun/misc/Unsafe;->putInt(Ljava/lang/Object;JI)V (greylist, linking, allowed)
08-01 08:16:39.502 11002 11002 D LifecycleMonitor: Lifecycle status change: com.hkxps17.turnup.MapsActivity@f42e98 in: CREATED
08-01 08:16:39.503 11002 11002 V ActivityScenario: Activity lifecycle changed event received but ignored because the intent does not match. startActivityIntent=Intent { act=android.intent.action.MAIN cat=[android.intent.category.LAUNCHER] cmp=com.hkxps17.turnup/.LoginActivity }, activity.getIntent()=Intent { cmp=com.hkxps17.turnup/.MapsActivity }, activity=com.hkxps17.turnup.MapsActivity@f42e98
08-01 08:16:39.507 11002 11002 W .hkxps17.turnu: Accessing hidden method Lsun/misc/Unsafe;->compareAndSwapObject(Ljava/lang/Object;JLjava/lang/Object;Ljava/lang/Object;)Z (greylist, linking, allowed)
08-01 08:16:39.509 11002 11002 D LifecycleMonitor: Lifecycle status change: com.hkxps17.turnup.MapsActivity@f42e98 in: STARTED
08-01 08:16:39.511 11002 11002 V ActivityScenario: Activity lifecycle changed event received but ignored because the intent does not match. startActivityIntent=Intent { act=android.intent.action.MAIN cat=[android.intent.category.LAUNCHER] cmp=com.hkxps17.turnup/.LoginActivity }, activity.getIntent()=Intent { cmp=com.hkxps17.turnup/.MapsActivity }, activity=com.hkxps17.turnup.MapsActivity@f42e98
08-01 08:16:39.512 11002 11002 D LifecycleMonitor: Lifecycle status change: com.hkxps17.turnup.MapsActivity@f42e98 in: RESUMED
08-01 08:16:39.513 11002 11002 V ActivityScenario: Activity lifecycle changed event received but ignored because the intent does not match. startActivityIntent=Intent { act=android.intent.action.MAIN cat=[android.intent.category.LAUNCHER] cmp=com.hkxps17.turnup/.LoginActivity }, activity.getIntent()=Intent { cmp=com.hkxps17.turnup/.MapsActivity }, activity=com.hkxps17.turnup.MapsActivity@f42e98
08-01 08:16:39.544 10808  4211 I bdrv    : Scheduling Phenotype for a PhenotypeSyncImmediately(6, com.google.android.gms.maps#com.hkxps17.turnup) one off with window [1, 2] in seconds [CONTEXT service_id=51 ]
08-01 08:16:39.552 11002 11168 I ba      : Successfully registered with Phenotype.
08-01 08:16:39.556 11002 11225 W .hkxps17.turnu: Accessing hidden method Lsun/misc/Unsafe;->getLong(Ljava/lang/Object;J)J (greylist,core-platform-api, linking, allowed)
08-01 08:16:39.575 11002 11225 W .hkxps17.turnu: Accessing hidden method Lsun/misc/Unsafe;->compareAndSwapObject(Ljava/lang/Object;JLjava/lang/Object;Ljava/lang/Object;)Z (greylist, linking, allowed)
08-01 08:16:39.643  1796  3402 D gralloc_ranchu: gralloc_alloc: Creating ashmem region of size 9334784
08-01 08:16:39.646  1796  3402 D gralloc_ranchu: gralloc_alloc: Creating ashmem region of size 9334784
08-01 08:16:39.647 11002 11272 D HostConnection: HostConnection::get() New Host Connection established 0xb853e0f0, tid 11272
08-01 08:16:39.647  1796  3402 D gralloc_ranchu: gralloc_alloc: Creating ashmem region of size 9334784
08-01 08:16:39.648 11002 11272 D HostConnection: HostComposition ext ANDROID_EMU_CHECKSUM_HELPER_v1 ANDROID_EMU_dma_v1 ANDROID_EMU_direct_mem ANDROID_EMU_host_composition_v1 ANDROID_EMU_host_composition_v2 ANDROID_EMU_vulkan ANDROID_EMU_deferred_vulkan_commands ANDROID_EMU_vulkan_null_optional_strings ANDROID_EMU_vulkan_create_resources_with_requirements ANDROID_EMU_YUV420_888_to_NV21 ANDROID_EMU_YUV_Cache ANDROID_EMU_vulkan_free_memory_sync ANDROID_EMU_vulkan_shader_float16_int8 ANDROID_EMU_vulkan_async_queue_submit ANDROID_EMU_sync_buffer_data GL_OES_vertex_array_object GL_KHR_texture_compression_astc_ldr ANDROID_EMU_host_side_tracing ANDROID_EMU_gles_max_version_2
08-01 08:16:39.661 11002 11272 D eglCodecCommon: setVertexArrayObject: set vao to 0 (0) 0 0
08-01 08:16:39.661 11002 11272 D EGL_emulation: eglCreateContext: 0xdde5c360: maj 1 min 0 rcv 1
08-01 08:16:39.662  1678  1678 I hwservicemanager: getTransport: Cannot find entry android.hardware.graphics.allocator@3.0::IAllocator/default in either framework or device manifest.
08-01 08:16:39.662 11002 11272 W Gralloc3: allocator 3.x is not supported
08-01 08:16:39.663  1796  3402 D gralloc_ranchu: gralloc_alloc: Creating ashmem region of size 8478720
08-01 08:16:39.664 11002 11073 D EGL_emulation: eglMakeCurrent: 0xd2b1f960: ver 2 0 (tinfo 0xddeadc10)
08-01 08:16:39.699 11002 11272 D EGL_emulation: eglMakeCurrent: 0xdde5c360: ver 1 0 (tinfo 0xd2b67a10)
08-01 08:16:39.764  1796  3402 D gralloc_ranchu: gralloc_alloc: Creating ashmem region of size 8478720
08-01 08:16:39.805 11002 11275 W .hkxps17.turnu: Accessing hidden method Lsun/misc/Unsafe;->getObject(Ljava/lang/Object;J)Ljava/lang/Object; (greylist, linking, allowed)
08-01 08:16:39.805 11002 11275 W .hkxps17.turnu: Accessing hidden method Lsun/misc/Unsafe;->putObject(Ljava/lang/Object;JLjava/lang/Object;)V (greylist, linking, allowed)
08-01 08:16:39.807 11002 11288 W .hkxps17.turnu: Accessing hidden method Lsun/misc/Unsafe;->getObject(Ljava/lang/Object;J)Ljava/lang/Object; (greylist, linking, allowed)
08-01 08:16:39.811 11002 11288 I chatty  : uid=10166(com.hkxps17.turnup) androidmapsapi- identical 2 lines
08-01 08:16:39.813 11002 11288 W .hkxps17.turnu: Accessing hidden method Lsun/misc/Unsafe;->getObject(Ljava/lang/Object;J)Ljava/lang/Object; (greylist, linking, allowed)
08-01 08:16:39.813 11002 11288 W .hkxps17.turnu: Accessing hidden method Lsun/misc/Unsafe;->putObject(Ljava/lang/Object;JLjava/lang/Object;)V (greylist, linking, allowed)
08-01 08:16:39.824 11002 11002 W .hkxps17.turnu: Accessing hidden method Ldalvik/system/CloseGuard;->get()Ldalvik/system/CloseGuard; (greylist,core-platform-api, reflection, allowed)
08-01 08:16:39.824 11002 11002 W .hkxps17.turnu: Accessing hidden method Ldalvik/system/CloseGuard;->open(Ljava/lang/String;)V (greylist,core-platform-api, reflection, allowed)
08-01 08:16:39.824 11002 11002 W .hkxps17.turnu: Accessing hidden method Ldalvik/system/CloseGuard;->warnIfOpen()V (greylist,core-platform-api, reflection, allowed)
08-01 08:16:39.839 11002 11002 D TEST    : []!!!!
08-01 08:16:39.848 11002 11002 D TEST    : []!!!!
08-01 08:16:39.857 11002 11073 D EGL_emulation: eglMakeCurrent: 0xd2b1f960: ver 2 0 (tinfo 0xddeadc10)
08-01 08:16:39.888  1795  2479 E GnssHAL_GnssInterface: gnssSvStatusCb: a: input svInfo.flags is 8
08-01 08:16:39.888  1795  2479 E GnssHAL_GnssInterface: gnssSvStatusCb: b: input svInfo.flags is 8
08-01 08:16:39.907  1777 11295 E ResolverController: No valid NAT64 prefix (101, <unspecified>/0)
08-01 08:16:39.907  2037  2059 W InputReader: Device has associated, but no associated display id.
08-01 08:16:39.908  2037  2059 I chatty  : uid=1000(system) android.anim identical 18 lines
08-01 08:16:39.908  2037  2059 W InputReader: Device has associated, but no associated display id.
08-01 08:16:39.913  1777 11296 E ResolverController: No valid NAT64 prefix (101, <unspecified>/0)
08-01 08:16:39.914 11002 11073 D EGL_emulation: eglMakeCurrent: 0xd2b1f960: ver 2 0 (tinfo 0xddeadc10)
08-01 08:16:39.952 11002 11002 D LifecycleMonitor: Lifecycle status change: com.hkxps17.turnup.LoginActivity@7e17953 in: STOPPED
08-01 08:16:39.952 11002 11002 V ActivityScenario: Update currentActivityStage to STOPPED, currentActivity=com.hkxps17.turnup.LoginActivity@7e17953
08-01 08:16:40.138 11002 11073 D EGL_emulation: eglMakeCurrent: 0xd2b1f960: ver 2 0 (tinfo 0xddeadc10)
08-01 08:16:40.174 11002 11288 W .hkxps17.turnu: Accessing hidden method Lsun/misc/Unsafe;->putObject(Ljava/lang/Object;JLjava/lang/Object;)V (greylist, linking, allowed)
08-01 08:16:40.174 11002 11288 W .hkxps17.turnu: Accessing hidden method Lsun/misc/Unsafe;->getInt(Ljava/lang/Object;J)I (greylist, linking, allowed)
08-01 08:16:40.174 11002 11288 W .hkxps17.turnu: Accessing hidden method Lsun/misc/Unsafe;->putInt(Ljava/lang/Object;JI)V (greylist, linking, allowed)
08-01 08:16:40.176 11002 11288 W .hkxps17.turnu: Accessing hidden method Lsun/misc/Unsafe;->putLong(Ljava/lang/Object;JJ)V (greylist, linking, allowed)
08-01 08:16:40.189 11002 11288 W .hkxps17.turnu: Accessing hidden method Lsun/misc/Unsafe;->getObject(Ljava/lang/Object;J)Ljava/lang/Object; (greylist, linking, allowed)
08-01 08:16:40.189 11002 11288 W .hkxps17.turnu: Accessing hidden method Lsun/misc/Unsafe;->putObject(Ljava/lang/Object;JLjava/lang/Object;)V (greylist, linking, allowed)
08-01 08:16:40.189 11002 11288 W .hkxps17.turnu: Accessing hidden method Lsun/misc/Unsafe;->putLong(Ljava/lang/Object;JJ)V (greylist, linking, allowed)
08-01 08:16:40.190 11002 11288 W .hkxps17.turnu: Accessing hidden method Lsun/misc/Unsafe;->putObject(Ljava/lang/Object;JLjava/lang/Object;)V (greylist, linking, allowed)
08-01 08:16:40.190 11002 11288 W .hkxps17.turnu: Accessing hidden method Lsun/misc/Unsafe;->putLong(Ljava/lang/Object;JJ)V (greylist, linking, allowed)
08-01 08:16:40.192 11002 11288 W .hkxps17.turnu: Accessing hidden method Lsun/misc/Unsafe;->putObject(Ljava/lang/Object;JLjava/lang/Object;)V (greylist, linking, allowed)
08-01 08:16:40.192 11002 11288 W .hkxps17.turnu: Accessing hidden method Lsun/misc/Unsafe;->putLong(Ljava/lang/Object;JJ)V (greylist, linking, allowed)
08-01 08:16:40.196 11002 11288 W .hkxps17.turnu: Accessing hidden method Lsun/misc/Unsafe;->getLong(Ljava/lang/Object;J)J (greylist,core-platform-api, linking, allowed)
08-01 08:16:40.199 11002 11288 W .hkxps17.turnu: Accessing hidden method Lsun/misc/Unsafe;->putObject(Ljava/lang/Object;JLjava/lang/Object;)V (greylist, linking, allowed)
08-01 08:16:40.199 11002 11288 W .hkxps17.turnu: Accessing hidden method Lsun/misc/Unsafe;->putLong(Ljava/lang/Object;JJ)V (greylist, linking, allowed)
08-01 08:16:40.225 11002 11002 W .hkxps17.turnu: Accessing hidden method Lsun/misc/Unsafe;->putObject(Ljava/lang/Object;JLjava/lang/Object;)V (greylist, linking, allowed)
08-01 08:16:40.240 11002 11302 W .hkxps17.turnu: Accessing hidden method Lsun/misc/Unsafe;->compareAndSwapObject(Ljava/lang/Object;JLjava/lang/Object;Ljava/lang/Object;)Z (greylist, linking, allowed)
08-01 08:16:40.241 11002 11302 W .hkxps17.turnu: Accessing hidden method Lsun/misc/Unsafe;->getObject(Ljava/lang/Object;J)Ljava/lang/Object; (greylist, linking, allowed)
08-01 08:16:40.244  1796  3402 D gralloc_ranchu: gralloc_alloc: Creating ashmem region of size 8478720
08-01 08:16:40.251 11002 11302 W .hkxps17.turnu: Accessing hidden method Lsun/misc/Unsafe;->getObject(Ljava/lang/Object;J)Ljava/lang/Object; (greylist, linking, allowed)
08-01 08:16:40.260 11002 11302 I chatty  : uid=10166(com.hkxps17.turnup) androidmapsapi- identical 1 line
08-01 08:16:40.272 11002 11302 W .hkxps17.turnu: Accessing hidden method Lsun/misc/Unsafe;->getObject(Ljava/lang/Object;J)Ljava/lang/Object; (greylist, linking, allowed)
08-01 08:16:40.273 11002 11073 D EGL_emulation: eglMakeCurrent: 0xd2b1f960: ver 2 0 (tinfo 0xddeadc10)
08-01 08:16:40.286 11002 11073 D EGL_emulation: eglMakeCurrent: 0xd2b1f960: ver 2 0 (tinfo 0xddeadc10)
08-01 08:16:40.296 11002 11302 W .hkxps17.turnu: Accessing hidden method Lsun/misc/Unsafe;->getObject(Ljava/lang/Object;J)Ljava/lang/Object; (greylist, linking, allowed)
08-01 08:16:40.311 11002 11302 W .hkxps17.turnu: Accessing hidden method Lsun/misc/Unsafe;->getObject(Ljava/lang/Object;J)Ljava/lang/Object; (greylist, linking, allowed)
08-01 08:16:40.313 11002 11073 D EGL_emulation: eglMakeCurrent: 0xd2b1f960: ver 2 0 (tinfo 0xddeadc10)
08-01 08:16:40.321 11002 11073 D EGL_emulation: eglMakeCurrent: 0xd2b1f960: ver 2 0 (tinfo 0xddeadc10)
08-01 08:16:40.326 11002 11302 W .hkxps17.turnu: Accessing hidden method Lsun/misc/Unsafe;->getObject(Ljava/lang/Object;J)Ljava/lang/Object; (greylist, linking, allowed)
08-01 08:16:40.341 11002 11302 W .hkxps17.turnu: Accessing hidden method Lsun/misc/Unsafe;->getObject(Ljava/lang/Object;J)Ljava/lang/Object; (greylist, linking, allowed)
08-01 08:16:40.351 11002 11073 D EGL_emulation: eglMakeCurrent: 0xd2b1f960: ver 2 0 (tinfo 0xddeadc10)
08-01 08:16:40.357 11002 11302 W .hkxps17.turnu: Accessing hidden method Lsun/misc/Unsafe;->getObject(Ljava/lang/Object;J)Ljava/lang/Object; (greylist, linking, allowed)
08-01 08:16:40.377 11002 11302 W .hkxps17.turnu: Accessing hidden method Lsun/misc/Unsafe;->getObject(Ljava/lang/Object;J)Ljava/lang/Object; (greylist, linking, allowed)
08-01 08:16:40.386 11002 11002 D LifecycleMonitor: Lifecycle status change: com.hkxps17.turnup.EventListActivity@d6498e2 in: STOPPED
08-01 08:16:40.386 11002 11002 V ActivityScenario: Activity lifecycle changed event received but ignored because the intent does not match. startActivityIntent=Intent { act=android.intent.action.MAIN cat=[android.intent.category.LAUNCHER] cmp=com.hkxps17.turnup/.LoginActivity }, activity.getIntent()=Intent { cmp=com.hkxps17.turnup/.EventListActivity }, activity=com.hkxps17.turnup.EventListActivity@d6498e2
08-01 08:16:40.394 11002 11302 W .hkxps17.turnu: Accessing hidden method Lsun/misc/Unsafe;->getObject(Ljava/lang/Object;J)Ljava/lang/Object; (greylist, linking, allowed)
08-01 08:16:40.723 11002 11302 I chatty  : uid=10166(com.hkxps17.turnup) androidmapsapi- identical 19 lines
08-01 08:16:40.739 11002 11302 W .hkxps17.turnu: Accessing hidden method Lsun/misc/Unsafe;->getObject(Ljava/lang/Object;J)Ljava/lang/Object; (greylist, linking, allowed)
08-01 08:16:40.758 11002 11272 W .hkxps17.turnu: Accessing hidden field Ljava/nio/Buffer;->position:I (greylist, JNI, allowed)
08-01 08:16:40.759 11002 11272 W .hkxps17.turnu: Accessing hidden field Ljava/nio/Buffer;->limit:I (greylist, JNI, allowed)
08-01 08:16:40.759 11002 11272 W .hkxps17.turnu: Accessing hidden field Ljava/nio/Buffer;->_elementSizeShift:I (greylist, JNI, allowed)
08-01 08:16:40.763 11002 11302 W .hkxps17.turnu: Accessing hidden method Lsun/misc/Unsafe;->getObject(Ljava/lang/Object;J)Ljava/lang/Object; (greylist, linking, allowed)
08-01 08:16:40.870 11002 11302 I chatty  : uid=10166(com.hkxps17.turnup) androidmapsapi- identical 6 lines
08-01 08:16:40.887 11002 11302 W .hkxps17.turnu: Accessing hidden method Lsun/misc/Unsafe;->getObject(Ljava/lang/Object;J)Ljava/lang/Object; (greylist, linking, allowed)
08-01 08:16:40.887  1795  2479 E GnssHAL_GnssInterface: gnssSvStatusCb: a: input svInfo.flags is 8
08-01 08:16:40.887  1795  2479 E GnssHAL_GnssInterface: gnssSvStatusCb: b: input svInfo.flags is 8
08-01 08:16:40.906 11002 11302 W .hkxps17.turnu: Accessing hidden method Lsun/misc/Unsafe;->getObject(Ljava/lang/Object;J)Ljava/lang/Object; (greylist, linking, allowed)
08-01 08:16:41.079 11002 11302 I chatty  : uid=10166(com.hkxps17.turnup) androidmapsapi- identical 10 lines
08-01 08:16:41.092 11002 11302 W .hkxps17.turnu: Accessing hidden method Lsun/misc/Unsafe;->getObject(Ljava/lang/Object;J)Ljava/lang/Object; (greylist, linking, allowed)
08-01 08:16:41.093 11002 11302 I Counters: exceeded sample count in FrameTime
08-01 08:16:41.117 11002 11302 W .hkxps17.turnu: Accessing hidden method Lsun/misc/Unsafe;->getObject(Ljava/lang/Object;J)Ljava/lang/Object; (greylist, linking, allowed)
08-01 08:16:41.118 11002 11302 I Counters: exceeded sample count in FrameTime
08-01 08:16:41.129 11002 11302 W .hkxps17.turnu: Accessing hidden method Lsun/misc/Unsafe;->getObject(Ljava/lang/Object;J)Ljava/lang/Object; (greylist, linking, allowed)
08-01 08:16:41.129 11002 11302 I Counters: exceeded sample count in FrameTime
08-01 08:16:41.146 11002 11302 W .hkxps17.turnu: Accessing hidden method Lsun/misc/Unsafe;->getObject(Ljava/lang/Object;J)Ljava/lang/Object; (greylist, linking, allowed)
08-01 08:16:41.146 11002 11302 I Counters: exceeded sample count in FrameTime
08-01 08:16:41.162 11002 11302 W .hkxps17.turnu: Accessing hidden method Lsun/misc/Unsafe;->getObject(Ljava/lang/Object;J)Ljava/lang/Object; (greylist, linking, allowed)
08-01 08:16:41.163 11002 11302 I Counters: exceeded sample count in FrameTime
08-01 08:16:41.180 11002 11302 W .hkxps17.turnu: Accessing hidden method Lsun/misc/Unsafe;->getObject(Ljava/lang/Object;J)Ljava/lang/Object; (greylist, linking, allowed)
08-01 08:16:41.180 11002 11302 I Counters: exceeded sample count in FrameTime
08-01 08:16:41.196 11002 11302 W .hkxps17.turnu: Accessing hidden method Lsun/misc/Unsafe;->getObject(Ljava/lang/Object;J)Ljava/lang/Object; (greylist, linking, allowed)
08-01 08:16:41.196 11002 11302 I Counters: exceeded sample count in FrameTime
08-01 08:16:41.214 11002 11302 W .hkxps17.turnu: Accessing hidden method Lsun/misc/Unsafe;->getObject(Ljava/lang/Object;J)Ljava/lang/Object; (greylist, linking, allowed)
08-01 08:16:41.214 11002 11302 I Counters: exceeded sample count in FrameTime
08-01 08:16:41.231 11002 11302 W .hkxps17.turnu: Accessing hidden method Lsun/misc/Unsafe;->getObject(Ljava/lang/Object;J)Ljava/lang/Object; (greylist, linking, allowed)
08-01 08:16:41.232 11002 11302 I Counters: exceeded sample count in FrameTime
08-01 08:16:41.242 11002 11255 W DynamiteModule: Local module descriptor class for com.google.android.gms.googlecertificates not found.
08-01 08:16:41.249 11002 11302 W .hkxps17.turnu: Accessing hidden method Lsun/misc/Unsafe;->getInt(Ljava/lang/Object;J)I (greylist, linking, allowed)
08-01 08:16:41.249 11002 11302 W .hkxps17.turnu: Accessing hidden method Lsun/misc/Unsafe;->getObject(Ljava/lang/Object;J)Ljava/lang/Object; (greylist, linking, allowed)
08-01 08:16:41.250 11002 11302 I Counters: exceeded sample count in FrameTime
08-01 08:16:41.255 11002 11255 I DynamiteModule: Considering local module com.google.android.gms.googlecertificates:0 and remote module com.google.android.gms.googlecertificates:7
08-01 08:16:41.262 11002 11255 I DynamiteModule: Selected remote version of com.google.android.gms.googlecertificates, version >= 7
08-01 08:16:41.266 11002 11302 W .hkxps17.turnu: Accessing hidden method Lsun/misc/Unsafe;->getObject(Ljava/lang/Object;J)Ljava/lang/Object; (greylist, linking, allowed)
08-01 08:16:41.266 11002 11302 I Counters: exceeded sample count in FrameTime
08-01 08:16:41.282 11002 11302 W .hkxps17.turnu: Accessing hidden method Lsun/misc/Unsafe;->getInt(Ljava/lang/Object;J)I (greylist, linking, allowed)
08-01 08:16:41.282 11002 11302 W .hkxps17.turnu: Accessing hidden method Lsun/misc/Unsafe;->getObject(Ljava/lang/Object;J)Ljava/lang/Object; (greylist, linking, allowed)
08-01 08:16:41.282 11002 11302 W .hkxps17.turnu: Accessing hidden method Lsun/misc/Unsafe;->getObject(Ljava/lang/Object;J)Ljava/lang/Object; (greylist, linking, allowed)
08-01 08:16:41.282 11002 11302 I Counters: exceeded sample count in FrameTime
08-01 08:16:41.299 11002 11302 W .hkxps17.turnu: Accessing hidden method Lsun/misc/Unsafe;->getObject(Ljava/lang/Object;J)Ljava/lang/Object; (greylist, linking, allowed)
08-01 08:16:41.300 11002 11302 I Counters: exceeded sample count in FrameTime
08-01 08:16:41.304 11002 11255 W .hkxps17.turnu: Accessing hidden method Lsun/misc/Unsafe;->putObject(Ljava/lang/Object;JLjava/lang/Object;)V (greylist, linking, allowed)
08-01 08:16:41.304 11002 11255 W .hkxps17.turnu: Accessing hidden method Lsun/misc/Unsafe;->getObject(Ljava/lang/Object;J)Ljava/lang/Object; (greylist, linking, allowed)
08-01 08:16:41.305 11002 11255 W .hkxps17.turnu: Accessing hidden method Lsun/misc/Unsafe;->compareAndSwapObject(Ljava/lang/Object;JLjava/lang/Object;Ljava/lang/Object;)Z (greylist, linking, allowed)
08-01 08:16:41.318 11002 11302 W .hkxps17.turnu: Accessing hidden method Lsun/misc/Unsafe;->getObject(Ljava/lang/Object;J)Ljava/lang/Object; (greylist, linking, allowed)
08-01 08:16:41.318 11002 11302 I Counters: exceeded sample count in FrameTime
08-01 08:16:41.335 11002 11302 W .hkxps17.turnu: Accessing hidden method Lsun/misc/Unsafe;->getObject(Ljava/lang/Object;J)Ljava/lang/Object; (greylist, linking, allowed)
08-01 08:16:41.335 11002 11302 I Counters: exceeded sample count in FrameTime
08-01 08:16:41.341 11002 11223 W .hkxps17.turnu: Accessing hidden method Lsun/misc/Unsafe;->getLong(Ljava/lang/Object;J)J (greylist,core-platform-api, linking, allowed)
08-01 08:16:41.341 11002 11223 W .hkxps17.turnu: Accessing hidden method Lsun/misc/Unsafe;->putLong(Ljava/lang/Object;JJ)V (greylist, linking, allowed)
08-01 08:16:41.341 11002 11223 W .hkxps17.turnu: Accessing hidden method Lsun/misc/Unsafe;->getObject(Ljava/lang/Object;J)Ljava/lang/Object; (greylist, linking, allowed)
08-01 08:16:41.348 11002 11223 W .hkxps17.turnu: Accessing hidden method Lsun/misc/Unsafe;->compareAndSwapObject(Ljava/lang/Object;JLjava/lang/Object;Ljava/lang/Object;)Z (greylist, linking, allowed)
08-01 08:16:41.349 11002 11223 I SnapshotHandler: Unable to retrieve flag snapshot for com.google.android.libraries.consentverifier#com.hkxps17.turnup, using defaults.
08-01 08:16:41.350 11002 11223 W .hkxps17.turnu: Accessing hidden method Lsun/misc/Unsafe;->getInt(Ljava/lang/Object;J)I (greylist, linking, allowed)
08-01 08:16:41.352 11002 11223 W .hkxps17.turnu: Accessing hidden method Lsun/misc/Unsafe;->getObject(Ljava/lang/Object;J)Ljava/lang/Object; (greylist, linking, allowed)
08-01 08:16:41.352 11002 11302 W .hkxps17.turnu: Accessing hidden method Lsun/misc/Unsafe;->getInt(Ljava/lang/Object;J)I (greylist, linking, allowed)
08-01 08:16:41.352 11002 11302 W .hkxps17.turnu: Accessing hidden method Lsun/misc/Unsafe;->getObject(Ljava/lang/Object;J)Ljava/lang/Object; (greylist, linking, allowed)
08-01 08:16:41.352 11002 11302 I Counters: exceeded sample count in FrameTime
08-01 08:16:41.358 11002 11223 W .hkxps17.turnu: Accessing hidden method Lsun/misc/Unsafe;->compareAndSwapObject(Ljava/lang/Object;JLjava/lang/Object;Ljava/lang/Object;)Z (greylist, linking, allowed)
08-01 08:16:41.360 11002 11225 W MobStoreFlagStore: Unable to update local snapshot for com.google.android.libraries.consentverifier#com.hkxps17.turnup, may result in stale flags.
08-01 08:16:41.360 11002 11225 W MobStoreFlagStore: java.util.concurrent.ExecutionException: java.lang.SecurityException: GoogleCertificatesRslt: not allowed: pkg=com.hkxps17.turnup, sha256=[b88f376c2f33757ef6b3f12a23238906ee0ee76f1eac0df575b0e642f43fa802], atk=false, ver=222615031.true (go/gsrlt)
08-01 08:16:41.360 11002 11225 W MobStoreFlagStore: 	at aif.s(:com.google.android.gms.dynamite_mapsdynamite@222615068@22.26.15 (100700-0):3)
08-01 08:16:41.360 11002 11225 W MobStoreFlagStore: 	at aif.get(:com.google.android.gms.dynamite_mapsdynamite@222615068@22.26.15 (100700-0):2)
08-01 08:16:41.360 11002 11225 W MobStoreFlagStore: 	at ajp.g(:com.google.android.gms.dynamite_mapsdynamite@222615068@22.26.15 (100700-0):2)
08-01 08:16:41.360 11002 11225 W MobStoreFlagStore: 	at yg.d(:com.google.android.gms.dynamite_mapsdynamite@222615068@22.26.15 (100700-0):1)
08-01 08:16:41.360 11002 11225 W MobStoreFlagStore: 	at yi.run(:com.google.android.gms.dynamite_mapsdynamite@222615068@22.26.15 (100700-0):0)
