08-06 11:18:44.455 18705 18736 I TestRunner: started: locationNoTitleTest(com.hkxps17.turnup.LocationAddFailTest)
08-06 11:18:44.468 18705 18736 W Settings: Setting always_finish_activities has moved from android.provider.Settings.System to android.provider.Settings.Global, returning read-only value.
08-06 11:18:44.502  2045  2069 E system_server: Invalid ID 0x00000000.
08-06 11:18:44.518  2045  2434 W InputReader: Device has associated, but no associated display id.
08-06 11:18:44.519  2045  2434 I chatty  : uid=1000(system) Binder:2045_7 identical 8 lines
08-06 11:18:44.519  2045  2434 W InputReader: Device has associated, but no associated display id.
08-06 11:18:44.537  1782  1782 D Zygote  : Forked child process 18738
08-06 11:18:44.540 18738 18738 I s17.turnup.tes: Late-enabling -Xcheck:jni
08-06 11:18:44.540  1813 15468 D gralloc_ranchu: gralloc_alloc: Creating ashmem region of size 9334784
08-06 11:18:44.557 18738 18738 E s17.turnup.tes: Unknown bits set in runtime_flags: 0x8000
08-06 11:18:44.558 18738 18738 W s17.turnup.tes: Unexpected CPU variant for X86 using defaults: x86
08-06 11:18:44.589  1813 15468 D gralloc_ranchu: gralloc_alloc: Creating ashmem region of size 9334784
08-06 11:18:44.631  1812  2494 E GnssHAL_GnssInterface: gnssSvStatusCb: a: input svInfo.flags is 8
08-06 11:18:44.631  1812  2494 E GnssHAL_GnssInterface: gnssSvStatusCb: b: input svInfo.flags is 8
08-06 11:18:44.676  2045  2434 W InputReader: Device has associated, but no associated display id.
08-06 11:18:44.685  2045  2434 I chatty  : uid=1000(system) Binder:2045_7 identical 28 lines
08-06 11:18:44.685  2045  2434 W InputReader: Device has associated, but no associated display id.
08-06 11:18:44.699  2045  2069 W InputReader: Device has associated, but no associated display id.
08-06 11:18:44.699  2045  2069 I chatty  : uid=1000(system) android.anim identical 8 lines
08-06 11:18:44.699  2045  2069 W InputReader: Device has associated, but no associated display id.
08-06 11:18:44.711 18738 18738 I s17.turnup.tes: The ClassLoaderContext is a special shared library.
08-06 11:18:44.712 18738 18738 I s17.turnup.tes: The ClassLoaderContext is a special shared library.
08-06 11:18:44.756  1831  1918 E SurfaceFlinger: ro.sf.lcd_density must be defined as a build property
08-06 11:18:44.758  1831  1915 E SurfaceFlinger: ro.sf.lcd_density must be defined as a build property
08-06 11:18:44.763 18738 18771 D libEGL  : Emulator has host GPU support, qemu.gles is set to 1.
08-06 11:18:44.763 18738 18771 W libc    : Unable to set property "qemu.gles" to "1": connection failed; errno=13 (Permission denied)
08-06 11:18:44.768 18738 18771 D libEGL  : loaded /vendor/lib/egl/libEGL_emulation.so
08-06 11:18:44.769 18738 18771 D libEGL  : loaded /vendor/lib/egl/libGLESv1_CM_emulation.so
08-06 11:18:44.771 18738 18771 D libEGL  : loaded /vendor/lib/egl/libGLESv2_emulation.so
08-06 11:18:44.750 18738 18738 W RenderThread: type=1400 audit(0.0:97): avc: denied { write } for name="property_service" dev="tmpfs" ino=6967 scontext=u:r:untrusted_app:s0:c136,c256,c512,c768 tcontext=u:object_r:property_socket:s0 tclass=sock_file permissive=0
08-06 11:18:44.844  2045  2434 W InputReader: Device has associated, but no associated display id.
08-06 11:18:44.847  2045  2434 I chatty  : uid=1000(system) Binder:2045_7 identical 38 lines
08-06 11:18:44.847  2045  2434 W InputReader: Device has associated, but no associated display id.
08-06 11:18:44.847 18705 18705 W ActivityThread: handleWindowVisibility: no activity for token android.os.BinderProxy@fd72703
08-06 11:18:44.849  2045  2434 W InputReader: Device has associated, but no associated display id.
08-06 11:18:44.857  2045  2434 I chatty  : uid=1000(system) Binder:2045_7 identical 18 lines
08-06 11:18:44.857  2045  2434 W InputReader: Device has associated, but no associated display id.
08-06 11:18:44.858  1831  2037 E SurfaceFlinger: ro.sf.lcd_density must be defined as a build property
08-06 11:18:44.860  1831  1918 E SurfaceFlinger: ro.sf.lcd_density must be defined as a build property
08-06 11:18:44.866 18705 18774 D libEGL  : Emulator has host GPU support, qemu.gles is set to 1.
08-06 11:18:44.867 18705 18774 W libc    : Unable to set property "qemu.gles" to "1": connection failed; errno=13 (Permission denied)
08-06 11:18:44.860 18705 18705 W RenderThread: type=1400 audit(0.0:98): avc: denied { write } for name="property_service" dev="tmpfs" ino=6967 scontext=u:r:untrusted_app:s0:c135,c256,c512,c768 tcontext=u:object_r:property_socket:s0 tclass=sock_file permissive=0
08-06 11:18:44.911 18705 18774 D libEGL  : loaded /vendor/lib/egl/libEGL_emulation.so
08-06 11:18:44.917 18705 18774 D libEGL  : loaded /vendor/lib/egl/libGLESv1_CM_emulation.so
08-06 11:18:44.921 18705 18774 D libEGL  : loaded /vendor/lib/egl/libGLESv2_emulation.so
08-06 11:18:44.998 18705 18705 D LifecycleMonitor: Lifecycle status change: com.hkxps17.turnup.LoginActivity@cabaac in: PRE_ON_CREATE
08-06 11:18:44.998 18705 18705 V ActivityScenario: Activity lifecycle changed event received but ignored because the reported transition was not ON_CREATE while the last known transition was PRE_ON_CREATE
08-06 11:18:45.002  2223  2513 D EGL_emulation: eglMakeCurrent: 0xe2c1aa80: ver 2 0 (tinfo 0xe2c0f360)
08-06 11:18:45.004 10711 12189 D EGL_emulation: eglMakeCurrent: 0xf5e54a60: ver 2 0 (tinfo 0xdf7c1000)
08-06 11:18:45.011  2732  3318 D EGL_emulation: eglMakeCurrent: 0xf5e544c0: ver 2 0 (tinfo 0xebd73f00)
08-06 11:18:45.085 18705 18705 W .hkxps17.turnu: Accessing hidden method Landroid/view/View;->computeFitSystemWindows(Landroid/graphics/Rect;Landroid/graphics/Rect;)Z (greylist, reflection, allowed)
08-06 11:18:45.085 18705 18705 W .hkxps17.turnu: Accessing hidden method Landroid/view/ViewGroup;->makeOptionalFitsSystemWindows()V (greylist, reflection, allowed)
08-06 11:18:45.189 18705 18705 I .hkxps17.turnu: The ClassLoaderContext is a special shared library.
08-06 11:18:45.194 18705 18705 I .hkxps17.turnu: The ClassLoaderContext is a special shared library.
08-06 11:18:45.259 18705 18705 I DynamiteModule: Considering local module com.google.android.gms.signinbutton_dynamite:0 and remote module com.google.android.gms.signinbutton_dynamite:2
08-06 11:18:45.259 18705 18705 I DynamiteModule: Selected remote version of com.google.android.gms.signinbutton_dynamite, version >= 2
08-06 11:18:45.503 18705 18705 D LoginActivity: OnCreate
08-06 11:18:45.510 18705 18705 D LifecycleMonitor: Lifecycle status change: com.hkxps17.turnup.LoginActivity@cabaac in: CREATED
08-06 11:18:45.510 18705 18705 V ActivityScenario: Update currentActivityStage to CREATED, currentActivity=com.hkxps17.turnup.LoginActivity@cabaac
08-06 11:18:45.527 18705 18705 D LoginActivity: OnStart
08-06 11:18:45.532 18705 18705 D LoginActivity: No user signed in
08-06 11:18:45.533 18705 18705 D LifecycleMonitor: Lifecycle status change: com.hkxps17.turnup.LoginActivity@cabaac in: STARTED
08-06 11:18:45.533 18705 18705 V ActivityScenario: Update currentActivityStage to STARTED, currentActivity=com.hkxps17.turnup.LoginActivity@cabaac
08-06 11:18:45.534 18705 18705 D LifecycleMonitor: Lifecycle status change: com.hkxps17.turnup.LoginActivity@cabaac in: RESUMED
08-06 11:18:45.535 18705 18705 V ActivityScenario: Update currentActivityStage to RESUMED, currentActivity=com.hkxps17.turnup.LoginActivity@cabaac
08-06 11:18:45.563 12082 12082 D BoundBrokerSvc: onBind: Intent { act=com.google.android.gms.auth.api.signin.service.START pkg=com.google.android.gms }
08-06 11:18:45.563 12082 12082 D BoundBrokerSvc: Loading bound service for intent: Intent { act=com.google.android.gms.auth.api.signin.service.START pkg=com.google.android.gms }
08-06 11:18:45.626 18705 18772 D HostConnection: HostConnection::get() New Host Connection established 0xdf70d720, tid 18772
08-06 11:18:45.630  1812  2494 E GnssHAL_GnssInterface: gnssSvStatusCb: a: input svInfo.flags is 8
08-06 11:18:45.631  1812  2494 E GnssHAL_GnssInterface: gnssSvStatusCb: b: input svInfo.flags is 8
08-06 11:18:45.635 18705 18772 D HostConnection: HostComposition ext ANDROID_EMU_CHECKSUM_HELPER_v1 ANDROID_EMU_dma_v1 ANDROID_EMU_direct_mem ANDROID_EMU_host_composition_v1 ANDROID_EMU_host_composition_v2 ANDROID_EMU_vulkan ANDROID_EMU_deferred_vulkan_commands ANDROID_EMU_vulkan_null_optional_strings ANDROID_EMU_vulkan_create_resources_with_requirements ANDROID_EMU_YUV420_888_to_NV21 ANDROID_EMU_YUV_Cache ANDROID_EMU_vulkan_free_memory_sync ANDROID_EMU_vulkan_shader_float16_int8 ANDROID_EMU_vulkan_async_queue_submit ANDROID_EMU_sync_buffer_data GL_OES_vertex_array_object GL_KHR_texture_compression_astc_ldr ANDROID_EMU_host_side_tracing ANDROID_EMU_gles_max_version_2
08-06 11:18:45.681 18705 18772 W OpenGLRenderer: Failed to choose config with EGL_SWAP_BEHAVIOR_PRESERVED, retrying without...
08-06 11:18:45.682 18705 18736 D EventInjectionStrategy: Creating injection strategy with input manager.
08-06 11:18:45.682 18705 18736 W .hkxps17.turnu: Accessing hidden method Landroid/hardware/input/InputManager;->getInstance()Landroid/hardware/input/InputManager; (greylist, reflection, allowed)
08-06 11:18:45.682 18705 18736 W .hkxps17.turnu: Accessing hidden method Landroid/hardware/input/InputManager;->injectInputEvent(Landroid/view/InputEvent;I)Z (greylist, reflection, allowed)
08-06 11:18:45.682 18705 18736 W .hkxps17.turnu: Accessing hidden field Landroid/hardware/input/InputManager;->INJECT_INPUT_EVENT_MODE_WAIT_FOR_FINISH:I (greylist, reflection, allowed)
08-06 11:18:45.704 18705 18772 D eglCodecCommon: setVertexArrayObject: set vao to 0 (0) 0 0
08-06 11:18:45.705 18705 18772 D EGL_emulation: eglCreateContext: 0xf5e534a0: maj 2 min 0 rcv 2
08-06 11:18:45.753 18705 18772 D EGL_emulation: eglMakeCurrent: 0xf5e534a0: ver 2 0 (tinfo 0xf5e89b40)
08-06 11:18:45.765  1813 15468 D gralloc_ranchu: gralloc_alloc: Creating ashmem region of size 9334784
08-06 11:18:45.768  1683  1683 I hwservicemanager: getTransport: Cannot find entry android.hardware.graphics.mapper@3.0::IMapper/default in either framework or device manifest.
08-06 11:18:45.769 18705 18772 W Gralloc3: mapper 3.x is not supported
08-06 11:18:45.776 18705 18772 D HostConnection: createUnique: call
08-06 11:18:45.776 18705 18772 D HostConnection: HostConnection::get() New Host Connection established 0xdf710740, tid 18772
08-06 11:18:45.778 18705 18772 D HostConnection: HostComposition ext ANDROID_EMU_CHECKSUM_HELPER_v1 ANDROID_EMU_dma_v1 ANDROID_EMU_direct_mem ANDROID_EMU_host_composition_v1 ANDROID_EMU_host_composition_v2 ANDROID_EMU_vulkan ANDROID_EMU_deferred_vulkan_commands ANDROID_EMU_vulkan_null_optional_strings ANDROID_EMU_vulkan_create_resources_with_requirements ANDROID_EMU_YUV420_888_to_NV21 ANDROID_EMU_YUV_Cache ANDROID_EMU_vulkan_free_memory_sync ANDROID_EMU_vulkan_shader_float16_int8 ANDROID_EMU_vulkan_async_queue_submit ANDROID_EMU_sync_buffer_data GL_OES_vertex_array_object GL_KHR_texture_compression_astc_ldr ANDROID_EMU_host_side_tracing ANDROID_EMU_gles_max_version_2
08-06 11:18:45.779 18705 18772 D eglCodecCommon: allocate: Ask for block of size 0x1000
08-06 11:18:45.779 18705 18772 D eglCodecCommon: allocate: ioctl allocate returned offset 0x3ff70a000 size 0x2000
08-06 11:18:45.787  1813 15468 D gralloc_ranchu: gralloc_alloc: Creating ashmem region of size 9334784
08-06 11:18:45.793  1813 15468 D gralloc_ranchu: gralloc_alloc: Creating ashmem region of size 9334784
08-06 11:18:45.804 18705 18772 D EGL_emulation: eglMakeCurrent: 0xf5e534a0: ver 2 0 (tinfo 0xf5e89b40)
08-06 11:18:45.818 18705 18772 D eglCodecCommon: setVertexArrayObject: set vao to 0 (0) 1 0
08-06 11:18:45.937  2045  2073 I ActivityTaskManager: Displayed com.hkxps17.turnup/.LoginActivity: +1s453ms
08-06 11:18:46.020 18705 18736 W .hkxps17.turnu: Accessing hidden method Landroid/view/ViewConfiguration;->getDoubleTapMinTime()I (greylist, reflection, allowed)
08-06 11:18:46.031 10711 17438 I PBSessionCacheImpl: Deleted sessionId[291475553063] from persistence.
08-06 11:18:46.042 18705 18705 W .hkxps17.turnu: Accessing hidden method Landroid/os/MessageQueue;->next()Landroid/os/Message; (greylist, reflection, allowed)
08-06 11:18:46.042 18705 18705 W .hkxps17.turnu: Accessing hidden field Landroid/os/MessageQueue;->mMessages:Landroid/os/Message; (greylist, reflection, allowed)
08-06 11:18:46.042 18705 18705 W .hkxps17.turnu: Accessing hidden method Landroid/os/Message;->recycleUnchecked()V (greylist, reflection, allowed)
08-06 11:18:46.050 18705 18736 W .hkxps17.turnu: Accessing hidden method Lsun/misc/Unsafe;->getUnsafe()Lsun/misc/Unsafe; (greylist,core-platform-api, linking, allowed)
08-06 11:18:46.050 18705 18736 W .hkxps17.turnu: Accessing hidden method Lsun/misc/Unsafe;->objectFieldOffset(Ljava/lang/reflect/Field;)J (greylist,core-platform-api, linking, allowed)
08-06 11:18:46.051 18705 18736 W .hkxps17.turnu: Accessing hidden method Lsun/misc/Unsafe;->putObject(Ljava/lang/Object;JLjava/lang/Object;)V (greylist, linking, allowed)
08-06 11:18:46.055 18705 18783 W .hkxps17.turnu: Accessing hidden method Lsun/misc/Unsafe;->compareAndSwapObject(Ljava/lang/Object;JLjava/lang/Object;Ljava/lang/Object;)Z (greylist, linking, allowed)
08-06 11:18:46.056 18705 18783 W .hkxps17.turnu: Accessing hidden method Lsun/misc/Unsafe;->getObject(Ljava/lang/Object;J)Ljava/lang/Object; (greylist, linking, allowed)
08-06 11:18:46.071 18705 18705 W .hkxps17.turnu: Accessing hidden method Landroid/view/WindowManagerGlobal;->getInstance()Landroid/view/WindowManagerGlobal; (greylist, reflection, allowed)
08-06 11:18:46.071 18705 18705 W .hkxps17.turnu: Accessing hidden field Landroid/view/WindowManagerGlobal;->mViews:Ljava/util/ArrayList; (greylist, reflection, allowed)
08-06 11:18:46.071 18705 18705 W .hkxps17.turnu: Accessing hidden field Landroid/view/WindowManagerGlobal;->mParams:Ljava/util/ArrayList; (greylist, reflection, allowed)
08-06 11:18:46.075 10890 11237 I FontLog : Received query Noto Color Emoji Compat, URI content://com.google.android.gms.fonts [CONTEXT service_id=132 ]
08-06 11:18:46.076 10890 11237 I FontLog : Query [emojicompat-emoji-font] resolved to {Noto Color Emoji Compat, wdth 100.0, wght 400, ital 0.0, bestEffort false} [CONTEXT service_id=132 ]
08-06 11:18:46.079 10890 11237 I FontLog : Fetch {Noto Color Emoji Compat, wdth 100.0, wght 400, ital 0.0, bestEffort false} end status Status{statusCode=SUCCESS, resolution=null} [CONTEXT service_id=132 ]
08-06 11:18:46.092 18705 18705 I ViewInteraction: Performing 'single click' action on view (an instance of android.widget.TextView and view.getText() with or without transformation to match: is "Sign in" and Child at position 0 in parent (view.getId() is <2131231208/com.hkxps17.turnup:id/sign_in_button> and Child at position 3 in parent view.getClass().getName() matches: is "androidx.constraintlayout.widget.ConstraintLayout") and (view has effective visibility <VISIBLE> and view.getGlobalVisibleRect() to return non-empty rectangle))
08-06 11:18:46.095 10711 10749 W SearchServiceCore: Abort, client detached.
08-06 11:18:46.098 10890 11237 I FontLog : Pulling font file for id = 30, cache size = 6 [CONTEXT service_id=132 ]
08-06 11:18:46.110 10890 11237 I FontLog : Pulling font file for id = 30, cache size = 6 [CONTEXT service_id=132 ]
08-06 11:18:46.149 18705 18705 D LoginActivity: signIN
08-06 11:18:46.172  1788  7753 W audio_hw_generic: Not supplying enough data to HAL, expected position 11555642 , only wrote 11555602
08-06 11:18:46.186 18705 18705 D LifecycleMonitor: Lifecycle status change: com.hkxps17.turnup.LoginActivity@cabaac in: PAUSED
08-06 11:18:46.186 18705 18705 V ActivityScenario: Update currentActivityStage to PAUSED, currentActivity=com.hkxps17.turnup.LoginActivity@cabaac
08-06 11:18:46.191  2045  4035 W InputReader: Device has associated, but no associated display id.
08-06 11:18:46.194  2045  4035 I chatty  : uid=1000(system) Binder:2045_20 identical 38 lines
08-06 11:18:46.194  2045  4035 W InputReader: Device has associated, but no associated display id.
08-06 11:18:46.202 18705 18705 W ActivityThread: handleWindowVisibility: no activity for token android.os.BinderProxy@ffcc524
08-06 11:18:46.221 18705 18705 D LifecycleMonitor: Lifecycle status change: com.google.android.gms.auth.api.signin.internal.SignInHubActivity@cea188e in: PRE_ON_CREATE
08-06 11:18:46.223 18705 18705 V ActivityScenario: Activity lifecycle changed event received but ignored because the intent does not match. startActivityIntent=Intent { act=android.intent.action.MAIN cat=[android.intent.category.LAUNCHER] cmp=com.hkxps17.turnup/.LoginActivity }, activity.getIntent()=Intent { act=com.google.android.gms.auth.GOOGLE_SIGN_IN flg=0x800000 pkg=com.hkxps17.turnup cmp=com.hkxps17.turnup/com.google.android.gms.auth.api.signin.internal.SignInHubActivity (has extras) }, activity=com.google.android.gms.auth.api.signin.internal.SignInHubActivity@cea188e
08-06 11:18:46.263 18705 18705 D LifecycleMonitor: Lifecycle status change: com.google.android.gms.auth.api.signin.internal.SignInHubActivity@cea188e in: CREATED
08-06 11:18:46.263 18705 18705 V ActivityScenario: Activity lifecycle changed event received but ignored because the intent does not match. startActivityIntent=Intent { act=android.intent.action.MAIN cat=[android.intent.category.LAUNCHER] cmp=com.hkxps17.turnup/.LoginActivity }, activity.getIntent()=Intent { act=com.google.android.gms.auth.GOOGLE_SIGN_IN flg=0x800000 pkg=com.hkxps17.turnup cmp=com.hkxps17.turnup/com.google.android.gms.auth.api.signin.internal.SignInHubActivity (has extras) }, activity=com.google.android.gms.auth.api.signin.internal.SignInHubActivity@cea188e
08-06 11:18:46.276 18705 18705 D LifecycleMonitor: Lifecycle status change: com.google.android.gms.auth.api.signin.internal.SignInHubActivity@cea188e in: STARTED
08-06 11:18:46.277 18705 18705 V ActivityScenario: Activity lifecycle changed event received but ignored because the intent does not match. startActivityIntent=Intent { act=android.intent.action.MAIN cat=[android.intent.category.LAUNCHER] cmp=com.hkxps17.turnup/.LoginActivity }, activity.getIntent()=Intent { act=com.google.android.gms.auth.GOOGLE_SIGN_IN flg=0x800000 pkg=com.hkxps17.turnup cmp=com.hkxps17.turnup/com.google.android.gms.auth.api.signin.internal.SignInHubActivity (has extras) }, activity=com.google.android.gms.auth.api.signin.internal.SignInHubActivity@cea188e
08-06 11:18:46.278 18705 18705 D LifecycleMonitor: Lifecycle status change: com.google.android.gms.auth.api.signin.internal.SignInHubActivity@cea188e in: RESUMED
08-06 11:18:46.279 18705 18705 V ActivityScenario: Activity lifecycle changed event received but ignored because the intent does not match. startActivityIntent=Intent { act=android.intent.action.MAIN cat=[android.intent.category.LAUNCHER] cmp=com.hkxps17.turnup/.LoginActivity }, activity.getIntent()=Intent { act=com.google.android.gms.auth.GOOGLE_SIGN_IN flg=0x800000 pkg=com.hkxps17.turnup cmp=com.hkxps17.turnup/com.google.android.gms.auth.api.signin.internal.SignInHubActivity (has extras) }, activity=com.google.android.gms.auth.api.signin.internal.SignInHubActivity@cea188e
08-06 11:18:46.310  1813 15468 D gralloc_ranchu: gralloc_alloc: Creating ashmem region of size 9334784
08-06 11:18:46.321  1813 15468 I chatty  : uid=1000(system) HwBinder:1813_3 identical 1 line
08-06 11:18:46.323  1813 15468 D gralloc_ranchu: gralloc_alloc: Creating ashmem region of size 9334784
08-06 11:18:46.333 18705 18772 D EGL_emulation: eglMakeCurrent: 0xf5e534a0: ver 2 0 (tinfo 0xf5e89b40)
08-06 11:18:46.363 18705 18772 D EGL_emulation: eglMakeCurrent: 0xf5e534a0: ver 2 0 (tinfo 0xf5e89b40)
08-06 11:18:46.372 18705 18705 D LifecycleMonitor: Lifecycle status change: com.google.android.gms.auth.api.signin.internal.SignInHubActivity@cea188e in: PAUSED
08-06 11:18:46.372 18705 18705 V ActivityScenario: Activity lifecycle changed event received but ignored because the intent does not match. startActivityIntent=Intent { act=android.intent.action.MAIN cat=[android.intent.category.LAUNCHER] cmp=com.hkxps17.turnup/.LoginActivity }, activity.getIntent()=Intent { act=com.google.android.gms.auth.GOOGLE_SIGN_IN flg=0x800000 pkg=com.hkxps17.turnup cmp=com.hkxps17.turnup/com.google.android.gms.auth.api.signin.internal.SignInHubActivity (has extras) }, activity=com.google.android.gms.auth.api.signin.internal.SignInHubActivity@cea188e
08-06 11:18:46.373  2045  2884 W InputReader: Device has associated, but no associated display id.
08-06 11:18:46.374  2045  2884 I chatty  : uid=1000(system) Binder:2045_B identical 28 lines
08-06 11:18:46.374  2045  2884 W InputReader: Device has associated, but no associated display id.
08-06 11:18:46.374 17442 17442 W ActivityThread: handleWindowVisibility: no activity for token android.os.BinderProxy@ba2bc10
08-06 11:18:46.377  2045  2884 W InputReader: Device has associated, but no associated display id.
08-06 11:18:46.377  2045  2884 I chatty  : uid=1000(system) Binder:2045_B identical 8 lines
08-06 11:18:46.377  2045  2884 W InputReader: Device has associated, but no associated display id.
08-06 11:18:46.419 12082 12082 D BoundBrokerSvc: onBind: Intent { act=com.google.android.gms.signin.service.START dat=chimera-action:com.google.android.gms.signin.service.START cmp=com.google.android.gms/.chimera.GmsApiService }
08-06 11:18:46.419 12082 12082 D BoundBrokerSvc: Loading bound service for intent: Intent { act=com.google.android.gms.signin.service.START dat=chimera-action:com.google.android.gms.signin.service.START cmp=com.google.android.gms/.chimera.GmsApiService }
08-06 11:18:46.424 18705 18772 D EGL_emulation: eglMakeCurrent: 0xf5e534a0: ver 2 0 (tinfo 0xf5e89b40)
08-06 11:18:46.453  1813 15468 D gralloc_ranchu: gralloc_alloc: Creating ashmem region of size 4096
08-06 11:18:46.463  1813 15468 D gralloc_ranchu: gralloc_alloc: Creating ashmem region of size 4096
08-06 11:18:46.464  2045  2069 W InputReader: Device has associated, but no associated display id.
08-06 11:18:46.467  2045  2069 I chatty  : uid=1000(system) android.anim identical 18 lines
08-06 11:18:46.467  2045  2069 W InputReader: Device has associated, but no associated display id.
08-06 11:18:46.475  2045  2073 I ActivityTaskManager: Displayed com.google.android.gms/.auth.api.signin.ui.SignInActivity: +133ms
08-06 11:18:46.476  1813 15468 D gralloc_ranchu: gralloc_alloc: Creating ashmem region of size 4096
08-06 11:18:46.538  2045  2061 W InputReader: Device has associated, but no associated display id.
08-06 11:18:46.543  2045  2061 I chatty  : uid=1000(system) Binder:2045_1 identical 38 lines
08-06 11:18:46.543  2045  2061 W InputReader: Device has associated, but no associated display id.
08-06 11:18:46.552 17442 17442 W ActivityThread: handleWindowVisibility: no activity for token android.os.BinderProxy@27ad71e
08-06 11:18:46.587  2045  2061 W InputReader: Device has associated, but no associated display id.
08-06 11:18:46.592  2045  2061 I chatty  : uid=1000(system) Binder:2045_1 identical 38 lines
08-06 11:18:46.592  2045  2061 W InputReader: Device has associated, but no associated display id.
08-06 11:18:46.597  9705  9742 I Finsky  : [654] nmi.run(36): Stats for Executor: BlockingExecutor non@cada98[Running, pool size = 1, active threads = 0, queued tasks = 0, completed tasks = 369]
08-06 11:18:46.597  9705  9742 I Finsky  : [654] nmi.run(36): Stats for Executor: LightweightExecutor non@e8992f1[Running, pool size = 3, active threads = 0, queued tasks = 0, completed tasks = 409]
08-06 11:18:46.604  1813 15468 D gralloc_ranchu: gralloc_alloc: Creating ashmem region of size 9334784
08-06 11:18:46.610  1813 15468 D gralloc_ranchu: gralloc_alloc: Creating ashmem region of size 9334784
08-06 11:18:46.612 17442 17477 D EGL_emulation: eglMakeCurrent: 0xe2c1a360: ver 2 0 (tinfo 0xe2c0f8d0)
08-06 11:18:46.629  1813 15468 D gralloc_ranchu: gralloc_alloc: Creating ashmem region of size 9334784
08-06 11:18:46.631  1812  2494 E GnssHAL_GnssInterface: gnssSvStatusCb: a: input svInfo.flags is 8
08-06 11:18:46.631  1812  2494 E GnssHAL_GnssInterface: gnssSvStatusCb: b: input svInfo.flags is 8
08-06 11:18:46.631 17442 17442 W ActivityThread: handleWindowVisibility: no activity for token android.os.BinderProxy@67f9182
08-06 11:18:46.692  1813 15468 D gralloc_ranchu: gralloc_alloc: Creating ashmem region of size 4096
08-06 11:18:46.706  1813 15468 I chatty  : uid=1000(system) HwBinder:1813_3 identical 1 line
08-06 11:18:46.707  1813 15468 D gralloc_ranchu: gralloc_alloc: Creating ashmem region of size 4096
08-06 11:18:46.711  2045  2069 W InputReader: Device has associated, but no associated display id.
08-06 11:18:46.716  2045  2069 I chatty  : uid=1000(system) android.anim identical 18 lines
08-06 11:18:46.716  2045  2069 W InputReader: Device has associated, but no associated display id.
08-06 11:18:46.728 17442 17491 E djrt    : *~*~*~ Channel {0} was not shutdown properly!!! ~*~*~*
08-06 11:18:46.728 17442 17491 E djrt    :     Make sure to call shutdown()/shutdownNow() and wait until awaitTermination() returns true.
08-06 11:18:46.728 17442 17491 E djrt    : java.lang.RuntimeException: ManagedChannel allocation site
08-06 11:18:46.728 17442 17491 E djrt    : 	at djrs.<init>(:com.google.android.gms@222615031@22.26.15 (100700-461192076):3)
08-06 11:18:46.728 17442 17491 E djrt    : 	at djrt.<init>(:com.google.android.gms@222615031@22.26.15 (100700-461192076):2)
08-06 11:18:46.728 17442 17491 E djrt    : 	at djke.a(:com.google.android.gms@222615031@22.26.15 (100700-461192076):22)
08-06 11:18:46.728 17442 17491 E djrt    : 	at yyi.c(:com.google.android.gms@222615031@22.26.15 (100700-461192076):22)
08-06 11:18:46.728 17442 17491 E djrt    : 	at yyi.d(:com.google.android.gms@222615031@22.26.15 (100700-461192076):1)
08-06 11:18:46.728 17442 17491 E djrt    : 	at biak.call(:com.google.android.gms@222615031@22.26.15 (100700-461192076):31)
08-06 11:18:46.728 17442 17491 E djrt    : 	at java.util.concurrent.FutureTask.run(FutureTask.java:266)
08-06 11:18:46.728 17442 17491 E djrt    : 	at zeu.c(:com.google.android.gms@222615031@22.26.15 (100700-461192076):6)
08-06 11:18:46.728 17442 17491 E djrt    : 	at zeu.run(:com.google.android.gms@222615031@22.26.15 (100700-461192076):7)
08-06 11:18:46.728 17442 17491 E djrt    : 	at java.util.concurrent.ThreadPoolExecutor.runWorker(ThreadPoolExecutor.java:1167)
08-06 11:18:46.728 17442 17491 E djrt    : 	at java.util.concurrent.ThreadPoolExecutor$Worker.run(ThreadPoolExecutor.java:641)
08-06 11:18:46.728 17442 17491 E djrt    : 	at zjz.run(:com.google.android.gms@222615031@22.26.15 (100700-461192076):0)
08-06 11:18:46.728 17442 17491 E djrt    : 	at java.lang.Thread.run(Thread.java:919)
08-06 11:18:46.785 17442 17472 W Conscrypt: Could not set socket write timeout: java.net.SocketException: Socket closed
08-06 11:18:46.785 17442 17472 W Conscrypt: 	at com.google.android.gms.org.conscrypt.Platform.setSocketWriteTimeout(:com.google.android.gms@222615031@22.26.15 (100700-461192076):2)
08-06 11:18:46.786 17442 17472 W Conscrypt: 	at com.google.android.gms.org.conscrypt.ConscryptFileDescriptorSocket.setSoWriteTimeout(:com.google.android.gms@222615031@22.26.15 (100700-461192076):0)
08-06 11:18:46.904  9705  9742 I Finsky  : [654] nmi.run(36): Stats for Executor: bgExecutor non@2bf2ed6[Running, pool size = 4, active threads = 0, queued tasks = 0, completed tasks = 766]
08-06 11:18:46.930 17442 17472 W Conscrypt: Could not set socket write timeout: java.net.SocketException: Socket closed
08-06 11:18:46.931 17442 17472 W Conscrypt: 	at com.google.android.gms.org.conscrypt.Platform.setSocketWriteTimeout(:com.google.android.gms@222615031@22.26.15 (100700-461192076):2)
08-06 11:18:46.931 17442 17472 W Conscrypt: 	at com.google.android.gms.org.conscrypt.ConscryptFileDescriptorSocket.setSoWriteTimeout(:com.google.android.gms@222615031@22.26.15 (100700-461192076):0)
08-06 11:18:47.157  2045  3316 W InputReader: Device has associated, but no associated display id.
08-06 11:18:47.181  2045  3316 I chatty  : uid=1000(system) Binder:2045_1B identical 38 lines
08-06 11:18:47.181  2045  3316 W InputReader: Device has associated, but no associated display id.
08-06 11:18:47.196 17442 17442 W ActivityThread: handleWindowVisibility: no activity for token android.os.BinderProxy@b8395c1
08-06 11:18:47.356  2045  3316 W InputReader: Device has associated, but no associated display id.
08-06 11:18:47.388  2045  3316 I chatty  : uid=1000(system) Binder:2045_1B identical 48 lines
08-06 11:18:47.388  2045  3316 W InputReader: Device has associated, but no associated display id.
08-06 11:18:47.395 17442 17442 W ActivityThread: handleWindowVisibility: no activity for token android.os.BinderProxy@dfc7131
08-06 11:18:47.632  1812  2494 E GnssHAL_GnssInterface: gnssSvStatusCb: a: input svInfo.flags is 8
08-06 11:18:47.632  1812  2494 E GnssHAL_GnssInterface: gnssSvStatusCb: b: input svInfo.flags is 8
08-06 11:18:47.680 18705 18736 D InteractionController: clickNoSync (707, 1006)
08-06 11:18:47.734  1813 15468 D gralloc_ranchu: gralloc_alloc: Creating ashmem region of size 6057984
08-06 11:18:47.754  1813 15468 D gralloc_ranchu: gralloc_alloc: Creating ashmem region of size 6057984
08-06 11:18:47.763 17442 17477 D EGL_emulation: eglMakeCurrent: 0xe2c1a360: ver 2 0 (tinfo 0xe2c0f8d0)
08-06 11:18:47.776  1813 15468 D gralloc_ranchu: gralloc_alloc: Creating ashmem region of size 6057984
08-06 11:18:47.820  2045  2069 W InputReader: Device has associated, but no associated display id.
08-06 11:18:47.821  2045  2069 I chatty  : uid=1000(system) android.anim identical 8 lines
08-06 11:18:47.821  2045  2069 W InputReader: Device has associated, but no associated display id.
08-06 11:18:48.069  2045  3316 W InputReader: Device has associated, but no associated display id.
08-06 11:18:48.078  2045  3316 I chatty  : uid=1000(system) Binder:2045_1B identical 8 lines
08-06 11:18:48.079  2045  3316 W InputReader: Device has associated, but no associated display id.
08-06 11:18:48.112  1825  1985 D AF::Track: interceptBuffer: took 4603us to intercept 0 tracks
08-06 11:18:48.132  1825  1985 D AF::Track: interceptBuffer: took 490us to intercept 0 tracks
08-06 11:18:48.141  2045  3316 W InputReader: Device has associated, but no associated display id.
08-06 11:18:48.209  2045  3316 I chatty  : uid=1000(system) Binder:2045_1B identical 38 lines
08-06 11:18:48.209  2045  3316 W InputReader: Device has associated, but no associated display id.
08-06 11:18:48.306 17442 17477 D EGL_emulation: eglMakeCurrent: 0xe2c1a360: ver 2 0 (tinfo 0xe2c0f8d0)
08-06 11:18:48.313 17442 17477 D OpenGLRenderer: endAllActiveAnimators on 0xc6b35f80 (ListView) with handle 0xc613f910
08-06 11:18:48.450 18705 18705 W RootViewPicker: No activity currently resumed - waiting: 10ms for one to appear.
08-06 11:18:48.464 18705 18705 W RootViewPicker: No activity currently resumed - waiting: 50ms for one to appear.
08-06 11:18:48.516 18705 18705 W RootViewPicker: No activity currently resumed - waiting: 100ms for one to appear.
08-06 11:18:48.519  2045  3316 W InputReader: Device has associated, but no associated display id.
08-06 11:18:48.539  2045  3316 I chatty  : uid=1000(system) Binder:2045_1B identical 58 lines
08-06 11:18:48.539  2045  3316 W InputReader: Device has associated, but no associated display id.
08-06 11:18:48.548  2045  2061 W InputReader: Device has associated, but no associated display id.
08-06 11:18:48.555  2045  2061 I chatty  : uid=1000(system) Binder:2045_1 identical 38 lines
08-06 11:18:48.555  2045  2061 W InputReader: Device has associated, but no associated display id.
08-06 11:18:48.622 18705 18705 W RootViewPicker: No activity currently resumed - waiting: 500ms for one to appear.
08-06 11:18:48.631  1812  2494 E GnssHAL_GnssInterface: gnssSvStatusCb: a: input svInfo.flags is 8
08-06 11:18:48.631  1812  2494 E GnssHAL_GnssInterface: gnssSvStatusCb: b: input svInfo.flags is 8
08-06 11:18:48.703 12082 12082 D BoundBrokerSvc: onBind: Intent { act=com.google.android.gms.mdisync.service.START dat=chimera-action:com.google.android.gms.mdisync.service.START cmp=com.google.android.gms/.chimera.GmsApiService }
08-06 11:18:48.703 12082 12082 D BoundBrokerSvc: Loading bound service for intent: Intent { act=com.google.android.gms.mdisync.service.START dat=chimera-action:com.google.android.gms.mdisync.service.START cmp=com.google.android.gms/.chimera.GmsApiService }
08-06 11:18:48.709 12082 12117 I MdiSyncModule: Receiving API connection from package 'com.google.android.gms'...
08-06 11:18:48.709 12082 12117 I MdiSyncModule: API connection successful!
08-06 11:18:48.710 12082 12117 I MdiSyncModule: Received request for operation '1' from package 'com.google.android.gms', instance id 'profile-OneGoogle', version '1'...
08-06 11:18:48.710 12082 12117 I MdiSyncModule: Operation '1' dispatched!
08-06 11:18:48.710 12082 12327 I MdiSyncModule: Executing operation '1'...
08-06 11:18:48.970 12082 12368 I cr_CronetUrlRequestContext: destroyNativeStreamLocked org.chromium.net.impl.CronetBidirectionalStream@ad765e3
08-06 11:18:49.030 12082 12327 E OneGoogle: GetPeopleResponse contains no persons
08-06 11:18:49.039 12082 12327 I MdiSyncModule: Operation '1' completed successfully!
08-06 11:18:49.044  2045  2884 W InputReader: Device has associated, but no associated display id.
08-06 11:18:49.112  2045  2884 I chatty  : uid=1000(system) Binder:2045_B identical 48 lines
08-06 11:18:49.112  2045  2884 W InputReader: Device has associated, but no associated display id.
08-06 11:18:49.387 18705 18705 D LifecycleMonitor: Lifecycle status change: com.google.android.gms.auth.api.signin.internal.SignInHubActivity@cea188e in: RESUMED
08-06 11:18:49.404 18705 18705 V ActivityScenario: Activity lifecycle changed event received but ignored because the intent does not match. startActivityIntent=Intent { act=android.intent.action.MAIN cat=[android.intent.category.LAUNCHER] cmp=com.hkxps17.turnup/.LoginActivity }, activity.getIntent()=Intent { act=com.google.android.gms.auth.GOOGLE_SIGN_IN flg=0x800000 pkg=com.hkxps17.turnup cmp=com.hkxps17.turnup/com.google.android.gms.auth.api.signin.internal.SignInHubActivity (has extras) }, activity=com.google.android.gms.auth.api.signin.internal.SignInHubActivity@cea188e
08-06 11:18:49.424  2045  2884 W InputReader: Device has associated, but no associated display id.
08-06 11:18:49.425  2045  2884 I chatty  : uid=1000(system) Binder:2045_B identical 8 lines
08-06 11:18:49.425  2045  2884 W InputReader: Device has associated, but no associated display id.
08-06 11:18:49.449 18705 18705 D LifecycleMonitor: Lifecycle status change: com.google.android.gms.auth.api.signin.internal.SignInHubActivity@cea188e in: PAUSED
08-06 11:18:49.450 18705 18705 V ActivityScenario: Activity lifecycle changed event received but ignored because the intent does not match. startActivityIntent=Intent { act=android.intent.action.MAIN cat=[android.intent.category.LAUNCHER] cmp=com.hkxps17.turnup/.LoginActivity }, activity.getIntent()=Intent { act=com.google.android.gms.auth.GOOGLE_SIGN_IN flg=0x800000 pkg=com.hkxps17.turnup cmp=com.hkxps17.turnup/com.google.android.gms.auth.api.signin.internal.SignInHubActivity (has extras) }, activity=com.google.android.gms.auth.api.signin.internal.SignInHubActivity@cea188e
08-06 11:18:49.459  2045  2884 W InputReader: Device has associated, but no associated display id.
08-06 11:18:49.485  2045  2884 I chatty  : uid=1000(system) Binder:2045_B identical 38 lines
08-06 11:18:49.485  2045  2884 W InputReader: Device has associated, but no associated display id.
08-06 11:18:49.552 18705 18705 E LoginActivity: Name: null
08-06 11:18:49.552 18705 18705 E LoginActivity: Fam Name: null
08-06 11:18:49.552 18705 18705 E LoginActivity: Email: apnadekhbey@gmail.com
08-06 11:18:49.553 18705 18705 E LoginActivity: Photo: null
08-06 11:18:49.603 18705 18705 D LoginActivity: updateUI
08-06 11:18:49.632  1812  2494 E GnssHAL_GnssInterface: gnssSvStatusCb: a: input svInfo.flags is 8
08-06 11:18:49.633  1812  2494 E GnssHAL_GnssInterface: gnssSvStatusCb: b: input svInfo.flags is 8
08-06 11:18:49.661 18705 18705 D LifecycleMonitor: Lifecycle status change: com.hkxps17.turnup.LoginActivity@cabaac in: RESUMED
08-06 11:18:49.662 18705 18705 V ActivityScenario: Update currentActivityStage to RESUMED, currentActivity=com.hkxps17.turnup.LoginActivity@cabaac
08-06 11:18:49.718 18705 18705 D LifecycleMonitor: Lifecycle status change: com.hkxps17.turnup.LoginActivity@cabaac in: PAUSED
08-06 11:18:49.719 18705 18705 V ActivityScenario: Update currentActivityStage to PAUSED, currentActivity=com.hkxps17.turnup.LoginActivity@cabaac
08-06 11:18:49.722  2045  2884 W InputReader: Device has associated, but no associated display id.
08-06 11:18:49.749  2045  2884 I chatty  : uid=1000(system) Binder:2045_B identical 48 lines
08-06 11:18:49.749  2045  2884 W InputReader: Device has associated, but no associated display id.
08-06 11:18:49.774 18705 18772 D EGL_emulation: eglMakeCurrent: 0xf5e534a0: ver 2 0 (tinfo 0xf5e89b40)
08-06 11:18:49.798 18705 18705 W ActivityThread: handleWindowVisibility: no activity for token android.os.BinderProxy@91cbcd9
08-06 11:18:49.895 18705 18705 D LifecycleMonitor: Lifecycle status change: com.hkxps17.turnup.EventListActivity@8bc8a9b in: PRE_ON_CREATE
08-06 11:18:49.896 18705 18705 V ActivityScenario: Activity lifecycle changed event received but ignored because the intent does not match. startActivityIntent=Intent { act=android.intent.action.MAIN cat=[android.intent.category.LAUNCHER] cmp=com.hkxps17.turnup/.LoginActivity }, activity.getIntent()=Intent { cmp=com.hkxps17.turnup/.EventListActivity }, activity=com.hkxps17.turnup.EventListActivity@8bc8a9b
08-06 11:18:50.258 18705 18705 D LifecycleMonitor: Lifecycle status change: com.hkxps17.turnup.EventListActivity@8bc8a9b in: CREATED
08-06 11:18:50.259 18705 18705 V ActivityScenario: Activity lifecycle changed event received but ignored because the intent does not match. startActivityIntent=Intent { act=android.intent.action.MAIN cat=[android.intent.category.LAUNCHER] cmp=com.hkxps17.turnup/.LoginActivity }, activity.getIntent()=Intent { cmp=com.hkxps17.turnup/.EventListActivity }, activity=com.hkxps17.turnup.EventListActivity@8bc8a9b
08-06 11:18:50.265 18705 18705 D LifecycleMonitor: Lifecycle status change: com.hkxps17.turnup.EventListActivity@8bc8a9b in: STARTED
08-06 11:18:50.265 18705 18705 V ActivityScenario: Activity lifecycle changed event received but ignored because the intent does not match. startActivityIntent=Intent { act=android.intent.action.MAIN cat=[android.intent.category.LAUNCHER] cmp=com.hkxps17.turnup/.LoginActivity }, activity.getIntent()=Intent { cmp=com.hkxps17.turnup/.EventListActivity }, activity=com.hkxps17.turnup.EventListActivity@8bc8a9b
08-06 11:18:50.266 18705 18705 D LifecycleMonitor: Lifecycle status change: com.hkxps17.turnup.EventListActivity@8bc8a9b in: RESUMED
08-06 11:18:50.267 18705 18705 V ActivityScenario: Activity lifecycle changed event received but ignored because the intent does not match. startActivityIntent=Intent { act=android.intent.action.MAIN cat=[android.intent.category.LAUNCHER] cmp=com.hkxps17.turnup/.LoginActivity }, activity.getIntent()=Intent { cmp=com.hkxps17.turnup/.EventListActivity }, activity=com.hkxps17.turnup.EventListActivity@8bc8a9b
08-06 11:18:50.288 18705 18813 D NetworkSecurityConfig: No Network Security Config specified, using platform default
08-06 11:18:50.288 18705 18705 D LifecycleMonitor: Lifecycle status change: com.google.android.gms.auth.api.signin.internal.SignInHubActivity@cea188e in: STOPPED
08-06 11:18:50.292 18705 18705 V ActivityScenario: Activity lifecycle changed event received but ignored because the intent does not match. startActivityIntent=Intent { act=android.intent.action.MAIN cat=[android.intent.category.LAUNCHER] cmp=com.hkxps17.turnup/.LoginActivity }, activity.getIntent()=Intent { act=com.google.android.gms.auth.GOOGLE_SIGN_IN flg=0x800000 pkg=com.hkxps17.turnup cmp=com.hkxps17.turnup/com.google.android.gms.auth.api.signin.internal.SignInHubActivity (has extras) }, activity=com.google.android.gms.auth.api.signin.internal.SignInHubActivity@cea188e
08-06 11:18:50.294 18705 18705 D LifecycleMonitor: Lifecycle status change: com.google.android.gms.auth.api.signin.internal.SignInHubActivity@cea188e in: DESTROYED
08-06 11:18:50.294 18705 18705 V ActivityScenario: Activity lifecycle changed event received but ignored because the intent does not match. startActivityIntent=Intent { act=android.intent.action.MAIN cat=[android.intent.category.LAUNCHER] cmp=com.hkxps17.turnup/.LoginActivity }, activity.getIntent()=Intent { act=com.google.android.gms.auth.GOOGLE_SIGN_IN flg=0x800000 pkg=com.hkxps17.turnup cmp=com.hkxps17.turnup/com.google.android.gms.auth.api.signin.internal.SignInHubActivity (has extras) }, activity=com.google.android.gms.auth.api.signin.internal.SignInHubActivity@cea188e
08-06 11:18:50.340  1813 15468 D gralloc_ranchu: gralloc_alloc: Creating ashmem region of size 9334784
08-06 11:18:50.366  1813 15468 I chatty  : uid=1000(system) HwBinder:1813_3 identical 1 line
08-06 11:18:50.368  1813 15468 D gralloc_ranchu: gralloc_alloc: Creating ashmem region of size 9334784
08-06 11:18:50.374 18705 18772 D EGL_emulation: eglMakeCurrent: 0xf5e534a0: ver 2 0 (tinfo 0xf5e89b40)
08-06 11:18:50.422 18705 18772 D EGL_emulation: eglMakeCurrent: 0xf5e534a0: ver 2 0 (tinfo 0xf5e89b40)
08-06 11:18:50.427  2045  2069 W InputReader: Device has associated, but no associated display id.
08-06 11:18:50.429  2045  2069 I chatty  : uid=1000(system) android.anim identical 18 lines
08-06 11:18:50.429  2045  2069 W InputReader: Device has associated, but no associated display id.
08-06 11:18:50.448 18705 18772 D EGL_emulation: eglMakeCurrent: 0xf5e534a0: ver 2 0 (tinfo 0xf5e89b40)
08-06 11:18:50.480 18705 18705 I ViewInteraction: Performing 'single click' action on view (view.getId() is <2131231163/com.hkxps17.turnup:id/rbright> and an instance of android.widget.TextView and view.getText() with or without transformation to match: is "Map" and Child at position 1 in parent (view.getId() is <2131231160/com.hkxps17.turnup:id/radioGroup> and Child at position 1 in parent view.getClass().getName() matches: is "androidx.constraintlayout.widget.ConstraintLayout") and (view has effective visibility <VISIBLE> and view.getGlobalVisibleRect() to return non-empty rectangle))
08-06 11:18:50.483  2045  2142 I InputDispatcher: Dropping event because there is no touchable window or gesture monitor at (643, 410) in display 0.
08-06 11:18:50.483  2045  2142 W InputDispatcher: Permission denied: injecting event from pid 18705 uid 10135
08-06 11:18:50.601 18705 18705 D LifecycleMonitor: Lifecycle status change: com.hkxps17.turnup.EventListActivity@8bc8a9b in: PAUSED
08-06 11:18:50.601 18705 18705 V ActivityScenario: Activity lifecycle changed event received but ignored because the intent does not match. startActivityIntent=Intent { act=android.intent.action.MAIN cat=[android.intent.category.LAUNCHER] cmp=com.hkxps17.turnup/.LoginActivity }, activity.getIntent()=Intent { cmp=com.hkxps17.turnup/.EventListActivity }, activity=com.hkxps17.turnup.EventListActivity@8bc8a9b
08-06 11:18:50.602  2045  2926 W InputReader: Device has associated, but no associated display id.
08-06 11:18:50.609  2045  2926 I chatty  : uid=1000(system) Binder:2045_D identical 48 lines
08-06 11:18:50.609  2045  2926 W InputReader: Device has associated, but no associated display id.
08-06 11:18:50.613 18705 18705 W ActivityThread: handleWindowVisibility: no activity for token android.os.BinderProxy@d2de0f6
08-06 11:18:50.631  1812  2494 E GnssHAL_GnssInterface: gnssSvStatusCb: a: input svInfo.flags is 8
08-06 11:18:50.631  1812  2494 E GnssHAL_GnssInterface: gnssSvStatusCb: b: input svInfo.flags is 8
08-06 11:18:50.634 18705 18705 D LifecycleMonitor: Lifecycle status change: com.hkxps17.turnup.MapsActivity@9a85d0 in: PRE_ON_CREATE
08-06 11:18:50.635 18705 18705 V ActivityScenario: Activity lifecycle changed event received but ignored because the intent does not match. startActivityIntent=Intent { act=android.intent.action.MAIN cat=[android.intent.category.LAUNCHER] cmp=com.hkxps17.turnup/.LoginActivity }, activity.getIntent()=Intent { cmp=com.hkxps17.turnup/.MapsActivity }, activity=com.hkxps17.turnup.MapsActivity@9a85d0
08-06 11:18:50.670 18705 18705 D MapsInitializer: preferredRenderer: null
08-06 11:18:50.671 18705 18705 D zzca    : preferredRenderer: null
08-06 11:18:50.678 18705 18705 I zzca    : Making Creator dynamically
08-06 11:18:50.700 18705 18705 I DynamiteModule: Considering local module com.google.android.gms.maps_dynamite:0 and remote module com.google.android.gms.maps_dynamite:203115000
08-06 11:18:50.700 18705 18705 I DynamiteModule: Selected remote version of com.google.android.gms.maps_dynamite, version >= 203115000
08-06 11:18:50.768 18705 18705 I Google Maps Android API: Google Play services client version: 12451000
08-06 11:18:50.814 18705 18705 W .hkxps17.turnu: Accessing hidden method Lsun/misc/Unsafe;->putObject(Ljava/lang/Object;JLjava/lang/Object;)V (greylist, linking, allowed)
08-06 11:18:50.826 18705 18705 W .hkxps17.turnu: Accessing hidden method Lsun/misc/Unsafe;->compareAndSwapObject(Ljava/lang/Object;JLjava/lang/Object;Ljava/lang/Object;)Z (greylist, linking, allowed)
08-06 11:18:50.827 18705 18705 W .hkxps17.turnu: Accessing hidden method Lsun/misc/Unsafe;->getObject(Ljava/lang/Object;J)Ljava/lang/Object; (greylist, linking, allowed)
08-06 11:18:50.905 18705 18705 W .hkxps17.turnu: Accessing hidden method Lsun/misc/Unsafe;->putInt(Ljava/lang/Object;JI)V (greylist, linking, allowed)
08-06 11:18:50.905 18705 18705 W .hkxps17.turnu: Accessing hidden method Lsun/misc/Unsafe;->getInt(Ljava/lang/Object;J)I (greylist, linking, allowed)
08-06 11:18:50.905 18705 18705 W .hkxps17.turnu: Accessing hidden method Lsun/misc/Unsafe;->putLong(Ljava/lang/Object;JJ)V (greylist, linking, allowed)
08-06 11:18:50.905 18705 18705 W .hkxps17.turnu: Accessing hidden method Lsun/misc/Unsafe;->getObject(Ljava/lang/Object;J)Ljava/lang/Object; (greylist, linking, allowed)
08-06 11:18:50.906 18705 18705 W .hkxps17.turnu: Accessing hidden method Lsun/misc/Unsafe;->putObject(Ljava/lang/Object;JLjava/lang/Object;)V (greylist, linking, allowed)
08-06 11:18:50.906 18705 18705 W .hkxps17.turnu: Accessing hidden method Lsun/misc/Unsafe;->getLong(Ljava/lang/Object;J)J (greylist,core-platform-api, linking, allowed)
08-06 11:18:50.913 18705 18705 W .hkxps17.turnu: Accessing hidden method Lsun/misc/Unsafe;->allocateInstance(Ljava/lang/Class;)Ljava/lang/Object; (greylist, linking, allowed)
08-06 11:18:50.914 18705 18705 W .hkxps17.turnu: Accessing hidden method Llibcore/io/Memory;->peekLong(JZ)J (greylist, reflection, allowed)
08-06 11:18:50.914 18705 18705 W .hkxps17.turnu: Accessing hidden method Llibcore/io/Memory;->pokeLong(JJZ)V (greylist, reflection, allowed)
08-06 11:18:50.914 18705 18705 W .hkxps17.turnu: Accessing hidden method Llibcore/io/Memory;->pokeInt(JIZ)V (greylist, reflection, allowed)
08-06 11:18:50.915 18705 18705 W .hkxps17.turnu: Accessing hidden method Llibcore/io/Memory;->peekInt(JZ)I (greylist, reflection, allowed)
08-06 11:18:50.915 18705 18705 W .hkxps17.turnu: Accessing hidden method Llibcore/io/Memory;->pokeByte(JB)V (greylist, reflection, allowed)
08-06 11:18:50.915 18705 18705 W .hkxps17.turnu: Accessing hidden method Llibcore/io/Memory;->peekByte(J)B (greylist, reflection, allowed)
08-06 11:18:50.915 18705 18705 W .hkxps17.turnu: Accessing hidden method Llibcore/io/Memory;->pokeByteArray(J[BII)V (greylist, reflection, allowed)
08-06 11:18:50.915 18705 18705 W .hkxps17.turnu: Accessing hidden method Llibcore/io/Memory;->peekByteArray(J[BII)V (greylist, reflection, allowed)
08-06 11:18:50.915 18705 18705 W .hkxps17.turnu: Accessing hidden method Lsun/misc/Unsafe;->arrayBaseOffset(Ljava/lang/Class;)I (greylist,core-platform-api, linking, allowed)
08-06 11:18:50.916 18705 18705 W .hkxps17.turnu: Accessing hidden method Lsun/misc/Unsafe;->getInt(Ljava/lang/Object;J)I (greylist, linking, allowed)
08-06 11:18:50.916 18705 18705 W .hkxps17.turnu: Accessing hidden method Lsun/misc/Unsafe;->getLong(Ljava/lang/Object;J)J (greylist,core-platform-api, linking, allowed)
08-06 11:18:50.916 18705 18705 W .hkxps17.turnu: Accessing hidden method Lsun/misc/Unsafe;->getObject(Ljava/lang/Object;J)Ljava/lang/Object; (greylist, linking, allowed)
08-06 11:18:50.916 18705 18705 W .hkxps17.turnu: Accessing hidden method Lsun/misc/Unsafe;->putInt(Ljava/lang/Object;JI)V (greylist, linking, allowed)
08-06 11:18:50.916 18705 18705 W .hkxps17.turnu: Accessing hidden method Lsun/misc/Unsafe;->putLong(Ljava/lang/Object;JJ)V (greylist, linking, allowed)
08-06 11:18:50.916 18705 18705 W .hkxps17.turnu: Accessing hidden method Lsun/misc/Unsafe;->putObject(Ljava/lang/Object;JLjava/lang/Object;)V (greylist, linking, allowed)
08-06 11:18:50.916 18705 18705 W .hkxps17.turnu: Accessing hidden method Lsun/misc/Unsafe;->arrayIndexScale(Ljava/lang/Class;)I (greylist, linking, allowed)
08-06 11:18:50.917 18705 18705 W .hkxps17.turnu: Accessing hidden method Lsun/misc/Unsafe;->getLong(Ljava/lang/Object;J)J (greylist,core-platform-api, reflection, allowed)
08-06 11:18:50.917 18705 18705 W .hkxps17.turnu: Accessing hidden field Ljava/nio/Buffer;->address:J (greylist, reflection, allowed)
08-06 11:18:50.917 18705 18705 W .hkxps17.turnu: Accessing hidden method Lsun/misc/Unsafe;->getInt(Ljava/lang/Object;J)I (greylist, reflection, allowed)
08-06 11:18:50.918 18705 18705 W .hkxps17.turnu: Accessing hidden method Lsun/misc/Unsafe;->putInt(Ljava/lang/Object;JI)V (greylist, reflection, allowed)
08-06 11:18:50.918 18705 18705 W .hkxps17.turnu: Accessing hidden method Lsun/misc/Unsafe;->getLong(Ljava/lang/Object;J)J (greylist,core-platform-api, reflection, allowed)
