08-06 11:30:44.862  2045  2069 W InputReader: Device has associated, but no associated display id.
08-06 11:30:44.862  2045  2069 I chatty  : uid=1000(system) android.anim identical 8 lines
08-06 11:30:44.862  2045  2069 W InputReader: Device has associated, but no associated display id.
08-06 11:30:44.868 22209 22279 D EGL_emulation: eglMakeCurrent: 0xebcb5000: ver 2 0 (tinfo 0xebcaf350)
08-06 11:30:44.868  2045  2069 W InputReader: Device has associated, but no associated display id.
08-06 11:30:44.868  2045  2069 I chatty  : uid=1000(system) android.anim identical 8 lines
08-06 11:30:44.868  2045  2069 W InputReader: Device has associated, but no associated display id.
08-06 11:30:45.237 22209 22209 I ViewInteraction: Performing 'single click' action on view (view.getId() is <2131231163/com.hkxps17.turnup:id/rbright> and an instance of android.widget.TextView and view.getText() with or without transformation to match: is "Map" and Child at position 1 in parent (view.getId() is <2131231160/com.hkxps17.turnup:id/radioGroup> and Child at position 1 in parent view.getClass().getName() matches: is "androidx.constraintlayout.widget.ConstraintLayout") and (view has effective visibility <VISIBLE> and view.getGlobalVisibleRect() to return non-empty rectangle))
08-06 11:30:45.344  1788  1909 W audio_hw_generic: Not supplying enough data to HAL, expected position 15312393 , only wrote 15095918
08-06 11:30:45.405 22209 22209 D LifecycleMonitor: Lifecycle status change: com.hkxps17.turnup.LoginActivity@cabaac in: STOPPED
08-06 11:30:45.407 22209 22209 V ActivityScenario: Update currentActivityStage to STOPPED, currentActivity=com.hkxps17.turnup.LoginActivity@cabaac
08-06 11:30:45.743  1812  2494 E GnssHAL_GnssInterface: gnssSvStatusCb: a: input svInfo.flags is 8
08-06 11:30:45.743  1812  2494 E GnssHAL_GnssInterface: gnssSvStatusCb: b: input svInfo.flags is 8
08-06 11:30:45.812 10890 22059 I PlacesLogger: [PlaceInferenceEngine]: [anon] Changed inference mode: 0 [CONTEXT service_id=253 ]
08-06 11:30:45.813 10890 22059 I PlacesLogger: [PlaceInferenceEngine]: [account#964950087] Changed inference mode: 0 [CONTEXT service_id=253 ]
08-06 11:30:45.843 22209 22209 W .hkxps17.turnu: Accessing hidden method Ldalvik/system/CloseGuard;->get()Ldalvik/system/CloseGuard; (greylist,core-platform-api, reflection, allowed)
08-06 11:30:45.843 22209 22209 W .hkxps17.turnu: Accessing hidden method Ldalvik/system/CloseGuard;->open(Ljava/lang/String;)V (greylist,core-platform-api, reflection, allowed)
08-06 11:30:45.843 22209 22209 W .hkxps17.turnu: Accessing hidden method Ldalvik/system/CloseGuard;->warnIfOpen()V (greylist,core-platform-api, reflection, allowed)
08-06 11:30:45.983 10890 10903 I .gms.persisten: Background young concurrent copying GC freed 63504(3466KB) AllocSpace objects, 36(2296KB) LOS objects, 34% free, 10MB/16MB, paused 4.725ms total 168.088ms
08-06 11:30:45.989 10890 10914 W MessageQueue: Handler (apir) {2db12eb} sending message to a Handler on a dead thread
08-06 11:30:45.989 10890 10914 W MessageQueue: java.lang.IllegalStateException: Handler (apir) {2db12eb} sending message to a Handler on a dead thread
08-06 11:30:45.989 10890 10914 W MessageQueue: 	at android.os.MessageQueue.enqueueMessage(MessageQueue.java:558)
08-06 11:30:45.989 10890 10914 W MessageQueue: 	at android.os.Handler.enqueueMessage(Handler.java:754)
08-06 11:30:45.989 10890 10914 W MessageQueue: 	at android.os.Handler.sendMessageAtTime(Handler.java:703)
08-06 11:30:45.989 10890 10914 W MessageQueue: 	at apir.sendMessageAtTime(:com.google.android.gms@222615031@22.26.15 (100700-461192076):0)
08-06 11:30:45.989 10890 10914 W MessageQueue: 	at android.os.Handler.sendMessageDelayed(Handler.java:673)
08-06 11:30:45.989 10890 10914 W MessageQueue: 	at android.os.Handler.post(Handler.java:403)
08-06 11:30:45.989 10890 10914 W MessageQueue: 	at bthk.execute(:com.google.android.gms@222615031@22.26.15 (100700-461192076):0)
08-06 11:30:45.989 10890 10914 W MessageQueue: 	at ajaq.execute(:com.google.android.gms@222615031@22.26.15 (100700-461192076):0)
08-06 11:30:45.989 10890 10914 W MessageQueue: 	at blzs.hS(:com.google.android.gms@222615031@22.26.15 (100700-461192076):2)
08-06 11:30:45.989 10890 10914 W MessageQueue: 	at bmah.b(:com.google.android.gms@222615031@22.26.15 (100700-461192076):5)
08-06 11:30:45.989 10890 10914 W MessageQueue: 	at bmao.B(:com.google.android.gms@222615031@22.26.15 (100700-461192076):3)
08-06 11:30:45.989 10890 10914 W MessageQueue: 	at bmaj.b(:com.google.android.gms@222615031@22.26.15 (100700-461192076):0)
08-06 11:30:45.989 10890 10914 W MessageQueue: 	at xzq.b(:com.google.android.gms@222615031@22.26.15 (100700-461192076):1)
08-06 11:30:45.989 10890 10914 W MessageQueue: 	at xzq.a(:com.google.android.gms@222615031@22.26.15 (100700-461192076):0)
08-06 11:30:45.989 10890 10914 W MessageQueue: 	at arga.b(:com.google.android.gms@222615031@22.26.15 (100700-461192076):0)
08-06 11:30:45.989 10890 10914 W MessageQueue: 	at xye.el(:com.google.android.gms@222615031@22.26.15 (100700-461192076):0)
08-06 11:30:45.989 10890 10914 W MessageQueue: 	at ezt.onTransact(:com.google.android.gms@222615031@22.26.15 (100700-461192076):8)
08-06 11:30:45.989 10890 10914 W MessageQueue: 	at android.os.Binder.execTransactInternal(Binder.java:1021)
08-06 11:30:45.989 10890 10914 W MessageQueue: 	at android.os.Binder.execTransact(Binder.java:994)
08-06 11:30:46.128 22209 22279 I OpenGLRenderer: Davey! duration=733ms; Flags=0, IntendedVsync=5695004972868, Vsync=5695038306200, OldestInputEvent=9223372036854775807, NewestInputEvent=0, HandleInputStart=5695053028700, AnimationStart=5695053542100, PerformTraversalsStart=5695053716700, DrawStart=5695660823400, SyncQueued=5695674888400, SyncStart=5695678991900, IssueDrawCommandsStart=5695679317200, SwapBuffers=5695731464500, FrameCompleted=5695742941000, DequeueBufferDuration=312000, QueueBufferDuration=1135000,
08-06 11:30:46.151 22209 22209 W MotionEvents: Overslept and turned a tap into a long press
08-06 11:30:46.164  1788  7753 W audio_hw_generic: Not supplying enough data to HAL, expected position 15095937 , only wrote 15095918
08-06 11:30:46.173 22209 22209 D LifecycleMonitor: Lifecycle status change: com.hkxps17.turnup.EventListActivity@fb85d7c in: PAUSED
08-06 11:30:46.174 22209 22209 V ActivityScenario: Activity lifecycle changed event received but ignored because the intent does not match. startActivityIntent=Intent { act=android.intent.action.MAIN cat=[android.intent.category.LAUNCHER] cmp=com.hkxps17.turnup/.LoginActivity }, activity.getIntent()=Intent { cmp=com.hkxps17.turnup/.EventListActivity }, activity=com.hkxps17.turnup.EventListActivity@fb85d7c
08-06 11:30:46.175  2045  2062 W InputReader: Device has associated, but no associated display id.
08-06 11:30:46.180  2045  2062 I chatty  : uid=1000(system) Binder:2045_2 identical 48 lines
08-06 11:30:46.180  2045  2062 W InputReader: Device has associated, but no associated display id.
08-06 11:30:46.189 22209 22209 W ActivityThread: handleWindowVisibility: no activity for token android.os.BinderProxy@ebee8b7
08-06 11:30:46.204 22209 22209 I .hkxps17.turnu: Waiting for a blocking GC ClassLinker
08-06 11:30:46.210 22209 22209 I .hkxps17.turnu: WaitForGcToComplete blocked ClassLinker on ClassLinker for 5.610ms
08-06 11:30:46.216 22209 22209 D LifecycleMonitor: Lifecycle status change: com.hkxps17.turnup.MapsActivity@d29a789 in: PRE_ON_CREATE
08-06 11:30:46.216 22209 22209 V ActivityScenario: Activity lifecycle changed event received but ignored because the intent does not match. startActivityIntent=Intent { act=android.intent.action.MAIN cat=[android.intent.category.LAUNCHER] cmp=com.hkxps17.turnup/.LoginActivity }, activity.getIntent()=Intent { cmp=com.hkxps17.turnup/.MapsActivity }, activity=com.hkxps17.turnup.MapsActivity@d29a789
08-06 11:30:46.237 22209 22209 D MapsInitializer: preferredRenderer: null
08-06 11:30:46.238 22209 22209 D zzca    : preferredRenderer: null
08-06 11:30:46.244 22209 22209 I zzca    : Making Creator dynamically
08-06 11:30:46.262 22209 22209 I DynamiteModule: Considering local module com.google.android.gms.maps_dynamite:0 and remote module com.google.android.gms.maps_dynamite:203115000
08-06 11:30:46.263 22209 22209 I DynamiteModule: Selected remote version of com.google.android.gms.maps_dynamite, version >= 203115000
08-06 11:30:46.320 22209 22209 I Google Maps Android API: Google Play services client version: 12451000
08-06 11:30:46.381 22209 22209 W .hkxps17.turnu: Accessing hidden method Lsun/misc/Unsafe;->putObject(Ljava/lang/Object;JLjava/lang/Object;)V (greylist, linking, allowed)
08-06 11:30:46.382 10890 10890 D BoundBrokerSvc: onBind: Intent { act=com.google.android.gms.phenotype.service.START pkg=com.google.android.gms }
08-06 11:30:46.382 10890 10890 D BoundBrokerSvc: Loading bound service for intent: Intent { act=com.google.android.gms.phenotype.service.START pkg=com.google.android.gms }
08-06 11:30:46.391 22209 22209 W .hkxps17.turnu: Accessing hidden method Lsun/misc/Unsafe;->compareAndSwapObject(Ljava/lang/Object;JLjava/lang/Object;Ljava/lang/Object;)Z (greylist, linking, allowed)
08-06 11:30:46.392 22209 22209 W .hkxps17.turnu: Accessing hidden method Lsun/misc/Unsafe;->getObject(Ljava/lang/Object;J)Ljava/lang/Object; (greylist, linking, allowed)
08-06 11:30:46.417  2045  3313 D WificondControl: Scan result ready event
08-06 11:30:46.431 10890 10907 I ChimeraSrvcProxy: NullBinder for android.net.action.RECOMMEND_NETWORKS triggering remote TransactionTooLargeException due to Service without Chimera impl
08-06 11:30:46.459 22209 22209 W .hkxps17.turnu: Accessing hidden method Lsun/misc/Unsafe;->putInt(Ljava/lang/Object;JI)V (greylist, linking, allowed)
08-06 11:30:46.459 22209 22209 W .hkxps17.turnu: Accessing hidden method Lsun/misc/Unsafe;->getInt(Ljava/lang/Object;J)I (greylist, linking, allowed)
08-06 11:30:46.459 22209 22209 W .hkxps17.turnu: Accessing hidden method Lsun/misc/Unsafe;->putLong(Ljava/lang/Object;JJ)V (greylist, linking, allowed)
08-06 11:30:46.460 22209 22209 W .hkxps17.turnu: Accessing hidden method Lsun/misc/Unsafe;->getObject(Ljava/lang/Object;J)Ljava/lang/Object; (greylist, linking, allowed)
08-06 11:30:46.460 22209 22209 W .hkxps17.turnu: Accessing hidden method Lsun/misc/Unsafe;->putObject(Ljava/lang/Object;JLjava/lang/Object;)V (greylist, linking, allowed)
08-06 11:30:46.461 22209 22209 W .hkxps17.turnu: Accessing hidden method Lsun/misc/Unsafe;->getLong(Ljava/lang/Object;J)J (greylist,core-platform-api, linking, allowed)
08-06 11:30:46.468 22209 22209 W .hkxps17.turnu: Accessing hidden method Lsun/misc/Unsafe;->allocateInstance(Ljava/lang/Class;)Ljava/lang/Object; (greylist, linking, allowed)
08-06 11:30:46.470 22209 22209 W .hkxps17.turnu: Accessing hidden method Llibcore/io/Memory;->peekLong(JZ)J (greylist, reflection, allowed)
08-06 11:30:46.470 22209 22209 W .hkxps17.turnu: Accessing hidden method Llibcore/io/Memory;->pokeLong(JJZ)V (greylist, reflection, allowed)
08-06 11:30:46.470 22209 22209 W .hkxps17.turnu: Accessing hidden method Llibcore/io/Memory;->pokeInt(JIZ)V (greylist, reflection, allowed)
08-06 11:30:46.470 22209 22209 W .hkxps17.turnu: Accessing hidden method Llibcore/io/Memory;->peekInt(JZ)I (greylist, reflection, allowed)
08-06 11:30:46.470 22209 22209 W .hkxps17.turnu: Accessing hidden method Llibcore/io/Memory;->pokeByte(JB)V (greylist, reflection, allowed)
08-06 11:30:46.470 22209 22209 W .hkxps17.turnu: Accessing hidden method Llibcore/io/Memory;->peekByte(J)B (greylist, reflection, allowed)
08-06 11:30:46.470 22209 22209 W .hkxps17.turnu: Accessing hidden method Llibcore/io/Memory;->pokeByteArray(J[BII)V (greylist, reflection, allowed)
08-06 11:30:46.470 22209 22209 W .hkxps17.turnu: Accessing hidden method Llibcore/io/Memory;->peekByteArray(J[BII)V (greylist, reflection, allowed)
08-06 11:30:46.471 22209 22209 W .hkxps17.turnu: Accessing hidden method Lsun/misc/Unsafe;->arrayBaseOffset(Ljava/lang/Class;)I (greylist,core-platform-api, linking, allowed)
08-06 11:30:46.471 22209 22209 W .hkxps17.turnu: Accessing hidden method Lsun/misc/Unsafe;->getInt(Ljava/lang/Object;J)I (greylist, linking, allowed)
08-06 11:30:46.471 22209 22209 W .hkxps17.turnu: Accessing hidden method Lsun/misc/Unsafe;->getLong(Ljava/lang/Object;J)J (greylist,core-platform-api, linking, allowed)
08-06 11:30:46.471 22209 22209 W .hkxps17.turnu: Accessing hidden method Lsun/misc/Unsafe;->getObject(Ljava/lang/Object;J)Ljava/lang/Object; (greylist, linking, allowed)
08-06 11:30:46.471 22209 22209 W .hkxps17.turnu: Accessing hidden method Lsun/misc/Unsafe;->putInt(Ljava/lang/Object;JI)V (greylist, linking, allowed)
08-06 11:30:46.472 22209 22209 W .hkxps17.turnu: Accessing hidden method Lsun/misc/Unsafe;->putLong(Ljava/lang/Object;JJ)V (greylist, linking, allowed)
08-06 11:30:46.472 22209 22209 W .hkxps17.turnu: Accessing hidden method Lsun/misc/Unsafe;->putObject(Ljava/lang/Object;JLjava/lang/Object;)V (greylist, linking, allowed)
08-06 11:30:46.472 22209 22209 W .hkxps17.turnu: Accessing hidden method Lsun/misc/Unsafe;->arrayIndexScale(Ljava/lang/Class;)I (greylist, linking, allowed)
08-06 11:30:46.473 22209 22209 W .hkxps17.turnu: Accessing hidden method Lsun/misc/Unsafe;->getLong(Ljava/lang/Object;J)J (greylist,core-platform-api, reflection, allowed)
08-06 11:30:46.473 22209 22209 W .hkxps17.turnu: Accessing hidden field Ljava/nio/Buffer;->address:J (greylist, reflection, allowed)
08-06 11:30:46.473 22209 22209 W .hkxps17.turnu: Accessing hidden method Lsun/misc/Unsafe;->getInt(Ljava/lang/Object;J)I (greylist, reflection, allowed)
08-06 11:30:46.473 22209 22209 W .hkxps17.turnu: Accessing hidden method Lsun/misc/Unsafe;->putInt(Ljava/lang/Object;JI)V (greylist, reflection, allowed)
08-06 11:30:46.473 22209 22209 W .hkxps17.turnu: Accessing hidden method Lsun/misc/Unsafe;->getLong(Ljava/lang/Object;J)J (greylist,core-platform-api, reflection, allowed)
08-06 11:30:46.473 22209 22209 W .hkxps17.turnu: Accessing hidden method Lsun/misc/Unsafe;->putLong(Ljava/lang/Object;JJ)V (greylist, reflection, allowed)
08-06 11:30:46.473 22209 22209 W .hkxps17.turnu: Accessing hidden method Lsun/misc/Unsafe;->getObject(Ljava/lang/Object;J)Ljava/lang/Object; (greylist, reflection, allowed)
08-06 11:30:46.474 22209 22209 W .hkxps17.turnu: Accessing hidden method Lsun/misc/Unsafe;->putObject(Ljava/lang/Object;JLjava/lang/Object;)V (greylist, reflection, allowed)
08-06 11:30:46.478 22209 22209 W .hkxps17.turnu: Accessing hidden method Lsun/misc/Unsafe;->putObject(Ljava/lang/Object;JLjava/lang/Object;)V (greylist, linking, allowed)
08-06 11:30:46.478 22209 22209 W .hkxps17.turnu: Accessing hidden method Lsun/misc/Unsafe;->putInt(Ljava/lang/Object;JI)V (greylist, linking, allowed)
08-06 11:30:46.480 22209 22209 W .hkxps17.turnu: Accessing hidden method Lsun/misc/Unsafe;->putLong(Ljava/lang/Object;JJ)V (greylist, linking, allowed)
08-06 11:30:46.490 22209 22209 I Google Maps Android API: Google Play services package version: 222615031
08-06 11:30:46.490 22209 22209 I Google Maps Android API: Google Play services maps renderer version(legacy): 203115000
08-06 11:30:46.501 22209 22209 W .hkxps17.turnu: Accessing hidden method Lsun/misc/Unsafe;->compareAndSwapObject(Ljava/lang/Object;JLjava/lang/Object;Ljava/lang/Object;)Z (greylist, linking, allowed)
08-06 11:30:46.600 22209 22209 W .hkxps17.turnu: Accessing hidden method Lsun/misc/Unsafe;->putObject(Ljava/lang/Object;JLjava/lang/Object;)V (greylist, linking, allowed)
08-06 11:30:46.611 22209 22209 W .hkxps17.turnu: Accessing hidden method Lsun/misc/Unsafe;->putInt(Ljava/lang/Object;JI)V (greylist, linking, allowed)
08-06 11:30:46.611 22209 22209 W .hkxps17.turnu: Accessing hidden method Lsun/misc/Unsafe;->putLong(Ljava/lang/Object;JJ)V (greylist, linking, allowed)
08-06 11:30:46.614 22209 22209 W .hkxps17.turnu: Accessing hidden method Lsun/misc/Unsafe;->putObject(Ljava/lang/Object;JLjava/lang/Object;)V (greylist, linking, allowed)
08-06 11:30:46.615 22209 22209 W .hkxps17.turnu: Accessing hidden method Lsun/misc/Unsafe;->putLong(Ljava/lang/Object;JJ)V (greylist, linking, allowed)
08-06 11:30:46.648 22209 22209 W .hkxps17.turnu: Accessing hidden method Lsun/misc/Unsafe;->compareAndSwapObject(Ljava/lang/Object;JLjava/lang/Object;Ljava/lang/Object;)Z (greylist, linking, allowed)
08-06 11:30:46.653 22209 22209 D MapsInitializer: loadedRenderer: LEGACY
08-06 11:30:46.653 22209 22209 D zzca    : preferredRenderer: null
08-06 11:30:46.657 22209 22209 I Google Maps Android API: Google Play services package version: 222615031
08-06 11:30:46.657 22209 22209 I Google Maps Android API: Google Play services maps renderer version(legacy): 203115000
08-06 11:30:46.742  1812  2494 E GnssHAL_GnssInterface: gnssSvStatusCb: a: input svInfo.flags is 8
08-06 11:30:46.742  1812  2494 E GnssHAL_GnssInterface: gnssSvStatusCb: b: input svInfo.flags is 8
08-06 11:30:46.772 22209 22346 W .hkxps17.turnu: Accessing hidden method Lsun/misc/Unsafe;->putInt(Ljava/lang/Object;JI)V (greylist, linking, allowed)
08-06 11:30:46.772 22209 22346 W .hkxps17.turnu: Accessing hidden method Lsun/misc/Unsafe;->getInt(Ljava/lang/Object;J)I (greylist, linking, allowed)
08-06 11:30:46.772 22209 22346 W .hkxps17.turnu: Accessing hidden method Lsun/misc/Unsafe;->putLong(Ljava/lang/Object;JJ)V (greylist, linking, allowed)
08-06 11:30:46.773 22209 22346 W .hkxps17.turnu: Accessing hidden method Lsun/misc/Unsafe;->getObject(Ljava/lang/Object;J)Ljava/lang/Object; (greylist, linking, allowed)
08-06 11:30:46.773 22209 22346 W .hkxps17.turnu: Accessing hidden method Lsun/misc/Unsafe;->putObject(Ljava/lang/Object;JLjava/lang/Object;)V (greylist, linking, allowed)
08-06 11:30:46.788 22209 22346 W .hkxps17.turnu: Accessing hidden method Lsun/misc/Unsafe;->getObject(Ljava/lang/Object;J)Ljava/lang/Object; (greylist, linking, allowed)
08-06 11:30:46.789 22209 22346 W .hkxps17.turnu: Accessing hidden method Lsun/misc/Unsafe;->putObject(Ljava/lang/Object;JLjava/lang/Object;)V (greylist, linking, allowed)
08-06 11:30:46.794 22209 22348 W .hkxps17.turnu: Accessing hidden method Lsun/misc/Unsafe;->getObject(Ljava/lang/Object;J)Ljava/lang/Object; (greylist, linking, allowed)
08-06 11:30:46.794 22209 22348 W .hkxps17.turnu: Accessing hidden method Lsun/misc/Unsafe;->putObject(Ljava/lang/Object;JLjava/lang/Object;)V (greylist, linking, allowed)
08-06 11:30:46.809 22209 22209 W .hkxps17.turnu: Accessing hidden method Lsun/misc/Unsafe;->compareAndSwapObject(Ljava/lang/Object;JLjava/lang/Object;Ljava/lang/Object;)Z (greylist, linking, allowed)
08-06 11:30:46.811 22209 22348 W .hkxps17.turnu: Accessing hidden method Lsun/misc/Unsafe;->getLong(Ljava/lang/Object;J)J (greylist,core-platform-api, linking, allowed)
08-06 11:30:46.814 22209 22209 W .hkxps17.turnu: Accessing hidden method Lsun/misc/Unsafe;->compareAndSwapObject(Ljava/lang/Object;JLjava/lang/Object;Ljava/lang/Object;)Z (greylist, linking, allowed)
08-06 11:30:46.814 22209 22348 W .hkxps17.turnu: Accessing hidden method Lsun/misc/Unsafe;->getObject(Ljava/lang/Object;J)Ljava/lang/Object; (greylist, linking, allowed)
08-06 11:30:46.815 22209 22348 I chatty  : uid=10135(com.hkxps17.turnup) androidmapsapi- identical 1 line
08-06 11:30:46.819 22209 22348 W .hkxps17.turnu: Accessing hidden method Lsun/misc/Unsafe;->getObject(Ljava/lang/Object;J)Ljava/lang/Object; (greylist, linking, allowed)
08-06 11:30:46.944 22209 22209 W .hkxps17.turnu: Accessing hidden method Lsun/misc/Unsafe;->compareAndSwapObject(Ljava/lang/Object;JLjava/lang/Object;Ljava/lang/Object;)Z (greylist, linking, allowed)
08-06 11:30:46.946 22209 22209 W .hkxps17.turnu: Accessing hidden method Lsun/misc/Unsafe;->getObject(Ljava/lang/Object;J)Ljava/lang/Object; (greylist, linking, allowed)
08-06 11:30:46.947 22209 22209 W .hkxps17.turnu: Accessing hidden method Lsun/misc/Unsafe;->putObject(Ljava/lang/Object;JLjava/lang/Object;)V (greylist, linking, allowed)
08-06 11:30:46.947 22209 22209 W .hkxps17.turnu: Accessing hidden method Lsun/misc/Unsafe;->getInt(Ljava/lang/Object;J)I (greylist, linking, allowed)
08-06 11:30:46.951 22209 22209 W .hkxps17.turnu: Accessing hidden method Lsun/misc/Unsafe;->putInt(Ljava/lang/Object;JI)V (greylist, linking, allowed)
08-06 11:30:47.040 22209 22209 D LifecycleMonitor: Lifecycle status change: com.hkxps17.turnup.MapsActivity@d29a789 in: CREATED
08-06 11:30:47.040 22209 22209 V ActivityScenario: Activity lifecycle changed event received but ignored because the intent does not match. startActivityIntent=Intent { act=android.intent.action.MAIN cat=[android.intent.category.LAUNCHER] cmp=com.hkxps17.turnup/.LoginActivity }, activity.getIntent()=Intent { cmp=com.hkxps17.turnup/.MapsActivity }, activity=com.hkxps17.turnup.MapsActivity@d29a789
08-06 11:30:47.051 22209 22209 W .hkxps17.turnu: Accessing hidden method Lsun/misc/Unsafe;->compareAndSwapObject(Ljava/lang/Object;JLjava/lang/Object;Ljava/lang/Object;)Z (greylist, linking, allowed)
08-06 11:30:47.057 22209 22209 D LifecycleMonitor: Lifecycle status change: com.hkxps17.turnup.MapsActivity@d29a789 in: STARTED
08-06 11:30:47.057 22209 22209 V ActivityScenario: Activity lifecycle changed event received but ignored because the intent does not match. startActivityIntent=Intent { act=android.intent.action.MAIN cat=[android.intent.category.LAUNCHER] cmp=com.hkxps17.turnup/.LoginActivity }, activity.getIntent()=Intent { cmp=com.hkxps17.turnup/.MapsActivity }, activity=com.hkxps17.turnup.MapsActivity@d29a789
08-06 11:30:47.058 22209 22209 D LifecycleMonitor: Lifecycle status change: com.hkxps17.turnup.MapsActivity@d29a789 in: RESUMED
08-06 11:30:47.059 22209 22209 V ActivityScenario: Activity lifecycle changed event received but ignored because the intent does not match. startActivityIntent=Intent { act=android.intent.action.MAIN cat=[android.intent.category.LAUNCHER] cmp=com.hkxps17.turnup/.LoginActivity }, activity.getIntent()=Intent { cmp=com.hkxps17.turnup/.MapsActivity }, activity=com.hkxps17.turnup.MapsActivity@d29a789
08-06 11:30:47.148 22209 22286 I ba      : Successfully registered with Phenotype.
08-06 11:30:47.215  1813  1813 D gralloc_ranchu: gralloc_alloc: Creating ashmem region of size 9334784
08-06 11:30:47.228  1813  1813 D gralloc_ranchu: gralloc_alloc: Creating ashmem region of size 9334784
08-06 11:30:47.233 22209 22359 D HostConnection: HostConnection::get() New Host Connection established 0xcb37f970, tid 22359
08-06 11:30:47.234  1813  1813 D gralloc_ranchu: gralloc_alloc: Creating ashmem region of size 9334784
08-06 11:30:47.234 22209 22359 D HostConnection: HostComposition ext ANDROID_EMU_CHECKSUM_HELPER_v1 ANDROID_EMU_dma_v1 ANDROID_EMU_direct_mem ANDROID_EMU_host_composition_v1 ANDROID_EMU_host_composition_v2 ANDROID_EMU_vulkan ANDROID_EMU_deferred_vulkan_commands ANDROID_EMU_vulkan_null_optional_strings ANDROID_EMU_vulkan_create_resources_with_requirements ANDROID_EMU_YUV420_888_to_NV21 ANDROID_EMU_YUV_Cache ANDROID_EMU_vulkan_free_memory_sync ANDROID_EMU_vulkan_shader_float16_int8 ANDROID_EMU_vulkan_async_queue_submit ANDROID_EMU_sync_buffer_data GL_OES_vertex_array_object GL_KHR_texture_compression_astc_ldr ANDROID_EMU_host_side_tracing ANDROID_EMU_gles_max_version_2
08-06 11:30:47.258 22209 22359 D eglCodecCommon: setVertexArrayObject: set vao to 0 (0) 0 0
08-06 11:30:47.258 22209 22359 D EGL_emulation: eglCreateContext: 0xc573ece0: maj 1 min 0 rcv 1
08-06 11:30:47.258 22209 22279 D EGL_emulation: eglMakeCurrent: 0xebcb5000: ver 2 0 (tinfo 0xebcaf350)
08-06 11:30:47.261  1683  1683 I hwservicemanager: getTransport: Cannot find entry android.hardware.graphics.allocator@3.0::IAllocator/default in either framework or device manifest.
08-06 11:30:47.261 22209 22359 W Gralloc3: allocator 3.x is not supported
08-06 11:30:47.262  1813  1813 D gralloc_ranchu: gralloc_alloc: Creating ashmem region of size 8478720
08-06 11:30:47.338 22209 22359 D EGL_emulation: eglMakeCurrent: 0xc573ece0: ver 1 0 (tinfo 0xc549a250)
08-06 11:30:47.347 22209 22279 D EGL_emulation: eglMakeCurrent: 0xebcb5000: ver 2 0 (tinfo 0xebcaf350)
08-06 11:30:47.355  2045  2069 W InputReader: Device has associated, but no associated display id.
08-06 11:30:47.358  2045  2069 I chatty  : uid=1000(system) android.anim identical 18 lines
08-06 11:30:47.358  2045  2069 W InputReader: Device has associated, but no associated display id.
08-06 11:30:47.393 22209 22279 D EGL_emulation: eglMakeCurrent: 0xebcb5000: ver 2 0 (tinfo 0xebcaf350)
08-06 11:30:47.414 22209 22279 D EGL_emulation: eglMakeCurrent: 0xebcb5000: ver 2 0 (tinfo 0xebcaf350)
08-06 11:30:47.421 22209 22348 W .hkxps17.turnu: Accessing hidden method Lsun/misc/Unsafe;->putObject(Ljava/lang/Object;JLjava/lang/Object;)V (greylist, linking, allowed)
08-06 11:30:47.422 22209 22348 W .hkxps17.turnu: Accessing hidden method Lsun/misc/Unsafe;->putLong(Ljava/lang/Object;JJ)V (greylist, linking, allowed)
08-06 11:30:47.424 22209 22348 W .hkxps17.turnu: Accessing hidden method Lsun/misc/Unsafe;->getLong(Ljava/lang/Object;J)J (greylist,core-platform-api, linking, allowed)
08-06 11:30:47.442 22209 22348 W .hkxps17.turnu: Accessing hidden method Lsun/misc/Unsafe;->putObject(Ljava/lang/Object;JLjava/lang/Object;)V (greylist, linking, allowed)
08-06 11:30:47.442 22209 22348 W .hkxps17.turnu: Accessing hidden method Lsun/misc/Unsafe;->putLong(Ljava/lang/Object;JJ)V (greylist, linking, allowed)
08-06 11:30:47.444 22209 22348 W .hkxps17.turnu: Accessing hidden method Lsun/misc/Unsafe;->putObject(Ljava/lang/Object;JLjava/lang/Object;)V (greylist, linking, allowed)
08-06 11:30:47.444 22209 22348 W .hkxps17.turnu: Accessing hidden method Lsun/misc/Unsafe;->putLong(Ljava/lang/Object;JJ)V (greylist, linking, allowed)
08-06 11:30:47.460 22209 22348 W .hkxps17.turnu: Accessing hidden method Lsun/misc/Unsafe;->putObject(Ljava/lang/Object;JLjava/lang/Object;)V (greylist, linking, allowed)
08-06 11:30:47.472 22209 22364 W .hkxps17.turnu: Accessing hidden method Lsun/misc/Unsafe;->getObject(Ljava/lang/Object;J)Ljava/lang/Object; (greylist, linking, allowed)
08-06 11:30:47.533  1813  1813 D gralloc_ranchu: gralloc_alloc: Creating ashmem region of size 8478720
08-06 11:30:47.536 22209 22365 W .hkxps17.turnu: Accessing hidden method Lsun/misc/Unsafe;->getObject(Ljava/lang/Object;J)Ljava/lang/Object; (greylist, linking, allowed)
08-06 11:30:47.542 22209 22279 D EGL_emulation: eglMakeCurrent: 0xebcb5000: ver 2 0 (tinfo 0xebcaf350)
08-06 11:30:47.547  1813  1813 D gralloc_ranchu: gralloc_alloc: Creating ashmem region of size 8478720
08-06 11:30:47.558 22209 22365 W .hkxps17.turnu: Accessing hidden method Lsun/misc/Unsafe;->getObject(Ljava/lang/Object;J)Ljava/lang/Object; (greylist, linking, allowed)
08-06 11:30:47.598 22209 22365 I chatty  : uid=10135(com.hkxps17.turnup) androidmapsapi- identical 4 lines
08-06 11:30:47.615 22209 22365 W .hkxps17.turnu: Accessing hidden method Lsun/misc/Unsafe;->getObject(Ljava/lang/Object;J)Ljava/lang/Object; (greylist, linking, allowed)
08-06 11:30:47.619 22209 22364 W .hkxps17.turnu: Accessing hidden method Lsun/misc/Unsafe;->putLong(Ljava/lang/Object;JJ)V (greylist, linking, allowed)
08-06 11:30:47.631 22209 22365 W .hkxps17.turnu: Accessing hidden method Lsun/misc/Unsafe;->getObject(Ljava/lang/Object;J)Ljava/lang/Object; (greylist, linking, allowed)
08-06 11:30:47.713 22209 22365 I chatty  : uid=10135(com.hkxps17.turnup) androidmapsapi- identical 5 lines
08-06 11:30:47.731 22209 22365 W .hkxps17.turnu: Accessing hidden method Lsun/misc/Unsafe;->getObject(Ljava/lang/Object;J)Ljava/lang/Object; (greylist, linking, allowed)
08-06 11:30:47.741  1812  2494 E GnssHAL_GnssInterface: gnssSvStatusCb: a: input svInfo.flags is 8
08-06 11:30:47.741  1812  2494 E GnssHAL_GnssInterface: gnssSvStatusCb: b: input svInfo.flags is 8
08-06 11:30:47.749 22209 22365 W .hkxps17.turnu: Accessing hidden method Lsun/misc/Unsafe;->getObject(Ljava/lang/Object;J)Ljava/lang/Object; (greylist, linking, allowed)
08-06 11:30:47.776 22209 22365 I chatty  : uid=10135(com.hkxps17.turnup) androidmapsapi- identical 1 line
08-06 11:30:47.784 22209 22365 W .hkxps17.turnu: Accessing hidden method Lsun/misc/Unsafe;->getObject(Ljava/lang/Object;J)Ljava/lang/Object; (greylist, linking, allowed)
08-06 11:30:47.787  2045  2073 E memtrack: Couldn't load memtrack module
08-06 11:30:47.787  2045  2073 W android.os.Debug: failed to get memory consumption info: -1
08-06 11:30:47.804 22209 22209 D LifecycleMonitor: Lifecycle status change: com.hkxps17.turnup.EventListActivity@fb85d7c in: STOPPED
08-06 11:30:47.804 22209 22209 V ActivityScenario: Activity lifecycle changed event received but ignored because the intent does not match. startActivityIntent=Intent { act=android.intent.action.MAIN cat=[android.intent.category.LAUNCHER] cmp=com.hkxps17.turnup/.LoginActivity }, activity.getIntent()=Intent { cmp=com.hkxps17.turnup/.EventListActivity }, activity=com.hkxps17.turnup.EventListActivity@fb85d7c
08-06 11:30:47.810 22209 22365 W .hkxps17.turnu: Accessing hidden method Lsun/misc/Unsafe;->getObject(Ljava/lang/Object;J)Ljava/lang/Object; (greylist, linking, allowed)
08-06 11:30:48.285 22209 22365 I chatty  : uid=10135(com.hkxps17.turnup) androidmapsapi- identical 27 lines
08-06 11:30:48.302 22209 22365 W .hkxps17.turnu: Accessing hidden method Lsun/misc/Unsafe;->getObject(Ljava/lang/Object;J)Ljava/lang/Object; (greylist, linking, allowed)
08-06 11:30:48.319 22209 22359 W .hkxps17.turnu: Accessing hidden field Ljava/nio/Buffer;->position:I (greylist, JNI, allowed)
08-06 11:30:48.320 22209 22359 W .hkxps17.turnu: Accessing hidden field Ljava/nio/Buffer;->limit:I (greylist, JNI, allowed)
08-06 11:30:48.320 22209 22359 W .hkxps17.turnu: Accessing hidden field Ljava/nio/Buffer;->_elementSizeShift:I (greylist, JNI, allowed)
08-06 11:30:48.328 22209 22365 W .hkxps17.turnu: Accessing hidden method Lsun/misc/Unsafe;->getObject(Ljava/lang/Object;J)Ljava/lang/Object; (greylist, linking, allowed)
08-06 11:30:48.373 22209 22365 I chatty  : uid=10135(com.hkxps17.turnup) androidmapsapi- identical 3 lines
08-06 11:30:48.392 22209 22365 W .hkxps17.turnu: Accessing hidden method Lsun/misc/Unsafe;->getObject(Ljava/lang/Object;J)Ljava/lang/Object; (greylist, linking, allowed)
08-06 11:30:48.392 22209 22365 I Counters: exceeded sample count in FrameTime
08-06 11:30:48.412 22209 22365 W .hkxps17.turnu: Accessing hidden method Lsun/misc/Unsafe;->getObject(Ljava/lang/Object;J)Ljava/lang/Object; (greylist, linking, allowed)
08-06 11:30:48.412 22209 22365 I Counters: exceeded sample count in FrameTime
08-06 11:30:48.423 22209 22365 W .hkxps17.turnu: Accessing hidden method Lsun/misc/Unsafe;->getObject(Ljava/lang/Object;J)Ljava/lang/Object; (greylist, linking, allowed)
08-06 11:30:48.425 22209 22365 I Counters: exceeded sample count in FrameTime
08-06 11:30:48.439 22209 22365 W .hkxps17.turnu: Accessing hidden method Lsun/misc/Unsafe;->getObject(Ljava/lang/Object;J)Ljava/lang/Object; (greylist, linking, allowed)
08-06 11:30:48.439 22209 22365 I Counters: exceeded sample count in FrameTime
08-06 11:30:48.456 22209 22365 W .hkxps17.turnu: Accessing hidden method Lsun/misc/Unsafe;->getObject(Ljava/lang/Object;J)Ljava/lang/Object; (greylist, linking, allowed)
08-06 11:30:48.456 22209 22365 I Counters: exceeded sample count in FrameTime
08-06 11:30:48.474 22209 22365 W .hkxps17.turnu: Accessing hidden method Lsun/misc/Unsafe;->getObject(Ljava/lang/Object;J)Ljava/lang/Object; (greylist, linking, allowed)
08-06 11:30:48.474 22209 22365 I Counters: exceeded sample count in FrameTime
08-06 11:30:48.491 22209 22365 W .hkxps17.turnu: Accessing hidden method Lsun/misc/Unsafe;->getObject(Ljava/lang/Object;J)Ljava/lang/Object; (greylist, linking, allowed)
08-06 11:30:48.492 22209 22365 I Counters: exceeded sample count in FrameTime
08-06 11:30:48.509 22209 22365 W .hkxps17.turnu: Accessing hidden method Lsun/misc/Unsafe;->getObject(Ljava/lang/Object;J)Ljava/lang/Object; (greylist, linking, allowed)
08-06 11:30:48.509 22209 22365 I Counters: exceeded sample count in FrameTime
08-06 11:30:48.528 22209 22365 W .hkxps17.turnu: Accessing hidden method Lsun/misc/Unsafe;->getObject(Ljava/lang/Object;J)Ljava/lang/Object; (greylist, linking, allowed)
08-06 11:30:48.528 22209 22365 I Counters: exceeded sample count in FrameTime
08-06 11:30:48.545 22209 22365 W .hkxps17.turnu: Accessing hidden method Lsun/misc/Unsafe;->getObject(Ljava/lang/Object;J)Ljava/lang/Object; (greylist, linking, allowed)
08-06 11:30:48.545 22209 22365 I Counters: exceeded sample count in FrameTime
08-06 11:30:48.562 22209 22365 W .hkxps17.turnu: Accessing hidden method Lsun/misc/Unsafe;->getObject(Ljava/lang/Object;J)Ljava/lang/Object; (greylist, linking, allowed)
08-06 11:30:48.562 22209 22365 I Counters: exceeded sample count in FrameTime
08-06 11:30:48.580 22209 22365 W .hkxps17.turnu: Accessing hidden method Lsun/misc/Unsafe;->getObject(Ljava/lang/Object;J)Ljava/lang/Object; (greylist, linking, allowed)
08-06 11:30:48.580 22209 22365 I Counters: exceeded sample count in FrameTime
08-06 11:30:48.598 22209 22365 W .hkxps17.turnu: Accessing hidden method Lsun/misc/Unsafe;->getObject(Ljava/lang/Object;J)Ljava/lang/Object; (greylist, linking, allowed)
08-06 11:30:48.598 22209 22365 I Counters: exceeded sample count in FrameTime
08-06 11:30:48.617 22209 22365 W .hkxps17.turnu: Accessing hidden method Lsun/misc/Unsafe;->getObject(Ljava/lang/Object;J)Ljava/lang/Object; (greylist, linking, allowed)
08-06 11:30:48.617 22209 22365 I Counters: exceeded sample count in FrameTime
08-06 11:30:48.634 22209 22365 W .hkxps17.turnu: Accessing hidden method Lsun/misc/Unsafe;->getObject(Ljava/lang/Object;J)Ljava/lang/Object; (greylist, linking, allowed)
08-06 11:30:48.634 22209 22365 I Counters: exceeded sample count in FrameTime
08-06 11:30:48.651 22209 22365 W .hkxps17.turnu: Accessing hidden method Lsun/misc/Unsafe;->getObject(Ljava/lang/Object;J)Ljava/lang/Object; (greylist, linking, allowed)
08-06 11:30:48.651 22209 22365 I Counters: exceeded sample count in FrameTime
08-06 11:30:48.668 22209 22365 W .hkxps17.turnu: Accessing hidden method Lsun/misc/Unsafe;->getInt(Ljava/lang/Object;J)I (greylist, linking, allowed)
08-06 11:30:48.668 22209 22365 W .hkxps17.turnu: Accessing hidden method Lsun/misc/Unsafe;->getObject(Ljava/lang/Object;J)Ljava/lang/Object; (greylist, linking, allowed)
08-06 11:30:48.668 22209 22365 I Counters: exceeded sample count in FrameTime
08-06 11:30:48.672 22209 22340 W DynamiteModule: Local module descriptor class for com.google.android.gms.googlecertificates not found.
08-06 11:30:48.685 22209 22340 I DynamiteModule: Considering local module com.google.android.gms.googlecertificates:0 and remote module com.google.android.gms.googlecertificates:7
08-06 11:30:48.689 22209 22365 W .hkxps17.turnu: Accessing hidden method Lsun/misc/Unsafe;->getObject(Ljava/lang/Object;J)Ljava/lang/Object; (greylist, linking, allowed)
08-06 11:30:48.689 22209 22365 I Counters: exceeded sample count in FrameTime
08-06 11:30:48.695 22209 22340 I DynamiteModule: Selected remote version of com.google.android.gms.googlecertificates, version >= 7
08-06 11:30:48.703 22209 22365 W .hkxps17.turnu: Accessing hidden method Lsun/misc/Unsafe;->getObject(Ljava/lang/Object;J)Ljava/lang/Object; (greylist, linking, allowed)
08-06 11:30:48.703 22209 22365 I Counters: exceeded sample count in FrameTime
08-06 11:30:48.721 22209 22365 W .hkxps17.turnu: Accessing hidden method Lsun/misc/Unsafe;->getObject(Ljava/lang/Object;J)Ljava/lang/Object; (greylist, linking, allowed)
08-06 11:30:48.721 22209 22365 I Counters: exceeded sample count in FrameTime
08-06 11:30:48.737 22209 22365 W .hkxps17.turnu: Accessing hidden method Lsun/misc/Unsafe;->getInt(Ljava/lang/Object;J)I (greylist, linking, allowed)
08-06 11:30:48.738 22209 22365 W .hkxps17.turnu: Accessing hidden method Lsun/misc/Unsafe;->getObject(Ljava/lang/Object;J)Ljava/lang/Object; (greylist, linking, allowed)
08-06 11:30:48.738 22209 22365 W .hkxps17.turnu: Accessing hidden method Lsun/misc/Unsafe;->getObject(Ljava/lang/Object;J)Ljava/lang/Object; (greylist, linking, allowed)
08-06 11:30:48.738 22209 22365 I Counters: exceeded sample count in FrameTime
08-06 11:30:48.742  1812  2494 E GnssHAL_GnssInterface: gnssSvStatusCb: a: input svInfo.flags is 8
08-06 11:30:48.742  1812  2494 E GnssHAL_GnssInterface: gnssSvStatusCb: b: input svInfo.flags is 8
08-06 11:30:48.755 22209 22365 W .hkxps17.turnu: Accessing hidden method Lsun/misc/Unsafe;->getObject(Ljava/lang/Object;J)Ljava/lang/Object; (greylist, linking, allowed)
08-06 11:30:48.755 22209 22365 I Counters: exceeded sample count in FrameTime
08-06 11:30:48.772 22209 22365 W .hkxps17.turnu: Accessing hidden method Lsun/misc/Unsafe;->getObject(Ljava/lang/Object;J)Ljava/lang/Object; (greylist, linking, allowed)
08-06 11:30:48.772 22209 22365 I Counters: exceeded sample count in FrameTime
08-06 11:30:48.777 22209 22340 W .hkxps17.turnu: Accessing hidden method Lsun/misc/Unsafe;->putObject(Ljava/lang/Object;JLjava/lang/Object;)V (greylist, linking, allowed)
08-06 11:30:48.777 22209 22340 W .hkxps17.turnu: Accessing hidden method Lsun/misc/Unsafe;->getObject(Ljava/lang/Object;J)Ljava/lang/Object; (greylist, linking, allowed)
08-06 11:30:48.778 22209 22340 W .hkxps17.turnu: Accessing hidden method Lsun/misc/Unsafe;->compareAndSwapObject(Ljava/lang/Object;JLjava/lang/Object;Ljava/lang/Object;)Z (greylist, linking, allowed)
08-06 11:30:48.792 22209 22365 W .hkxps17.turnu: Accessing hidden method Lsun/misc/Unsafe;->getObject(Ljava/lang/Object;J)Ljava/lang/Object; (greylist, linking, allowed)
08-06 11:30:48.792 22209 22365 I Counters: exceeded sample count in FrameTime
08-06 11:30:48.809 22209 22365 W .hkxps17.turnu: Accessing hidden method Lsun/misc/Unsafe;->getObject(Ljava/lang/Object;J)Ljava/lang/Object; (greylist, linking, allowed)
08-06 11:30:48.809 22209 22365 I Counters: exceeded sample count in FrameTime
08-06 11:30:48.829 22209 22365 W .hkxps17.turnu: Accessing hidden method Lsun/misc/Unsafe;->getObject(Ljava/lang/Object;J)Ljava/lang/Object; (greylist, linking, allowed)
08-06 11:30:48.829 22209 22365 I Counters: exceeded sample count in FrameTime
08-06 11:30:48.829 22209 22215 W .hkxps17.turnu: Accessing hidden method Lsun/misc/Unsafe;->getLong(Ljava/lang/Object;J)J (greylist,core-platform-api, linking, allowed)
08-06 11:30:48.840 22209 22330 W .hkxps17.turnu: Accessing hidden method Lsun/misc/Unsafe;->putLong(Ljava/lang/Object;JJ)V (greylist, linking, allowed)
08-06 11:30:48.841 22209 22330 W .hkxps17.turnu: Accessing hidden method Lsun/misc/Unsafe;->getObject(Ljava/lang/Object;J)Ljava/lang/Object; (greylist, linking, allowed)
08-06 11:30:48.846 22209 22330 W .hkxps17.turnu: Accessing hidden method Lsun/misc/Unsafe;->compareAndSwapObject(Ljava/lang/Object;JLjava/lang/Object;Ljava/lang/Object;)Z (greylist, linking, allowed)
08-06 11:30:48.852 22209 22365 W .hkxps17.turnu: Accessing hidden method Lsun/misc/Unsafe;->getInt(Ljava/lang/Object;J)I (greylist, linking, allowed)
08-06 11:30:48.852 22209 22365 W .hkxps17.turnu: Accessing hidden method Lsun/misc/Unsafe;->getObject(Ljava/lang/Object;J)Ljava/lang/Object; (greylist, linking, allowed)
08-06 11:30:48.852 22209 22365 I Counters: exceeded sample count in FrameTime
08-06 11:30:48.857 22209 22330 I SnapshotHandler: Unable to retrieve flag snapshot for com.google.android.libraries.consentverifier#com.hkxps17.turnup, using defaults.
08-06 11:30:48.857 22209 22330 W .hkxps17.turnu: Accessing hidden method Lsun/misc/Unsafe;->compareAndSwapObject(Ljava/lang/Object;JLjava/lang/Object;Ljava/lang/Object;)Z (greylist, linking, allowed)
08-06 11:30:48.859 22209 22365 W .hkxps17.turnu: Accessing hidden method Lsun/misc/Unsafe;->getObject(Ljava/lang/Object;J)Ljava/lang/Object; (greylist, linking, allowed)
08-06 11:30:48.860 22209 22365 I Counters: exceeded sample count in FrameTime
08-06 11:30:48.861 22209 22330 W .hkxps17.turnu: Accessing hidden method Lsun/misc/Unsafe;->getObject(Ljava/lang/Object;J)Ljava/lang/Object; (greylist, linking, allowed)
08-06 11:30:48.872 22209 22330 W .hkxps17.turnu: Accessing hidden method Lsun/misc/Unsafe;->compareAndSwapObject(Ljava/lang/Object;JLjava/lang/Object;Ljava/lang/Object;)Z (greylist, linking, allowed)
08-06 11:30:48.874 22209 22331 W MobStoreFlagStore: Unable to update local snapshot for com.google.android.libraries.consentverifier#com.hkxps17.turnup, may result in stale flags.
08-06 11:30:48.874 22209 22331 W MobStoreFlagStore: java.util.concurrent.ExecutionException: java.lang.SecurityException: GoogleCertificatesRslt: not allowed: pkg=com.hkxps17.turnup, sha256=[b88f376c2f33757ef6b3f12a23238906ee0ee76f1eac0df575b0e642f43fa802], atk=false, ver=222615031.true (go/gsrlt)
08-06 11:30:48.874 22209 22331 W MobStoreFlagStore: 	at aif.s(:com.google.android.gms.dynamite_mapsdynamite@222615068@22.26.15 (100700-0):3)
08-06 11:30:48.874 22209 22331 W MobStoreFlagStore: 	at aif.get(:com.google.android.gms.dynamite_mapsdynamite@222615068@22.26.15 (100700-0):2)
08-06 11:30:48.874 22209 22331 W MobStoreFlagStore: 	at ajp.g(:com.google.android.gms.dynamite_mapsdynamite@222615068@22.26.15 (100700-0):2)
08-06 11:30:48.874 22209 22331 W MobStoreFlagStore: 	at yg.d(:com.google.android.gms.dynamite_mapsdynamite@222615068@22.26.15 (100700-0):1)
08-06 11:30:48.874 22209 22331 W MobStoreFlagStore: 	at yi.run(:com.google.android.gms.dynamite_mapsdynamite@222615068@22.26.15 (100700-0):0)
08-06 11:30:48.874 22209 22331 W MobStoreFlagStore: 	at java.util.concurrent.Executors$RunnableAdapter.call(Executors.java:462)
08-06 11:30:48.874 22209 22331 W MobStoreFlagStore: 	at java.util.concurrent.FutureTask.run(FutureTask.java:266)
08-06 11:30:48.874 22209 22331 W MobStoreFlagStore: 	at java.util.concurrent.ScheduledThreadPoolExecutor$ScheduledFutureTask.run(ScheduledThreadPoolExecutor.java:301)
08-06 11:30:48.874 22209 22331 W MobStoreFlagStore: 	at java.util.concurrent.ThreadPoolExecutor.runWorker(ThreadPoolExecutor.java:1167)
08-06 11:30:48.874 22209 22331 W MobStoreFlagStore: 	at java.util.concurrent.ThreadPoolExecutor$Worker.run(ThreadPoolExecutor.java:641)
08-06 11:30:48.874 22209 22331 W MobStoreFlagStore: 	at java.lang.Thread.run(Thread.java:919)
08-06 11:30:48.874 22209 22331 W MobStoreFlagStore: Caused by: java.lang.SecurityException: GoogleCertificatesRslt: not allowed: pkg=com.hkxps17.turnup, sha256=[b88f376c2f33757ef6b3f12a23238906ee0ee76f1eac0df575b0e642f43fa802], atk=false, ver=222615031.true (go/gsrlt)
08-06 11:30:48.874 22209 22331 W MobStoreFlagStore: 	at android.os.Parcel.createException(Parcel.java:2071)
08-06 11:30:48.874 22209 22331 W MobStoreFlagStore: 	at android.os.Parcel.readException(Parcel.java:2039)
08-06 11:30:48.874 22209 22331 W MobStoreFlagStore: 	at android.os.Parcel.readException(Parcel.java:1987)
08-06 11:30:48.874 22209 22331 W MobStoreFlagStore: 	at es.bc(:com.google.android.gms.dynamite_mapsdynamite@222615068@22.26.15 (100700-0):2)
08-06 11:30:48.874 22209 22331 W MobStoreFlagStore: 	at rs.a(:com.google.android.gms.dynamite_mapsdynamite@222615068@22.26.15 (100700-0):4)
08-06 11:30:48.874 22209 22331 W MobStoreFlagStore: 	at iz.e(:com.google.android.gms.dynamite_mapsdynamite@222615068@22.26.15 (100700-0):2)
08-06 11:30:48.874 22209 22331 W MobStoreFlagStore: 	at jy.t(:com.google.android.gms.dynamite_mapsdynamite@222615068@22.26.15 (100700-0):2)
08-06 11:30:48.874 22209 22331 W MobStoreFlagStore: 	at jy.u(:com.google.android.gms.dynamite_mapsdynamite@222615068@22.26.15 (100700-0):3)
08-06 11:30:48.874 22209 22331 W MobStoreFlagStore: 	at jy.e(:com.google.android.gms.dynamite_mapsdynamite@222615068@22.26.15 (100700-0):2)
08-06 11:30:48.874 22209 22331 W MobStoreFlagStore: 	at kc.handleMessage(:com.google.android.gms.dynamite_mapsdynamite@222615068@22.26.15 (100700-0):69)
08-06 11:30:48.874 22209 22331 W MobStoreFlagStore: 	at android.os.Handler.dispatchMessage(Handler.java:103)
08-06 11:30:48.874 22209 22331 W MobStoreFlagStore: 	at android.os.Looper.loop(Looper.java:214)
08-06 11:30:48.874 22209 22331 W MobStoreFlagStore: 	at android.os.HandlerThread.run(HandlerThread.java:67)
08-06 11:30:48.884 22209 22365 W .hkxps17.turnu: Accessing hidden method Lsun/misc/Unsafe;->getInt(Ljava/lang/Object;J)I (greylist, linking, allowed)
08-06 11:30:48.884 22209 22365 W .hkxps17.turnu: Accessing hidden method Lsun/misc/Unsafe;->getObject(Ljava/lang/Object;J)Ljava/lang/Object; (greylist, linking, allowed)
08-06 11:30:48.884 22209 22365 I Counters: exceeded sample count in FrameTime
08-06 11:30:48.894 22209 22365 W .hkxps17.turnu: Accessing hidden method Lsun/misc/Unsafe;->getObject(Ljava/lang/Object;J)Ljava/lang/Object; (greylist, linking, allowed)
08-06 11:30:48.894 22209 22365 I Counters: exceeded sample count in FrameTime
08-06 11:30:48.916 22209 22365 W .hkxps17.turnu: Accessing hidden method Lsun/misc/Unsafe;->getObject(Ljava/lang/Object;J)Ljava/lang/Object; (greylist, linking, allowed)
08-06 11:30:48.916 22209 22365 I Counters: exceeded sample count in FrameTime
08-06 11:30:48.929 22209 22365 W .hkxps17.turnu: Accessing hidden method Lsun/misc/Unsafe;->getObject(Ljava/lang/Object;J)Ljava/lang/Object; (greylist, linking, allowed)
08-06 11:30:48.929 22209 22365 I Counters: exceeded sample count in FrameTime
08-06 11:30:48.948 22209 22365 W .hkxps17.turnu: Accessing hidden method Lsun/misc/Unsafe;->getObject(Ljava/lang/Object;J)Ljava/lang/Object; (greylist, linking, allowed)
08-06 11:30:48.948 22209 22365 I Counters: exceeded sample count in FrameTime
08-06 11:30:48.961 22209 22360 W .hkxps17.turnu: Accessing hidden method Lsun/misc/Unsafe;->putObject(Ljava/lang/Object;JLjava/lang/Object;)V (greylist, linking, allowed)
08-06 11:30:48.961 22209 22360 W .hkxps17.turnu: Accessing hidden method Lsun/misc/Unsafe;->getObject(Ljava/lang/Object;J)Ljava/lang/Object; (greylist, linking, allowed)
08-06 11:30:48.963 22209 22330 W .hkxps17.turnu: Accessing hidden method Lsun/misc/Unsafe;->putLong(Ljava/lang/Object;JJ)V (greylist, linking, allowed)
08-06 11:30:48.963 22209 22330 W .hkxps17.turnu: Accessing hidden method Lsun/misc/Unsafe;->getInt(Ljava/lang/Object;J)I (greylist, linking, allowed)
08-06 11:30:48.963 22209 22330 W .hkxps17.turnu: Accessing hidden method Lsun/misc/Unsafe;->getObject(Ljava/lang/Object;J)Ljava/lang/Object; (greylist, linking, allowed)
08-06 11:30:48.964 22209 22330 W .hkxps17.turnu: Accessing hidden method Lsun/misc/Unsafe;->getInt(Ljava/lang/Object;J)I (greylist, linking, allowed)
08-06 11:30:48.964 22209 22330 W .hkxps17.turnu: Accessing hidden method Lsun/misc/Unsafe;->getObject(Ljava/lang/Object;J)Ljava/lang/Object; (greylist, linking, allowed)
08-06 11:30:48.965 22209 22330 W .hkxps17.turnu: Accessing hidden method Lsun/misc/Unsafe;->getInt(Ljava/lang/Object;J)I (greylist, linking, allowed)
08-06 11:30:48.965 22209 22330 W .hkxps17.turnu: Accessing hidden method Lsun/misc/Unsafe;->getObject(Ljava/lang/Object;J)Ljava/lang/Object; (greylist, linking, allowed)
08-06 11:30:48.965 22209 22330 W .hkxps17.turnu: Accessing hidden method Lsun/misc/Unsafe;->getInt(Ljava/lang/Object;J)I (greylist, linking, allowed)
08-06 11:30:48.970 22209 22330 W .hkxps17.turnu: Accessing hidden method Lsun/misc/Unsafe;->getObject(Ljava/lang/Object;J)Ljava/lang/Object; (greylist, linking, allowed)
08-06 11:30:48.970 22209 22365 W .hkxps17.turnu: Accessing hidden method Lsun/misc/Unsafe;->getObject(Ljava/lang/Object;J)Ljava/lang/Object; (greylist, linking, allowed)
08-06 11:30:48.970 22209 22365 W .hkxps17.turnu: Accessing hidden method Lsun/misc/Unsafe;->getObject(Ljava/lang/Object;J)Ljava/lang/Object; (greylist, linking, allowed)
08-06 11:30:48.970 22209 22365 I Counters: exceeded sample count in FrameTime
08-06 11:30:48.971 22209 22330 W .hkxps17.turnu: Accessing hidden method Lsun/misc/Unsafe;->getInt(Ljava/lang/Object;J)I (greylist, linking, allowed)
08-06 11:30:48.971 22209 22330 W .hkxps17.turnu: Accessing hidden method Lsun/misc/Unsafe;->getObject(Ljava/lang/Object;J)Ljava/lang/Object; (greylist, linking, allowed)
08-06 11:30:48.975 22209 22330 W .hkxps17.turnu: Accessing hidden method Lsun/misc/Unsafe;->getInt(Ljava/lang/Object;J)I (greylist, linking, allowed)
08-06 11:30:48.975 22209 22330 W .hkxps17.turnu: Accessing hidden method Lsun/misc/Unsafe;->getObject(Ljava/lang/Object;J)Ljava/lang/Object; (greylist, linking, allowed)
08-06 11:30:48.976 22209 22330 W .hkxps17.turnu: Accessing hidden method Lsun/misc/Unsafe;->getInt(Ljava/lang/Object;J)I (greylist, linking, allowed)
08-06 11:30:48.976 22209 22330 W .hkxps17.turnu: Accessing hidden method Lsun/misc/Unsafe;->getObject(Ljava/lang/Object;J)Ljava/lang/Object; (greylist, linking, allowed)
08-06 11:30:48.978 22209 22330 W .hkxps17.turnu: Accessing hidden method Lsun/misc/Unsafe;->getInt(Ljava/lang/Object;J)I (greylist, linking, allowed)
08-06 11:30:48.978 22209 22330 W .hkxps17.turnu: Accessing hidden method Lsun/misc/Unsafe;->getObject(Ljava/lang/Object;J)Ljava/lang/Object; (greylist, linking, allowed)
08-06 11:30:48.978 22209 22330 W .hkxps17.turnu: Accessing hidden method Lsun/misc/Unsafe;->getInt(Ljava/lang/Object;J)I (greylist, linking, allowed)
08-06 11:30:48.978 22209 22330 W .hkxps17.turnu: Accessing hidden method Lsun/misc/Unsafe;->getObject(Ljava/lang/Object;J)Ljava/lang/Object; (greylist, linking, allowed)
08-06 11:30:48.979 22209 22330 W .hkxps17.turnu: Accessing hidden method Lsun/misc/Unsafe;->getInt(Ljava/lang/Object;J)I (greylist, linking, allowed)
08-06 11:30:48.979 22209 22330 W .hkxps17.turnu: Accessing hidden method Lsun/misc/Unsafe;->getObject(Ljava/lang/Object;J)Ljava/lang/Object; (greylist, linking, allowed)
08-06 11:30:48.980 22209 22330 W .hkxps17.turnu: Accessing hidden method Lsun/misc/Unsafe;->getInt(Ljava/lang/Object;J)I (greylist, linking, allowed)
08-06 11:30:48.980 22209 22330 W .hkxps17.turnu: Accessing hidden method Lsun/misc/Unsafe;->getObject(Ljava/lang/Object;J)Ljava/lang/Object; (greylist, linking, allowed)
