08-06 11:30:48.980 22209 22330 W .hkxps17.turnu: Accessing hidden method Lsun/misc/Unsafe;->getInt(Ljava/lang/Object;J)I (greylist, linking, allowed)
08-06 11:30:48.981 22209 22330 W .hkxps17.turnu: Accessing hidden method Lsun/misc/Unsafe;->getObject(Ljava/lang/Object;J)Ljava/lang/Object; (greylist, linking, allowed)
08-06 11:30:48.982 22209 22330 W .hkxps17.turnu: Accessing hidden method Lsun/misc/Unsafe;->getInt(Ljava/lang/Object;J)I (greylist, linking, allowed)
08-06 11:30:48.982 22209 22330 W .hkxps17.turnu: Accessing hidden method Lsun/misc/Unsafe;->getObject(Ljava/lang/Object;J)Ljava/lang/Object; (greylist, linking, allowed)
08-06 11:30:48.986 22209 22365 W .hkxps17.turnu: Accessing hidden method Lsun/misc/Unsafe;->getInt(Ljava/lang/Object;J)I (greylist, linking, allowed)
08-06 11:30:48.986 22209 22365 W .hkxps17.turnu: Accessing hidden method Lsun/misc/Unsafe;->getObject(Ljava/lang/Object;J)Ljava/lang/Object; (greylist, linking, allowed)
08-06 11:30:48.987 22209 22365 I Counters: exceeded sample count in FrameTime
08-06 11:30:48.996 22209 22365 W .hkxps17.turnu: Accessing hidden method Lsun/misc/Unsafe;->getObject(Ljava/lang/Object;J)Ljava/lang/Object; (greylist, linking, allowed)
08-06 11:30:48.996 22209 22365 I Counters: exceeded sample count in FrameTime
08-06 11:30:49.014 22209 22365 W .hkxps17.turnu: Accessing hidden method Lsun/misc/Unsafe;->getObject(Ljava/lang/Object;J)Ljava/lang/Object; (greylist, linking, allowed)
08-06 11:30:49.014 22209 22365 I Counters: exceeded sample count in FrameTime
08-06 11:30:49.032 22209 22365 W .hkxps17.turnu: Accessing hidden method Lsun/misc/Unsafe;->getObject(Ljava/lang/Object;J)Ljava/lang/Object; (greylist, linking, allowed)
08-06 11:30:49.032 22209 22365 I Counters: exceeded sample count in FrameTime
08-06 11:30:49.051 22209 22365 W .hkxps17.turnu: Accessing hidden method Lsun/misc/Unsafe;->getObject(Ljava/lang/Object;J)Ljava/lang/Object; (greylist, linking, allowed)
08-06 11:30:49.051 22209 22365 I Counters: exceeded sample count in FrameTime
08-06 11:30:49.068 22209 22365 W .hkxps17.turnu: Accessing hidden method Lsun/misc/Unsafe;->getObject(Ljava/lang/Object;J)Ljava/lang/Object; (greylist, linking, allowed)
08-06 11:30:49.068 22209 22365 I Counters: exceeded sample count in FrameTime
08-06 11:30:49.088 22209 22365 W .hkxps17.turnu: Accessing hidden method Lsun/misc/Unsafe;->getObject(Ljava/lang/Object;J)Ljava/lang/Object; (greylist, linking, allowed)
08-06 11:30:49.088 22209 22365 I Counters: exceeded sample count in FrameTime
08-06 11:30:49.098 22209 22367 W .hkxps17.turnu: Accessing hidden method Lsun/misc/Unsafe;->getObject(Ljava/lang/Object;J)Ljava/lang/Object; (greylist, linking, allowed)
08-06 11:30:49.181 22209 22368 W .hkxps17.turnu: Accessing hidden method Lsun/misc/Unsafe;->getObject(Ljava/lang/Object;J)Ljava/lang/Object; (greylist, linking, allowed)
08-06 11:30:49.298  1788  1909 W audio_hw_generic: Not supplying enough data to HAL, expected position 15370758 , only wrote 15234067
08-06 11:30:49.400 22209 22368 W .hkxps17.turnu: Accessing hidden method Lsun/misc/Unsafe;->putLong(Ljava/lang/Object;JJ)V (greylist, linking, allowed)
08-06 11:30:49.431 22209 22368 W .hkxps17.turnu: Accessing hidden method Lsun/misc/Unsafe;->putLong(Ljava/lang/Object;JJ)V (greylist, linking, allowed)
08-06 11:30:49.511 22209 22240 D InteractionController: clickNoSync (505, 901)
08-06 11:30:49.597 22209 22365 W .hkxps17.turnu: Accessing hidden method Lsun/misc/Unsafe;->getInt(Ljava/lang/Object;J)I (greylist, linking, allowed)
08-06 11:30:49.597 22209 22365 W .hkxps17.turnu: Accessing hidden method Lsun/misc/Unsafe;->getObject(Ljava/lang/Object;J)Ljava/lang/Object; (greylist, linking, allowed)
08-06 11:30:49.598 22209 22365 I Counters: exceeded sample count in FrameTime
08-06 11:30:49.608 22209 22365 W .hkxps17.turnu: Accessing hidden method Lsun/misc/Unsafe;->getObject(Ljava/lang/Object;J)Ljava/lang/Object; (greylist, linking, allowed)
08-06 11:30:49.609 22209 22365 I Counters: exceeded sample count in FrameTime
08-06 11:30:49.615 22209 22367 W .hkxps17.turnu: Accessing hidden method Lsun/misc/Unsafe;->putLong(Ljava/lang/Object;JJ)V (greylist, linking, allowed)
08-06 11:30:49.616 22209 22367 W .hkxps17.turnu: Accessing hidden method Lsun/misc/Unsafe;->putLong(Ljava/lang/Object;JJ)V (greylist, linking, allowed)
08-06 11:30:49.646 22209 22371 W .hkxps17.turnu: Accessing hidden method Lsun/misc/Unsafe;->getInt(Ljava/lang/Object;J)I (greylist, linking, allowed)
08-06 11:30:49.646 22209 22371 W .hkxps17.turnu: Accessing hidden method Lsun/misc/Unsafe;->getObject(Ljava/lang/Object;J)Ljava/lang/Object; (greylist, linking, allowed)
08-06 11:30:49.649 22209 22372 W .hkxps17.turnu: Accessing hidden method Lsun/misc/Unsafe;->getObject(Ljava/lang/Object;J)Ljava/lang/Object; (greylist, linking, allowed)
08-06 11:30:49.700 22209 22365 W .hkxps17.turnu: Accessing hidden method Lsun/misc/Unsafe;->getObject(Ljava/lang/Object;J)Ljava/lang/Object; (greylist, linking, allowed)
08-06 11:30:49.700 22209 22365 I Counters: exceeded sample count in FrameTime
08-06 11:30:49.731 22209 22373 W .hkxps17.turnu: Accessing hidden method Lsun/misc/Unsafe;->getObject(Ljava/lang/Object;J)Ljava/lang/Object; (greylist, linking, allowed)
08-06 11:30:49.737 22209 22365 W .hkxps17.turnu: Accessing hidden method Lsun/misc/Unsafe;->getObject(Ljava/lang/Object;J)Ljava/lang/Object; (greylist, linking, allowed)
08-06 11:30:49.737 22209 22365 I Counters: exceeded sample count in FrameTime
08-06 11:30:49.742  1812  2494 E GnssHAL_GnssInterface: gnssSvStatusCb: a: input svInfo.flags is 8
08-06 11:30:49.742  1812  2494 E GnssHAL_GnssInterface: gnssSvStatusCb: b: input svInfo.flags is 8
08-06 11:30:49.768 22209 22365 W .hkxps17.turnu: Accessing hidden method Lsun/misc/Unsafe;->getObject(Ljava/lang/Object;J)Ljava/lang/Object; (greylist, linking, allowed)
08-06 11:30:49.768 22209 22365 I Counters: exceeded sample count in FrameTime
08-06 11:30:49.800 22209 22365 W .hkxps17.turnu: Accessing hidden method Lsun/misc/Unsafe;->getObject(Ljava/lang/Object;J)Ljava/lang/Object; (greylist, linking, allowed)
08-06 11:30:49.800 22209 22365 I Counters: exceeded sample count in FrameTime
08-06 11:30:49.858 22209 22365 W .hkxps17.turnu: Accessing hidden method Lsun/misc/Unsafe;->getObject(Ljava/lang/Object;J)Ljava/lang/Object; (greylist, linking, allowed)
08-06 11:30:49.858 22209 22365 I Counters: exceeded sample count in FrameTime
08-06 11:30:49.895 22209 22365 W .hkxps17.turnu: Accessing hidden method Lsun/misc/Unsafe;->getObject(Ljava/lang/Object;J)Ljava/lang/Object; (greylist, linking, allowed)
08-06 11:30:49.895 22209 22365 I Counters: exceeded sample count in FrameTime
08-06 11:30:49.900 22209 22371 W .hkxps17.turnu: Accessing hidden method Lsun/misc/Unsafe;->putLong(Ljava/lang/Object;JJ)V (greylist, linking, allowed)
08-06 11:30:49.901 22209 22372 W .hkxps17.turnu: Accessing hidden method Lsun/misc/Unsafe;->putLong(Ljava/lang/Object;JJ)V (greylist, linking, allowed)
08-06 11:30:49.905 22209 22215 W .hkxps17.turnu: Accessing hidden method Lsun/misc/Unsafe;->getInt(Ljava/lang/Object;J)I (greylist, linking, allowed)
08-06 11:30:49.905 22209 22372 W .hkxps17.turnu: Accessing hidden method Lsun/misc/Unsafe;->getInt(Ljava/lang/Object;J)I (greylist, linking, allowed)
08-06 11:30:49.947 22209 22222 I .hkxps17.turnu: NativeAlloc concurrent copying GC freed 18358(1234KB) AllocSpace objects, 21(900KB) LOS objects, 49% free, 6212KB/12MB, paused 1.473ms total 171.431ms
08-06 11:30:49.949 22209 22365 W .hkxps17.turnu: Accessing hidden method Lsun/misc/Unsafe;->getInt(Ljava/lang/Object;J)I (greylist, linking, allowed)
08-06 11:30:49.949 22209 22365 W .hkxps17.turnu: Accessing hidden method Lsun/misc/Unsafe;->getObject(Ljava/lang/Object;J)Ljava/lang/Object; (greylist, linking, allowed)
08-06 11:30:49.949 22209 22365 I Counters: exceeded sample count in FrameTime
08-06 11:30:49.976 22209 22365 W .hkxps17.turnu: Accessing hidden method Lsun/misc/Unsafe;->getObject(Ljava/lang/Object;J)Ljava/lang/Object; (greylist, linking, allowed)
08-06 11:30:49.976 22209 22365 I Counters: exceeded sample count in FrameTime
08-06 11:30:49.976 22209 22373 W .hkxps17.turnu: Accessing hidden method Lsun/misc/Unsafe;->putLong(Ljava/lang/Object;JJ)V (greylist, linking, allowed)
08-06 11:30:49.999 22209 22365 W .hkxps17.turnu: Accessing hidden method Lsun/misc/Unsafe;->getInt(Ljava/lang/Object;J)I (greylist, linking, allowed)
08-06 11:30:49.999 22209 22365 W .hkxps17.turnu: Accessing hidden method Lsun/misc/Unsafe;->getObject(Ljava/lang/Object;J)Ljava/lang/Object; (greylist, linking, allowed)
08-06 11:30:50.000 22209 22365 I Counters: exceeded sample count in FrameTime
08-06 11:30:50.029 22209 22365 W .hkxps17.turnu: Accessing hidden method Lsun/misc/Unsafe;->getObject(Ljava/lang/Object;J)Ljava/lang/Object; (greylist, linking, allowed)
08-06 11:30:50.030 22209 22365 I Counters: exceeded sample count in FrameTime
08-06 11:30:50.047 22209 22365 W .hkxps17.turnu: Accessing hidden method Lsun/misc/Unsafe;->getObject(Ljava/lang/Object;J)Ljava/lang/Object; (greylist, linking, allowed)
08-06 11:30:50.047 22209 22365 I Counters: exceeded sample count in FrameTime
08-06 11:30:50.080 22209 22365 W .hkxps17.turnu: Accessing hidden method Lsun/misc/Unsafe;->getObject(Ljava/lang/Object;J)Ljava/lang/Object; (greylist, linking, allowed)
08-06 11:30:50.080 22209 22365 I Counters: exceeded sample count in FrameTime
08-06 11:30:50.097 22209 22365 W .hkxps17.turnu: Accessing hidden method Lsun/misc/Unsafe;->getObject(Ljava/lang/Object;J)Ljava/lang/Object; (greylist, linking, allowed)
08-06 11:30:50.097 22209 22365 I Counters: exceeded sample count in FrameTime
08-06 11:30:50.113 22209 22365 W .hkxps17.turnu: Accessing hidden method Lsun/misc/Unsafe;->getObject(Ljava/lang/Object;J)Ljava/lang/Object; (greylist, linking, allowed)
08-06 11:30:50.113 22209 22365 I Counters: exceeded sample count in FrameTime
08-06 11:30:50.130 22209 22365 W .hkxps17.turnu: Accessing hidden method Lsun/misc/Unsafe;->getObject(Ljava/lang/Object;J)Ljava/lang/Object; (greylist, linking, allowed)
08-06 11:30:50.131 22209 22365 I Counters: exceeded sample count in FrameTime
08-06 11:30:50.145 22209 22365 W .hkxps17.turnu: Accessing hidden method Lsun/misc/Unsafe;->getObject(Ljava/lang/Object;J)Ljava/lang/Object; (greylist, linking, allowed)
08-06 11:30:50.146 22209 22365 I Counters: exceeded sample count in FrameTime
08-06 11:30:50.160 22209 22365 W .hkxps17.turnu: Accessing hidden method Lsun/misc/Unsafe;->getObject(Ljava/lang/Object;J)Ljava/lang/Object; (greylist, linking, allowed)
08-06 11:30:50.161 22209 22365 I Counters: exceeded sample count in FrameTime
08-06 11:30:50.187 22209 22365 W .hkxps17.turnu: Accessing hidden method Lsun/misc/Unsafe;->getObject(Ljava/lang/Object;J)Ljava/lang/Object; (greylist, linking, allowed)
08-06 11:30:50.187 22209 22365 I Counters: exceeded sample count in FrameTime
08-06 11:30:50.200 22209 22365 W .hkxps17.turnu: Accessing hidden method Lsun/misc/Unsafe;->getObject(Ljava/lang/Object;J)Ljava/lang/Object; (greylist, linking, allowed)
08-06 11:30:50.200 22209 22365 I Counters: exceeded sample count in FrameTime
08-06 11:30:50.227 22209 22365 W .hkxps17.turnu: Accessing hidden method Lsun/misc/Unsafe;->getObject(Ljava/lang/Object;J)Ljava/lang/Object; (greylist, linking, allowed)
08-06 11:30:50.228 22209 22365 I Counters: exceeded sample count in FrameTime
08-06 11:30:50.252 22209 22365 W .hkxps17.turnu: Accessing hidden method Lsun/misc/Unsafe;->getObject(Ljava/lang/Object;J)Ljava/lang/Object; (greylist, linking, allowed)
08-06 11:30:50.252 22209 22365 I Counters: exceeded sample count in FrameTime
08-06 11:30:50.300 22209 22365 W .hkxps17.turnu: Accessing hidden method Lsun/misc/Unsafe;->getObject(Ljava/lang/Object;J)Ljava/lang/Object; (greylist, linking, allowed)
08-06 11:30:50.301 22209 22365 I Counters: exceeded sample count in FrameTime
08-06 11:30:50.332 22209 22365 W .hkxps17.turnu: Accessing hidden method Lsun/misc/Unsafe;->getObject(Ljava/lang/Object;J)Ljava/lang/Object; (greylist, linking, allowed)
08-06 11:30:50.332 22209 22365 I Counters: exceeded sample count in FrameTime
08-06 11:30:50.333 22209 22374 W .hkxps17.turnu: Accessing hidden method Lsun/misc/Unsafe;->getObject(Ljava/lang/Object;J)Ljava/lang/Object; (greylist, linking, allowed)
08-06 11:30:50.355 22209 22365 W .hkxps17.turnu: Accessing hidden method Lsun/misc/Unsafe;->getObject(Ljava/lang/Object;J)Ljava/lang/Object; (greylist, linking, allowed)
08-06 11:30:50.355 22209 22365 I Counters: exceeded sample count in FrameTime
08-06 11:30:50.372 22209 22365 W .hkxps17.turnu: Accessing hidden method Lsun/misc/Unsafe;->getObject(Ljava/lang/Object;J)Ljava/lang/Object; (greylist, linking, allowed)
08-06 11:30:50.372 22209 22365 I Counters: exceeded sample count in FrameTime
08-06 11:30:50.390 22209 22365 W .hkxps17.turnu: Accessing hidden method Lsun/misc/Unsafe;->getObject(Ljava/lang/Object;J)Ljava/lang/Object; (greylist, linking, allowed)
08-06 11:30:50.390 22209 22365 I Counters: exceeded sample count in FrameTime
08-06 11:30:50.408 22209 22365 W .hkxps17.turnu: Accessing hidden method Lsun/misc/Unsafe;->getObject(Ljava/lang/Object;J)Ljava/lang/Object; (greylist, linking, allowed)
08-06 11:30:50.408 22209 22365 I Counters: exceeded sample count in FrameTime
08-06 11:30:50.427 22209 22365 W .hkxps17.turnu: Accessing hidden method Lsun/misc/Unsafe;->getObject(Ljava/lang/Object;J)Ljava/lang/Object; (greylist, linking, allowed)
08-06 11:30:50.428 22209 22365 I Counters: exceeded sample count in FrameTime
08-06 11:30:50.443 22209 22365 W .hkxps17.turnu: Accessing hidden method Lsun/misc/Unsafe;->getObject(Ljava/lang/Object;J)Ljava/lang/Object; (greylist, linking, allowed)
08-06 11:30:50.443 22209 22365 I Counters: exceeded sample count in FrameTime
08-06 11:30:50.461 22209 22365 W .hkxps17.turnu: Accessing hidden method Lsun/misc/Unsafe;->getObject(Ljava/lang/Object;J)Ljava/lang/Object; (greylist, linking, allowed)
08-06 11:30:50.462 22209 22365 I Counters: exceeded sample count in FrameTime
08-06 11:30:50.483 22209 22365 W .hkxps17.turnu: Accessing hidden method Lsun/misc/Unsafe;->getObject(Ljava/lang/Object;J)Ljava/lang/Object; (greylist, linking, allowed)
08-06 11:30:50.483 22209 22365 I Counters: exceeded sample count in FrameTime
08-06 11:30:50.497 22209 22374 W .hkxps17.turnu: Accessing hidden method Lsun/misc/Unsafe;->putLong(Ljava/lang/Object;JJ)V (greylist, linking, allowed)
08-06 11:30:50.502 22209 22365 W .hkxps17.turnu: Accessing hidden method Lsun/misc/Unsafe;->getInt(Ljava/lang/Object;J)I (greylist, linking, allowed)
08-06 11:30:50.502 22209 22365 W .hkxps17.turnu: Accessing hidden method Lsun/misc/Unsafe;->getObject(Ljava/lang/Object;J)Ljava/lang/Object; (greylist, linking, allowed)
08-06 11:30:50.502 22209 22365 I Counters: exceeded sample count in FrameTime
08-06 11:30:50.540 22209 22365 W .hkxps17.turnu: Accessing hidden method Lsun/misc/Unsafe;->getObject(Ljava/lang/Object;J)Ljava/lang/Object; (greylist, linking, allowed)
08-06 11:30:50.541 22209 22365 I Counters: exceeded sample count in FrameTime
08-06 11:30:50.610 22209 22365 W .hkxps17.turnu: Accessing hidden method Lsun/misc/Unsafe;->getObject(Ljava/lang/Object;J)Ljava/lang/Object; (greylist, linking, allowed)
08-06 11:30:50.610 22209 22365 I Counters: exceeded sample count in FrameTime
08-06 11:30:50.655 22209 22365 W .hkxps17.turnu: Accessing hidden method Lsun/misc/Unsafe;->getObject(Ljava/lang/Object;J)Ljava/lang/Object; (greylist, linking, allowed)
08-06 11:30:50.655 22209 22365 I Counters: exceeded sample count in FrameTime
08-06 11:30:50.682 22209 22365 W .hkxps17.turnu: Accessing hidden method Lsun/misc/Unsafe;->getObject(Ljava/lang/Object;J)Ljava/lang/Object; (greylist, linking, allowed)
08-06 11:30:50.682 22209 22365 I Counters: exceeded sample count in FrameTime
08-06 11:30:50.683 22209 22240 D InteractionController: clickNoSync (526, 1092)
08-06 11:30:50.698 22209 22365 W .hkxps17.turnu: Accessing hidden method Lsun/misc/Unsafe;->getObject(Ljava/lang/Object;J)Ljava/lang/Object; (greylist, linking, allowed)
08-06 11:30:50.698 22209 22365 I Counters: exceeded sample count in FrameTime
08-06 11:30:50.711 22209 22365 W .hkxps17.turnu: Accessing hidden method Lsun/misc/Unsafe;->getObject(Ljava/lang/Object;J)Ljava/lang/Object; (greylist, linking, allowed)
08-06 11:30:50.713 22209 22365 I Counters: exceeded sample count in FrameTime
08-06 11:30:50.721 22209 22365 W .hkxps17.turnu: Accessing hidden method Lsun/misc/Unsafe;->getObject(Ljava/lang/Object;J)Ljava/lang/Object; (greylist, linking, allowed)
08-06 11:30:50.721 22209 22365 I Counters: exceeded sample count in FrameTime
08-06 11:30:50.738 22209 22365 W .hkxps17.turnu: Accessing hidden method Lsun/misc/Unsafe;->getObject(Ljava/lang/Object;J)Ljava/lang/Object; (greylist, linking, allowed)
08-06 11:30:50.738 22209 22365 I Counters: exceeded sample count in FrameTime
08-06 11:30:50.742  1812  2494 E GnssHAL_GnssInterface: gnssSvStatusCb: a: input svInfo.flags is 8
08-06 11:30:50.742  1812  2494 E GnssHAL_GnssInterface: gnssSvStatusCb: b: input svInfo.flags is 8
08-06 11:30:50.757 22209 22365 W .hkxps17.turnu: Accessing hidden method Lsun/misc/Unsafe;->getObject(Ljava/lang/Object;J)Ljava/lang/Object; (greylist, linking, allowed)
08-06 11:30:50.757 22209 22365 I Counters: exceeded sample count in FrameTime
08-06 11:30:50.772 22209 22365 W .hkxps17.turnu: Accessing hidden method Lsun/misc/Unsafe;->getObject(Ljava/lang/Object;J)Ljava/lang/Object; (greylist, linking, allowed)
08-06 11:30:50.772 22209 22365 I Counters: exceeded sample count in FrameTime
08-06 11:30:50.790 22209 22365 W .hkxps17.turnu: Accessing hidden method Lsun/misc/Unsafe;->getObject(Ljava/lang/Object;J)Ljava/lang/Object; (greylist, linking, allowed)
08-06 11:30:50.790 22209 22365 I Counters: exceeded sample count in FrameTime
08-06 11:30:50.809 22209 22365 W .hkxps17.turnu: Accessing hidden method Lsun/misc/Unsafe;->getObject(Ljava/lang/Object;J)Ljava/lang/Object; (greylist, linking, allowed)
08-06 11:30:50.809 22209 22365 I Counters: exceeded sample count in FrameTime
08-06 11:30:50.828 22209 22209 D LifecycleMonitor: Lifecycle status change: com.hkxps17.turnup.MapsActivity@d29a789 in: PAUSED
08-06 11:30:50.828 22209 22209 V ActivityScenario: Activity lifecycle changed event received but ignored because the intent does not match. startActivityIntent=Intent { act=android.intent.action.MAIN cat=[android.intent.category.LAUNCHER] cmp=com.hkxps17.turnup/.LoginActivity }, activity.getIntent()=Intent { cmp=com.hkxps17.turnup/.MapsActivity }, activity=com.hkxps17.turnup.MapsActivity@d29a789
08-06 11:30:50.829  2045  3313 W InputReader: Device has associated, but no associated display id.
08-06 11:30:50.831  2045  3313 I chatty  : uid=1000(system) Binder:2045_18 identical 36 lines
08-06 11:30:50.831  2045  3313 W InputReader: Device has associated, but no associated display id.
08-06 11:30:50.832 22242 22242 W ActivityThread: handleWindowVisibility: no activity for token android.os.BinderProxy@b52c677
08-06 11:30:50.831  2045  3313 W InputReader: Device has associated, but no associated display id.
08-06 11:30:50.836  2045  3313 I chatty  : uid=1000(system) Binder:2045_18 identical 10 lines
08-06 11:30:50.836  2045  3313 W InputReader: Device has associated, but no associated display id.
08-06 11:30:50.838 22209 22365 W .hkxps17.turnu: Accessing hidden method Lsun/misc/Unsafe;->getObject(Ljava/lang/Object;J)Ljava/lang/Object; (greylist, linking, allowed)
08-06 11:30:50.838 22209 22365 I Counters: exceeded sample count in FrameTime
08-06 11:30:50.858 22209 22209 E libprocessgroup: set_timerslack_ns write failed: Operation not permitted
08-06 11:30:50.879 22209 22365 W .hkxps17.turnu: Accessing hidden method Lsun/misc/Unsafe;->getObject(Ljava/lang/Object;J)Ljava/lang/Object; (greylist, linking, allowed)
08-06 11:30:50.879 22209 22365 I Counters: exceeded sample count in FrameTime
08-06 11:30:50.881 22209 22209 D LifecycleMonitor: Lifecycle status change: com.hkxps17.turnup.LoginActivity@cabaac in: DESTROYED
08-06 11:30:50.881 22209 22209 V ActivityScenario: Update currentActivityStage to DESTROYED, currentActivity=null
08-06 11:30:50.908 22242 22273 D HostConnection: HostConnection::get() New Host Connection established 0xdf70cb90, tid 22273
08-06 11:30:50.910 22242 22273 D HostConnection: HostComposition ext ANDROID_EMU_CHECKSUM_HELPER_v1 ANDROID_EMU_dma_v1 ANDROID_EMU_direct_mem ANDROID_EMU_host_composition_v1 ANDROID_EMU_host_composition_v2 ANDROID_EMU_vulkan ANDROID_EMU_deferred_vulkan_commands ANDROID_EMU_vulkan_null_optional_strings ANDROID_EMU_vulkan_create_resources_with_requirements ANDROID_EMU_YUV420_888_to_NV21 ANDROID_EMU_YUV_Cache ANDROID_EMU_vulkan_free_memory_sync ANDROID_EMU_vulkan_shader_float16_int8 ANDROID_EMU_vulkan_async_queue_submit ANDROID_EMU_sync_buffer_data GL_OES_vertex_array_object GL_KHR_texture_compression_astc_ldr ANDROID_EMU_host_side_tracing ANDROID_EMU_gles_max_version_2
08-06 11:30:50.917 22242 22273 W OpenGLRenderer: Failed to choose config with EGL_SWAP_BEHAVIOR_PRESERVED, retrying without...
08-06 11:30:50.940 22242 22273 D eglCodecCommon: setVertexArrayObject: set vao to 0 (0) 0 0
08-06 11:30:50.940 22242 22273 D EGL_emulation: eglCreateContext: 0xf5e7fa00: maj 2 min 0 rcv 2
08-06 11:30:50.985 22242 22273 D EGL_emulation: eglMakeCurrent: 0xf5e7fa00: ver 2 0 (tinfo 0xf5e895d0)
08-06 11:30:50.992 22209 22209 D TITLE   : English Bay
08-06 11:30:50.997  1813  1813 D gralloc_ranchu: gralloc_alloc: Creating ashmem region of size 9334784
08-06 11:30:51.001  1683  1683 I hwservicemanager: getTransport: Cannot find entry android.hardware.graphics.mapper@3.0::IMapper/default in either framework or device manifest.
08-06 11:30:51.001 22242 22273 W Gralloc3: mapper 3.x is not supported
08-06 11:30:51.002 22209 22365 W .hkxps17.turnu: Accessing hidden method Lsun/misc/Unsafe;->getObject(Ljava/lang/Object;J)Ljava/lang/Object; (greylist, linking, allowed)
08-06 11:30:51.003 22209 22365 I Counters: exceeded sample count in FrameTime
08-06 11:30:51.014 22242 22273 D HostConnection: createUnique: call
08-06 11:30:51.017 22242 22273 D HostConnection: HostConnection::get() New Host Connection established 0xdf70e940, tid 22273
08-06 11:30:51.018 22242 22273 D HostConnection: HostComposition ext ANDROID_EMU_CHECKSUM_HELPER_v1 ANDROID_EMU_dma_v1 ANDROID_EMU_direct_mem ANDROID_EMU_host_composition_v1 ANDROID_EMU_host_composition_v2 ANDROID_EMU_vulkan ANDROID_EMU_deferred_vulkan_commands ANDROID_EMU_vulkan_null_optional_strings ANDROID_EMU_vulkan_create_resources_with_requirements ANDROID_EMU_YUV420_888_to_NV21 ANDROID_EMU_YUV_Cache ANDROID_EMU_vulkan_free_memory_sync ANDROID_EMU_vulkan_shader_float16_int8 ANDROID_EMU_vulkan_async_queue_submit ANDROID_EMU_sync_buffer_data GL_OES_vertex_array_object GL_KHR_texture_compression_astc_ldr ANDROID_EMU_host_side_tracing ANDROID_EMU_gles_max_version_2
08-06 11:30:51.018 22242 22273 D eglCodecCommon: allocate: Ask for block of size 0x1000
08-06 11:30:51.018 22242 22273 D eglCodecCommon: allocate: ioctl allocate returned offset 0x3ff704000 size 0x2000
08-06 11:30:51.021 22209 22365 W .hkxps17.turnu: Accessing hidden method Lsun/misc/Unsafe;->getObject(Ljava/lang/Object;J)Ljava/lang/Object; (greylist, linking, allowed)
08-06 11:30:51.022 22209 22365 I Counters: exceeded sample count in FrameTime
08-06 11:30:51.023  1813  1813 D gralloc_ranchu: gralloc_alloc: Creating ashmem region of size 9334784
08-06 11:30:51.026  1813  1813 D gralloc_ranchu: gralloc_alloc: Creating ashmem region of size 9334784
08-06 11:30:51.028 22242 22273 D EGL_emulation: eglMakeCurrent: 0xf5e7fa00: ver 2 0 (tinfo 0xf5e895d0)
08-06 11:30:51.032 22242 22273 D eglCodecCommon: setVertexArrayObject: set vao to 0 (0) 1 0
08-06 11:30:51.161  2045  2062 W InputReader: Device has associated, but no associated display id.
08-06 11:30:51.172  2045  2062 I chatty  : uid=1000(system) Binder:2045_2 identical 48 lines
08-06 11:30:51.172  2045  2062 W InputReader: Device has associated, but no associated display id.
08-06 11:30:51.183 22242 22242 W ActivityThread: handleWindowVisibility: no activity for token android.os.BinderProxy@f56e681
08-06 11:30:51.239 22209 22240 I TestRunner: finished: locationLikeTest(com.hkxps17.turnup.LocationVisitTest)

