08-06 11:18:50.918 18705 18705 W .hkxps17.turnu: Accessing hidden method Lsun/misc/Unsafe;->putLong(Ljava/lang/Object;JJ)V (greylist, reflection, allowed)
08-06 11:18:50.918 18705 18705 W .hkxps17.turnu: Accessing hidden method Lsun/misc/Unsafe;->getObject(Ljava/lang/Object;J)Ljava/lang/Object; (greylist, reflection, allowed)
08-06 11:18:50.918 18705 18705 W .hkxps17.turnu: Accessing hidden method Lsun/misc/Unsafe;->putObject(Ljava/lang/Object;JLjava/lang/Object;)V (greylist, reflection, allowed)
08-06 11:18:50.923 18705 18705 W .hkxps17.turnu: Accessing hidden method Lsun/misc/Unsafe;->putObject(Ljava/lang/Object;JLjava/lang/Object;)V (greylist, linking, allowed)
08-06 11:18:50.923 18705 18705 W .hkxps17.turnu: Accessing hidden method Lsun/misc/Unsafe;->putInt(Ljava/lang/Object;JI)V (greylist, linking, allowed)
08-06 11:18:50.934 18705 18705 I Google Maps Android API: Google Play services package version: 222615031
08-06 11:18:50.934 18705 18705 I Google Maps Android API: Google Play services maps renderer version(legacy): 203115000
08-06 11:18:50.945 18705 18705 W .hkxps17.turnu: Accessing hidden method Lsun/misc/Unsafe;->compareAndSwapObject(Ljava/lang/Object;JLjava/lang/Object;Ljava/lang/Object;)Z (greylist, linking, allowed)
08-06 11:18:51.045 18705 18705 W .hkxps17.turnu: Accessing hidden method Lsun/misc/Unsafe;->putObject(Ljava/lang/Object;JLjava/lang/Object;)V (greylist, linking, allowed)
08-06 11:18:51.054 18705 18705 W .hkxps17.turnu: Accessing hidden method Lsun/misc/Unsafe;->putInt(Ljava/lang/Object;JI)V (greylist, linking, allowed)
08-06 11:18:51.054 18705 18705 W .hkxps17.turnu: Accessing hidden method Lsun/misc/Unsafe;->putLong(Ljava/lang/Object;JJ)V (greylist, linking, allowed)
08-06 11:18:51.057 18705 18705 W .hkxps17.turnu: Accessing hidden method Lsun/misc/Unsafe;->putObject(Ljava/lang/Object;JLjava/lang/Object;)V (greylist, linking, allowed)
08-06 11:18:51.057 18705 18705 W .hkxps17.turnu: Accessing hidden method Lsun/misc/Unsafe;->putLong(Ljava/lang/Object;JJ)V (greylist, linking, allowed)
08-06 11:18:51.098 18705 18705 W .hkxps17.turnu: Accessing hidden method Lsun/misc/Unsafe;->compareAndSwapObject(Ljava/lang/Object;JLjava/lang/Object;Ljava/lang/Object;)Z (greylist, linking, allowed)
08-06 11:18:51.105 18705 18705 D MapsInitializer: loadedRenderer: LEGACY
08-06 11:18:51.106 18705 18705 D zzca    : preferredRenderer: null
08-06 11:18:51.109 18705 18705 I Google Maps Android API: Google Play services package version: 222615031
08-06 11:18:51.109 18705 18705 I Google Maps Android API: Google Play services maps renderer version(legacy): 203115000
08-06 11:18:51.249 18705 18844 W .hkxps17.turnu: Accessing hidden method Lsun/misc/Unsafe;->putInt(Ljava/lang/Object;JI)V (greylist, linking, allowed)
08-06 11:18:51.249 18705 18844 W .hkxps17.turnu: Accessing hidden method Lsun/misc/Unsafe;->getInt(Ljava/lang/Object;J)I (greylist, linking, allowed)
08-06 11:18:51.249 18705 18844 W .hkxps17.turnu: Accessing hidden method Lsun/misc/Unsafe;->putLong(Ljava/lang/Object;JJ)V (greylist, linking, allowed)
08-06 11:18:51.250 18705 18844 W .hkxps17.turnu: Accessing hidden method Lsun/misc/Unsafe;->getObject(Ljava/lang/Object;J)Ljava/lang/Object; (greylist, linking, allowed)
08-06 11:18:51.250 18705 18844 W .hkxps17.turnu: Accessing hidden method Lsun/misc/Unsafe;->putObject(Ljava/lang/Object;JLjava/lang/Object;)V (greylist, linking, allowed)
08-06 11:18:51.268 18705 18844 W .hkxps17.turnu: Accessing hidden method Lsun/misc/Unsafe;->getObject(Ljava/lang/Object;J)Ljava/lang/Object; (greylist, linking, allowed)
08-06 11:18:51.268 18705 18844 W .hkxps17.turnu: Accessing hidden method Lsun/misc/Unsafe;->putObject(Ljava/lang/Object;JLjava/lang/Object;)V (greylist, linking, allowed)
08-06 11:18:51.275 18705 18846 W .hkxps17.turnu: Accessing hidden method Lsun/misc/Unsafe;->getObject(Ljava/lang/Object;J)Ljava/lang/Object; (greylist, linking, allowed)
08-06 11:18:51.275 18705 18846 W .hkxps17.turnu: Accessing hidden method Lsun/misc/Unsafe;->putObject(Ljava/lang/Object;JLjava/lang/Object;)V (greylist, linking, allowed)
08-06 11:18:51.286 10890 17550 I PlacesLogger: [PlaceInferenceEngine]: [anon] Changed inference mode: 0 [CONTEXT service_id=253 ]
08-06 11:18:51.287 10890 17550 I PlacesLogger: [PlaceInferenceEngine]: [account#964950087] Changed inference mode: 0 [CONTEXT service_id=253 ]
08-06 11:18:51.288 18705 18705 W .hkxps17.turnu: Accessing hidden method Lsun/misc/Unsafe;->compareAndSwapObject(Ljava/lang/Object;JLjava/lang/Object;Ljava/lang/Object;)Z (greylist, linking, allowed)
08-06 11:18:51.311 18705 18846 W .hkxps17.turnu: Accessing hidden method Lsun/misc/Unsafe;->getLong(Ljava/lang/Object;J)J (greylist,core-platform-api, linking, allowed)
08-06 11:18:51.311 18705 18846 W .hkxps17.turnu: Accessing hidden method Lsun/misc/Unsafe;->getObject(Ljava/lang/Object;J)Ljava/lang/Object; (greylist, linking, allowed)
08-06 11:18:51.311 18705 18846 I chatty  : uid=10135(com.hkxps17.turnup) androidmapsapi- identical 1 line
08-06 11:18:51.318 18705 18846 W .hkxps17.turnu: Accessing hidden method Lsun/misc/Unsafe;->getObject(Ljava/lang/Object;J)Ljava/lang/Object; (greylist, linking, allowed)
08-06 11:18:51.341 10890 11237 W MessageQueue: Handler (apir) {9f6c852} sending message to a Handler on a dead thread
08-06 11:18:51.341 10890 11237 W MessageQueue: java.lang.IllegalStateException: Handler (apir) {9f6c852} sending message to a Handler on a dead thread
08-06 11:18:51.341 10890 11237 W MessageQueue: 	at android.os.MessageQueue.enqueueMessage(MessageQueue.java:558)
08-06 11:18:51.341 10890 11237 W MessageQueue: 	at android.os.Handler.enqueueMessage(Handler.java:754)
08-06 11:18:51.341 10890 11237 W MessageQueue: 	at android.os.Handler.sendMessageAtTime(Handler.java:703)
08-06 11:18:51.341 10890 11237 W MessageQueue: 	at apir.sendMessageAtTime(:com.google.android.gms@222615031@22.26.15 (100700-461192076):0)
08-06 11:18:51.341 10890 11237 W MessageQueue: 	at android.os.Handler.sendMessageDelayed(Handler.java:673)
08-06 11:18:51.341 10890 11237 W MessageQueue: 	at android.os.Handler.post(Handler.java:403)
08-06 11:18:51.341 10890 11237 W MessageQueue: 	at bthk.execute(:com.google.android.gms@222615031@22.26.15 (100700-461192076):0)
08-06 11:18:51.341 10890 11237 W MessageQueue: 	at ajaq.execute(:com.google.android.gms@222615031@22.26.15 (100700-461192076):0)
08-06 11:18:51.341 10890 11237 W MessageQueue: 	at blzs.hS(:com.google.android.gms@222615031@22.26.15 (100700-461192076):2)
08-06 11:18:51.341 10890 11237 W MessageQueue: 	at bmah.b(:com.google.android.gms@222615031@22.26.15 (100700-461192076):5)
08-06 11:18:51.341 10890 11237 W MessageQueue: 	at bmao.B(:com.google.android.gms@222615031@22.26.15 (100700-461192076):3)
08-06 11:18:51.341 10890 11237 W MessageQueue: 	at bmaj.b(:com.google.android.gms@222615031@22.26.15 (100700-461192076):0)
08-06 11:18:51.341 10890 11237 W MessageQueue: 	at xzq.b(:com.google.android.gms@222615031@22.26.15 (100700-461192076):1)
08-06 11:18:51.341 10890 11237 W MessageQueue: 	at xzq.a(:com.google.android.gms@222615031@22.26.15 (100700-461192076):0)
08-06 11:18:51.341 10890 11237 W MessageQueue: 	at arga.b(:com.google.android.gms@222615031@22.26.15 (100700-461192076):0)
08-06 11:18:51.341 10890 11237 W MessageQueue: 	at xye.el(:com.google.android.gms@222615031@22.26.15 (100700-461192076):0)
08-06 11:18:51.341 10890 11237 W MessageQueue: 	at ezt.onTransact(:com.google.android.gms@222615031@22.26.15 (100700-461192076):8)
08-06 11:18:51.341 10890 11237 W MessageQueue: 	at android.os.Binder.execTransactInternal(Binder.java:1021)
08-06 11:18:51.341 10890 11237 W MessageQueue: 	at android.os.Binder.execTransact(Binder.java:994)
08-06 11:18:51.462 18705 18705 W .hkxps17.turnu: Accessing hidden method Lsun/misc/Unsafe;->compareAndSwapObject(Ljava/lang/Object;JLjava/lang/Object;Ljava/lang/Object;)Z (greylist, linking, allowed)
08-06 11:18:51.464 18705 18705 W .hkxps17.turnu: Accessing hidden method Lsun/misc/Unsafe;->getObject(Ljava/lang/Object;J)Ljava/lang/Object; (greylist, linking, allowed)
08-06 11:18:51.464 18705 18705 W .hkxps17.turnu: Accessing hidden method Lsun/misc/Unsafe;->putObject(Ljava/lang/Object;JLjava/lang/Object;)V (greylist, linking, allowed)
08-06 11:18:51.464 18705 18705 W .hkxps17.turnu: Accessing hidden method Lsun/misc/Unsafe;->getInt(Ljava/lang/Object;J)I (greylist, linking, allowed)
08-06 11:18:51.467 18705 18705 W .hkxps17.turnu: Accessing hidden method Lsun/misc/Unsafe;->putInt(Ljava/lang/Object;JI)V (greylist, linking, allowed)
08-06 11:18:51.554 18705 18705 D LifecycleMonitor: Lifecycle status change: com.hkxps17.turnup.MapsActivity@9a85d0 in: CREATED
08-06 11:18:51.555 18705 18705 V ActivityScenario: Activity lifecycle changed event received but ignored because the intent does not match. startActivityIntent=Intent { act=android.intent.action.MAIN cat=[android.intent.category.LAUNCHER] cmp=com.hkxps17.turnup/.LoginActivity }, activity.getIntent()=Intent { cmp=com.hkxps17.turnup/.MapsActivity }, activity=com.hkxps17.turnup.MapsActivity@9a85d0
08-06 11:18:51.571 18705 18705 W .hkxps17.turnu: Accessing hidden method Lsun/misc/Unsafe;->compareAndSwapObject(Ljava/lang/Object;JLjava/lang/Object;Ljava/lang/Object;)Z (greylist, linking, allowed)
08-06 11:18:51.575 18705 18705 D LifecycleMonitor: Lifecycle status change: com.hkxps17.turnup.MapsActivity@9a85d0 in: STARTED
08-06 11:18:51.575 18705 18705 V ActivityScenario: Activity lifecycle changed event received but ignored because the intent does not match. startActivityIntent=Intent { act=android.intent.action.MAIN cat=[android.intent.category.LAUNCHER] cmp=com.hkxps17.turnup/.LoginActivity }, activity.getIntent()=Intent { cmp=com.hkxps17.turnup/.MapsActivity }, activity=com.hkxps17.turnup.MapsActivity@9a85d0
08-06 11:18:51.576 18705 18705 D LifecycleMonitor: Lifecycle status change: com.hkxps17.turnup.MapsActivity@9a85d0 in: RESUMED
08-06 11:18:51.576 18705 18705 V ActivityScenario: Activity lifecycle changed event received but ignored because the intent does not match. startActivityIntent=Intent { act=android.intent.action.MAIN cat=[android.intent.category.LAUNCHER] cmp=com.hkxps17.turnup/.LoginActivity }, activity.getIntent()=Intent { cmp=com.hkxps17.turnup/.MapsActivity }, activity=com.hkxps17.turnup.MapsActivity@9a85d0
08-06 11:18:51.631  1812  2494 E GnssHAL_GnssInterface: gnssSvStatusCb: a: input svInfo.flags is 8
08-06 11:18:51.631  1812  2494 E GnssHAL_GnssInterface: gnssSvStatusCb: b: input svInfo.flags is 8
08-06 11:18:51.642 18705 18718 I .hkxps17.turnu: Background concurrent copying GC freed 37999(3616KB) AllocSpace objects, 36(848KB) LOS objects, 49% free, 4618KB/9237KB, paused 1.300ms total 131.814ms
08-06 11:18:51.777 18705 18829 W .hkxps17.turnu: Accessing hidden method Lsun/misc/Unsafe;->getLong(Ljava/lang/Object;J)J (greylist,core-platform-api, linking, allowed)
08-06 11:18:51.781 18705 18723 W .hkxps17.turnu: Accessing hidden method Lsun/misc/Unsafe;->compareAndSwapObject(Ljava/lang/Object;JLjava/lang/Object;Ljava/lang/Object;)Z (greylist, linking, allowed)
08-06 11:18:51.781 18705 18723 I ba      : Successfully registered with Phenotype.
08-06 11:18:51.792 18705 18829 W .hkxps17.turnu: Accessing hidden method Lsun/misc/Unsafe;->compareAndSwapObject(Ljava/lang/Object;JLjava/lang/Object;Ljava/lang/Object;)Z (greylist, linking, allowed)
08-06 11:18:51.800 18705 18829 W .hkxps17.turnu: Accessing hidden method Lsun/misc/Unsafe;->compareAndSwapObject(Ljava/lang/Object;JLjava/lang/Object;Ljava/lang/Object;)Z (greylist, linking, allowed)
08-06 11:18:51.815  1813 15468 D gralloc_ranchu: gralloc_alloc: Creating ashmem region of size 9334784
08-06 11:18:51.882  1813 15468 D gralloc_ranchu: gralloc_alloc: Creating ashmem region of size 9334784
08-06 11:18:51.890 18705 18857 D HostConnection: HostConnection::get() New Host Connection established 0xe2c57180, tid 18857
08-06 11:18:51.891 18705 18857 D HostConnection: HostComposition ext ANDROID_EMU_CHECKSUM_HELPER_v1 ANDROID_EMU_dma_v1 ANDROID_EMU_direct_mem ANDROID_EMU_host_composition_v1 ANDROID_EMU_host_composition_v2 ANDROID_EMU_vulkan ANDROID_EMU_deferred_vulkan_commands ANDROID_EMU_vulkan_null_optional_strings ANDROID_EMU_vulkan_create_resources_with_requirements ANDROID_EMU_YUV420_888_to_NV21 ANDROID_EMU_YUV_Cache ANDROID_EMU_vulkan_free_memory_sync ANDROID_EMU_vulkan_shader_float16_int8 ANDROID_EMU_vulkan_async_queue_submit ANDROID_EMU_sync_buffer_data GL_OES_vertex_array_object GL_KHR_texture_compression_astc_ldr ANDROID_EMU_host_side_tracing ANDROID_EMU_gles_max_version_2
08-06 11:18:51.894  1813  1813 D gralloc_ranchu: gralloc_alloc: Creating ashmem region of size 9334784
08-06 11:18:51.969 18705 18857 D eglCodecCommon: setVertexArrayObject: set vao to 0 (0) 0 0
08-06 11:18:51.969 18705 18857 D EGL_emulation: eglCreateContext: 0xe2c1b800: maj 1 min 0 rcv 1
08-06 11:18:51.970 18705 18772 D EGL_emulation: eglMakeCurrent: 0xf5e534a0: ver 2 0 (tinfo 0xf5e89b40)
08-06 11:18:51.979  1683  1683 I hwservicemanager: getTransport: Cannot find entry android.hardware.graphics.allocator@3.0::IAllocator/default in either framework or device manifest.
08-06 11:18:51.981 18705 18857 W Gralloc3: allocator 3.x is not supported
08-06 11:18:51.987  1813  1813 D gralloc_ranchu: gralloc_alloc: Creating ashmem region of size 8478720
08-06 11:18:52.126 18705 18857 D EGL_emulation: eglMakeCurrent: 0xe2c1b800: ver 1 0 (tinfo 0xe2c0fda0)
08-06 11:18:52.573 18705 18705 W .hkxps17.turnu: Accessing hidden method Ldalvik/system/CloseGuard;->get()Ldalvik/system/CloseGuard; (greylist,core-platform-api, reflection, allowed)
08-06 11:18:52.574 18705 18705 W .hkxps17.turnu: Accessing hidden method Ldalvik/system/CloseGuard;->open(Ljava/lang/String;)V (greylist,core-platform-api, reflection, allowed)
08-06 11:18:52.574 18705 18705 W .hkxps17.turnu: Accessing hidden method Ldalvik/system/CloseGuard;->warnIfOpen()V (greylist,core-platform-api, reflection, allowed)
08-06 11:18:52.613  1813  1813 D gralloc_ranchu: gralloc_alloc: Creating ashmem region of size 8478720
08-06 11:18:52.615 18705 18862 W .hkxps17.turnu: Accessing hidden method Lsun/misc/Unsafe;->getObject(Ljava/lang/Object;J)Ljava/lang/Object; (greylist, linking, allowed)
08-06 11:18:52.628 18705 18862 W .hkxps17.turnu: Accessing hidden method Lsun/misc/Unsafe;->getObject(Ljava/lang/Object;J)Ljava/lang/Object; (greylist, linking, allowed)
08-06 11:18:52.633  1812  2494 E GnssHAL_GnssInterface: gnssSvStatusCb: a: input svInfo.flags is 8
08-06 11:18:52.633  1812  2494 E GnssHAL_GnssInterface: gnssSvStatusCb: b: input svInfo.flags is 8
08-06 11:18:52.648 18705 18862 W .hkxps17.turnu: Accessing hidden method Lsun/misc/Unsafe;->getObject(Ljava/lang/Object;J)Ljava/lang/Object; (greylist, linking, allowed)
08-06 11:18:52.770 18705 18862 I chatty  : uid=10135(com.hkxps17.turnup) androidmapsapi- identical 7 lines
08-06 11:18:52.783 18705 18862 W .hkxps17.turnu: Accessing hidden method Lsun/misc/Unsafe;->getObject(Ljava/lang/Object;J)Ljava/lang/Object; (greylist, linking, allowed)
08-06 11:18:52.790 18705 18772 D EGL_emulation: eglMakeCurrent: 0xf5e534a0: ver 2 0 (tinfo 0xf5e89b40)
08-06 11:18:52.817 18705 18862 W .hkxps17.turnu: Accessing hidden method Lsun/misc/Unsafe;->getObject(Ljava/lang/Object;J)Ljava/lang/Object; (greylist, linking, allowed)
08-06 11:18:52.831 18705 18862 I chatty  : uid=10135(com.hkxps17.turnup) androidmapsapi- identical 1 line
08-06 11:18:52.883 18705 18862 W .hkxps17.turnu: Accessing hidden method Lsun/misc/Unsafe;->getObject(Ljava/lang/Object;J)Ljava/lang/Object; (greylist, linking, allowed)
08-06 11:18:52.894 18705 18772 I OpenGLRenderer: Davey! duration=1336ms; Flags=1, IntendedVsync=4981165802516, Vsync=4981399135840, OldestInputEvent=9223372036854775807, NewestInputEvent=0, HandleInputStart=4981410239300, AnimationStart=4981410351500, PerformTraversalsStart=4981411340700, DrawStart=4982389625700, SyncQueued=4982399161100, SyncStart=4982406475100, IssueDrawCommandsStart=4982407151800, SwapBuffers=4982483937400, FrameCompleted=4982509144800, DequeueBufferDuration=452000, QueueBufferDuration=907000,
08-06 11:18:52.897 18705 18862 W .hkxps17.turnu: Accessing hidden method Lsun/misc/Unsafe;->getObject(Ljava/lang/Object;J)Ljava/lang/Object; (greylist, linking, allowed)
08-06 11:18:52.907 18705 18862 W .hkxps17.turnu: Accessing hidden method Lsun/misc/Unsafe;->getObject(Ljava/lang/Object;J)Ljava/lang/Object; (greylist, linking, allowed)
08-06 11:18:52.911  2045  2069 W InputReader: Device has associated, but no associated display id.
08-06 11:18:52.911  2045  2069 I chatty  : uid=1000(system) android.anim identical 8 lines
08-06 11:18:52.911  2045  2069 W InputReader: Device has associated, but no associated display id.
08-06 11:18:52.912 18705 18705 I Choreographer: Skipped 66 frames!  The application may be doing too much work on its main thread.
08-06 11:18:52.912  2045  2069 W InputReader: Device has associated, but no associated display id.
08-06 11:18:52.912  2045  2069 I chatty  : uid=1000(system) android.anim identical 8 lines
08-06 11:18:52.913  2045  2069 W InputReader: Device has associated, but no associated display id.
08-06 11:18:52.917 18705 18772 D EGL_emulation: eglMakeCurrent: 0xf5e534a0: ver 2 0 (tinfo 0xf5e89b40)
08-06 11:18:52.923 18705 18857 W .hkxps17.turnu: Accessing hidden field Ljava/nio/Buffer;->position:I (greylist, JNI, allowed)
08-06 11:18:52.923 18705 18857 W .hkxps17.turnu: Accessing hidden field Ljava/nio/Buffer;->limit:I (greylist, JNI, allowed)
08-06 11:18:52.923 18705 18857 W .hkxps17.turnu: Accessing hidden field Ljava/nio/Buffer;->_elementSizeShift:I (greylist, JNI, allowed)
08-06 11:18:52.929 18705 18772 I OpenGLRenderer: Davey! duration=1120ms; Flags=0, IntendedVsync=4981418508741, Vsync=4982518508697, OldestInputEvent=9223372036854775807, NewestInputEvent=0, HandleInputStart=4982527419100, AnimationStart=4982527490600, PerformTraversalsStart=4982527623600, DrawStart=4982527750100, SyncQueued=4982527802000, SyncStart=4982532339700, IssueDrawCommandsStart=4982532397600, SwapBuffers=4982534052500, FrameCompleted=4982543984400, DequeueBufferDuration=556000, QueueBufferDuration=2641000,
08-06 11:18:52.932 18705 18846 W .hkxps17.turnu: Accessing hidden method Lsun/misc/Unsafe;->putObject(Ljava/lang/Object;JLjava/lang/Object;)V (greylist, linking, allowed)
08-06 11:18:52.932 18705 18846 W .hkxps17.turnu: Accessing hidden method Lsun/misc/Unsafe;->putLong(Ljava/lang/Object;JJ)V (greylist, linking, allowed)
08-06 11:18:52.938 18705 18862 W .hkxps17.turnu: Accessing hidden method Lsun/misc/Unsafe;->getObject(Ljava/lang/Object;J)Ljava/lang/Object; (greylist, linking, allowed)
08-06 11:18:52.941 18705 18846 W .hkxps17.turnu: Accessing hidden method Lsun/misc/Unsafe;->putObject(Ljava/lang/Object;JLjava/lang/Object;)V (greylist, linking, allowed)
08-06 11:18:52.941 18705 18846 W .hkxps17.turnu: Accessing hidden method Lsun/misc/Unsafe;->putLong(Ljava/lang/Object;JJ)V (greylist, linking, allowed)
08-06 11:18:52.942 18705 18846 W .hkxps17.turnu: Accessing hidden method Lsun/misc/Unsafe;->putObject(Ljava/lang/Object;JLjava/lang/Object;)V (greylist, linking, allowed)
08-06 11:18:52.942 18705 18846 W .hkxps17.turnu: Accessing hidden method Lsun/misc/Unsafe;->putLong(Ljava/lang/Object;JJ)V (greylist, linking, allowed)
08-06 11:18:52.958 18705 18862 W .hkxps17.turnu: Accessing hidden method Lsun/misc/Unsafe;->getObject(Ljava/lang/Object;J)Ljava/lang/Object; (greylist, linking, allowed)
08-06 11:18:52.968 18705 18846 W .hkxps17.turnu: Accessing hidden method Lsun/misc/Unsafe;->putObject(Ljava/lang/Object;JLjava/lang/Object;)V (greylist, linking, allowed)
08-06 11:18:52.975 18705 18862 W .hkxps17.turnu: Accessing hidden method Lsun/misc/Unsafe;->getObject(Ljava/lang/Object;J)Ljava/lang/Object; (greylist, linking, allowed)
08-06 11:18:52.978  1813  1813 D gralloc_ranchu: gralloc_alloc: Creating ashmem region of size 8478720
08-06 11:18:52.999 18705 18868 W .hkxps17.turnu: Accessing hidden method Lsun/misc/Unsafe;->getObject(Ljava/lang/Object;J)Ljava/lang/Object; (greylist, linking, allowed)
08-06 11:18:53.002 18705 18868 W .hkxps17.turnu: Accessing hidden method Lsun/misc/Unsafe;->putObject(Ljava/lang/Object;JLjava/lang/Object;)V (greylist, linking, allowed)
08-06 11:18:53.003 18705 18862 W .hkxps17.turnu: Accessing hidden method Lsun/misc/Unsafe;->getObject(Ljava/lang/Object;J)Ljava/lang/Object; (greylist, linking, allowed)
08-06 11:18:53.017 18705 18772 D EGL_emulation: eglMakeCurrent: 0xf5e534a0: ver 2 0 (tinfo 0xf5e89b40)
08-06 11:18:53.025 18705 18862 W .hkxps17.turnu: Accessing hidden method Lsun/misc/Unsafe;->getObject(Ljava/lang/Object;J)Ljava/lang/Object; (greylist, linking, allowed)
08-06 11:18:53.037 18705 18868 W .hkxps17.turnu: Accessing hidden method Lsun/misc/Unsafe;->getObject(Ljava/lang/Object;J)Ljava/lang/Object; (greylist, linking, allowed)
08-06 11:18:53.042 18705 18862 W .hkxps17.turnu: Accessing hidden method Lsun/misc/Unsafe;->getObject(Ljava/lang/Object;J)Ljava/lang/Object; (greylist, linking, allowed)
08-06 11:18:53.057 18705 18862 W .hkxps17.turnu: Accessing hidden method Lsun/misc/Unsafe;->getObject(Ljava/lang/Object;J)Ljava/lang/Object; (greylist, linking, allowed)
08-06 11:18:53.060 18705 18772 D EGL_emulation: eglMakeCurrent: 0xf5e534a0: ver 2 0 (tinfo 0xf5e89b40)
08-06 11:18:53.068 18705 18862 W .hkxps17.turnu: Accessing hidden method Lsun/misc/Unsafe;->getObject(Ljava/lang/Object;J)Ljava/lang/Object; (greylist, linking, allowed)
08-06 11:18:53.071 18705 18772 D EGL_emulation: eglMakeCurrent: 0xf5e534a0: ver 2 0 (tinfo 0xf5e89b40)
08-06 11:18:53.082 18705 18862 W .hkxps17.turnu: Accessing hidden method Lsun/misc/Unsafe;->getObject(Ljava/lang/Object;J)Ljava/lang/Object; (greylist, linking, allowed)
08-06 11:18:53.099 18705 18862 W .hkxps17.turnu: Accessing hidden method Lsun/misc/Unsafe;->getObject(Ljava/lang/Object;J)Ljava/lang/Object; (greylist, linking, allowed)
08-06 11:18:53.109 18705 18772 D EGL_emulation: eglMakeCurrent: 0xf5e534a0: ver 2 0 (tinfo 0xf5e89b40)
08-06 11:18:53.115 18705 18862 W .hkxps17.turnu: Accessing hidden method Lsun/misc/Unsafe;->getObject(Ljava/lang/Object;J)Ljava/lang/Object; (greylist, linking, allowed)
08-06 11:18:53.130 18705 18838 W DynamiteModule: Local module descriptor class for com.google.android.gms.googlecertificates not found.
08-06 11:18:53.138 18705 18862 W .hkxps17.turnu: Accessing hidden method Lsun/misc/Unsafe;->getInt(Ljava/lang/Object;J)I (greylist, linking, allowed)
08-06 11:18:53.138 18705 18862 W .hkxps17.turnu: Accessing hidden method Lsun/misc/Unsafe;->getObject(Ljava/lang/Object;J)Ljava/lang/Object; (greylist, linking, allowed)
08-06 11:18:53.145 18705 18772 D EGL_emulation: eglMakeCurrent: 0xf5e534a0: ver 2 0 (tinfo 0xf5e89b40)
08-06 11:18:53.158 18705 18862 W .hkxps17.turnu: Accessing hidden method Lsun/misc/Unsafe;->getObject(Ljava/lang/Object;J)Ljava/lang/Object; (greylist, linking, allowed)
08-06 11:18:53.186 18705 18862 I chatty  : uid=10135(com.hkxps17.turnup) androidmapsapi- identical 1 line
08-06 11:18:53.195 18705 18862 W .hkxps17.turnu: Accessing hidden method Lsun/misc/Unsafe;->getObject(Ljava/lang/Object;J)Ljava/lang/Object; (greylist, linking, allowed)
08-06 11:18:53.204 18705 18838 I DynamiteModule: Considering local module com.google.android.gms.googlecertificates:0 and remote module com.google.android.gms.googlecertificates:7
08-06 11:18:53.210 18705 18862 W .hkxps17.turnu: Accessing hidden method Lsun/misc/Unsafe;->getObject(Ljava/lang/Object;J)Ljava/lang/Object; (greylist, linking, allowed)
08-06 11:18:53.215 18705 18838 I DynamiteModule: Selected remote version of com.google.android.gms.googlecertificates, version >= 7
08-06 11:18:53.217 18705 18772 D EGL_emulation: eglMakeCurrent: 0xf5e534a0: ver 2 0 (tinfo 0xf5e89b40)
08-06 11:18:53.226 18705 18718 I .hkxps17.turnu: NativeAlloc concurrent copying GC freed 33132(1696KB) AllocSpace objects, 24(1152KB) LOS objects, 49% free, 4636KB/9272KB, paused 1.967ms total 103.789ms
08-06 11:18:53.233 18705 18862 W .hkxps17.turnu: Accessing hidden method Lsun/misc/Unsafe;->getObject(Ljava/lang/Object;J)Ljava/lang/Object; (greylist, linking, allowed)
08-06 11:18:53.234 18705 18772 D EGL_emulation: eglMakeCurrent: 0xf5e534a0: ver 2 0 (tinfo 0xf5e89b40)
08-06 11:18:53.249 18705 18772 D EGL_emulation: eglMakeCurrent: 0xf5e534a0: ver 2 0 (tinfo 0xf5e89b40)
08-06 11:18:53.251 18705 18862 W .hkxps17.turnu: Accessing hidden method Lsun/misc/Unsafe;->getObject(Ljava/lang/Object;J)Ljava/lang/Object; (greylist, linking, allowed)
08-06 11:18:53.257 18705 18868 W .hkxps17.turnu: Accessing hidden method Lsun/misc/Unsafe;->putObject(Ljava/lang/Object;JLjava/lang/Object;)V (greylist, linking, allowed)
08-06 11:18:53.258 18705 18868 W .hkxps17.turnu: Accessing hidden method Lsun/misc/Unsafe;->putLong(Ljava/lang/Object;JJ)V (greylist, linking, allowed)
08-06 11:18:53.260 18705 18862 W .hkxps17.turnu: Accessing hidden method Lsun/misc/Unsafe;->getObject(Ljava/lang/Object;J)Ljava/lang/Object; (greylist, linking, allowed)
08-06 11:18:53.264 18705 18705 D LifecycleMonitor: Lifecycle status change: com.hkxps17.turnup.LoginActivity@cabaac in: STOPPED
08-06 11:18:53.264 18705 18705 V ActivityScenario: Update currentActivityStage to STOPPED, currentActivity=com.hkxps17.turnup.LoginActivity@cabaac
08-06 11:18:53.279 18705 18862 W .hkxps17.turnu: Accessing hidden method Lsun/misc/Unsafe;->getObject(Ljava/lang/Object;J)Ljava/lang/Object; (greylist, linking, allowed)
08-06 11:18:53.297 18705 18862 W .hkxps17.turnu: Accessing hidden method Lsun/misc/Unsafe;->getObject(Ljava/lang/Object;J)Ljava/lang/Object; (greylist, linking, allowed)
08-06 11:18:53.299 18705 18705 W .hkxps17.turnu: Accessing hidden method Lsun/misc/Unsafe;->putObject(Ljava/lang/Object;JLjava/lang/Object;)V (greylist, linking, allowed)
08-06 11:18:53.316 18705 18862 W .hkxps17.turnu: Accessing hidden method Lsun/misc/Unsafe;->getObject(Ljava/lang/Object;J)Ljava/lang/Object; (greylist, linking, allowed)
08-06 11:18:53.331 18705 18862 W .hkxps17.turnu: Accessing hidden method Lsun/misc/Unsafe;->getObject(Ljava/lang/Object;J)Ljava/lang/Object; (greylist, linking, allowed)
08-06 11:18:53.331 18705 18862 W .hkxps17.turnu: Accessing hidden method Lsun/misc/Unsafe;->getInt(Ljava/lang/Object;J)I (greylist, linking, allowed)
08-06 11:18:53.331 18705 18862 W .hkxps17.turnu: Accessing hidden method Lsun/misc/Unsafe;->getObject(Ljava/lang/Object;J)Ljava/lang/Object; (greylist, linking, allowed)
08-06 11:18:53.348 18705 18862 W .hkxps17.turnu: Accessing hidden method Lsun/misc/Unsafe;->getInt(Ljava/lang/Object;J)I (greylist, linking, allowed)
08-06 11:18:53.348 18705 18862 W .hkxps17.turnu: Accessing hidden method Lsun/misc/Unsafe;->getObject(Ljava/lang/Object;J)Ljava/lang/Object; (greylist, linking, allowed)
08-06 11:18:53.348 18705 18862 I chatty  : uid=10135(com.hkxps17.turnup) androidmapsapi- identical 1 line
08-06 11:18:53.366 18705 18862 W .hkxps17.turnu: Accessing hidden method Lsun/misc/Unsafe;->getObject(Ljava/lang/Object;J)Ljava/lang/Object; (greylist, linking, allowed)
08-06 11:18:53.369 18705 18705 D LifecycleMonitor: Lifecycle status change: com.hkxps17.turnup.EventListActivity@8bc8a9b in: STOPPED
08-06 11:18:53.369 18705 18705 V ActivityScenario: Activity lifecycle changed event received but ignored because the intent does not match. startActivityIntent=Intent { act=android.intent.action.MAIN cat=[android.intent.category.LAUNCHER] cmp=com.hkxps17.turnup/.LoginActivity }, activity.getIntent()=Intent { cmp=com.hkxps17.turnup/.EventListActivity }, activity=com.hkxps17.turnup.EventListActivity@8bc8a9b
08-06 11:18:53.381 18705 18838 W .hkxps17.turnu: Accessing hidden method Lsun/misc/Unsafe;->putObject(Ljava/lang/Object;JLjava/lang/Object;)V (greylist, linking, allowed)
08-06 11:18:53.382 18705 18838 W .hkxps17.turnu: Accessing hidden method Lsun/misc/Unsafe;->getObject(Ljava/lang/Object;J)Ljava/lang/Object; (greylist, linking, allowed)
08-06 11:18:53.382 18705 18838 W .hkxps17.turnu: Accessing hidden method Lsun/misc/Unsafe;->putObject(Ljava/lang/Object;JLjava/lang/Object;)V (greylist, linking, allowed)
08-06 11:18:53.382 18705 18838 W .hkxps17.turnu: Accessing hidden method Lsun/misc/Unsafe;->compareAndSwapObject(Ljava/lang/Object;JLjava/lang/Object;Ljava/lang/Object;)Z (greylist, linking, allowed)
08-06 11:18:53.386 18705 18862 W .hkxps17.turnu: Accessing hidden method Lsun/misc/Unsafe;->getObject(Ljava/lang/Object;J)Ljava/lang/Object; (greylist, linking, allowed)
08-06 11:18:53.398 18705 18862 I chatty  : uid=10135(com.hkxps17.turnup) androidmapsapi- identical 1 line
08-06 11:18:53.417 18705 18862 W .hkxps17.turnu: Accessing hidden method Lsun/misc/Unsafe;->getObject(Ljava/lang/Object;J)Ljava/lang/Object; (greylist, linking, allowed)
08-06 11:18:53.431 18705 18828 W .hkxps17.turnu: Accessing hidden method Lsun/misc/Unsafe;->getLong(Ljava/lang/Object;J)J (greylist,core-platform-api, linking, allowed)
08-06 11:18:53.431 18705 18828 W .hkxps17.turnu: Accessing hidden method Lsun/misc/Unsafe;->putLong(Ljava/lang/Object;JJ)V (greylist, linking, allowed)
08-06 11:18:53.432 18705 18828 W .hkxps17.turnu: Accessing hidden method Lsun/misc/Unsafe;->getObject(Ljava/lang/Object;J)Ljava/lang/Object; (greylist, linking, allowed)
08-06 11:18:53.435 18705 18862 W .hkxps17.turnu: Accessing hidden method Lsun/misc/Unsafe;->getInt(Ljava/lang/Object;J)I (greylist, linking, allowed)
08-06 11:18:53.435 18705 18862 W .hkxps17.turnu: Accessing hidden method Lsun/misc/Unsafe;->getObject(Ljava/lang/Object;J)Ljava/lang/Object; (greylist, linking, allowed)
08-06 11:18:53.449 18705 18828 W .hkxps17.turnu: Accessing hidden method Lsun/misc/Unsafe;->compareAndSwapObject(Ljava/lang/Object;JLjava/lang/Object;Ljava/lang/Object;)Z (greylist, linking, allowed)
08-06 11:18:53.450 18705 18828 I SnapshotHandler: Unable to retrieve flag snapshot for com.google.android.libraries.consentverifier#com.hkxps17.turnup, using defaults.
08-06 11:18:53.451 18705 18862 W .hkxps17.turnu: Accessing hidden method Lsun/misc/Unsafe;->getObject(Ljava/lang/Object;J)Ljava/lang/Object; (greylist, linking, allowed)
08-06 11:18:53.452 18705 18828 W .hkxps17.turnu: Accessing hidden method Lsun/misc/Unsafe;->getObject(Ljava/lang/Object;J)Ljava/lang/Object; (greylist, linking, allowed)
08-06 11:18:53.470 18705 18862 W .hkxps17.turnu: Accessing hidden method Lsun/misc/Unsafe;->getInt(Ljava/lang/Object;J)I (greylist, linking, allowed)
08-06 11:18:53.470 18705 18862 W .hkxps17.turnu: Accessing hidden method Lsun/misc/Unsafe;->getObject(Ljava/lang/Object;J)Ljava/lang/Object; (greylist, linking, allowed)
08-06 11:18:53.485 18705 18736 W .hkxps17.turnu: Accessing hidden method Lsun/misc/Unsafe;->compareAndSwapObject(Ljava/lang/Object;JLjava/lang/Object;Ljava/lang/Object;)Z (greylist, linking, allowed)
08-06 11:18:53.487 18705 18862 W .hkxps17.turnu: Accessing hidden method Lsun/misc/Unsafe;->getInt(Ljava/lang/Object;J)I (greylist, linking, allowed)
08-06 11:18:53.487 18705 18862 W .hkxps17.turnu: Accessing hidden method Lsun/misc/Unsafe;->getObject(Ljava/lang/Object;J)Ljava/lang/Object; (greylist, linking, allowed)
08-06 11:18:53.488 18705 18705 I ViewInteraction: Performing 'single click' action on view (view.getId() is <2131231054/com.hkxps17.turnup:id/map_add_button> and Child at position 4 in parent Child at position 0 in parent view.getId() is <16908290/android:id/content> and (view has effective visibility <VISIBLE> and view.getGlobalVisibleRect() to return non-empty rectangle))
08-06 11:18:53.504 18705 18862 W .hkxps17.turnu: Accessing hidden method Lsun/misc/Unsafe;->getObject(Ljava/lang/Object;J)Ljava/lang/Object; (greylist, linking, allowed)
08-06 11:18:53.506 18705 18858 W .hkxps17.turnu: Accessing hidden method Lsun/misc/Unsafe;->putObject(Ljava/lang/Object;JLjava/lang/Object;)V (greylist, linking, allowed)
08-06 11:18:53.506 18705 18858 W .hkxps17.turnu: Accessing hidden method Lsun/misc/Unsafe;->getObject(Ljava/lang/Object;J)Ljava/lang/Object; (greylist, linking, allowed)
08-06 11:18:53.506 18705 18858 W .hkxps17.turnu: Accessing hidden method Lsun/misc/Unsafe;->putObject(Ljava/lang/Object;JLjava/lang/Object;)V (greylist, linking, allowed)
08-06 11:18:53.507 18705 18858 I chatty  : uid=10135(com.hkxps17.turnup) androidmapsapi- identical 10 lines
08-06 11:18:53.507 18705 18858 W .hkxps17.turnu: Accessing hidden method Lsun/misc/Unsafe;->putObject(Ljava/lang/Object;JLjava/lang/Object;)V (greylist, linking, allowed)
08-06 11:18:53.513 18705 18828 W .hkxps17.turnu: Accessing hidden method Lsun/misc/Unsafe;->compareAndSwapObject(Ljava/lang/Object;JLjava/lang/Object;Ljava/lang/Object;)Z (greylist, linking, allowed)
08-06 11:18:53.520 18705 18828 W .hkxps17.turnu: Accessing hidden method Lsun/misc/Unsafe;->putLong(Ljava/lang/Object;JJ)V (greylist, linking, allowed)
08-06 11:18:53.520 18705 18828 W .hkxps17.turnu: Accessing hidden method Lsun/misc/Unsafe;->getObject(Ljava/lang/Object;J)Ljava/lang/Object; (greylist, linking, allowed)
08-06 11:18:53.521 18705 18828 W .hkxps17.turnu: Accessing hidden method Lsun/misc/Unsafe;->getInt(Ljava/lang/Object;J)I (greylist, linking, allowed)
08-06 11:18:53.521 18705 18828 W .hkxps17.turnu: Accessing hidden method Lsun/misc/Unsafe;->getObject(Ljava/lang/Object;J)Ljava/lang/Object; (greylist, linking, allowed)
08-06 11:18:53.522 18705 18829 W MobStoreFlagStore: Unable to update local snapshot for com.google.android.libraries.consentverifier#com.hkxps17.turnup, may result in stale flags.
08-06 11:18:53.522 18705 18829 W MobStoreFlagStore: java.util.concurrent.ExecutionException: java.lang.SecurityException: GoogleCertificatesRslt: not allowed: pkg=com.hkxps17.turnup, sha256=[b88f376c2f33757ef6b3f12a23238906ee0ee76f1eac0df575b0e642f43fa802], atk=false, ver=222615031.true (go/gsrlt)
08-06 11:18:53.522 18705 18829 W MobStoreFlagStore: 	at aif.s(:com.google.android.gms.dynamite_mapsdynamite@222615068@22.26.15 (100700-0):3)
08-06 11:18:53.522 18705 18829 W MobStoreFlagStore: 	at aif.get(:com.google.android.gms.dynamite_mapsdynamite@222615068@22.26.15 (100700-0):2)
08-06 11:18:53.522 18705 18829 W MobStoreFlagStore: 	at ajp.g(:com.google.android.gms.dynamite_mapsdynamite@222615068@22.26.15 (100700-0):2)
08-06 11:18:53.522 18705 18829 W MobStoreFlagStore: 	at yg.d(:com.google.android.gms.dynamite_mapsdynamite@222615068@22.26.15 (100700-0):1)
08-06 11:18:53.522 18705 18829 W MobStoreFlagStore: 	at yi.run(:com.google.android.gms.dynamite_mapsdynamite@222615068@22.26.15 (100700-0):0)
08-06 11:18:53.522 18705 18829 W MobStoreFlagStore: 	at java.util.concurrent.Executors$RunnableAdapter.call(Executors.java:462)
08-06 11:18:53.522 18705 18829 W MobStoreFlagStore: 	at java.util.concurrent.FutureTask.run(FutureTask.java:266)
08-06 11:18:53.522 18705 18829 W MobStoreFlagStore: 	at java.util.concurrent.ScheduledThreadPoolExecutor$ScheduledFutureTask.run(ScheduledThreadPoolExecutor.java:301)
08-06 11:18:53.522 18705 18829 W MobStoreFlagStore: 	at java.util.concurrent.ThreadPoolExecutor.runWorker(ThreadPoolExecutor.java:1167)
08-06 11:18:53.522 18705 18829 W MobStoreFlagStore: 	at java.util.concurrent.ThreadPoolExecutor$Worker.run(ThreadPoolExecutor.java:641)
08-06 11:18:53.522 18705 18829 W MobStoreFlagStore: 	at java.lang.Thread.run(Thread.java:919)
08-06 11:18:53.522 18705 18829 W MobStoreFlagStore: Caused by: java.lang.SecurityException: GoogleCertificatesRslt: not allowed: pkg=com.hkxps17.turnup, sha256=[b88f376c2f33757ef6b3f12a23238906ee0ee76f1eac0df575b0e642f43fa802], atk=false, ver=222615031.true (go/gsrlt)
08-06 11:18:53.522 18705 18829 W MobStoreFlagStore: 	at android.os.Parcel.createException(Parcel.java:2071)
08-06 11:18:53.522 18705 18829 W MobStoreFlagStore: 	at android.os.Parcel.readException(Parcel.java:2039)
08-06 11:18:53.522 18705 18829 W MobStoreFlagStore: 	at android.os.Parcel.readException(Parcel.java:1987)
08-06 11:18:53.522 18705 18829 W MobStoreFlagStore: 	at es.bc(:com.google.android.gms.dynamite_mapsdynamite@222615068@22.26.15 (100700-0):2)
08-06 11:18:53.522 18705 18829 W MobStoreFlagStore: 	at rs.a(:com.google.android.gms.dynamite_mapsdynamite@222615068@22.26.15 (100700-0):4)
08-06 11:18:53.522 18705 18829 W MobStoreFlagStore: 	at iz.e(:com.google.android.gms.dynamite_mapsdynamite@222615068@22.26.15 (100700-0):2)
08-06 11:18:53.522 18705 18829 W MobStoreFlagStore: 	at jy.t(:com.google.android.gms.dynamite_mapsdynamite@222615068@22.26.15 (100700-0):2)
08-06 11:18:53.522 18705 18829 W MobStoreFlagStore: 	at jy.u(:com.google.android.gms.dynamite_mapsdynamite@222615068@22.26.15 (100700-0):3)
08-06 11:18:53.522 18705 18829 W MobStoreFlagStore: 	at jy.e(:com.google.android.gms.dynamite_mapsdynamite@222615068@22.26.15 (100700-0):2)
08-06 11:18:53.522 18705 18829 W MobStoreFlagStore: 	at kc.handleMessage(:com.google.android.gms.dynamite_mapsdynamite@222615068@22.26.15 (100700-0):69)
08-06 11:18:53.522 18705 18829 W MobStoreFlagStore: 	at android.os.Handler.dispatchMessage(Handler.java:103)
08-06 11:18:53.522 18705 18829 W MobStoreFlagStore: 	at android.os.Looper.loop(Looper.java:214)
08-06 11:18:53.522 18705 18829 W MobStoreFlagStore: 	at android.os.HandlerThread.run(HandlerThread.java:67)
08-06 11:18:53.522 18705 18828 W .hkxps17.turnu: Accessing hidden method Lsun/misc/Unsafe;->getInt(Ljava/lang/Object;J)I (greylist, linking, allowed)
08-06 11:18:53.522 18705 18828 W .hkxps17.turnu: Accessing hidden method Lsun/misc/Unsafe;->getObject(Ljava/lang/Object;J)Ljava/lang/Object; (greylist, linking, allowed)
08-06 11:18:53.523 18705 18828 W .hkxps17.turnu: Accessing hidden method Lsun/misc/Unsafe;->getInt(Ljava/lang/Object;J)I (greylist, linking, allowed)
08-06 11:18:53.523 18705 18828 W .hkxps17.turnu: Accessing hidden method Lsun/misc/Unsafe;->getObject(Ljava/lang/Object;J)Ljava/lang/Object; (greylist, linking, allowed)
08-06 11:18:53.524 18705 18828 W .hkxps17.turnu: Accessing hidden method Lsun/misc/Unsafe;->getInt(Ljava/lang/Object;J)I (greylist, linking, allowed)
08-06 11:18:53.525 18705 18828 W .hkxps17.turnu: Accessing hidden method Lsun/misc/Unsafe;->getObject(Ljava/lang/Object;J)Ljava/lang/Object; (greylist, linking, allowed)
08-06 11:18:53.525 18705 18862 W .hkxps17.turnu: Accessing hidden method Lsun/misc/Unsafe;->getInt(Ljava/lang/Object;J)I (greylist, linking, allowed)
08-06 11:18:53.525 18705 18862 W .hkxps17.turnu: Accessing hidden method Lsun/misc/Unsafe;->getObject(Ljava/lang/Object;J)Ljava/lang/Object; (greylist, linking, allowed)
08-06 11:18:53.526 18705 18828 W .hkxps17.turnu: Accessing hidden method Lsun/misc/Unsafe;->getObject(Ljava/lang/Object;J)Ljava/lang/Object; (greylist, linking, allowed)
08-06 11:18:53.527 18705 18828 W .hkxps17.turnu: Accessing hidden method Lsun/misc/Unsafe;->getInt(Ljava/lang/Object;J)I (greylist, linking, allowed)
08-06 11:18:53.528 18705 18828 W .hkxps17.turnu: Accessing hidden method Lsun/misc/Unsafe;->getObject(Ljava/lang/Object;J)Ljava/lang/Object; (greylist, linking, allowed)
08-06 11:18:53.531 18705 18828 W .hkxps17.turnu: Accessing hidden method Lsun/misc/Unsafe;->getInt(Ljava/lang/Object;J)I (greylist, linking, allowed)
08-06 11:18:53.531 18705 18828 W .hkxps17.turnu: Accessing hidden method Lsun/misc/Unsafe;->getObject(Ljava/lang/Object;J)Ljava/lang/Object; (greylist, linking, allowed)
08-06 11:18:53.532 18705 18828 W .hkxps17.turnu: Accessing hidden method Lsun/misc/Unsafe;->getInt(Ljava/lang/Object;J)I (greylist, linking, allowed)
08-06 11:18:53.532 18705 18828 W .hkxps17.turnu: Accessing hidden method Lsun/misc/Unsafe;->getObject(Ljava/lang/Object;J)Ljava/lang/Object; (greylist, linking, allowed)
08-06 11:18:53.533 18705 18828 W .hkxps17.turnu: Accessing hidden method Lsun/misc/Unsafe;->getInt(Ljava/lang/Object;J)I (greylist, linking, allowed)
08-06 11:18:53.534 18705 18828 W .hkxps17.turnu: Accessing hidden method Lsun/misc/Unsafe;->getObject(Ljava/lang/Object;J)Ljava/lang/Object; (greylist, linking, allowed)
08-06 11:18:53.536 18705 18828 W .hkxps17.turnu: Accessing hidden method Lsun/misc/Unsafe;->getInt(Ljava/lang/Object;J)I (greylist, linking, allowed)
08-06 11:18:53.536 18705 18828 W .hkxps17.turnu: Accessing hidden method Lsun/misc/Unsafe;->getObject(Ljava/lang/Object;J)Ljava/lang/Object; (greylist, linking, allowed)
08-06 11:18:53.536 18705 18828 W .hkxps17.turnu: Accessing hidden method Lsun/misc/Unsafe;->getInt(Ljava/lang/Object;J)I (greylist, linking, allowed)
08-06 11:18:53.536 18705 18828 W .hkxps17.turnu: Accessing hidden method Lsun/misc/Unsafe;->getObject(Ljava/lang/Object;J)Ljava/lang/Object; (greylist, linking, allowed)
08-06 11:18:53.538 18705 18828 W .hkxps17.turnu: Accessing hidden method Lsun/misc/Unsafe;->getInt(Ljava/lang/Object;J)I (greylist, linking, allowed)
08-06 11:18:53.538 18705 18828 W .hkxps17.turnu: Accessing hidden method Lsun/misc/Unsafe;->getObject(Ljava/lang/Object;J)Ljava/lang/Object; (greylist, linking, allowed)
08-06 11:18:53.543 18705 18862 W .hkxps17.turnu: Accessing hidden method Lsun/misc/Unsafe;->getInt(Ljava/lang/Object;J)I (greylist, linking, allowed)
08-06 11:18:53.543 18705 18862 W .hkxps17.turnu: Accessing hidden method Lsun/misc/Unsafe;->getObject(Ljava/lang/Object;J)Ljava/lang/Object; (greylist, linking, allowed)
08-06 11:18:53.543 18705 18862 I Counters: exceeded sample count in FrameTime
08-06 11:18:53.559 18705 18862 W .hkxps17.turnu: Accessing hidden method Lsun/misc/Unsafe;->getObject(Ljava/lang/Object;J)Ljava/lang/Object; (greylist, linking, allowed)
08-06 11:18:53.560 18705 18862 I Counters: exceeded sample count in FrameTime
08-06 11:18:53.562 18705 18705 D LifecycleMonitor: Lifecycle status change: com.hkxps17.turnup.MapsActivity@9a85d0 in: PAUSED
08-06 11:18:53.562 18705 18705 V ActivityScenario: Activity lifecycle changed event received but ignored because the intent does not match. startActivityIntent=Intent { act=android.intent.action.MAIN cat=[android.intent.category.LAUNCHER] cmp=com.hkxps17.turnup/.LoginActivity }, activity.getIntent()=Intent { cmp=com.hkxps17.turnup/.MapsActivity }, activity=com.hkxps17.turnup.MapsActivity@9a85d0
08-06 11:18:53.563  2045  2061 W InputReader: Device has associated, but no associated display id.
08-06 11:18:53.570  2045  2061 I chatty  : uid=1000(system) Binder:2045_1 identical 48 lines
08-06 11:18:53.570  2045  2061 W InputReader: Device has associated, but no associated display id.
08-06 11:18:53.576 18705 18705 W ActivityThread: handleWindowVisibility: no activity for token android.os.BinderProxy@950f15d
08-06 11:18:53.579 18705 18862 W .hkxps17.turnu: Accessing hidden method Lsun/misc/Unsafe;->getObject(Ljava/lang/Object;J)Ljava/lang/Object; (greylist, linking, allowed)
08-06 11:18:53.579 18705 18862 I Counters: exceeded sample count in FrameTime
08-06 11:18:53.587 18705 18705 D LifecycleMonitor: Lifecycle status change: com.hkxps17.turnup.AddLocationActivity@6cc7aff in: PRE_ON_CREATE
08-06 11:18:53.588 18705 18705 V ActivityScenario: Activity lifecycle changed event received but ignored because the intent does not match. startActivityIntent=Intent { act=android.intent.action.MAIN cat=[android.intent.category.LAUNCHER] cmp=com.hkxps17.turnup/.LoginActivity }, activity.getIntent()=Intent { cmp=com.hkxps17.turnup/.AddLocationActivity }, activity=com.hkxps17.turnup.AddLocationActivity@6cc7aff
08-06 11:18:53.597 18705 18862 W .hkxps17.turnu: Accessing hidden method Lsun/misc/Unsafe;->getObject(Ljava/lang/Object;J)Ljava/lang/Object; (greylist, linking, allowed)
08-06 11:18:53.597 18705 18862 I Counters: exceeded sample count in FrameTime
08-06 11:18:53.613 18705 18862 W .hkxps17.turnu: Accessing hidden method Lsun/misc/Unsafe;->getObject(Ljava/lang/Object;J)Ljava/lang/Object; (greylist, linking, allowed)
08-06 11:18:53.613 18705 18862 I Counters: exceeded sample count in FrameTime
08-06 11:18:53.631 18705 18862 W .hkxps17.turnu: Accessing hidden method Lsun/misc/Unsafe;->getObject(Ljava/lang/Object;J)Ljava/lang/Object; (greylist, linking, allowed)
08-06 11:18:53.632 18705 18862 I Counters: exceeded sample count in FrameTime
08-06 11:18:53.632  1812  2494 E GnssHAL_GnssInterface: gnssSvStatusCb: a: input svInfo.flags is 8
08-06 11:18:53.632  1812  2494 E GnssHAL_GnssInterface: gnssSvStatusCb: b: input svInfo.flags is 8
08-06 11:18:53.649 18705 18862 W .hkxps17.turnu: Accessing hidden method Lsun/misc/Unsafe;->getObject(Ljava/lang/Object;J)Ljava/lang/Object; (greylist, linking, allowed)
08-06 11:18:53.650 18705 18862 I Counters: exceeded sample count in FrameTime
08-06 11:18:53.656 18705 18705 D TAG     : IM HERE2
08-06 11:18:53.660 18705 18705 D LifecycleMonitor: Lifecycle status change: com.hkxps17.turnup.AddLocationActivity@6cc7aff in: CREATED
08-06 11:18:53.660 18705 18705 V ActivityScenario: Activity lifecycle changed event received but ignored because the intent does not match. startActivityIntent=Intent { act=android.intent.action.MAIN cat=[android.intent.category.LAUNCHER] cmp=com.hkxps17.turnup/.LoginActivity }, activity.getIntent()=Intent { cmp=com.hkxps17.turnup/.AddLocationActivity }, activity=com.hkxps17.turnup.AddLocationActivity@6cc7aff
08-06 11:18:53.664 18705 18705 D LifecycleMonitor: Lifecycle status change: com.hkxps17.turnup.AddLocationActivity@6cc7aff in: STARTED
08-06 11:18:53.664 18705 18705 V ActivityScenario: Activity lifecycle changed event received but ignored because the intent does not match. startActivityIntent=Intent { act=android.intent.action.MAIN cat=[android.intent.category.LAUNCHER] cmp=com.hkxps17.turnup/.LoginActivity }, activity.getIntent()=Intent { cmp=com.hkxps17.turnup/.AddLocationActivity }, activity=com.hkxps17.turnup.AddLocationActivity@6cc7aff
08-06 11:18:53.666 18705 18705 D LifecycleMonitor: Lifecycle status change: com.hkxps17.turnup.AddLocationActivity@6cc7aff in: RESUMED
08-06 11:18:53.666 18705 18705 V ActivityScenario: Activity lifecycle changed event received but ignored because the intent does not match. startActivityIntent=Intent { act=android.intent.action.MAIN cat=[android.intent.category.LAUNCHER] cmp=com.hkxps17.turnup/.LoginActivity }, activity.getIntent()=Intent { cmp=com.hkxps17.turnup/.AddLocationActivity }, activity=com.hkxps17.turnup.AddLocationActivity@6cc7aff
08-06 11:18:53.668 18705 18862 W .hkxps17.turnu: Accessing hidden method Lsun/misc/Unsafe;->getObject(Ljava/lang/Object;J)Ljava/lang/Object; (greylist, linking, allowed)
08-06 11:18:53.668 18705 18862 I Counters: exceeded sample count in FrameTime
08-06 11:18:53.684 18705 18862 W .hkxps17.turnu: Accessing hidden method Lsun/misc/Unsafe;->getObject(Ljava/lang/Object;J)Ljava/lang/Object; (greylist, linking, allowed)
08-06 11:18:53.684 18705 18862 I Counters: exceeded sample count in FrameTime
08-06 11:18:53.706 18705 18862 W .hkxps17.turnu: Accessing hidden method Lsun/misc/Unsafe;->getObject(Ljava/lang/Object;J)Ljava/lang/Object; (greylist, linking, allowed)
08-06 11:18:53.706 18705 18862 I Counters: exceeded sample count in FrameTime
08-06 11:18:53.718 18705 18876 W .hkxps17.turnu: Accessing hidden method Lsun/misc/Unsafe;->getObject(Ljava/lang/Object;J)Ljava/lang/Object; (greylist, linking, allowed)
08-06 11:18:53.724  1813  1813 D gralloc_ranchu: gralloc_alloc: Creating ashmem region of size 9334784
08-06 11:18:53.742  1813  1813 I chatty  : uid=1000(system) allocator@2.0-s identical 1 line
08-06 11:18:53.746  1813  1813 D gralloc_ranchu: gralloc_alloc: Creating ashmem region of size 9334784
08-06 11:18:53.749 18705 18772 D EGL_emulation: eglMakeCurrent: 0xf5e534a0: ver 2 0 (tinfo 0xf5e89b40)
08-06 11:18:53.775 18705 18705 E libprocessgroup: set_timerslack_ns write failed: Operation not permitted
08-06 11:18:53.782  2045  2069 W InputReader: Device has associated, but no associated display id.
08-06 11:18:53.785  2045  2069 I chatty  : uid=1000(system) android.anim identical 18 lines
08-06 11:18:53.785  2045  2069 W InputReader: Device has associated, but no associated display id.
08-06 11:18:53.800 18705 18772 D EGL_emulation: eglMakeCurrent: 0xf5e534a0: ver 2 0 (tinfo 0xf5e89b40)
08-06 11:18:53.801 18705 18877 W .hkxps17.turnu: Accessing hidden method Lsun/misc/Unsafe;->getObject(Ljava/lang/Object;J)Ljava/lang/Object; (greylist, linking, allowed)
08-06 11:18:53.811 18705 18772 D EGL_emulation: eglMakeCurrent: 0xf5e534a0: ver 2 0 (tinfo 0xf5e89b40)
08-06 11:18:54.029 18705 18877 W .hkxps17.turnu: Accessing hidden method Lsun/misc/Unsafe;->putObject(Ljava/lang/Object;JLjava/lang/Object;)V (greylist, linking, allowed)
08-06 11:18:54.029 18705 18877 W .hkxps17.turnu: Accessing hidden method Lsun/misc/Unsafe;->putLong(Ljava/lang/Object;JJ)V (greylist, linking, allowed)
08-06 11:18:54.054 18705 18736 W .hkxps17.turnu: Accessing hidden method Lsun/misc/Unsafe;->compareAndSwapObject(Ljava/lang/Object;JLjava/lang/Object;Ljava/lang/Object;)Z (greylist, linking, allowed)
08-06 11:18:54.058 18705 18705 I ViewInteraction: Checking 'MatchesViewAssertion{viewMatcher=view.isEnabled() is <true>}' assertion on view (view.getId() is <2131231046/com.hkxps17.turnup:id/location_done_button> and Child at position 2 in parent Child at position 0 in parent view.getId() is <16908290/android:id/content> and (view has effective visibility <VISIBLE> and view.getGlobalVisibleRect() to return non-empty rectangle))
08-06 11:18:54.061 18705 18736 W .hkxps17.turnu: Accessing hidden method Lsun/misc/Unsafe;->compareAndSwapObject(Ljava/lang/Object;JLjava/lang/Object;Ljava/lang/Object;)Z (greylist, linking, allowed)
08-06 11:18:54.064 18705 18705 I ViewInteraction: Performing 'replace text(English Bay)' action on view (view.getId() is <2131230807/com.hkxps17.turnup:id/add_location_text> and Child at position 1 in parent Child at position 1 in parent view.getId() is <2131231040/com.hkxps17.turnup:id/linearLayout> and (view has effective visibility <VISIBLE> and view.getGlobalVisibleRect() to return non-empty rectangle))
08-06 11:18:54.079 18705 18736 W .hkxps17.turnu: Accessing hidden method Lsun/misc/Unsafe;->compareAndSwapObject(Ljava/lang/Object;JLjava/lang/Object;Ljava/lang/Object;)Z (greylist, linking, allowed)
