08-01 08:11:45.899  8326  8473 I Counters: exceeded sample count in FrameTime
08-01 08:11:45.915  8326  8473 W .hkxps17.turnu: Accessing hidden method Lsun/misc/Unsafe;->getObject(Ljava/lang/Object;J)Ljava/lang/Object; (greylist, linking, allowed)
08-01 08:11:45.915  8326  8473 I Counters: exceeded sample count in FrameTime
08-01 08:11:45.932  8326  8473 W .hkxps17.turnu: Accessing hidden method Lsun/misc/Unsafe;->getObject(Ljava/lang/Object;J)Ljava/lang/Object; (greylist, linking, allowed)
08-01 08:11:45.932  8326  8473 I Counters: exceeded sample count in FrameTime
08-01 08:11:45.949  8326  8473 W .hkxps17.turnu: Accessing hidden method Lsun/misc/Unsafe;->getObject(Ljava/lang/Object;J)Ljava/lang/Object; (greylist, linking, allowed)
08-01 08:11:45.949  8326  8473 I Counters: exceeded sample count in FrameTime
08-01 08:11:45.967  8326  8473 W .hkxps17.turnu: Accessing hidden method Lsun/misc/Unsafe;->getObject(Ljava/lang/Object;J)Ljava/lang/Object; (greylist, linking, allowed)
08-01 08:11:45.967  8326  8473 I Counters: exceeded sample count in FrameTime
08-01 08:11:45.985  8326  8473 W .hkxps17.turnu: Accessing hidden method Lsun/misc/Unsafe;->getObject(Ljava/lang/Object;J)Ljava/lang/Object; (greylist, linking, allowed)
08-01 08:11:45.985  8326  8473 I Counters: exceeded sample count in FrameTime
08-01 08:11:46.002  8326  8473 W .hkxps17.turnu: Accessing hidden method Lsun/misc/Unsafe;->getObject(Ljava/lang/Object;J)Ljava/lang/Object; (greylist, linking, allowed)
08-01 08:11:46.002  8326  8473 I Counters: exceeded sample count in FrameTime
08-01 08:11:46.019  8326  8473 W .hkxps17.turnu: Accessing hidden method Lsun/misc/Unsafe;->getObject(Ljava/lang/Object;J)Ljava/lang/Object; (greylist, linking, allowed)
08-01 08:11:46.019  8326  8473 I Counters: exceeded sample count in FrameTime
08-01 08:11:46.037  8326  8473 W .hkxps17.turnu: Accessing hidden method Lsun/misc/Unsafe;->getObject(Ljava/lang/Object;J)Ljava/lang/Object; (greylist, linking, allowed)
08-01 08:11:46.037  8326  8473 I Counters: exceeded sample count in FrameTime
08-01 08:11:46.054  8326  8473 W .hkxps17.turnu: Accessing hidden method Lsun/misc/Unsafe;->getObject(Ljava/lang/Object;J)Ljava/lang/Object; (greylist, linking, allowed)
08-01 08:11:46.055  8326  8473 I Counters: exceeded sample count in FrameTime
08-01 08:11:46.072  8326  8473 W .hkxps17.turnu: Accessing hidden method Lsun/misc/Unsafe;->getObject(Ljava/lang/Object;J)Ljava/lang/Object; (greylist, linking, allowed)
08-01 08:11:46.072  8326  8473 I Counters: exceeded sample count in FrameTime
08-01 08:11:46.089  8326  8473 W .hkxps17.turnu: Accessing hidden method Lsun/misc/Unsafe;->getObject(Ljava/lang/Object;J)Ljava/lang/Object; (greylist, linking, allowed)
08-01 08:11:46.089  8326  8473 I Counters: exceeded sample count in FrameTime
08-01 08:11:46.106  8326  8473 W .hkxps17.turnu: Accessing hidden method Lsun/misc/Unsafe;->getObject(Ljava/lang/Object;J)Ljava/lang/Object; (greylist, linking, allowed)
08-01 08:11:46.106  8326  8473 I Counters: exceeded sample count in FrameTime
08-01 08:11:46.124  8326  8473 W .hkxps17.turnu: Accessing hidden method Lsun/misc/Unsafe;->getObject(Ljava/lang/Object;J)Ljava/lang/Object; (greylist, linking, allowed)
08-01 08:11:46.124  8326  8473 I Counters: exceeded sample count in FrameTime
08-01 08:11:46.141  8326  8473 W .hkxps17.turnu: Accessing hidden method Lsun/misc/Unsafe;->getObject(Ljava/lang/Object;J)Ljava/lang/Object; (greylist, linking, allowed)
08-01 08:11:46.141  8326  8473 I Counters: exceeded sample count in FrameTime
08-01 08:11:46.159  8326  8473 W .hkxps17.turnu: Accessing hidden method Lsun/misc/Unsafe;->getObject(Ljava/lang/Object;J)Ljava/lang/Object; (greylist, linking, allowed)
08-01 08:11:46.159  8326  8473 I Counters: exceeded sample count in FrameTime
08-01 08:11:46.175  8326  8473 W .hkxps17.turnu: Accessing hidden method Lsun/misc/Unsafe;->getObject(Ljava/lang/Object;J)Ljava/lang/Object; (greylist, linking, allowed)
08-01 08:11:46.175  8326  8473 I Counters: exceeded sample count in FrameTime
08-01 08:11:46.193  8326  8473 W .hkxps17.turnu: Accessing hidden method Lsun/misc/Unsafe;->getObject(Ljava/lang/Object;J)Ljava/lang/Object; (greylist, linking, allowed)
08-01 08:11:46.194  8326  8473 I Counters: exceeded sample count in FrameTime
08-01 08:11:46.211  8326  8473 W .hkxps17.turnu: Accessing hidden method Lsun/misc/Unsafe;->getObject(Ljava/lang/Object;J)Ljava/lang/Object; (greylist, linking, allowed)
08-01 08:11:46.211  8326  8473 I Counters: exceeded sample count in FrameTime
08-01 08:11:46.229  8326  8473 W .hkxps17.turnu: Accessing hidden method Lsun/misc/Unsafe;->getObject(Ljava/lang/Object;J)Ljava/lang/Object; (greylist, linking, allowed)
08-01 08:11:46.229  8326  8473 I Counters: exceeded sample count in FrameTime
08-01 08:11:46.247  8326  8473 W .hkxps17.turnu: Accessing hidden method Lsun/misc/Unsafe;->getObject(Ljava/lang/Object;J)Ljava/lang/Object; (greylist, linking, allowed)
08-01 08:11:46.247  8326  8473 I Counters: exceeded sample count in FrameTime
08-01 08:11:46.266  8326  8473 W .hkxps17.turnu: Accessing hidden method Lsun/misc/Unsafe;->getObject(Ljava/lang/Object;J)Ljava/lang/Object; (greylist, linking, allowed)
08-01 08:11:46.266  8326  8473 I Counters: exceeded sample count in FrameTime
08-01 08:11:46.283  8326  8473 W .hkxps17.turnu: Accessing hidden method Lsun/misc/Unsafe;->getObject(Ljava/lang/Object;J)Ljava/lang/Object; (greylist, linking, allowed)
08-01 08:11:46.283  8326  8473 I Counters: exceeded sample count in FrameTime
08-01 08:11:46.300  8326  8473 W .hkxps17.turnu: Accessing hidden method Lsun/misc/Unsafe;->getObject(Ljava/lang/Object;J)Ljava/lang/Object; (greylist, linking, allowed)
08-01 08:11:46.300  8326  8473 I Counters: exceeded sample count in FrameTime
08-01 08:11:46.318  8326  8473 W .hkxps17.turnu: Accessing hidden method Lsun/misc/Unsafe;->getObject(Ljava/lang/Object;J)Ljava/lang/Object; (greylist, linking, allowed)
08-01 08:11:46.318  8326  8473 I Counters: exceeded sample count in FrameTime
08-01 08:11:46.335  8326  8473 W .hkxps17.turnu: Accessing hidden method Lsun/misc/Unsafe;->getObject(Ljava/lang/Object;J)Ljava/lang/Object; (greylist, linking, allowed)
08-01 08:11:46.335  8326  8473 I Counters: exceeded sample count in FrameTime
08-01 08:11:46.344  8326  8447 W DynamiteModule: Local module descriptor class for com.google.android.gms.googlecertificates not found.
08-01 08:11:46.353  8326  8473 W .hkxps17.turnu: Accessing hidden method Lsun/misc/Unsafe;->getInt(Ljava/lang/Object;J)I (greylist, linking, allowed)
08-01 08:11:46.353  8326  8473 W .hkxps17.turnu: Accessing hidden method Lsun/misc/Unsafe;->getObject(Ljava/lang/Object;J)Ljava/lang/Object; (greylist, linking, allowed)
08-01 08:11:46.353  8326  8473 I Counters: exceeded sample count in FrameTime
08-01 08:11:46.355  8326  8447 I DynamiteModule: Considering local module com.google.android.gms.googlecertificates:0 and remote module com.google.android.gms.googlecertificates:7
08-01 08:11:46.356  8326  8447 I DynamiteModule: Selected remote version of com.google.android.gms.googlecertificates, version >= 7
08-01 08:11:46.370  8326  8473 W .hkxps17.turnu: Accessing hidden method Lsun/misc/Unsafe;->getObject(Ljava/lang/Object;J)Ljava/lang/Object; (greylist, linking, allowed)
08-01 08:11:46.370  8326  8473 I Counters: exceeded sample count in FrameTime
08-01 08:11:46.389  8326  8473 W .hkxps17.turnu: Accessing hidden method Lsun/misc/Unsafe;->getInt(Ljava/lang/Object;J)I (greylist, linking, allowed)
08-01 08:11:46.389  8326  8473 W .hkxps17.turnu: Accessing hidden method Lsun/misc/Unsafe;->getObject(Ljava/lang/Object;J)Ljava/lang/Object; (greylist, linking, allowed)
08-01 08:11:46.389  8326  8473 W .hkxps17.turnu: Accessing hidden method Lsun/misc/Unsafe;->getObject(Ljava/lang/Object;J)Ljava/lang/Object; (greylist, linking, allowed)
08-01 08:11:46.389  8326  8473 I Counters: exceeded sample count in FrameTime
08-01 08:11:46.394  8326  8447 W .hkxps17.turnu: Accessing hidden method Lsun/misc/Unsafe;->putObject(Ljava/lang/Object;JLjava/lang/Object;)V (greylist, linking, allowed)
08-01 08:11:46.394  8326  8447 W .hkxps17.turnu: Accessing hidden method Lsun/misc/Unsafe;->getObject(Ljava/lang/Object;J)Ljava/lang/Object; (greylist, linking, allowed)
08-01 08:11:46.395  8326  8447 W .hkxps17.turnu: Accessing hidden method Lsun/misc/Unsafe;->putObject(Ljava/lang/Object;JLjava/lang/Object;)V (greylist, linking, allowed)
08-01 08:11:46.405  8326  8473 W .hkxps17.turnu: Accessing hidden method Lsun/misc/Unsafe;->getObject(Ljava/lang/Object;J)Ljava/lang/Object; (greylist, linking, allowed)
08-01 08:11:46.405  8326  8473 I Counters: exceeded sample count in FrameTime
08-01 08:11:46.419  8326  8437 W .hkxps17.turnu: Accessing hidden method Lsun/misc/Unsafe;->getLong(Ljava/lang/Object;J)J (greylist,core-platform-api, linking, allowed)
08-01 08:11:46.419  8326  8437 W .hkxps17.turnu: Accessing hidden method Lsun/misc/Unsafe;->putLong(Ljava/lang/Object;JJ)V (greylist, linking, allowed)
08-01 08:11:46.419  8326  8437 W .hkxps17.turnu: Accessing hidden method Lsun/misc/Unsafe;->getObject(Ljava/lang/Object;J)Ljava/lang/Object; (greylist, linking, allowed)
08-01 08:11:46.420  8326  8473 W .hkxps17.turnu: Accessing hidden method Lsun/misc/Unsafe;->getInt(Ljava/lang/Object;J)I (greylist, linking, allowed)
08-01 08:11:46.420  8326  8473 W .hkxps17.turnu: Accessing hidden method Lsun/misc/Unsafe;->getObject(Ljava/lang/Object;J)Ljava/lang/Object; (greylist, linking, allowed)
08-01 08:11:46.420  8326  8473 I Counters: exceeded sample count in FrameTime
08-01 08:11:46.427  8326  8437 W .hkxps17.turnu: Accessing hidden method Lsun/misc/Unsafe;->compareAndSwapObject(Ljava/lang/Object;JLjava/lang/Object;Ljava/lang/Object;)Z (greylist, linking, allowed)
08-01 08:11:46.429  8326  8437 I SnapshotHandler: Unable to retrieve flag snapshot for com.google.android.libraries.consentverifier#com.hkxps17.turnup, using defaults.
08-01 08:11:46.431  8326  8437 W .hkxps17.turnu: Accessing hidden method Lsun/misc/Unsafe;->getObject(Ljava/lang/Object;J)Ljava/lang/Object; (greylist, linking, allowed)
08-01 08:11:46.442  8326  8473 W .hkxps17.turnu: Accessing hidden method Lsun/misc/Unsafe;->getInt(Ljava/lang/Object;J)I (greylist, linking, allowed)
08-01 08:11:46.442  8326  8473 W .hkxps17.turnu: Accessing hidden method Lsun/misc/Unsafe;->getObject(Ljava/lang/Object;J)Ljava/lang/Object; (greylist, linking, allowed)
08-01 08:11:46.442  8326  8473 I Counters: exceeded sample count in FrameTime
08-01 08:11:46.445  8326  8437 W .hkxps17.turnu: Accessing hidden method Lsun/misc/Unsafe;->compareAndSwapObject(Ljava/lang/Object;JLjava/lang/Object;Ljava/lang/Object;)Z (greylist, linking, allowed)
08-01 08:11:46.446  8326  8438 W MobStoreFlagStore: Unable to update local snapshot for com.google.android.libraries.consentverifier#com.hkxps17.turnup, may result in stale flags.
08-01 08:11:46.446  8326  8438 W MobStoreFlagStore: java.util.concurrent.ExecutionException: java.lang.SecurityException: GoogleCertificatesRslt: not allowed: pkg=com.hkxps17.turnup, sha256=[b88f376c2f33757ef6b3f12a23238906ee0ee76f1eac0df575b0e642f43fa802], atk=false, ver=222615031.true (go/gsrlt)
08-01 08:11:46.446  8326  8438 W MobStoreFlagStore: 	at aif.s(:com.google.android.gms.dynamite_mapsdynamite@222615068@22.26.15 (100700-0):3)
08-01 08:11:46.446  8326  8438 W MobStoreFlagStore: 	at aif.get(:com.google.android.gms.dynamite_mapsdynamite@222615068@22.26.15 (100700-0):2)
08-01 08:11:46.446  8326  8438 W MobStoreFlagStore: 	at ajp.g(:com.google.android.gms.dynamite_mapsdynamite@222615068@22.26.15 (100700-0):2)
08-01 08:11:46.446  8326  8438 W MobStoreFlagStore: 	at yg.d(:com.google.android.gms.dynamite_mapsdynamite@222615068@22.26.15 (100700-0):1)
08-01 08:11:46.446  8326  8438 W MobStoreFlagStore: 	at yi.run(:com.google.android.gms.dynamite_mapsdynamite@222615068@22.26.15 (100700-0):0)
08-01 08:11:46.446  8326  8438 W MobStoreFlagStore: 	at java.util.concurrent.Executors$RunnableAdapter.call(Executors.java:462)
08-01 08:11:46.446  8326  8438 W MobStoreFlagStore: 	at java.util.concurrent.FutureTask.run(FutureTask.java:266)
08-01 08:11:46.446  8326  8438 W MobStoreFlagStore: 	at java.util.concurrent.ScheduledThreadPoolExecutor$ScheduledFutureTask.run(ScheduledThreadPoolExecutor.java:301)
08-01 08:11:46.446  8326  8438 W MobStoreFlagStore: 	at java.util.concurrent.ThreadPoolExecutor.runWorker(ThreadPoolExecutor.java:1167)
08-01 08:11:46.446  8326  8438 W MobStoreFlagStore: 	at java.util.concurrent.ThreadPoolExecutor$Worker.run(ThreadPoolExecutor.java:641)
08-01 08:11:46.446  8326  8438 W MobStoreFlagStore: 	at java.lang.Thread.run(Thread.java:919)
08-01 08:11:46.446  8326  8438 W MobStoreFlagStore: Caused by: java.lang.SecurityException: GoogleCertificatesRslt: not allowed: pkg=com.hkxps17.turnup, sha256=[b88f376c2f33757ef6b3f12a23238906ee0ee76f1eac0df575b0e642f43fa802], atk=false, ver=222615031.true (go/gsrlt)
08-01 08:11:46.446  8326  8438 W MobStoreFlagStore: 	at android.os.Parcel.createException(Parcel.java:2071)
08-01 08:11:46.446  8326  8438 W MobStoreFlagStore: 	at android.os.Parcel.readException(Parcel.java:2039)
08-01 08:11:46.446  8326  8438 W MobStoreFlagStore: 	at android.os.Parcel.readException(Parcel.java:1987)
08-01 08:11:46.446  8326  8438 W MobStoreFlagStore: 	at es.bc(:com.google.android.gms.dynamite_mapsdynamite@222615068@22.26.15 (100700-0):2)
08-01 08:11:46.446  8326  8438 W MobStoreFlagStore: 	at rs.a(:com.google.android.gms.dynamite_mapsdynamite@222615068@22.26.15 (100700-0):4)
08-01 08:11:46.446  8326  8438 W MobStoreFlagStore: 	at iz.e(:com.google.android.gms.dynamite_mapsdynamite@222615068@22.26.15 (100700-0):2)
08-01 08:11:46.446  8326  8438 W MobStoreFlagStore: 	at jy.t(:com.google.android.gms.dynamite_mapsdynamite@222615068@22.26.15 (100700-0):2)
08-01 08:11:46.446  8326  8438 W MobStoreFlagStore: 	at jy.u(:com.google.android.gms.dynamite_mapsdynamite@222615068@22.26.15 (100700-0):3)
08-01 08:11:46.446  8326  8438 W MobStoreFlagStore: 	at jy.e(:com.google.android.gms.dynamite_mapsdynamite@222615068@22.26.15 (100700-0):2)
08-01 08:11:46.446  8326  8438 W MobStoreFlagStore: 	at kc.handleMessage(:com.google.android.gms.dynamite_mapsdynamite@222615068@22.26.15 (100700-0):69)
08-01 08:11:46.446  8326  8438 W MobStoreFlagStore: 	at android.os.Handler.dispatchMessage(Handler.java:103)
08-01 08:11:46.446  8326  8438 W MobStoreFlagStore: 	at android.os.Looper.loop(Looper.java:214)
08-01 08:11:46.446  8326  8438 W MobStoreFlagStore: 	at android.os.HandlerThread.run(HandlerThread.java:67)
08-01 08:11:46.459  8326  8473 W .hkxps17.turnu: Accessing hidden method Lsun/misc/Unsafe;->getObject(Ljava/lang/Object;J)Ljava/lang/Object; (greylist, linking, allowed)
08-01 08:11:46.459  8326  8473 I Counters: exceeded sample count in FrameTime
08-01 08:11:46.477  8326  8473 W .hkxps17.turnu: Accessing hidden method Lsun/misc/Unsafe;->getObject(Ljava/lang/Object;J)Ljava/lang/Object; (greylist, linking, allowed)
08-01 08:11:46.477  8326  8473 I Counters: exceeded sample count in FrameTime
08-01 08:11:46.495  8326  8473 W .hkxps17.turnu: Accessing hidden method Lsun/misc/Unsafe;->getObject(Ljava/lang/Object;J)Ljava/lang/Object; (greylist, linking, allowed)
08-01 08:11:46.495  8326  8473 I Counters: exceeded sample count in FrameTime
08-01 08:11:46.513  8326  8473 W .hkxps17.turnu: Accessing hidden method Lsun/misc/Unsafe;->getObject(Ljava/lang/Object;J)Ljava/lang/Object; (greylist, linking, allowed)
08-01 08:11:46.513  8326  8473 I Counters: exceeded sample count in FrameTime
08-01 08:11:46.525  8326  8467 W .hkxps17.turnu: Accessing hidden method Lsun/misc/Unsafe;->putObject(Ljava/lang/Object;JLjava/lang/Object;)V (greylist, linking, allowed)
08-01 08:11:46.525  8326  8467 W .hkxps17.turnu: Accessing hidden method Lsun/misc/Unsafe;->getObject(Ljava/lang/Object;J)Ljava/lang/Object; (greylist, linking, allowed)
08-01 08:11:46.525  8326  8467 W .hkxps17.turnu: Accessing hidden method Lsun/misc/Unsafe;->putObject(Ljava/lang/Object;JLjava/lang/Object;)V (greylist, linking, allowed)
08-01 08:11:46.526  8326  8467 I chatty  : uid=10164(com.hkxps17.turnup) androidmapsapi- identical 9 lines
08-01 08:11:46.526  8326  8467 W .hkxps17.turnu: Accessing hidden method Lsun/misc/Unsafe;->putObject(Ljava/lang/Object;JLjava/lang/Object;)V (greylist, linking, allowed)
08-01 08:11:46.531  8326  8437 W .hkxps17.turnu: Accessing hidden method Lsun/misc/Unsafe;->putLong(Ljava/lang/Object;JJ)V (greylist, linking, allowed)
08-01 08:11:46.532  8326  8437 W .hkxps17.turnu: Accessing hidden method Lsun/misc/Unsafe;->getInt(Ljava/lang/Object;J)I (greylist, linking, allowed)
08-01 08:11:46.532  8326  8473 W .hkxps17.turnu: Accessing hidden method Lsun/misc/Unsafe;->getInt(Ljava/lang/Object;J)I (greylist, linking, allowed)
08-01 08:11:46.532  8326  8473 W .hkxps17.turnu: Accessing hidden method Lsun/misc/Unsafe;->getObject(Ljava/lang/Object;J)Ljava/lang/Object; (greylist, linking, allowed)
08-01 08:11:46.532  8326  8473 I Counters: exceeded sample count in FrameTime
08-01 08:11:46.532  8326  8437 W .hkxps17.turnu: Accessing hidden method Lsun/misc/Unsafe;->getObject(Ljava/lang/Object;J)Ljava/lang/Object; (greylist, linking, allowed)
08-01 08:11:46.535  8326  8437 W .hkxps17.turnu: Accessing hidden method Lsun/misc/Unsafe;->getInt(Ljava/lang/Object;J)I (greylist, linking, allowed)
08-01 08:11:46.535  8326  8437 W .hkxps17.turnu: Accessing hidden method Lsun/misc/Unsafe;->getObject(Ljava/lang/Object;J)Ljava/lang/Object; (greylist, linking, allowed)
08-01 08:11:46.537  8326  8437 W .hkxps17.turnu: Accessing hidden method Lsun/misc/Unsafe;->getInt(Ljava/lang/Object;J)I (greylist, linking, allowed)
08-01 08:11:46.537  8326  8437 W .hkxps17.turnu: Accessing hidden method Lsun/misc/Unsafe;->getObject(Ljava/lang/Object;J)Ljava/lang/Object; (greylist, linking, allowed)
08-01 08:11:46.539  8326  8437 W .hkxps17.turnu: Accessing hidden method Lsun/misc/Unsafe;->getInt(Ljava/lang/Object;J)I (greylist, linking, allowed)
08-01 08:11:46.539  8326  8437 W .hkxps17.turnu: Accessing hidden method Lsun/misc/Unsafe;->getObject(Ljava/lang/Object;J)Ljava/lang/Object; (greylist, linking, allowed)
08-01 08:11:46.542  8326  8437 W .hkxps17.turnu: Accessing hidden method Lsun/misc/Unsafe;->getInt(Ljava/lang/Object;J)I (greylist, linking, allowed)
08-01 08:11:46.542  8326  8437 W .hkxps17.turnu: Accessing hidden method Lsun/misc/Unsafe;->getObject(Ljava/lang/Object;J)Ljava/lang/Object; (greylist, linking, allowed)
08-01 08:11:46.544  8326  8437 W .hkxps17.turnu: Accessing hidden method Lsun/misc/Unsafe;->getInt(Ljava/lang/Object;J)I (greylist, linking, allowed)
08-01 08:11:46.544  8326  8437 W .hkxps17.turnu: Accessing hidden method Lsun/misc/Unsafe;->getObject(Ljava/lang/Object;J)Ljava/lang/Object; (greylist, linking, allowed)
08-01 08:11:46.545  8326  8437 W .hkxps17.turnu: Accessing hidden method Lsun/misc/Unsafe;->getInt(Ljava/lang/Object;J)I (greylist, linking, allowed)
08-01 08:11:46.545  8326  8437 W .hkxps17.turnu: Accessing hidden method Lsun/misc/Unsafe;->getObject(Ljava/lang/Object;J)Ljava/lang/Object; (greylist, linking, allowed)
08-01 08:11:46.546  8326  8437 W .hkxps17.turnu: Accessing hidden method Lsun/misc/Unsafe;->getInt(Ljava/lang/Object;J)I (greylist, linking, allowed)
08-01 08:11:46.548  8326  8473 W .hkxps17.turnu: Accessing hidden method Lsun/misc/Unsafe;->getObject(Ljava/lang/Object;J)Ljava/lang/Object; (greylist, linking, allowed)
08-01 08:11:46.548  8326  8473 W .hkxps17.turnu: Accessing hidden method Lsun/misc/Unsafe;->getObject(Ljava/lang/Object;J)Ljava/lang/Object; (greylist, linking, allowed)
08-01 08:11:46.548  8326  8473 I Counters: exceeded sample count in FrameTime
08-01 08:11:46.551  8326  8437 W .hkxps17.turnu: Accessing hidden method Lsun/misc/Unsafe;->getInt(Ljava/lang/Object;J)I (greylist, linking, allowed)
08-01 08:11:46.551  8326  8437 W .hkxps17.turnu: Accessing hidden method Lsun/misc/Unsafe;->getObject(Ljava/lang/Object;J)Ljava/lang/Object; (greylist, linking, allowed)
08-01 08:11:46.553  8326  8437 W .hkxps17.turnu: Accessing hidden method Lsun/misc/Unsafe;->getInt(Ljava/lang/Object;J)I (greylist, linking, allowed)
08-01 08:11:46.554  8326  8437 W .hkxps17.turnu: Accessing hidden method Lsun/misc/Unsafe;->getObject(Ljava/lang/Object;J)Ljava/lang/Object; (greylist, linking, allowed)
08-01 08:11:46.554  8326  8437 W .hkxps17.turnu: Accessing hidden method Lsun/misc/Unsafe;->getInt(Ljava/lang/Object;J)I (greylist, linking, allowed)
08-01 08:11:46.555  8326  8437 W .hkxps17.turnu: Accessing hidden method Lsun/misc/Unsafe;->getObject(Ljava/lang/Object;J)Ljava/lang/Object; (greylist, linking, allowed)
08-01 08:11:46.556  8326  8437 W .hkxps17.turnu: Accessing hidden method Lsun/misc/Unsafe;->getInt(Ljava/lang/Object;J)I (greylist, linking, allowed)
08-01 08:11:46.556  8326  8437 W .hkxps17.turnu: Accessing hidden method Lsun/misc/Unsafe;->getObject(Ljava/lang/Object;J)Ljava/lang/Object; (greylist, linking, allowed)
08-01 08:11:46.564  8326  8473 W .hkxps17.turnu: Accessing hidden method Lsun/misc/Unsafe;->getInt(Ljava/lang/Object;J)I (greylist, linking, allowed)
08-01 08:11:46.564  8326  8473 W .hkxps17.turnu: Accessing hidden method Lsun/misc/Unsafe;->getObject(Ljava/lang/Object;J)Ljava/lang/Object; (greylist, linking, allowed)
08-01 08:11:46.564  8326  8473 I Counters: exceeded sample count in FrameTime
08-01 08:11:46.582  8326  8473 W .hkxps17.turnu: Accessing hidden method Lsun/misc/Unsafe;->getObject(Ljava/lang/Object;J)Ljava/lang/Object; (greylist, linking, allowed)
08-01 08:11:46.582  8326  8473 I Counters: exceeded sample count in FrameTime
08-01 08:11:46.599  8326  8473 W .hkxps17.turnu: Accessing hidden method Lsun/misc/Unsafe;->getObject(Ljava/lang/Object;J)Ljava/lang/Object; (greylist, linking, allowed)
08-01 08:11:46.599  8326  8473 I Counters: exceeded sample count in FrameTime
08-01 08:11:46.616  8326  8473 W .hkxps17.turnu: Accessing hidden method Lsun/misc/Unsafe;->getObject(Ljava/lang/Object;J)Ljava/lang/Object; (greylist, linking, allowed)
08-01 08:11:46.616  8326  8473 I Counters: exceeded sample count in FrameTime
08-01 08:11:46.634  8326  8473 W .hkxps17.turnu: Accessing hidden method Lsun/misc/Unsafe;->getObject(Ljava/lang/Object;J)Ljava/lang/Object; (greylist, linking, allowed)
08-01 08:11:46.634  8326  8473 I Counters: exceeded sample count in FrameTime
08-01 08:11:46.652  8326  8473 W .hkxps17.turnu: Accessing hidden method Lsun/misc/Unsafe;->getObject(Ljava/lang/Object;J)Ljava/lang/Object; (greylist, linking, allowed)
08-01 08:11:46.652  8326  8473 I Counters: exceeded sample count in FrameTime
08-01 08:11:46.670  8326  8473 W .hkxps17.turnu: Accessing hidden method Lsun/misc/Unsafe;->getObject(Ljava/lang/Object;J)Ljava/lang/Object; (greylist, linking, allowed)
08-01 08:11:46.670  8326  8473 I Counters: exceeded sample count in FrameTime
08-01 08:11:46.689  8326  8473 W .hkxps17.turnu: Accessing hidden method Lsun/misc/Unsafe;->getObject(Ljava/lang/Object;J)Ljava/lang/Object; (greylist, linking, allowed)
08-01 08:11:46.689  8326  8473 I Counters: exceeded sample count in FrameTime
08-01 08:11:46.710  8326  8473 W .hkxps17.turnu: Accessing hidden method Lsun/misc/Unsafe;->getObject(Ljava/lang/Object;J)Ljava/lang/Object; (greylist, linking, allowed)
08-01 08:11:46.710  8326  8473 I Counters: exceeded sample count in FrameTime
08-01 08:11:46.727  8326  8473 W .hkxps17.turnu: Accessing hidden method Lsun/misc/Unsafe;->getObject(Ljava/lang/Object;J)Ljava/lang/Object; (greylist, linking, allowed)
08-01 08:11:46.728  8326  8473 I Counters: exceeded sample count in FrameTime
08-01 08:11:46.744  8326  8473 W .hkxps17.turnu: Accessing hidden method Lsun/misc/Unsafe;->getObject(Ljava/lang/Object;J)Ljava/lang/Object; (greylist, linking, allowed)
08-01 08:11:46.744  8326  8473 I Counters: exceeded sample count in FrameTime
08-01 08:11:46.762  8326  8473 W .hkxps17.turnu: Accessing hidden method Lsun/misc/Unsafe;->getObject(Ljava/lang/Object;J)Ljava/lang/Object; (greylist, linking, allowed)
08-01 08:11:46.763  8326  8473 I Counters: exceeded sample count in FrameTime
08-01 08:11:46.779  8326  8473 W .hkxps17.turnu: Accessing hidden method Lsun/misc/Unsafe;->getObject(Ljava/lang/Object;J)Ljava/lang/Object; (greylist, linking, allowed)
08-01 08:11:46.779  8326  8473 I Counters: exceeded sample count in FrameTime
08-01 08:11:46.797  8326  8473 W .hkxps17.turnu: Accessing hidden method Lsun/misc/Unsafe;->getObject(Ljava/lang/Object;J)Ljava/lang/Object; (greylist, linking, allowed)
08-01 08:11:46.797  8326  8473 I Counters: exceeded sample count in FrameTime
08-01 08:11:46.815  8326  8473 W .hkxps17.turnu: Accessing hidden method Lsun/misc/Unsafe;->getObject(Ljava/lang/Object;J)Ljava/lang/Object; (greylist, linking, allowed)
08-01 08:11:46.816  8326  8473 I Counters: exceeded sample count in FrameTime
08-01 08:11:46.833  8326  8473 W .hkxps17.turnu: Accessing hidden method Lsun/misc/Unsafe;->getObject(Ljava/lang/Object;J)Ljava/lang/Object; (greylist, linking, allowed)
08-01 08:11:46.833  8326  8473 I Counters: exceeded sample count in FrameTime
08-01 08:11:46.852  8326  8473 W .hkxps17.turnu: Accessing hidden method Lsun/misc/Unsafe;->getObject(Ljava/lang/Object;J)Ljava/lang/Object; (greylist, linking, allowed)
08-01 08:11:46.852  8326  8473 I Counters: exceeded sample count in FrameTime
08-01 08:11:46.864  1795  2479 E GnssHAL_GnssInterface: gnssSvStatusCb: a: input svInfo.flags is 8
08-01 08:11:46.864  1795  2479 E GnssHAL_GnssInterface: gnssSvStatusCb: b: input svInfo.flags is 8
08-01 08:11:46.869  8326  8473 W .hkxps17.turnu: Accessing hidden method Lsun/misc/Unsafe;->getObject(Ljava/lang/Object;J)Ljava/lang/Object; (greylist, linking, allowed)
08-01 08:11:46.869  8326  8473 I Counters: exceeded sample count in FrameTime
08-01 08:11:46.885  8326  8466 W .hkxps17.turnu: Accessing hidden field Ljava/nio/Buffer;->position:I (greylist, JNI, allowed)
08-01 08:11:46.885  8326  8466 W .hkxps17.turnu: Accessing hidden field Ljava/nio/Buffer;->limit:I (greylist, JNI, allowed)
08-01 08:11:46.885  8326  8466 W .hkxps17.turnu: Accessing hidden field Ljava/nio/Buffer;->_elementSizeShift:I (greylist, JNI, allowed)
08-01 08:11:46.889  8326  8473 W .hkxps17.turnu: Accessing hidden method Lsun/misc/Unsafe;->getObject(Ljava/lang/Object;J)Ljava/lang/Object; (greylist, linking, allowed)
08-01 08:11:46.889  8326  8473 I Counters: exceeded sample count in FrameTime
08-01 08:11:46.903  8326  8473 W .hkxps17.turnu: Accessing hidden method Lsun/misc/Unsafe;->getObject(Ljava/lang/Object;J)Ljava/lang/Object; (greylist, linking, allowed)
08-01 08:11:46.903  8326  8473 I Counters: exceeded sample count in FrameTime
08-01 08:11:46.919  8326  8473 W .hkxps17.turnu: Accessing hidden method Lsun/misc/Unsafe;->getObject(Ljava/lang/Object;J)Ljava/lang/Object; (greylist, linking, allowed)
08-01 08:11:46.919  8326  8473 I Counters: exceeded sample count in FrameTime
08-01 08:11:46.937  8326  8473 W .hkxps17.turnu: Accessing hidden method Lsun/misc/Unsafe;->getObject(Ljava/lang/Object;J)Ljava/lang/Object; (greylist, linking, allowed)
08-01 08:11:46.937  8326  8473 I Counters: exceeded sample count in FrameTime
08-01 08:11:46.954  8326  8473 W .hkxps17.turnu: Accessing hidden method Lsun/misc/Unsafe;->getObject(Ljava/lang/Object;J)Ljava/lang/Object; (greylist, linking, allowed)
08-01 08:11:46.954  8326  8473 I Counters: exceeded sample count in FrameTime
08-01 08:11:46.971  8326  8473 W .hkxps17.turnu: Accessing hidden method Lsun/misc/Unsafe;->getObject(Ljava/lang/Object;J)Ljava/lang/Object; (greylist, linking, allowed)
08-01 08:11:46.971  8326  8473 I Counters: exceeded sample count in FrameTime
08-01 08:11:46.993  8326  8473 W .hkxps17.turnu: Accessing hidden method Lsun/misc/Unsafe;->getObject(Ljava/lang/Object;J)Ljava/lang/Object; (greylist, linking, allowed)
08-01 08:11:46.993  8326  8473 I Counters: exceeded sample count in FrameTime
08-01 08:11:47.010  8326  8473 W .hkxps17.turnu: Accessing hidden method Lsun/misc/Unsafe;->getObject(Ljava/lang/Object;J)Ljava/lang/Object; (greylist, linking, allowed)
08-01 08:11:47.010  8326  8473 I Counters: exceeded sample count in FrameTime
08-01 08:11:47.023  8326  8473 W .hkxps17.turnu: Accessing hidden method Lsun/misc/Unsafe;->getObject(Ljava/lang/Object;J)Ljava/lang/Object; (greylist, linking, allowed)
08-01 08:11:47.023  8326  8473 I Counters: exceeded sample count in FrameTime
08-01 08:11:47.041  8326  8473 W .hkxps17.turnu: Accessing hidden method Lsun/misc/Unsafe;->getObject(Ljava/lang/Object;J)Ljava/lang/Object; (greylist, linking, allowed)
08-01 08:11:47.041  8326  8473 I Counters: exceeded sample count in FrameTime
08-01 08:11:47.058  8326  8473 W .hkxps17.turnu: Accessing hidden method Lsun/misc/Unsafe;->getObject(Ljava/lang/Object;J)Ljava/lang/Object; (greylist, linking, allowed)
08-01 08:11:47.058  8326  8473 I Counters: exceeded sample count in FrameTime
08-01 08:11:47.075  8326  8473 W .hkxps17.turnu: Accessing hidden method Lsun/misc/Unsafe;->getObject(Ljava/lang/Object;J)Ljava/lang/Object; (greylist, linking, allowed)
08-01 08:11:47.075  8326  8473 I Counters: exceeded sample count in FrameTime
08-01 08:11:47.093  8326  8473 W .hkxps17.turnu: Accessing hidden method Lsun/misc/Unsafe;->getObject(Ljava/lang/Object;J)Ljava/lang/Object; (greylist, linking, allowed)
08-01 08:11:47.093  8326  8473 I Counters: exceeded sample count in FrameTime
08-01 08:11:47.112  8326  8473 W .hkxps17.turnu: Accessing hidden method Lsun/misc/Unsafe;->getObject(Ljava/lang/Object;J)Ljava/lang/Object; (greylist, linking, allowed)
08-01 08:11:47.112  8326  8473 I Counters: exceeded sample count in FrameTime
08-01 08:11:47.130  8326  8473 W .hkxps17.turnu: Accessing hidden method Lsun/misc/Unsafe;->getObject(Ljava/lang/Object;J)Ljava/lang/Object; (greylist, linking, allowed)
08-01 08:11:47.130  8326  8473 I Counters: exceeded sample count in FrameTime
08-01 08:11:47.146  8326  8473 W .hkxps17.turnu: Accessing hidden method Lsun/misc/Unsafe;->getObject(Ljava/lang/Object;J)Ljava/lang/Object; (greylist, linking, allowed)
08-01 08:11:47.146  8326  8473 I Counters: exceeded sample count in FrameTime
08-01 08:11:47.162  8326  8473 W .hkxps17.turnu: Accessing hidden method Lsun/misc/Unsafe;->getObject(Ljava/lang/Object;J)Ljava/lang/Object; (greylist, linking, allowed)
08-01 08:11:47.162  8326  8473 I Counters: exceeded sample count in FrameTime
08-01 08:11:47.179  8326  8473 W .hkxps17.turnu: Accessing hidden method Lsun/misc/Unsafe;->getObject(Ljava/lang/Object;J)Ljava/lang/Object; (greylist, linking, allowed)
08-01 08:11:47.179  8326  8473 I Counters: exceeded sample count in FrameTime
08-01 08:11:47.196  8326  8473 W .hkxps17.turnu: Accessing hidden method Lsun/misc/Unsafe;->getObject(Ljava/lang/Object;J)Ljava/lang/Object; (greylist, linking, allowed)
08-01 08:11:47.196  8326  8473 I Counters: exceeded sample count in FrameTime
08-01 08:11:47.214  8326  8473 W .hkxps17.turnu: Accessing hidden method Lsun/misc/Unsafe;->getObject(Ljava/lang/Object;J)Ljava/lang/Object; (greylist, linking, allowed)
08-01 08:11:47.214  8326  8473 I Counters: exceeded sample count in FrameTime
08-01 08:11:47.232  8326  8473 W .hkxps17.turnu: Accessing hidden method Lsun/misc/Unsafe;->getObject(Ljava/lang/Object;J)Ljava/lang/Object; (greylist, linking, allowed)
08-01 08:11:47.232  8326  8473 I Counters: exceeded sample count in FrameTime
08-01 08:11:47.250  8326  8473 W .hkxps17.turnu: Accessing hidden method Lsun/misc/Unsafe;->getObject(Ljava/lang/Object;J)Ljava/lang/Object; (greylist, linking, allowed)
08-01 08:11:47.250  8326  8473 I Counters: exceeded sample count in FrameTime
08-01 08:11:47.268  8326  8473 W .hkxps17.turnu: Accessing hidden method Lsun/misc/Unsafe;->getObject(Ljava/lang/Object;J)Ljava/lang/Object; (greylist, linking, allowed)
08-01 08:11:47.269  8326  8473 I Counters: exceeded sample count in FrameTime
08-01 08:11:47.285  8326  8473 W .hkxps17.turnu: Accessing hidden method Lsun/misc/Unsafe;->getObject(Ljava/lang/Object;J)Ljava/lang/Object; (greylist, linking, allowed)
08-01 08:11:47.285  8326  8473 I Counters: exceeded sample count in FrameTime
08-01 08:11:47.305  8326  8473 W .hkxps17.turnu: Accessing hidden method Lsun/misc/Unsafe;->getObject(Ljava/lang/Object;J)Ljava/lang/Object; (greylist, linking, allowed)
08-01 08:11:47.312  8326  8473 I Counters: exceeded sample count in FrameTime
08-01 08:11:47.320  8326  8473 W .hkxps17.turnu: Accessing hidden method Lsun/misc/Unsafe;->getObject(Ljava/lang/Object;J)Ljava/lang/Object; (greylist, linking, allowed)
08-01 08:11:47.320  8326  8473 I Counters: exceeded sample count in FrameTime
08-01 08:11:47.337  8326  8473 W .hkxps17.turnu: Accessing hidden method Lsun/misc/Unsafe;->getObject(Ljava/lang/Object;J)Ljava/lang/Object; (greylist, linking, allowed)
08-01 08:11:47.337  8326  8473 I Counters: exceeded sample count in FrameTime
08-01 08:11:47.354  8326  8473 W .hkxps17.turnu: Accessing hidden method Lsun/misc/Unsafe;->getObject(Ljava/lang/Object;J)Ljava/lang/Object; (greylist, linking, allowed)
08-01 08:11:47.354  8326  8473 I Counters: exceeded sample count in FrameTime
08-01 08:11:47.371  8326  8473 W .hkxps17.turnu: Accessing hidden method Lsun/misc/Unsafe;->getObject(Ljava/lang/Object;J)Ljava/lang/Object; (greylist, linking, allowed)
08-01 08:11:47.371  8326  8473 I Counters: exceeded sample count in FrameTime
08-01 08:11:47.388  8326  8473 W .hkxps17.turnu: Accessing hidden method Lsun/misc/Unsafe;->getObject(Ljava/lang/Object;J)Ljava/lang/Object; (greylist, linking, allowed)
08-01 08:11:47.388  8326  8473 I Counters: exceeded sample count in FrameTime
08-01 08:11:47.406  8326  8473 W .hkxps17.turnu: Accessing hidden method Lsun/misc/Unsafe;->getObject(Ljava/lang/Object;J)Ljava/lang/Object; (greylist, linking, allowed)
08-01 08:11:47.406  8326  8473 I Counters: exceeded sample count in FrameTime
08-01 08:11:47.434  8326  8473 W .hkxps17.turnu: Accessing hidden method Lsun/misc/Unsafe;->getObject(Ljava/lang/Object;J)Ljava/lang/Object; (greylist, linking, allowed)
08-01 08:11:47.434  8326  8473 I Counters: exceeded sample count in FrameTime
08-01 08:11:47.448  8326  8473 W .hkxps17.turnu: Accessing hidden method Lsun/misc/Unsafe;->getObject(Ljava/lang/Object;J)Ljava/lang/Object; (greylist, linking, allowed)
08-01 08:11:47.448  8326  8473 I Counters: exceeded sample count in FrameTime
08-01 08:11:47.459  8326  8473 W .hkxps17.turnu: Accessing hidden method Lsun/misc/Unsafe;->getObject(Ljava/lang/Object;J)Ljava/lang/Object; (greylist, linking, allowed)
08-01 08:11:47.459  8326  8473 I Counters: exceeded sample count in FrameTime
08-01 08:11:47.477  8326  8473 W .hkxps17.turnu: Accessing hidden method Lsun/misc/Unsafe;->getObject(Ljava/lang/Object;J)Ljava/lang/Object; (greylist, linking, allowed)
08-01 08:11:47.478  8326  8473 I Counters: exceeded sample count in FrameTime
08-01 08:11:47.498  8326  8473 I Counters: exceeded sample count in FrameTime
08-01 08:11:47.507  8326  8476 W .hkxps17.turnu: Accessing hidden method Lsun/misc/Unsafe;->getObject(Ljava/lang/Object;J)Ljava/lang/Object; (greylist, linking, allowed)
08-01 08:11:47.579  8326  8477 W .hkxps17.turnu: Accessing hidden method Lsun/misc/Unsafe;->getObject(Ljava/lang/Object;J)Ljava/lang/Object; (greylist, linking, allowed)
08-01 08:11:47.792  8326  8477 W .hkxps17.turnu: Accessing hidden method Lsun/misc/Unsafe;->putObject(Ljava/lang/Object;JLjava/lang/Object;)V (greylist, linking, allowed)
08-01 08:11:47.792  8326  8477 W .hkxps17.turnu: Accessing hidden method Lsun/misc/Unsafe;->putLong(Ljava/lang/Object;JJ)V (greylist, linking, allowed)
08-01 08:11:47.828  8326  8473 W .hkxps17.turnu: Accessing hidden method Lsun/misc/Unsafe;->getInt(Ljava/lang/Object;J)I (greylist, linking, allowed)
08-01 08:11:47.828  8326  8473 I Counters: exceeded sample count in FrameTime
08-01 08:11:47.864  1795  2479 E GnssHAL_GnssInterface: gnssSvStatusCb: a: input svInfo.flags is 8
08-01 08:11:47.864  1795  2479 E GnssHAL_GnssInterface: gnssSvStatusCb: b: input svInfo.flags is 8
08-01 08:11:47.879  8326  8473 W .hkxps17.turnu: Accessing hidden method Lsun/misc/Unsafe;->getObject(Ljava/lang/Object;J)Ljava/lang/Object; (greylist, linking, allowed)
08-01 08:11:47.879  8326  8473 I Counters: exceeded sample count in FrameTime
08-01 08:11:47.889  8326  8473 W .hkxps17.turnu: Accessing hidden method Lsun/misc/Unsafe;->getObject(Ljava/lang/Object;J)Ljava/lang/Object; (greylist, linking, allowed)
08-01 08:11:47.889  8326  8473 I Counters: exceeded sample count in FrameTime
08-01 08:11:47.902  8326  8473 W .hkxps17.turnu: Accessing hidden method Lsun/misc/Unsafe;->getObject(Ljava/lang/Object;J)Ljava/lang/Object; (greylist, linking, allowed)
08-01 08:11:47.902  8326  8473 I Counters: exceeded sample count in FrameTime
08-01 08:11:47.921  8326  8473 W .hkxps17.turnu: Accessing hidden method Lsun/misc/Unsafe;->getObject(Ljava/lang/Object;J)Ljava/lang/Object; (greylist, linking, allowed)
08-01 08:11:47.922  8326  8473 I Counters: exceeded sample count in FrameTime
08-01 08:11:47.937  8326  8473 W .hkxps17.turnu: Accessing hidden method Lsun/misc/Unsafe;->getObject(Ljava/lang/Object;J)Ljava/lang/Object; (greylist, linking, allowed)
08-01 08:11:47.938  8326  8473 I Counters: exceeded sample count in FrameTime
08-01 08:11:47.954  8326  8473 W .hkxps17.turnu: Accessing hidden method Lsun/misc/Unsafe;->getObject(Ljava/lang/Object;J)Ljava/lang/Object; (greylist, linking, allowed)
08-01 08:11:47.954  8326  8473 I Counters: exceeded sample count in FrameTime
08-01 08:11:47.970  8326  8473 W .hkxps17.turnu: Accessing hidden method Lsun/misc/Unsafe;->getObject(Ljava/lang/Object;J)Ljava/lang/Object; (greylist, linking, allowed)
08-01 08:11:47.970  8326  8473 I Counters: exceeded sample count in FrameTime
08-01 08:11:47.988  8326  8473 W .hkxps17.turnu: Accessing hidden method Lsun/misc/Unsafe;->getObject(Ljava/lang/Object;J)Ljava/lang/Object; (greylist, linking, allowed)
08-01 08:11:47.988  8326  8473 I Counters: exceeded sample count in FrameTime
08-01 08:11:48.006  8326  8473 W .hkxps17.turnu: Accessing hidden method Lsun/misc/Unsafe;->getObject(Ljava/lang/Object;J)Ljava/lang/Object; (greylist, linking, allowed)
08-01 08:11:48.006  8326  8473 I Counters: exceeded sample count in FrameTime
08-01 08:11:48.024  8326  8473 W .hkxps17.turnu: Accessing hidden method Lsun/misc/Unsafe;->getObject(Ljava/lang/Object;J)Ljava/lang/Object; (greylist, linking, allowed)
08-01 08:11:48.024  8326  8473 I Counters: exceeded sample count in FrameTime
08-01 08:11:48.036  8326  8476 W .hkxps17.turnu: Accessing hidden method Lsun/misc/Unsafe;->getObject(Ljava/lang/Object;J)Ljava/lang/Object; (greylist, linking, allowed)
08-01 08:11:48.036  8326  8476 W .hkxps17.turnu: Accessing hidden method Lsun/misc/Unsafe;->putLong(Ljava/lang/Object;JJ)V (greylist, linking, allowed)
08-01 08:11:48.041  8326  8473 W .hkxps17.turnu: Accessing hidden method Lsun/misc/Unsafe;->getInt(Ljava/lang/Object;J)I (greylist, linking, allowed)
08-01 08:11:48.042  8326  8473 I Counters: exceeded sample count in FrameTime
08-01 08:11:48.062  8326  8480 W .hkxps17.turnu: Accessing hidden method Lsun/misc/Unsafe;->getObject(Ljava/lang/Object;J)Ljava/lang/Object; (greylist, linking, allowed)
08-01 08:11:48.069  8326  8481 W .hkxps17.turnu: Accessing hidden method Lsun/misc/Unsafe;->getObject(Ljava/lang/Object;J)Ljava/lang/Object; (greylist, linking, allowed)
08-01 08:11:48.105  8326  8473 I Counters: exceeded sample count in FrameTime
08-01 08:11:48.129  8326  8473 W .hkxps17.turnu: Accessing hidden method Lsun/misc/Unsafe;->getObject(Ljava/lang/Object;J)Ljava/lang/Object; (greylist, linking, allowed)
08-01 08:11:48.129  8326  8473 I Counters: exceeded sample count in FrameTime
08-01 08:11:48.147  8326  8482 W .hkxps17.turnu: Accessing hidden method Lsun/misc/Unsafe;->getObject(Ljava/lang/Object;J)Ljava/lang/Object; (greylist, linking, allowed)
08-01 08:11:48.159  8326  8473 I Counters: exceeded sample count in FrameTime
08-01 08:11:48.178  8326  8473 W .hkxps17.turnu: Accessing hidden method Lsun/misc/Unsafe;->getObject(Ljava/lang/Object;J)Ljava/lang/Object; (greylist, linking, allowed)
08-01 08:11:48.178  8326  8473 I Counters: exceeded sample count in FrameTime
08-01 08:11:48.212  8326  8473 W .hkxps17.turnu: Accessing hidden method Lsun/misc/Unsafe;->getObject(Ljava/lang/Object;J)Ljava/lang/Object; (greylist, linking, allowed)
08-01 08:11:48.212  8326  8473 I Counters: exceeded sample count in FrameTime
08-01 08:11:48.229  8326  8473 W .hkxps17.turnu: Accessing hidden method Lsun/misc/Unsafe;->getObject(Ljava/lang/Object;J)Ljava/lang/Object; (greylist, linking, allowed)
08-01 08:11:48.229  8326  8473 I Counters: exceeded sample count in FrameTime
08-01 08:11:48.238 10808 10808 D BoundBrokerSvc: onBind: Intent { act=com.google.android.contextmanager.service.ContextManagerService.START pkg=com.google.android.gms }
08-01 08:11:48.244 10808 10808 D BoundBrokerSvc: Loading bound service for intent: Intent { act=com.google.android.contextmanager.service.ContextManagerService.START pkg=com.google.android.gms }
08-01 08:11:48.251  8326  8473 W .hkxps17.turnu: Accessing hidden method Lsun/misc/Unsafe;->getObject(Ljava/lang/Object;J)Ljava/lang/Object; (greylist, linking, allowed)
08-01 08:11:48.251  8326  8473 I Counters: exceeded sample count in FrameTime
08-01 08:11:48.270  8326  8473 W .hkxps17.turnu: Accessing hidden method Lsun/misc/Unsafe;->getObject(Ljava/lang/Object;J)Ljava/lang/Object; (greylist, linking, allowed)
08-01 08:11:48.270  8326  8473 I Counters: exceeded sample count in FrameTime
08-01 08:11:48.270  8326  8332 W .hkxps17.turnu: Accessing hidden method Lsun/misc/Unsafe;->getObject(Ljava/lang/Object;J)Ljava/lang/Object; (greylist, linking, allowed)
08-01 08:11:48.286  8326  8480 W .hkxps17.turnu: Accessing hidden method Lsun/misc/Unsafe;->putLong(Ljava/lang/Object;JJ)V (greylist, linking, allowed)
08-01 08:11:48.295  8326  8473 I Counters: exceeded sample count in FrameTime
08-01 08:11:48.330  8326  8473 I chatty  : uid=10164(com.hkxps17.turnup) androidmapsapi- identical 2 lines
08-01 08:11:48.348  8326  8473 I Counters: exceeded sample count in FrameTime
08-01 08:11:48.353  8326  8482 W .hkxps17.turnu: Accessing hidden method Lsun/misc/Unsafe;->getObject(Ljava/lang/Object;J)Ljava/lang/Object; (greylist, linking, allowed)
08-01 08:11:48.353  8326  8482 W .hkxps17.turnu: Accessing hidden method Lsun/misc/Unsafe;->putLong(Ljava/lang/Object;JJ)V (greylist, linking, allowed)
08-01 08:11:48.353  8326  8482 W .hkxps17.turnu: Accessing hidden method Lsun/misc/Unsafe;->getInt(Ljava/lang/Object;J)I (greylist, linking, allowed)
08-01 08:11:48.364  8326  8473 I Counters: exceeded sample count in FrameTime
08-01 08:11:48.431  8326  8473 I chatty  : uid=10164(com.hkxps17.turnup) androidmapsapi- identical 4 lines
08-01 08:11:48.451  8326  8473 I Counters: exceeded sample count in FrameTime
08-01 08:11:48.463  8326  8481 W .hkxps17.turnu: Accessing hidden method Lsun/misc/Unsafe;->getObject(Ljava/lang/Object;J)Ljava/lang/Object; (greylist, linking, allowed)
08-01 08:11:48.464  8326  8481 W .hkxps17.turnu: Accessing hidden method Lsun/misc/Unsafe;->putLong(Ljava/lang/Object;JJ)V (greylist, linking, allowed)
08-01 08:11:48.465  8326  8481 W .hkxps17.turnu: Accessing hidden method Lsun/misc/Unsafe;->getInt(Ljava/lang/Object;J)I (greylist, linking, allowed)
08-01 08:11:48.469  8326  8332 W .hkxps17.turnu: Accessing hidden method Lsun/misc/Unsafe;->getInt(Ljava/lang/Object;J)I (greylist, linking, allowed)
08-01 08:11:48.470  8326  8473 I Counters: exceeded sample count in FrameTime
08-01 08:11:48.830  8326  8473 I chatty  : uid=10164(com.hkxps17.turnup) androidmapsapi- identical 21 lines
08-01 08:11:48.847  8326  8473 I Counters: exceeded sample count in FrameTime
08-01 08:11:48.863  1795  2479 E GnssHAL_GnssInterface: gnssSvStatusCb: a: input svInfo.flags is 8
08-01 08:11:48.863  1795  2479 E GnssHAL_GnssInterface: gnssSvStatusCb: b: input svInfo.flags is 8
08-01 08:11:48.893  1784  1951 W audio_hw_generic: Not supplying enough data to HAL, expected position 43449810 , only wrote 43204282
08-01 08:11:49.267  8326  8357 W .hkxps17.turnu: Accessing hidden method Lsun/misc/Unsafe;->compareAndSwapObject(Ljava/lang/Object;JLjava/lang/Object;Ljava/lang/Object;)Z (greylist, linking, allowed)
08-01 08:11:49.269  8326  8326 I ViewInteraction: Checking 'MatchesViewAssertion{viewMatcher=(view has effective visibility <VISIBLE> and view.getGlobalVisibleRect() to return non-empty rectangle)}' assertion on view (view.getId() is <2131230806/com.hkxps17.turnup:id/add_location> and view.getParent() view.getParent() view.getId() is <16908290/android:id/content> and (view has effective visibility <VISIBLE> and view.getGlobalVisibleRect() to return non-empty rectangle))
08-01 08:11:49.277  8326  8326 D LifecycleMonitor: Lifecycle status change: com.hkxps17.turnup.MapsActivity@a224ad9 in: PAUSED
08-01 08:11:49.284  8326  8326 V ActivityScenario: Activity lifecycle changed event received but ignored because the intent does not match. startActivityIntent=Intent { act=android.intent.action.MAIN cat=[android.intent.category.LAUNCHER] cmp=com.hkxps17.turnup/.LoginActivity }, activity.getIntent()=Intent { cmp=com.hkxps17.turnup/.MapsActivity }, activity=com.hkxps17.turnup.MapsActivity@a224ad9
08-01 08:11:49.284  2037  5119 W InputReader: Device has associated, but no associated display id.
08-01 08:11:49.286  2037  5119 I chatty  : uid=1000(system) Binder:2037_1E identical 38 lines
08-01 08:11:49.286  2037  5119 W InputReader: Device has associated, but no associated display id.
08-01 08:11:49.286  8359  8359 W ActivityThread: handleWindowVisibility: no activity for token android.os.BinderProxy@16e073a
08-01 08:11:49.287  2037  5119 W InputReader: Device has associated, but no associated display id.
08-01 08:11:49.287  2037  5119 I chatty  : uid=1000(system) Binder:2037_1E identical 8 lines
08-01 08:11:49.287  2037  5119 W InputReader: Device has associated, but no associated display id.
08-01 08:11:49.293  8326  8326 E libprocessgroup: set_timerslack_ns write failed: Operation not permitted
08-01 08:11:49.308  8326  8326 D LifecycleMonitor: Lifecycle status change: com.hkxps17.turnup.LoginActivity@7e17953 in: DESTROYED
08-01 08:11:49.308  8326  8326 V ActivityScenario: Update currentActivityStage to DESTROYED, currentActivity=null
08-01 08:11:49.327  8359  8388 D HostConnection: HostConnection::get() New Host Connection established 0xd2b0ee10, tid 8388
08-01 08:11:49.328  8359  8388 D HostConnection: HostComposition ext ANDROID_EMU_CHECKSUM_HELPER_v1 ANDROID_EMU_dma_v1 ANDROID_EMU_direct_mem ANDROID_EMU_host_composition_v1 ANDROID_EMU_host_composition_v2 ANDROID_EMU_vulkan ANDROID_EMU_deferred_vulkan_commands ANDROID_EMU_vulkan_null_optional_strings ANDROID_EMU_vulkan_create_resources_with_requirements ANDROID_EMU_YUV420_888_to_NV21 ANDROID_EMU_YUV_Cache ANDROID_EMU_vulkan_free_memory_sync ANDROID_EMU_vulkan_shader_float16_int8 ANDROID_EMU_vulkan_async_queue_submit ANDROID_EMU_sync_buffer_data GL_OES_vertex_array_object GL_KHR_texture_compression_astc_ldr ANDROID_EMU_host_side_tracing ANDROID_EMU_gles_max_version_2
08-01 08:11:49.331  8359  8388 W OpenGLRenderer: Failed to choose config with EGL_SWAP_BEHAVIOR_PRESERVED, retrying without...
08-01 08:11:49.342  8359  8388 D eglCodecCommon: setVertexArrayObject: set vao to 0 (0) 0 0
08-01 08:11:49.342  8359  8388 D EGL_emulation: eglCreateContext: 0xdde5ea00: maj 2 min 0 rcv 2
08-01 08:11:49.374  8359  8388 D EGL_emulation: eglMakeCurrent: 0xdde5ea00: ver 2 0 (tinfo 0xdde4fe20)
08-01 08:11:49.380  1796  3402 D gralloc_ranchu: gralloc_alloc: Creating ashmem region of size 9334784
08-01 08:11:49.382  1678  1678 I hwservicemanager: getTransport: Cannot find entry android.hardware.graphics.mapper@3.0::IMapper/default in either framework or device manifest.
08-01 08:11:49.382  8359  8388 W Gralloc3: mapper 3.x is not supported
08-01 08:11:49.384  8359  8388 D HostConnection: createUnique: call
08-01 08:11:49.385  8359  8388 D HostConnection: HostConnection::get() New Host Connection established 0xd2b10800, tid 8388
08-01 08:11:49.386  8359  8388 D HostConnection: HostComposition ext ANDROID_EMU_CHECKSUM_HELPER_v1 ANDROID_EMU_dma_v1 ANDROID_EMU_direct_mem ANDROID_EMU_host_composition_v1 ANDROID_EMU_host_composition_v2 ANDROID_EMU_vulkan ANDROID_EMU_deferred_vulkan_commands ANDROID_EMU_vulkan_null_optional_strings ANDROID_EMU_vulkan_create_resources_with_requirements ANDROID_EMU_YUV420_888_to_NV21 ANDROID_EMU_YUV_Cache ANDROID_EMU_vulkan_free_memory_sync ANDROID_EMU_vulkan_shader_float16_int8 ANDROID_EMU_vulkan_async_queue_submit ANDROID_EMU_sync_buffer_data GL_OES_vertex_array_object GL_KHR_texture_compression_astc_ldr ANDROID_EMU_host_side_tracing ANDROID_EMU_gles_max_version_2
08-01 08:11:49.387  8359  8388 D eglCodecCommon: allocate: Ask for block of size 0x1000
08-01 08:11:49.387  8359  8388 D eglCodecCommon: allocate: ioctl allocate returned offset 0x3ff70a000 size 0x2000
08-01 08:11:49.390  1796  3402 D gralloc_ranchu: gralloc_alloc: Creating ashmem region of size 9334784
08-01 08:11:49.391  1796  3402 D gralloc_ranchu: gralloc_alloc: Creating ashmem region of size 9334784
08-01 08:11:49.392  8359  8388 D EGL_emulation: eglMakeCurrent: 0xdde5ea00: ver 2 0 (tinfo 0xdde4fe20)
08-01 08:11:49.395  8359  8388 D eglCodecCommon: setVertexArrayObject: set vao to 0 (0) 1 0
08-01 08:11:49.506  2037  5119 W InputReader: Device has associated, but no associated display id.
08-01 08:11:49.509  2037  5119 I chatty  : uid=1000(system) Binder:2037_1E identical 48 lines
08-01 08:11:49.509  2037  5119 W InputReader: Device has associated, but no associated display id.
08-01 08:11:49.517  8359  8359 W ActivityThread: handleWindowVisibility: no activity for token android.os.BinderProxy@f2d551d
08-01 08:11:49.530  8326  8357 I TestRunner: finished: locationSwitchTest(com.hkxps17.turnup.LocationSwitchTest)

