08-06 11:18:54.085  2045  2073 E memtrack: Couldn't load memtrack module
08-06 11:18:54.085  2045  2073 W android.os.Debug: failed to get memory consumption info: -1
08-06 11:18:54.116 18705 18705 I ViewInteraction: Performing 'close keyboard' action on view (view.getId() is <2131230807/com.hkxps17.turnup:id/add_location_text> and Child at position 1 in parent Child at position 1 in parent view.getId() is <2131231040/com.hkxps17.turnup:id/linearLayout> and (view has effective visibility <VISIBLE> and view.getGlobalVisibleRect() to return non-empty rectangle))
08-06 11:18:54.119 18705 18705 W CloseKeyboardAction: Attempting to close soft keyboard, while it is not shown.
08-06 11:18:54.120 18705 18736 W .hkxps17.turnu: Accessing hidden method Lsun/misc/Unsafe;->compareAndSwapObject(Ljava/lang/Object;JLjava/lang/Object;Ljava/lang/Object;)Z (greylist, linking, allowed)
08-06 11:18:54.124 18705 18705 I ViewInteraction: Checking 'MatchesViewAssertion{viewMatcher=view.isEnabled() is <true>}' assertion on view (view.getId() is <2131231046/com.hkxps17.turnup:id/location_done_button> and Child at position 2 in parent Child at position 0 in parent view.getId() is <16908290/android:id/content> and (view has effective visibility <VISIBLE> and view.getGlobalVisibleRect() to return non-empty rectangle))
08-06 11:18:54.137 18705 18862 W .hkxps17.turnu: Accessing hidden method Lsun/misc/Unsafe;->getInt(Ljava/lang/Object;J)I (greylist, linking, allowed)
08-06 11:18:54.137 18705 18862 W .hkxps17.turnu: Accessing hidden method Lsun/misc/Unsafe;->getObject(Ljava/lang/Object;J)Ljava/lang/Object; (greylist, linking, allowed)
08-06 11:18:54.137 18705 18862 I Counters: exceeded sample count in FrameTime
08-06 11:18:54.143 18705 18705 D LifecycleMonitor: Lifecycle status change: com.hkxps17.turnup.AddLocationActivity@6cc7aff in: PAUSED
08-06 11:18:54.144 18705 18705 V ActivityScenario: Activity lifecycle changed event received but ignored because the intent does not match. startActivityIntent=Intent { act=android.intent.action.MAIN cat=[android.intent.category.LAUNCHER] cmp=com.hkxps17.turnup/.LoginActivity }, activity.getIntent()=Intent { cmp=com.hkxps17.turnup/.AddLocationActivity }, activity=com.hkxps17.turnup.AddLocationActivity@6cc7aff
08-06 11:18:54.146  2045  3316 W InputReader: Device has associated, but no associated display id.
08-06 11:18:54.149  2045  3316 I chatty  : uid=1000(system) Binder:2045_1B identical 38 lines
08-06 11:18:54.149  2045  3316 W InputReader: Device has associated, but no associated display id.
08-06 11:18:54.149 18738 18738 W ActivityThread: handleWindowVisibility: no activity for token android.os.BinderProxy@b52c677
08-06 11:18:54.152  2045  3316 W InputReader: Device has associated, but no associated display id.
08-06 11:18:54.152  2045  3316 I chatty  : uid=1000(system) Binder:2045_1B identical 8 lines
08-06 11:18:54.152  2045  3316 W InputReader: Device has associated, but no associated display id.
08-06 11:18:54.176 18705 18772 D EGL_emulation: eglMakeCurrent: 0xf5e534a0: ver 2 0 (tinfo 0xf5e89b40)
08-06 11:18:54.199 18705 18772 D EGL_emulation: eglMakeCurrent: 0xf5e534a0: ver 2 0 (tinfo 0xf5e89b40)
08-06 11:18:54.240 18738 18769 D HostConnection: HostConnection::get() New Host Connection established 0xdf70cb90, tid 18769
08-06 11:18:54.244 18738 18769 D HostConnection: HostComposition ext ANDROID_EMU_CHECKSUM_HELPER_v1 ANDROID_EMU_dma_v1 ANDROID_EMU_direct_mem ANDROID_EMU_host_composition_v1 ANDROID_EMU_host_composition_v2 ANDROID_EMU_vulkan ANDROID_EMU_deferred_vulkan_commands ANDROID_EMU_vulkan_null_optional_strings ANDROID_EMU_vulkan_create_resources_with_requirements ANDROID_EMU_YUV420_888_to_NV21 ANDROID_EMU_YUV_Cache ANDROID_EMU_vulkan_free_memory_sync ANDROID_EMU_vulkan_shader_float16_int8 ANDROID_EMU_vulkan_async_queue_submit ANDROID_EMU_sync_buffer_data GL_OES_vertex_array_object GL_KHR_texture_compression_astc_ldr ANDROID_EMU_host_side_tracing ANDROID_EMU_gles_max_version_2
08-06 11:18:54.254 18738 18769 W OpenGLRenderer: Failed to choose config with EGL_SWAP_BEHAVIOR_PRESERVED, retrying without...
08-06 11:18:54.257 18705 18705 D LifecycleMonitor: Lifecycle status change: com.hkxps17.turnup.LoginActivity@cabaac in: DESTROYED
08-06 11:18:54.258 18705 18705 V ActivityScenario: Update currentActivityStage to DESTROYED, currentActivity=null
08-06 11:18:54.276 18738 18769 D eglCodecCommon: setVertexArrayObject: set vao to 0 (0) 0 0
08-06 11:18:54.276 18738 18769 D EGL_emulation: eglCreateContext: 0xf5e530e0: maj 2 min 0 rcv 2
08-06 11:18:54.282 18705 18876 W .hkxps17.turnu: Accessing hidden method Lsun/misc/Unsafe;->putLong(Ljava/lang/Object;JJ)V (greylist, linking, allowed)
08-06 11:18:54.304 18705 18883 W .hkxps17.turnu: Accessing hidden method Lsun/misc/Unsafe;->getInt(Ljava/lang/Object;J)I (greylist, linking, allowed)
08-06 11:18:54.304 18705 18883 W .hkxps17.turnu: Accessing hidden method Lsun/misc/Unsafe;->getObject(Ljava/lang/Object;J)Ljava/lang/Object; (greylist, linking, allowed)
08-06 11:18:54.305 18705 18882 W .hkxps17.turnu: Accessing hidden method Lsun/misc/Unsafe;->getObject(Ljava/lang/Object;J)Ljava/lang/Object; (greylist, linking, allowed)
08-06 11:18:54.332 18738 18769 D EGL_emulation: eglMakeCurrent: 0xf5e530e0: ver 2 0 (tinfo 0xf5e89bc0)
08-06 11:18:54.347  1813  1813 D gralloc_ranchu: gralloc_alloc: Creating ashmem region of size 9334784
08-06 11:18:54.350  1683  1683 I hwservicemanager: getTransport: Cannot find entry android.hardware.graphics.mapper@3.0::IMapper/default in either framework or device manifest.
08-06 11:18:54.350 18738 18769 W Gralloc3: mapper 3.x is not supported
08-06 11:18:54.352 18705 18884 W .hkxps17.turnu: Accessing hidden method Lsun/misc/Unsafe;->getObject(Ljava/lang/Object;J)Ljava/lang/Object; (greylist, linking, allowed)
08-06 11:18:54.353 18738 18769 D HostConnection: createUnique: call
08-06 11:18:54.355 18738 18769 D HostConnection: HostConnection::get() New Host Connection established 0xdf70e760, tid 18769
08-06 11:18:54.356 18738 18769 D HostConnection: HostComposition ext ANDROID_EMU_CHECKSUM_HELPER_v1 ANDROID_EMU_dma_v1 ANDROID_EMU_direct_mem ANDROID_EMU_host_composition_v1 ANDROID_EMU_host_composition_v2 ANDROID_EMU_vulkan ANDROID_EMU_deferred_vulkan_commands ANDROID_EMU_vulkan_null_optional_strings ANDROID_EMU_vulkan_create_resources_with_requirements ANDROID_EMU_YUV420_888_to_NV21 ANDROID_EMU_YUV_Cache ANDROID_EMU_vulkan_free_memory_sync ANDROID_EMU_vulkan_shader_float16_int8 ANDROID_EMU_vulkan_async_queue_submit ANDROID_EMU_sync_buffer_data GL_OES_vertex_array_object GL_KHR_texture_compression_astc_ldr ANDROID_EMU_host_side_tracing ANDROID_EMU_gles_max_version_2
08-06 11:18:54.356 18738 18769 D eglCodecCommon: allocate: Ask for block of size 0x1000
08-06 11:18:54.357 18738 18769 D eglCodecCommon: allocate: ioctl allocate returned offset 0x3ff704000 size 0x2000
08-06 11:18:54.362  1813  1813 D gralloc_ranchu: gralloc_alloc: Creating ashmem region of size 9334784
08-06 11:18:54.365  1813  1813 D gralloc_ranchu: gralloc_alloc: Creating ashmem region of size 9334784
08-06 11:18:54.369 18738 18769 D EGL_emulation: eglMakeCurrent: 0xf5e530e0: ver 2 0 (tinfo 0xf5e89bc0)
08-06 11:18:54.372 18738 18769 D eglCodecCommon: setVertexArrayObject: set vao to 0 (0) 1 0
08-06 11:18:54.415 18705 18882 W .hkxps17.turnu: Accessing hidden method Lsun/misc/Unsafe;->putLong(Ljava/lang/Object;JJ)V (greylist, linking, allowed)
08-06 11:18:54.434 18705 18883 W .hkxps17.turnu: Accessing hidden method Lsun/misc/Unsafe;->putLong(Ljava/lang/Object;JJ)V (greylist, linking, allowed)
08-06 11:18:54.436 18705 18883 W .hkxps17.turnu: Accessing hidden method Lsun/misc/Unsafe;->getInt(Ljava/lang/Object;J)I (greylist, linking, allowed)
08-06 11:18:54.491  2045  4035 W InputReader: Device has associated, but no associated display id.
08-06 11:18:54.496  2045  4035 I chatty  : uid=1000(system) Binder:2045_20 identical 48 lines
08-06 11:18:54.496  2045  4035 W InputReader: Device has associated, but no associated display id.
08-06 11:18:54.514 18705 18705 D LifecycleMonitor: Lifecycle status change: com.hkxps17.turnup.MapsActivity@9a85d0 in: STOPPED
08-06 11:18:54.514 18705 18828 W .hkxps17.turnu: Accessing hidden method Lsun/misc/Unsafe;->putLong(Ljava/lang/Object;JJ)V (greylist, linking, allowed)
08-06 11:18:54.514 18705 18828 W .hkxps17.turnu: Accessing hidden method Lsun/misc/Unsafe;->getInt(Ljava/lang/Object;J)I (greylist, linking, allowed)
08-06 11:18:54.514 18705 18705 V ActivityScenario: Activity lifecycle changed event received but ignored because the intent does not match. startActivityIntent=Intent { act=android.intent.action.MAIN cat=[android.intent.category.LAUNCHER] cmp=com.hkxps17.turnup/.LoginActivity }, activity.getIntent()=Intent { cmp=com.hkxps17.turnup/.MapsActivity }, activity=com.hkxps17.turnup.MapsActivity@9a85d0
08-06 11:18:54.528 18738 18738 W ActivityThread: handleWindowVisibility: no activity for token android.os.BinderProxy@f56e681
08-06 11:18:54.554 18705 18884 W .hkxps17.turnu: Accessing hidden method Lsun/misc/Unsafe;->putLong(Ljava/lang/Object;JJ)V (greylist, linking, allowed)
08-06 11:18:54.573 18705 18736 I TestRunner: finished: locationNoTitleTest(com.hkxps17.turnup.LocationAddFailTest)