08-01 08:16:41.360 11002 11225 W MobStoreFlagStore: 	at java.util.concurrent.Executors$RunnableAdapter.call(Executors.java:462)
08-01 08:16:41.360 11002 11225 W MobStoreFlagStore: 	at java.util.concurrent.FutureTask.run(FutureTask.java:266)
08-01 08:16:41.360 11002 11225 W MobStoreFlagStore: 	at java.util.concurrent.ScheduledThreadPoolExecutor$ScheduledFutureTask.run(ScheduledThreadPoolExecutor.java:301)
08-01 08:16:41.360 11002 11225 W MobStoreFlagStore: 	at java.util.concurrent.ThreadPoolExecutor.runWorker(ThreadPoolExecutor.java:1167)
08-01 08:16:41.360 11002 11225 W MobStoreFlagStore: 	at java.util.concurrent.ThreadPoolExecutor$Worker.run(ThreadPoolExecutor.java:641)
08-01 08:16:41.360 11002 11225 W MobStoreFlagStore: 	at java.lang.Thread.run(Thread.java:919)
08-01 08:16:41.360 11002 11225 W MobStoreFlagStore: Caused by: java.lang.SecurityException: GoogleCertificatesRslt: not allowed: pkg=com.hkxps17.turnup, sha256=[b88f376c2f33757ef6b3f12a23238906ee0ee76f1eac0df575b0e642f43fa802], atk=false, ver=222615031.true (go/gsrlt)
08-01 08:16:41.360 11002 11225 W MobStoreFlagStore: 	at android.os.Parcel.createException(Parcel.java:2071)
08-01 08:16:41.360 11002 11225 W MobStoreFlagStore: 	at android.os.Parcel.readException(Parcel.java:2039)
08-01 08:16:41.360 11002 11225 W MobStoreFlagStore: 	at android.os.Parcel.readException(Parcel.java:1987)
08-01 08:16:41.360 11002 11225 W MobStoreFlagStore: 	at es.bc(:com.google.android.gms.dynamite_mapsdynamite@222615068@22.26.15 (100700-0):2)
08-01 08:16:41.360 11002 11225 W MobStoreFlagStore: 	at rs.a(:com.google.android.gms.dynamite_mapsdynamite@222615068@22.26.15 (100700-0):4)
08-01 08:16:41.360 11002 11225 W MobStoreFlagStore: 	at iz.e(:com.google.android.gms.dynamite_mapsdynamite@222615068@22.26.15 (100700-0):2)
08-01 08:16:41.360 11002 11225 W MobStoreFlagStore: 	at jy.t(:com.google.android.gms.dynamite_mapsdynamite@222615068@22.26.15 (100700-0):2)
08-01 08:16:41.360 11002 11225 W MobStoreFlagStore: 	at jy.u(:com.google.android.gms.dynamite_mapsdynamite@222615068@22.26.15 (100700-0):3)
08-01 08:16:41.360 11002 11225 W MobStoreFlagStore: 	at jy.e(:com.google.android.gms.dynamite_mapsdynamite@222615068@22.26.15 (100700-0):2)
08-01 08:16:41.360 11002 11225 W MobStoreFlagStore: 	at kc.handleMessage(:com.google.android.gms.dynamite_mapsdynamite@222615068@22.26.15 (100700-0):69)
08-01 08:16:41.360 11002 11225 W MobStoreFlagStore: 	at android.os.Handler.dispatchMessage(Handler.java:103)
08-01 08:16:41.360 11002 11225 W MobStoreFlagStore: 	at android.os.Looper.loop(Looper.java:214)
08-01 08:16:41.360 11002 11225 W MobStoreFlagStore: 	at android.os.HandlerThread.run(HandlerThread.java:67)
08-01 08:16:41.369 11002 11302 W .hkxps17.turnu: Accessing hidden method Lsun/misc/Unsafe;->getObject(Ljava/lang/Object;J)Ljava/lang/Object; (greylist, linking, allowed)
08-01 08:16:41.369 11002 11302 I Counters: exceeded sample count in FrameTime
08-01 08:16:41.386 11002 11302 W .hkxps17.turnu: Accessing hidden method Lsun/misc/Unsafe;->getObject(Ljava/lang/Object;J)Ljava/lang/Object; (greylist, linking, allowed)
08-01 08:16:41.386 11002 11302 I Counters: exceeded sample count in FrameTime
08-01 08:16:41.404 11002 11302 W .hkxps17.turnu: Accessing hidden method Lsun/misc/Unsafe;->getObject(Ljava/lang/Object;J)Ljava/lang/Object; (greylist, linking, allowed)
08-01 08:16:41.404 11002 11302 I Counters: exceeded sample count in FrameTime
08-01 08:16:41.421 11002 11302 W .hkxps17.turnu: Accessing hidden method Lsun/misc/Unsafe;->getObject(Ljava/lang/Object;J)Ljava/lang/Object; (greylist, linking, allowed)
08-01 08:16:41.421 11002 11302 I Counters: exceeded sample count in FrameTime
08-01 08:16:41.441 11002 11302 W .hkxps17.turnu: Accessing hidden method Lsun/misc/Unsafe;->getObject(Ljava/lang/Object;J)Ljava/lang/Object; (greylist, linking, allowed)
08-01 08:16:41.441 11002 11302 I Counters: exceeded sample count in FrameTime
08-01 08:16:41.456 11002 11302 W .hkxps17.turnu: Accessing hidden method Lsun/misc/Unsafe;->getInt(Ljava/lang/Object;J)I (greylist, linking, allowed)
08-01 08:16:41.456 11002 11302 W .hkxps17.turnu: Accessing hidden method Lsun/misc/Unsafe;->getObject(Ljava/lang/Object;J)Ljava/lang/Object; (greylist, linking, allowed)
08-01 08:16:41.456 11002 11302 I Counters: exceeded sample count in FrameTime
08-01 08:16:41.461 11002 11273 W .hkxps17.turnu: Accessing hidden method Lsun/misc/Unsafe;->putObject(Ljava/lang/Object;JLjava/lang/Object;)V (greylist, linking, allowed)
08-01 08:16:41.461 11002 11273 W .hkxps17.turnu: Accessing hidden method Lsun/misc/Unsafe;->getObject(Ljava/lang/Object;J)Ljava/lang/Object; (greylist, linking, allowed)
08-01 08:16:41.462 11002 11223 W .hkxps17.turnu: Accessing hidden method Lsun/misc/Unsafe;->putLong(Ljava/lang/Object;JJ)V (greylist, linking, allowed)
08-01 08:16:41.462 11002 11223 W .hkxps17.turnu: Accessing hidden method Lsun/misc/Unsafe;->getObject(Ljava/lang/Object;J)Ljava/lang/Object; (greylist, linking, allowed)
08-01 08:16:41.463 11002 11223 W .hkxps17.turnu: Accessing hidden method Lsun/misc/Unsafe;->getInt(Ljava/lang/Object;J)I (greylist, linking, allowed)
08-01 08:16:41.463 11002 11223 W .hkxps17.turnu: Accessing hidden method Lsun/misc/Unsafe;->getObject(Ljava/lang/Object;J)Ljava/lang/Object; (greylist, linking, allowed)
08-01 08:16:41.463 11002 11223 W .hkxps17.turnu: Accessing hidden method Lsun/misc/Unsafe;->getInt(Ljava/lang/Object;J)I (greylist, linking, allowed)
08-01 08:16:41.463 11002 11223 W .hkxps17.turnu: Accessing hidden method Lsun/misc/Unsafe;->getObject(Ljava/lang/Object;J)Ljava/lang/Object; (greylist, linking, allowed)
08-01 08:16:41.464 11002 11223 W .hkxps17.turnu: Accessing hidden method Lsun/misc/Unsafe;->getInt(Ljava/lang/Object;J)I (greylist, linking, allowed)
08-01 08:16:41.464 11002 11223 W .hkxps17.turnu: Accessing hidden method Lsun/misc/Unsafe;->getObject(Ljava/lang/Object;J)Ljava/lang/Object; (greylist, linking, allowed)
08-01 08:16:41.465 11002 11223 W .hkxps17.turnu: Accessing hidden method Lsun/misc/Unsafe;->getInt(Ljava/lang/Object;J)I (greylist, linking, allowed)
08-01 08:16:41.465 11002 11223 W .hkxps17.turnu: Accessing hidden method Lsun/misc/Unsafe;->getObject(Ljava/lang/Object;J)Ljava/lang/Object; (greylist, linking, allowed)
08-01 08:16:41.466 11002 11223 W .hkxps17.turnu: Accessing hidden method Lsun/misc/Unsafe;->getInt(Ljava/lang/Object;J)I (greylist, linking, allowed)
08-01 08:16:41.466 11002 11223 W .hkxps17.turnu: Accessing hidden method Lsun/misc/Unsafe;->getObject(Ljava/lang/Object;J)Ljava/lang/Object; (greylist, linking, allowed)
08-01 08:16:41.466 11002 11223 W .hkxps17.turnu: Accessing hidden method Lsun/misc/Unsafe;->getInt(Ljava/lang/Object;J)I (greylist, linking, allowed)
08-01 08:16:41.466 11002 11223 W .hkxps17.turnu: Accessing hidden method Lsun/misc/Unsafe;->getObject(Ljava/lang/Object;J)Ljava/lang/Object; (greylist, linking, allowed)
08-01 08:16:41.467 11002 11223 W .hkxps17.turnu: Accessing hidden method Lsun/misc/Unsafe;->getInt(Ljava/lang/Object;J)I (greylist, linking, allowed)
08-01 08:16:41.467 11002 11223 W .hkxps17.turnu: Accessing hidden method Lsun/misc/Unsafe;->getObject(Ljava/lang/Object;J)Ljava/lang/Object; (greylist, linking, allowed)
08-01 08:16:41.469 11002 11223 W .hkxps17.turnu: Accessing hidden method Lsun/misc/Unsafe;->getInt(Ljava/lang/Object;J)I (greylist, linking, allowed)
08-01 08:16:41.474 11002 11302 W .hkxps17.turnu: Accessing hidden method Lsun/misc/Unsafe;->getObject(Ljava/lang/Object;J)Ljava/lang/Object; (greylist, linking, allowed)
08-01 08:16:41.474 11002 11302 W .hkxps17.turnu: Accessing hidden method Lsun/misc/Unsafe;->getObject(Ljava/lang/Object;J)Ljava/lang/Object; (greylist, linking, allowed)
08-01 08:16:41.474 11002 11302 I Counters: exceeded sample count in FrameTime
08-01 08:16:41.477 11002 11223 W .hkxps17.turnu: Accessing hidden method Lsun/misc/Unsafe;->getInt(Ljava/lang/Object;J)I (greylist, linking, allowed)
08-01 08:16:41.477 11002 11223 W .hkxps17.turnu: Accessing hidden method Lsun/misc/Unsafe;->getObject(Ljava/lang/Object;J)Ljava/lang/Object; (greylist, linking, allowed)
08-01 08:16:41.477 11002 11223 W .hkxps17.turnu: Accessing hidden method Lsun/misc/Unsafe;->getInt(Ljava/lang/Object;J)I (greylist, linking, allowed)
08-01 08:16:41.477 11002 11223 W .hkxps17.turnu: Accessing hidden method Lsun/misc/Unsafe;->getObject(Ljava/lang/Object;J)Ljava/lang/Object; (greylist, linking, allowed)
08-01 08:16:41.478 11002 11223 W .hkxps17.turnu: Accessing hidden method Lsun/misc/Unsafe;->getInt(Ljava/lang/Object;J)I (greylist, linking, allowed)
08-01 08:16:41.478 11002 11223 W .hkxps17.turnu: Accessing hidden method Lsun/misc/Unsafe;->getObject(Ljava/lang/Object;J)Ljava/lang/Object; (greylist, linking, allowed)
08-01 08:16:41.490 11002 11302 W .hkxps17.turnu: Accessing hidden method Lsun/misc/Unsafe;->getInt(Ljava/lang/Object;J)I (greylist, linking, allowed)
08-01 08:16:41.490 11002 11302 W .hkxps17.turnu: Accessing hidden method Lsun/misc/Unsafe;->getObject(Ljava/lang/Object;J)Ljava/lang/Object; (greylist, linking, allowed)
08-01 08:16:41.490 11002 11302 I Counters: exceeded sample count in FrameTime
08-01 08:16:41.509 11002 11302 W .hkxps17.turnu: Accessing hidden method Lsun/misc/Unsafe;->getObject(Ljava/lang/Object;J)Ljava/lang/Object; (greylist, linking, allowed)
08-01 08:16:41.509 11002 11302 I Counters: exceeded sample count in FrameTime
08-01 08:16:41.536 11002 11302 W .hkxps17.turnu: Accessing hidden method Lsun/misc/Unsafe;->getObject(Ljava/lang/Object;J)Ljava/lang/Object; (greylist, linking, allowed)
08-01 08:16:41.536 11002 11302 I Counters: exceeded sample count in FrameTime
08-01 08:16:41.540 11002 11307 W .hkxps17.turnu: Accessing hidden method Lsun/misc/Unsafe;->getObject(Ljava/lang/Object;J)Ljava/lang/Object; (greylist, linking, allowed)
08-01 08:16:41.626 11002 11308 W .hkxps17.turnu: Accessing hidden method Lsun/misc/Unsafe;->getObject(Ljava/lang/Object;J)Ljava/lang/Object; (greylist, linking, allowed)
08-01 08:16:41.801 11002 11308 W .hkxps17.turnu: Accessing hidden method Lsun/misc/Unsafe;->putLong(Ljava/lang/Object;JJ)V (greylist, linking, allowed)
08-01 08:16:41.836 11002 11302 W .hkxps17.turnu: Accessing hidden method Lsun/misc/Unsafe;->getInt(Ljava/lang/Object;J)I (greylist, linking, allowed)
08-01 08:16:41.836 11002 11302 W .hkxps17.turnu: Accessing hidden method Lsun/misc/Unsafe;->getObject(Ljava/lang/Object;J)Ljava/lang/Object; (greylist, linking, allowed)
08-01 08:16:41.836 11002 11302 I Counters: exceeded sample count in FrameTime
08-01 08:16:41.848 11002 11307 W .hkxps17.turnu: Accessing hidden method Lsun/misc/Unsafe;->putLong(Ljava/lang/Object;JJ)V (greylist, linking, allowed)
08-01 08:16:41.875  2037  2063 E memtrack: Couldn't load memtrack module
08-01 08:16:41.875  2037  2063 W android.os.Debug: failed to get memory consumption info: -1
08-01 08:16:41.879  2037  2063 E memtrack: Couldn't load memtrack module
08-01 08:16:41.879  2037  2063 W android.os.Debug: failed to get memory consumption info: -1
08-01 08:16:41.879 11002 11307 W .hkxps17.turnu: Accessing hidden method Lsun/misc/Unsafe;->putLong(Ljava/lang/Object;JJ)V (greylist, linking, allowed)
08-01 08:16:41.883  2037  2063 E memtrack: Couldn't load memtrack module
08-01 08:16:41.883  2037  2063 W android.os.Debug: failed to get memory consumption info: -1
08-01 08:16:41.885 11002 11302 W .hkxps17.turnu: Accessing hidden method Lsun/misc/Unsafe;->getInt(Ljava/lang/Object;J)I (greylist, linking, allowed)
08-01 08:16:41.885 11002 11302 W .hkxps17.turnu: Accessing hidden method Lsun/misc/Unsafe;->getObject(Ljava/lang/Object;J)Ljava/lang/Object; (greylist, linking, allowed)
08-01 08:16:41.885 11002 11302 I Counters: exceeded sample count in FrameTime
08-01 08:16:41.887  1795  2479 E GnssHAL_GnssInterface: gnssSvStatusCb: a: input svInfo.flags is 8
08-01 08:16:41.887  1795  2479 E GnssHAL_GnssInterface: gnssSvStatusCb: b: input svInfo.flags is 8
08-01 08:16:41.911 11002 11310 W .hkxps17.turnu: Accessing hidden method Lsun/misc/Unsafe;->getObject(Ljava/lang/Object;J)Ljava/lang/Object; (greylist, linking, allowed)
08-01 08:16:41.915 11002 11311 W .hkxps17.turnu: Accessing hidden method Lsun/misc/Unsafe;->getObject(Ljava/lang/Object;J)Ljava/lang/Object; (greylist, linking, allowed)
08-01 08:16:41.927  1784  1951 W audio_hw_generic: Not supplying enough data to HAL, expected position 44929694 , only wrote 44676990
08-01 08:16:41.942 11002 11302 W .hkxps17.turnu: Accessing hidden method Lsun/misc/Unsafe;->getObject(Ljava/lang/Object;J)Ljava/lang/Object; (greylist, linking, allowed)
08-01 08:16:41.942 11002 11302 I Counters: exceeded sample count in FrameTime
08-01 08:16:41.967 11002 11302 W .hkxps17.turnu: Accessing hidden method Lsun/misc/Unsafe;->getObject(Ljava/lang/Object;J)Ljava/lang/Object; (greylist, linking, allowed)
08-01 08:16:41.967 11002 11302 I Counters: exceeded sample count in FrameTime
08-01 08:16:41.984 11002 11302 W .hkxps17.turnu: Accessing hidden method Lsun/misc/Unsafe;->getObject(Ljava/lang/Object;J)Ljava/lang/Object; (greylist, linking, allowed)
08-01 08:16:41.984 11002 11302 I Counters: exceeded sample count in FrameTime
08-01 08:16:41.994 11002 11312 W .hkxps17.turnu: Accessing hidden method Lsun/misc/Unsafe;->getObject(Ljava/lang/Object;J)Ljava/lang/Object; (greylist, linking, allowed)
08-01 08:16:42.008 11002 11302 I Counters: exceeded sample count in FrameTime
08-01 08:16:42.051 11002 11302 W .hkxps17.turnu: Accessing hidden method Lsun/misc/Unsafe;->getObject(Ljava/lang/Object;J)Ljava/lang/Object; (greylist, linking, allowed)
08-01 08:16:42.051 11002 11302 I Counters: exceeded sample count in FrameTime
08-01 08:16:42.066 11002 11302 W .hkxps17.turnu: Accessing hidden method Lsun/misc/Unsafe;->getObject(Ljava/lang/Object;J)Ljava/lang/Object; (greylist, linking, allowed)
08-01 08:16:42.066 11002 11302 I Counters: exceeded sample count in FrameTime
08-01 08:16:42.085 11002 11310 W .hkxps17.turnu: Accessing hidden method Lsun/misc/Unsafe;->getObject(Ljava/lang/Object;J)Ljava/lang/Object; (greylist, linking, allowed)
08-01 08:16:42.085 11002 11310 W .hkxps17.turnu: Accessing hidden method Lsun/misc/Unsafe;->putLong(Ljava/lang/Object;JJ)V (greylist, linking, allowed)
08-01 08:16:42.090 11002 11302 W .hkxps17.turnu: Accessing hidden method Lsun/misc/Unsafe;->getInt(Ljava/lang/Object;J)I (greylist, linking, allowed)
08-01 08:16:42.090 11002 11302 I Counters: exceeded sample count in FrameTime
08-01 08:16:42.109 11002 11302 W .hkxps17.turnu: Accessing hidden method Lsun/misc/Unsafe;->getObject(Ljava/lang/Object;J)Ljava/lang/Object; (greylist, linking, allowed)
08-01 08:16:42.110 11002 11302 I Counters: exceeded sample count in FrameTime
08-01 08:16:42.124 11002 11302 W .hkxps17.turnu: Accessing hidden method Lsun/misc/Unsafe;->getObject(Ljava/lang/Object;J)Ljava/lang/Object; (greylist, linking, allowed)
08-01 08:16:42.124 11002 11302 I Counters: exceeded sample count in FrameTime
08-01 08:16:42.134 11002 11311 W .hkxps17.turnu: Accessing hidden method Lsun/misc/Unsafe;->getObject(Ljava/lang/Object;J)Ljava/lang/Object; (greylist, linking, allowed)
08-01 08:16:42.134 11002 11311 W .hkxps17.turnu: Accessing hidden method Lsun/misc/Unsafe;->putLong(Ljava/lang/Object;JJ)V (greylist, linking, allowed)
08-01 08:16:42.136 11002 11302 W .hkxps17.turnu: Accessing hidden method Lsun/misc/Unsafe;->getInt(Ljava/lang/Object;J)I (greylist, linking, allowed)
08-01 08:16:42.136 11002 11302 I Counters: exceeded sample count in FrameTime
08-01 08:16:42.154 11002 11302 W .hkxps17.turnu: Accessing hidden method Lsun/misc/Unsafe;->getObject(Ljava/lang/Object;J)Ljava/lang/Object; (greylist, linking, allowed)
08-01 08:16:42.154 11002 11302 I Counters: exceeded sample count in FrameTime
08-01 08:16:42.171 11002 11302 W .hkxps17.turnu: Accessing hidden method Lsun/misc/Unsafe;->getObject(Ljava/lang/Object;J)Ljava/lang/Object; (greylist, linking, allowed)
08-01 08:16:42.172 11002 11302 I Counters: exceeded sample count in FrameTime
08-01 08:16:42.185 11002 11302 W .hkxps17.turnu: Accessing hidden method Lsun/misc/Unsafe;->getObject(Ljava/lang/Object;J)Ljava/lang/Object; (greylist, linking, allowed)
08-01 08:16:42.185 11002 11302 I Counters: exceeded sample count in FrameTime
08-01 08:16:42.185 11002 11008 W .hkxps17.turnu: Accessing hidden method Lsun/misc/Unsafe;->getObject(Ljava/lang/Object;J)Ljava/lang/Object; (greylist, linking, allowed)
08-01 08:16:42.201 11002 11302 I Counters: exceeded sample count in FrameTime
08-01 08:16:42.206 11002 11312 W .hkxps17.turnu: Accessing hidden method Lsun/misc/Unsafe;->getObject(Ljava/lang/Object;J)Ljava/lang/Object; (greylist, linking, allowed)
08-01 08:16:42.206 11002 11312 W .hkxps17.turnu: Accessing hidden method Lsun/misc/Unsafe;->putLong(Ljava/lang/Object;JJ)V (greylist, linking, allowed)
08-01 08:16:42.217 11002 11302 I Counters: exceeded sample count in FrameTime
08-01 08:16:42.444 11002 11302 I chatty  : uid=10166(com.hkxps17.turnup) androidmapsapi- identical 13 lines
08-01 08:16:42.461 11002 11302 I Counters: exceeded sample count in FrameTime
08-01 08:16:42.478 11002 11035 D InteractionController: clickNoSync (505, 901)
08-01 08:16:42.478 11002 11302 I Counters: exceeded sample count in FrameTime
08-01 08:16:42.853 11002 11302 I chatty  : uid=10166(com.hkxps17.turnup) androidmapsapi- identical 18 lines
08-01 08:16:42.870 11002 11302 I Counters: exceeded sample count in FrameTime
08-01 08:16:42.887  1795  2479 E GnssHAL_GnssInterface: gnssSvStatusCb: a: input svInfo.flags is 8
08-01 08:16:42.887  1795  2479 E GnssHAL_GnssInterface: gnssSvStatusCb: b: input svInfo.flags is 8
08-01 08:16:42.892 11002 11302 I Counters: exceeded sample count in FrameTime
08-01 08:16:43.201 11002 11302 I chatty  : uid=10166(com.hkxps17.turnup) androidmapsapi- identical 17 lines
08-01 08:16:43.220 11002 11302 I Counters: exceeded sample count in FrameTime
08-01 08:16:43.221 11002 11314 W .hkxps17.turnu: Accessing hidden method Lsun/misc/Unsafe;->getObject(Ljava/lang/Object;J)Ljava/lang/Object; (greylist, linking, allowed)
08-01 08:16:43.221 11002 11314 W .hkxps17.turnu: Accessing hidden method Lsun/misc/Unsafe;->getInt(Ljava/lang/Object;J)I (greylist, linking, allowed)
08-01 08:16:43.238 11002 11302 I Counters: exceeded sample count in FrameTime
08-01 08:16:43.290 11002 11302 I chatty  : uid=10166(com.hkxps17.turnup) androidmapsapi- identical 3 lines
08-01 08:16:43.308 11002 11302 I Counters: exceeded sample count in FrameTime
08-01 08:16:43.322 11002 11314 W .hkxps17.turnu: Accessing hidden method Lsun/misc/Unsafe;->getObject(Ljava/lang/Object;J)Ljava/lang/Object; (greylist, linking, allowed)
08-01 08:16:43.322 11002 11314 W .hkxps17.turnu: Accessing hidden method Lsun/misc/Unsafe;->putLong(Ljava/lang/Object;JJ)V (greylist, linking, allowed)
08-01 08:16:43.325 11002 11302 I Counters: exceeded sample count in FrameTime
08-01 08:16:43.422 11002 11302 I chatty  : uid=10166(com.hkxps17.turnup) androidmapsapi- identical 4 lines
08-01 08:16:43.432 11002 11302 I Counters: exceeded sample count in FrameTime
08-01 08:16:43.436 10802 10836 W SQLiteQueryBuilder: Allowing abusive custom column: *
08-01 08:16:43.437 10802 10836 W SQLiteQueryBuilder: Allowing abusive custom column: *
08-01 08:16:43.449 11002 11302 I Counters: exceeded sample count in FrameTime
08-01 08:16:43.458 11146 11188 I MediaStoreImporter: Update: incremental Success: true Added music: 0 Updated music: 0 Deleted music: 0 Created playlists: 0 Updated playlists: 0 Deleted playlists: 0 Inserted playlist items: 0 Deleted playlist items: 0 Removed orphaned playlist items: 0 Total item count: 0
08-01 08:16:43.467 11002 11302 I Counters: exceeded sample count in FrameTime
08-01 08:16:43.467 11146 11146 D MusicLifecycle: com.google.android.music.download.EncapsulatedBroadcastReceiver$1 generated event: Broadcast received with context com.google.android.music.ui.PhoneMusicApplication@5934fc0 and intent Intent { act=com.google.android.music.IMPORT_COMPLETE flg=0x10 }
08-01 08:16:43.487 11002 11302 I Counters: exceeded sample count in FrameTime
08-01 08:16:43.591 11002 11302 I chatty  : uid=10166(com.hkxps17.turnup) androidmapsapi- identical 6 lines
08-01 08:16:43.608 11002 11302 I Counters: exceeded sample count in FrameTime
08-01 08:16:43.611 11002 11035 D InteractionController: clickNoSync (526, 1092)
08-01 08:16:43.623 11002 11302 I Counters: exceeded sample count in FrameTime
08-01 08:16:43.714 11002 11302 I chatty  : uid=10166(com.hkxps17.turnup) androidmapsapi- identical 6 lines
08-01 08:16:43.729 11002 11302 I Counters: exceeded sample count in FrameTime
08-01 08:16:43.747 11002 11035 W .hkxps17.turnu: Accessing hidden method Lsun/misc/Unsafe;->compareAndSwapObject(Ljava/lang/Object;JLjava/lang/Object;Ljava/lang/Object;)Z (greylist, linking, allowed)
08-01 08:16:43.747 11002 11002 D RootViewPicker: No matching root available - waiting: 10ms for one to appear.
08-01 08:16:43.747 11002 11302 I Counters: exceeded sample count in FrameTime
08-01 08:16:43.759 11002 11002 D RootViewPicker: No matching root available - waiting: 20ms for one to appear.
08-01 08:16:43.765 11002 11302 I Counters: exceeded sample count in FrameTime
08-01 08:16:43.780 11002 11002 D RootViewPicker: No matching root available - waiting: 200ms for one to appear.
08-01 08:16:43.783 11002 11302 I Counters: exceeded sample count in FrameTime
08-01 08:16:43.853 11002 11302 I chatty  : uid=10166(com.hkxps17.turnup) androidmapsapi- identical 4 lines
08-01 08:16:43.868 11002 11302 I Counters: exceeded sample count in FrameTime
08-01 08:16:43.887  1795  2479 E GnssHAL_GnssInterface: gnssSvStatusCb: a: input svInfo.flags is 8
08-01 08:16:43.887  1795  2479 E GnssHAL_GnssInterface: gnssSvStatusCb: b: input svInfo.flags is 8
08-01 08:16:43.922 11002 11002 D TITLE   : English Bay
08-01 08:16:43.926 11002 11302 I Counters: exceeded sample count in FrameTime
08-01 08:16:43.933 11002 11302 I Counters: exceeded sample count in FrameTime
08-01 08:16:43.942  3995  3995 E A       : (REDACTED) disposing SearchServiceClient after timeout %s
08-01 08:16:43.985 11002 11002 D RootViewPicker: No matching root available - waiting: 400ms for one to appear.
08-01 08:16:44.183 11002 11002 W System.err: com.android.volley.ParseError: org.json.JSONException: Value Location of type java.lang.String cannot be converted to JSONObject
08-01 08:16:44.183 11002 11002 W System.err: 	at com.android.volley.toolbox.JsonObjectRequest.parseNetworkResponse(JsonObjectRequest.java:103)
08-01 08:16:44.184 11002 11002 W System.err: 	at com.android.volley.NetworkDispatcher.processRequest(NetworkDispatcher.java:144)
08-01 08:16:44.184 11002 11002 W System.err: 	at com.android.volley.NetworkDispatcher.processRequest(NetworkDispatcher.java:111)
08-01 08:16:44.184 11002 11002 W System.err: 	at com.android.volley.NetworkDispatcher.run(NetworkDispatcher.java:90)
08-01 08:16:44.184 11002 11002 W System.err: Caused by: org.json.JSONException: Value Location of type java.lang.String cannot be converted to JSONObject
08-01 08:16:44.184 11002 11002 W System.err: 	at org.json.JSON.typeMismatch(JSON.java:112)
08-01 08:16:44.184 11002 11002 W System.err: 	at org.json.JSONObject.<init>(JSONObject.java:168)
08-01 08:16:44.184 11002 11002 W System.err: 	at org.json.JSONObject.<init>(JSONObject.java:181)
08-01 08:16:44.184 11002 11002 W System.err: 	at com.android.volley.toolbox.JsonObjectRequest.parseNetworkResponse(JsonObjectRequest.java:98)
08-01 08:16:44.184 11002 11002 W System.err: 	... 3 more
08-01 08:16:44.216  1796  3402 D gralloc_ranchu: gralloc_alloc: Creating ashmem region of size 217088
08-01 08:16:44.223  1796  3402 D gralloc_ranchu: gralloc_alloc: Creating ashmem region of size 217088
08-01 08:16:44.224 11002 11073 D EGL_emulation: eglMakeCurrent: 0xd2b1f960: ver 2 0 (tinfo 0xddeadc10)
08-01 08:16:44.226  1796  3402 D gralloc_ranchu: gralloc_alloc: Creating ashmem region of size 217088
08-01 08:16:44.399 11002 11002 I ViewInteraction: Checking 'MatchesViewAssertion{viewMatcher=an instance of android.widget.TextView and view.getText() with or without transformation to match: is "Location Visited!"}' assertion on view an instance of android.widget.TextView and view.getText() with or without transformation to match: is "Location Visited!"
08-01 08:16:44.399 11002 11002 E ViewAssertions: 'an instance of android.widget.TextView and view.getText() with or without transformation to match: is "Location Visited!"' check could not be performed because view 'an instance of android.widget.TextView and view.getText() with or without transformation to match: is "Location Visited!"' was not found.
08-01 08:16:44.411 11002 11002 D LifecycleMonitor: Lifecycle status change: com.hkxps17.turnup.MapsActivity@f42e98 in: PAUSED
08-01 08:16:44.412 11002 11002 V ActivityScenario: Activity lifecycle changed event received but ignored because the intent does not match. startActivityIntent=Intent { act=android.intent.action.MAIN cat=[android.intent.category.LAUNCHER] cmp=com.hkxps17.turnup/.LoginActivity }, activity.getIntent()=Intent { cmp=com.hkxps17.turnup/.MapsActivity }, activity=com.hkxps17.turnup.MapsActivity@f42e98
08-01 08:16:44.413  2037  3102 W InputReader: Device has associated, but no associated display id.
08-01 08:16:44.415  2037  3102 I chatty  : uid=1000(system) Binder:2037_D identical 38 lines
08-01 08:16:44.415  2037  3102 W InputReader: Device has associated, but no associated display id.
08-01 08:16:44.415 11037 11037 W ActivityThread: handleWindowVisibility: no activity for token android.os.BinderProxy@16e073a
08-01 08:16:44.416  2037  3102 W InputReader: Device has associated, but no associated display id.
08-01 08:16:44.417  2037  3102 I chatty  : uid=1000(system) Binder:2037_D identical 8 lines
08-01 08:16:44.417  2037  3102 W InputReader: Device has associated, but no associated display id.
08-01 08:16:44.422  2037  2063 E memtrack: Couldn't load memtrack module
08-01 08:16:44.422  2037  2063 W android.os.Debug: failed to get memory consumption info: -1
08-01 08:16:44.431 11002 11002 E libprocessgroup: set_timerslack_ns write failed: Operation not permitted
08-01 08:16:44.449 11002 11073 D EGL_emulation: eglMakeCurrent: 0xd2b1f960: ver 2 0 (tinfo 0xddeadc10)
08-01 08:16:44.454 11037 11070 D HostConnection: HostConnection::get() New Host Connection established 0xd2b0ee10, tid 11070
08-01 08:16:44.455 11037 11070 D HostConnection: HostComposition ext ANDROID_EMU_CHECKSUM_HELPER_v1 ANDROID_EMU_dma_v1 ANDROID_EMU_direct_mem ANDROID_EMU_host_composition_v1 ANDROID_EMU_host_composition_v2 ANDROID_EMU_vulkan ANDROID_EMU_deferred_vulkan_commands ANDROID_EMU_vulkan_null_optional_strings ANDROID_EMU_vulkan_create_resources_with_requirements ANDROID_EMU_YUV420_888_to_NV21 ANDROID_EMU_YUV_Cache ANDROID_EMU_vulkan_free_memory_sync ANDROID_EMU_vulkan_shader_float16_int8 ANDROID_EMU_vulkan_async_queue_submit ANDROID_EMU_sync_buffer_data GL_OES_vertex_array_object GL_KHR_texture_compression_astc_ldr ANDROID_EMU_host_side_tracing ANDROID_EMU_gles_max_version_2
08-01 08:16:44.458 11002 11002 D LifecycleMonitor: Lifecycle status change: com.hkxps17.turnup.LoginActivity@7e17953 in: DESTROYED
08-01 08:16:44.458 11002 11002 V ActivityScenario: Update currentActivityStage to DESTROYED, currentActivity=null
08-01 08:16:44.467 11037 11070 W OpenGLRenderer: Failed to choose config with EGL_SWAP_BEHAVIOR_PRESERVED, retrying without...
08-01 08:16:44.474 11037 11070 D eglCodecCommon: setVertexArrayObject: set vao to 0 (0) 0 0
08-01 08:16:44.474 11037 11070 D EGL_emulation: eglCreateContext: 0xd2b1f5a0: maj 2 min 0 rcv 2
08-01 08:16:44.503 11037 11070 D EGL_emulation: eglMakeCurrent: 0xd2b1f5a0: ver 2 0 (tinfo 0xdde4fc80)
08-01 08:16:44.509  1796  3402 D gralloc_ranchu: gralloc_alloc: Creating ashmem region of size 9334784
08-01 08:16:44.512  1678  1678 I hwservicemanager: getTransport: Cannot find entry android.hardware.graphics.mapper@3.0::IMapper/default in either framework or device manifest.
08-01 08:16:44.512 11037 11070 W Gralloc3: mapper 3.x is not supported
08-01 08:16:44.513 11037 11070 D HostConnection: createUnique: call
08-01 08:16:44.514 11037 11070 D HostConnection: HostConnection::get() New Host Connection established 0xd2b10760, tid 11070
08-01 08:16:44.514 11037 11070 D HostConnection: HostComposition ext ANDROID_EMU_CHECKSUM_HELPER_v1 ANDROID_EMU_dma_v1 ANDROID_EMU_direct_mem ANDROID_EMU_host_composition_v1 ANDROID_EMU_host_composition_v2 ANDROID_EMU_vulkan ANDROID_EMU_deferred_vulkan_commands ANDROID_EMU_vulkan_null_optional_strings ANDROID_EMU_vulkan_create_resources_with_requirements ANDROID_EMU_YUV420_888_to_NV21 ANDROID_EMU_YUV_Cache ANDROID_EMU_vulkan_free_memory_sync ANDROID_EMU_vulkan_shader_float16_int8 ANDROID_EMU_vulkan_async_queue_submit ANDROID_EMU_sync_buffer_data GL_OES_vertex_array_object GL_KHR_texture_compression_astc_ldr ANDROID_EMU_host_side_tracing ANDROID_EMU_gles_max_version_2
08-01 08:16:44.515 11037 11070 D eglCodecCommon: allocate: Ask for block of size 0x1000
08-01 08:16:44.515 11037 11070 D eglCodecCommon: allocate: ioctl allocate returned offset 0x3ffff4000 size 0x2000
08-01 08:16:44.517  1796  3402 D gralloc_ranchu: gralloc_alloc: Creating ashmem region of size 9334784
08-01 08:16:44.519 11037 11070 D EGL_emulation: eglMakeCurrent: 0xd2b1f5a0: ver 2 0 (tinfo 0xdde4fc80)
08-01 08:16:44.519  1796  3402 D gralloc_ranchu: gralloc_alloc: Creating ashmem region of size 9334784
08-01 08:16:44.522 11037 11070 D eglCodecCommon: setVertexArrayObject: set vao to 0 (0) 1 0
08-01 08:16:44.639  2037  5119 W InputReader: Device has associated, but no associated display id.
08-01 08:16:44.654  2037  5119 I chatty  : uid=1000(system) Binder:2037_1E identical 48 lines
08-01 08:16:44.654  2037  5119 W InputReader: Device has associated, but no associated display id.
08-01 08:16:44.669 11037 11037 W ActivityThread: handleWindowVisibility: no activity for token android.os.BinderProxy@b29738c
08-01 08:16:44.687 11002 11035 E TestRunner: failed: locationLikeTest(com.hkxps17.turnup.LocationVisitTest)
08-01 08:16:44.687 11002 11035 E TestRunner: ----- begin exception -----
08-01 08:16:44.687 11002 11035 E TestRunner: androidx.test.espresso.NoMatchingViewException: No views in hierarchy found matching: an instance of android.widget.TextView and view.getText() with or without transformation to match: is "Location Visited!"
08-01 08:16:44.687 11002 11035 E TestRunner:
08-01 08:16:44.687 11002 11035 E TestRunner: View Hierarchy:
08-01 08:16:44.687 11002 11035 E TestRunner: +>LinearLayout{id=-1, visibility=VISIBLE, width=395, height=135, has-focus=false, has-focusable=false, has-window-focus=false, is-clickable=false, is-enabled=true, is-focused=false, is-focusable=false, is-layout-requested=false, is-selected=false, layout-params={(0,66)(wrapxwrap) gr=BOTTOM CENTER ty=TOAST fmt=TRANSLUCENT wanim=0x1030004
08-01 08:16:44.687 11002 11035 E TestRunner:   fl=NOT_FOCUSABLE NOT_TOUCHABLE KEEP_SCREEN_ON HARDWARE_ACCELERATED}, tag=null, root-is-layout-requested=false, has-input-connection=false, x=0.0, y=0.0, child-count=1}
08-01 08:16:44.687 11002 11035 E TestRunner: |
08-01 08:16:44.687 11002 11035 E TestRunner: +->TextView{id=16908299, res-name=message, visibility=VISIBLE, width=263, height=53, has-focus=false, has-focusable=false, has-window-focus=false, is-clickable=false, is-enabled=true, is-focused=false, is-focusable=false, is-layout-requested=false, is-selected=false, layout-params=android.widget.LinearLayout$LayoutParams@a28dde7, tag=null, root-is-layout-requested=false, has-input-connection=false, x=66.0, y=41.0, text=Location Liked!, input-type=0, ime-target=false, has-links=false}
08-01 08:16:44.687 11002 11035 E TestRunner: 	at dalvik.system.VMStack.getThreadStackTrace(Native Method)
08-01 08:16:44.687 11002 11035 E TestRunner: 	at java.lang.Thread.getStackTrace(Thread.java:1720)
08-01 08:16:44.687 11002 11035 E TestRunner: 	at androidx.test.espresso.base.DefaultFailureHandler.getUserFriendlyError(DefaultFailureHandler.java:12)
08-01 08:16:44.687 11002 11035 E TestRunner: 	at androidx.test.espresso.base.DefaultFailureHandler.handle(DefaultFailureHandler.java:7)
08-01 08:16:44.687 11002 11035 E TestRunner: 	at androidx.test.espresso.ViewInteraction.waitForAndHandleInteractionResults(ViewInteraction.java:8)
08-01 08:16:44.687 11002 11035 E TestRunner: 	at androidx.test.espresso.ViewInteraction.check(ViewInteraction.java:12)
08-01 08:16:44.687 11002 11035 E TestRunner: 	at com.hkxps17.turnup.LocationVisitTest.locationLikeTest(LocationVisitTest.java:84)
08-01 08:16:44.687 11002 11035 E TestRunner: 	at java.lang.reflect.Method.invoke(Native Method)
08-01 08:16:44.687 11002 11035 E TestRunner: 	at org.junit.runners.model.FrameworkMethod$1.runReflectiveCall(FrameworkMethod.java:50)
08-01 08:16:44.687 11002 11035 E TestRunner: 	at org.junit.internal.runners.model.ReflectiveCallable.run(ReflectiveCallable.java:12)
08-01 08:16:44.687 11002 11035 E TestRunner: 	at org.junit.runners.model.FrameworkMethod.invokeExplosively(FrameworkMethod.java:47)
08-01 08:16:44.687 11002 11035 E TestRunner: 	at org.junit.internal.runners.statements.InvokeMethod.evaluate(InvokeMethod.java:17)
08-01 08:16:44.687 11002 11035 E TestRunner: 	at org.junit.rules.ExternalResource$1.evaluate(ExternalResource.java:48)
08-01 08:16:44.687 11002 11035 E TestRunner: 	at org.junit.rules.RunRules.evaluate(RunRules.java:20)
08-01 08:16:44.687 11002 11035 E TestRunner: 	at org.junit.runners.ParentRunner.runLeaf(ParentRunner.java:325)
08-01 08:16:44.687 11002 11035 E TestRunner: 	at org.junit.runners.BlockJUnit4ClassRunner.runChild(BlockJUnit4ClassRunner.java:78)
08-01 08:16:44.687 11002 11035 E TestRunner: 	at org.junit.runners.BlockJUnit4ClassRunner.runChild(BlockJUnit4ClassRunner.java:57)
08-01 08:16:44.687 11002 11035 E TestRunner: 	at org.junit.runners.ParentRunner$3.run(ParentRunner.java:290)
08-01 08:16:44.687 11002 11035 E TestRunner: 	at org.junit.runners.ParentRunner$1.schedule(ParentRunner.java:71)
08-01 08:16:44.687 11002 11035 E TestRunner: 	at org.junit.runners.ParentRunner.runChildren(ParentRunner.java:288)
08-01 08:16:44.687 11002 11035 E TestRunner: 	at org.junit.runners.ParentRunner.access$000(ParentRunner.java:58)
08-01 08:16:44.687 11002 11035 E TestRunner: 	at org.junit.runners.ParentRunner$2.evaluate(ParentRunner.java:268)
08-01 08:16:44.687 11002 11035 E TestRunner: 	at org.junit.runners.ParentRunner.run(ParentRunner.java:363)
08-01 08:16:44.687 11002 11035 E TestRunner: 	at androidx.test.ext.junit.runners.AndroidJUnit4.run(AndroidJUnit4.java:162)
08-01 08:16:44.687 11002 11035 E TestRunner: 	at org.junit.runners.Suite.runChild(Suite.java:128)
08-01 08:16:44.687 11002 11035 E TestRunner: 	at org.junit.runners.Suite.runChild(Suite.java:27)
08-01 08:16:44.687 11002 11035 E TestRunner: 	at org.junit.runners.ParentRunner$3.run(ParentRunner.java:290)
08-01 08:16:44.687 11002 11035 E TestRunner: 	at org.junit.runners.ParentRunner$1.schedule(ParentRunner.java:71)
08-01 08:16:44.687 11002 11035 E TestRunner: 	at org.junit.runners.ParentRunner.runChildren(ParentRunner.java:288)
08-01 08:16:44.687 11002 11035 E TestRunner: 	at org.junit.runners.ParentRunner.access$000(ParentRunner.java:58)
08-01 08:16:44.687 11002 11035 E TestRunner: 	at org.junit.runners.ParentRunner$2.evaluate(ParentRunner.java:268)
08-01 08:16:44.687 11002 11035 E TestRunner: 	at org.junit.runners.ParentRunner.run(ParentRunner.java:363)
08-01 08:16:44.687 11002 11035 E TestRunner: 	at org.junit.runner.JUnitCore.run(JUnitCore.java:137)
08-01 08:16:44.687 11002 11035 E TestRunner: 	at org.junit.runner.JUnitCore.run(JUnitCore.java:115)
08-01 08:16:44.687 11002 11035 E TestRunner: 	at androidx.test.internal.runner.TestExecutor.execute(TestExecutor.java:56)
08-01 08:16:44.687 11002 11035 E TestRunner: 	at androidx.test.runner.AndroidJUnitRunner.onStart(AndroidJUnitRunner.java:444)
08-01 08:16:44.687 11002 11035 E TestRunner: 	at android.app.Instrumentation$InstrumentationThread.run(Instrumentation.java:2189)
08-01 08:16:44.687 11002 11035 E TestRunner: ----- end exception -----
08-01 08:16:44.689 11002 11035 I TestRunner: finished: locationLikeTest(com.hkxps17.turnup.LocationVisitTest)

androidx.test.espresso.NoMatchingViewException: No views in hierarchy found matching: an instance of android.widget.TextView and view.getText() with or without transformation to match: is "Location Visited!"

View Hierarchy:
+>LinearLayout{id=-1, visibility=VISIBLE, width=395, height=135, has-focus=false, has-focusable=false, has-window-focus=false, is-clickable=false, is-enabled=true, is-focused=false, is-focusable=false, is-layout-requested=false, is-selected=false, layout-params={(0,66)(wrapxwrap) gr=BOTTOM CENTER ty=TOAST fmt=TRANSLUCENT wanim=0x1030004
fl=NOT_FOCUSABLE NOT_TOUCHABLE KEEP_SCREEN_ON HARDWARE_ACCELERATED}, tag=null, root-is-layout-requested=false, has-input-connection=false, x=0.0, y=0.0, child-count=1}
|
+->TextView{id=16908299, res-name=message, visibility=VISIBLE, width=263, height=53, has-focus=false, has-focusable=false, has-window-focus=false, is-clickable=false, is-enabled=true, is-focused=false, is-focusable=false, is-layout-requested=false, is-selected=false, layout-params=android.widget.LinearLayout$LayoutParams@a28dde7, tag=null, root-is-layout-requested=false, has-input-connection=false, x=66.0, y=41.0, text=Location Liked!, input-type=0, ime-target=false, has-links=false}
at dalvik.system.VMStack.getThreadStackTrace(Native Method)
at java.lang.Thread.getStackTrace(Thread.java:1720)
at androidx.test.espresso.base.DefaultFailureHandler.getUserFriendlyError(DefaultFailureHandler.java:12)
at androidx.test.espresso.base.DefaultFailureHandler.handle(DefaultFailureHandler.java:7)
at androidx.test.espresso.ViewInteraction.waitForAndHandleInteractionResults(ViewInteraction.java:8)
at androidx.test.espresso.ViewInteraction.check(ViewInteraction.java:12)
at com.hkxps17.turnup.LocationVisitTest.locationLikeTest(LocationVisitTest.java:84)