08-01 08:23:37.768 15286 15286 V ActivityScenario: Activity lifecycle changed event received but ignored because the intent does not match. startActivityIntent=Intent { act=android.intent.action.MAIN cat=[android.intent.category.LAUNCHER] cmp=com.hkxps17.turnup/.LoginActivity }, activity.getIntent()=Intent { cmp=com.hkxps17.turnup/.AddLocationActivity }, activity=com.hkxps17.turnup.AddLocationActivity@92e7f2d
08-01 08:23:37.769 15286 15286 D LifecycleMonitor: Lifecycle status change: com.hkxps17.turnup.AddLocationActivity@92e7f2d in: RESUMED
08-01 08:23:37.769 15286 15286 V ActivityScenario: Activity lifecycle changed event received but ignored because the intent does not match. startActivityIntent=Intent { act=android.intent.action.MAIN cat=[android.intent.category.LAUNCHER] cmp=com.hkxps17.turnup/.LoginActivity }, activity.getIntent()=Intent { cmp=com.hkxps17.turnup/.AddLocationActivity }, activity=com.hkxps17.turnup.AddLocationActivity@92e7f2d
08-01 08:23:37.770 15286 15645 W .hkxps17.turnu: Accessing hidden method Lsun/misc/Unsafe;->getObject(Ljava/lang/Object;J)Ljava/lang/Object; (greylist, linking, allowed)
08-01 08:23:37.789 15286 15645 W .hkxps17.turnu: Accessing hidden method Lsun/misc/Unsafe;->getObject(Ljava/lang/Object;J)Ljava/lang/Object; (greylist, linking, allowed)
08-01 08:23:37.793  1796  3402 D gralloc_ranchu: gralloc_alloc: Creating ashmem region of size 9334784
08-01 08:23:37.804  1796  3402 I chatty  : uid=1000(system) HwBinder:1796_2 identical 1 line
08-01 08:23:37.805  1796  3402 D gralloc_ranchu: gralloc_alloc: Creating ashmem region of size 9334784
08-01 08:23:37.805 15286 15354 D EGL_emulation: eglMakeCurrent: 0xdde5ee80: ver 2 0 (tinfo 0xdde95f80)
08-01 08:23:37.806 15286 15645 W .hkxps17.turnu: Accessing hidden method Lsun/misc/Unsafe;->getObject(Ljava/lang/Object;J)Ljava/lang/Object; (greylist, linking, allowed)
08-01 08:23:37.823 15286 15645 W .hkxps17.turnu: Accessing hidden method Lsun/misc/Unsafe;->getObject(Ljava/lang/Object;J)Ljava/lang/Object; (greylist, linking, allowed)
08-01 08:23:37.824 15286 15286 E libprocessgroup: set_timerslack_ns write failed: Operation not permitted
08-01 08:23:37.825  2037  2059 W InputReader: Device has associated, but no associated display id.
08-01 08:23:37.827  2037  2059 I chatty  : uid=1000(system) android.anim identical 18 lines
08-01 08:23:37.827  2037  2059 W InputReader: Device has associated, but no associated display id.
08-01 08:23:37.835 15286 15354 D EGL_emulation: eglMakeCurrent: 0xdde5ee80: ver 2 0 (tinfo 0xdde95f80)
08-01 08:23:37.841 15286 15645 W .hkxps17.turnu: Accessing hidden method Lsun/misc/Unsafe;->getObject(Ljava/lang/Object;J)Ljava/lang/Object; (greylist, linking, allowed)
08-01 08:23:37.842 15286 15354 D EGL_emulation: eglMakeCurrent: 0xdde5ee80: ver 2 0 (tinfo 0xdde95f80)
08-01 08:23:37.854 15286 15354 D EGL_emulation: eglMakeCurrent: 0xdde5ee80: ver 2 0 (tinfo 0xdde95f80)
08-01 08:23:37.921  1795  2479 E GnssHAL_GnssInterface: gnssSvStatusCb: a: input svInfo.flags is 8
08-01 08:23:37.921  1795  2479 E GnssHAL_GnssInterface: gnssSvStatusCb: b: input svInfo.flags is 8
08-01 08:23:38.078 15286 15286 I ViewInteraction: Checking 'MatchesViewAssertion{viewMatcher=not view.isEnabled() is <true>}' assertion on view (view.getId() is <2131231027/com.hkxps17.turnup:id/location_done_button> and Child at position 2 in parent Child at position 0 in parent view.getId() is <16908290/android:id/content> and (view has effective visibility <VISIBLE> and view.getGlobalVisibleRect() to return non-empty rectangle))
08-01 08:23:38.081 15286 15317 W .hkxps17.turnu: Accessing hidden method Lsun/misc/Unsafe;->compareAndSwapObject(Ljava/lang/Object;JLjava/lang/Object;Ljava/lang/Object;)Z (greylist, linking, allowed)
08-01 08:23:38.088 15286 15286 D LifecycleMonitor: Lifecycle status change: com.hkxps17.turnup.AddLocationActivity@92e7f2d in: PAUSED
08-01 08:23:38.088 15286 15286 V ActivityScenario: Activity lifecycle changed event received but ignored because the intent does not match. startActivityIntent=Intent { act=android.intent.action.MAIN cat=[android.intent.category.LAUNCHER] cmp=com.hkxps17.turnup/.LoginActivity }, activity.getIntent()=Intent { cmp=com.hkxps17.turnup/.AddLocationActivity }, activity=com.hkxps17.turnup.AddLocationActivity@92e7f2d
08-01 08:23:38.088  2037  3386 W InputReader: Device has associated, but no associated display id.
08-01 08:23:38.091  2037  3386 I chatty  : uid=1000(system) Binder:2037_11 identical 38 lines
08-01 08:23:38.091  2037  3386 W InputReader: Device has associated, but no associated display id.
08-01 08:23:38.092 15319 15319 W ActivityThread: handleWindowVisibility: no activity for token android.os.BinderProxy@16e073a
08-01 08:23:38.097  2037  3386 W InputReader: Device has associated, but no associated display id.
08-01 08:23:38.097  2037  3386 I chatty  : uid=1000(system) Binder:2037_11 identical 8 lines
08-01 08:23:38.097  2037  3386 W InputReader: Device has associated, but no associated display id.
08-01 08:23:38.115 15286 15354 D EGL_emulation: eglMakeCurrent: 0xdde5ee80: ver 2 0 (tinfo 0xdde95f80)
08-01 08:23:38.122 15286 15286 D LifecycleMonitor: Lifecycle status change: com.hkxps17.turnup.LoginActivity@7e17953 in: DESTROYED
08-01 08:23:38.122 15286 15286 V ActivityScenario: Update currentActivityStage to DESTROYED, currentActivity=null
08-01 08:23:38.139 15319 15349 D HostConnection: HostConnection::get() New Host Connection established 0xd5d6e050, tid 15349
08-01 08:23:38.141 15319 15349 D HostConnection: HostComposition ext ANDROID_EMU_CHECKSUM_HELPER_v1 ANDROID_EMU_dma_v1 ANDROID_EMU_direct_mem ANDROID_EMU_host_composition_v1 ANDROID_EMU_host_composition_v2 ANDROID_EMU_vulkan ANDROID_EMU_deferred_vulkan_commands ANDROID_EMU_vulkan_null_optional_strings ANDROID_EMU_vulkan_create_resources_with_requirements ANDROID_EMU_YUV420_888_to_NV21 ANDROID_EMU_YUV_Cache ANDROID_EMU_vulkan_free_memory_sync ANDROID_EMU_vulkan_shader_float16_int8 ANDROID_EMU_vulkan_async_queue_submit ANDROID_EMU_sync_buffer_data GL_OES_vertex_array_object GL_KHR_texture_compression_astc_ldr ANDROID_EMU_host_side_tracing ANDROID_EMU_gles_max_version_2
08-01 08:23:38.143 15319 15349 W OpenGLRenderer: Failed to choose config with EGL_SWAP_BEHAVIOR_PRESERVED, retrying without...
08-01 08:23:38.156 15319 15349 D eglCodecCommon: setVertexArrayObject: set vao to 0 (0) 0 0
08-01 08:23:38.156 15319 15349 D EGL_emulation: eglCreateContext: 0xd5d1a300: maj 2 min 0 rcv 2
08-01 08:23:38.200 15319 15349 D EGL_emulation: eglMakeCurrent: 0xd5d1a300: ver 2 0 (tinfo 0xd5d0f480)
08-01 08:23:38.208  1796  3402 D gralloc_ranchu: gralloc_alloc: Creating ashmem region of size 9334784
08-01 08:23:38.210  1678  1678 I hwservicemanager: getTransport: Cannot find entry android.hardware.graphics.mapper@3.0::IMapper/default in either framework or device manifest.
08-01 08:23:38.210 15319 15349 W Gralloc3: mapper 3.x is not supported
08-01 08:23:38.211 15319 15349 D HostConnection: createUnique: call
08-01 08:23:38.211 15319 15349 D HostConnection: HostConnection::get() New Host Connection established 0xd5d6e280, tid 15349
08-01 08:23:38.214 15319 15349 D HostConnection: HostComposition ext ANDROID_EMU_CHECKSUM_HELPER_v1 ANDROID_EMU_dma_v1 ANDROID_EMU_direct_mem ANDROID_EMU_host_composition_v1 ANDROID_EMU_host_composition_v2 ANDROID_EMU_vulkan ANDROID_EMU_deferred_vulkan_commands ANDROID_EMU_vulkan_null_optional_strings ANDROID_EMU_vulkan_create_resources_with_requirements ANDROID_EMU_YUV420_888_to_NV21 ANDROID_EMU_YUV_Cache ANDROID_EMU_vulkan_free_memory_sync ANDROID_EMU_vulkan_shader_float16_int8 ANDROID_EMU_vulkan_async_queue_submit ANDROID_EMU_sync_buffer_data GL_OES_vertex_array_object GL_KHR_texture_compression_astc_ldr ANDROID_EMU_host_side_tracing ANDROID_EMU_gles_max_version_2
08-01 08:23:38.214 15319 15349 D eglCodecCommon: allocate: Ask for block of size 0x1000
08-01 08:23:38.214 15319 15349 D eglCodecCommon: allocate: ioctl allocate returned offset 0x3ffff4000 size 0x2000
08-01 08:23:38.216  1796  3402 D gralloc_ranchu: gralloc_alloc: Creating ashmem region of size 9334784
08-01 08:23:38.217  1796  3402 D gralloc_ranchu: gralloc_alloc: Creating ashmem region of size 9334784
08-01 08:23:38.220 15319 15349 D EGL_emulation: eglMakeCurrent: 0xd5d1a300: ver 2 0 (tinfo 0xd5d0f480)
08-01 08:23:38.223 15319 15349 D eglCodecCommon: setVertexArrayObject: set vao to 0 (0) 1 0
08-01 08:23:38.355  2037  3102 W InputReader: Device has associated, but no associated display id.
08-01 08:23:38.358  2037  3102 I chatty  : uid=1000(system) Binder:2037_D identical 48 lines
08-01 08:23:38.358  2037  3102 W InputReader: Device has associated, but no associated display id.
08-01 08:23:38.361 15286 15616 W .hkxps17.turnu: Accessing hidden field Ljava/nio/Buffer;->position:I (greylist, JNI, allowed)
08-01 08:23:38.361 15286 15616 W .hkxps17.turnu: Accessing hidden field Ljava/nio/Buffer;->limit:I (greylist, JNI, allowed)
08-01 08:23:38.365 15286 15616 W .hkxps17.turnu: Accessing hidden field Ljava/nio/Buffer;->_elementSizeShift:I (greylist, JNI, allowed)
08-01 08:23:38.365 15319 15319 W ActivityThread: handleWindowVisibility: no activity for token android.os.BinderProxy@b29738c
08-01 08:23:38.388 15286 15645 W .hkxps17.turnu: Accessing hidden method Lsun/misc/Unsafe;->getObject(Ljava/lang/Object;J)Ljava/lang/Object; (greylist, linking, allowed)
08-01 08:23:38.414  1796  3402 D gralloc_ranchu: gralloc_alloc: Creating ashmem region of size 9334784
08-01 08:23:38.418  1796  3402 I chatty  : uid=1000(system) HwBinder:1796_2 identical 1 line
08-01 08:23:38.419  1796  3402 D gralloc_ranchu: gralloc_alloc: Creating ashmem region of size 9334784
08-01 08:23:38.421 15286 15286 D LifecycleMonitor: Lifecycle status change: com.hkxps17.turnup.MapsActivity@c100fba in: STOPPED
08-01 08:23:38.421 15286 15286 V ActivityScenario: Activity lifecycle changed event received but ignored because the intent does not match. startActivityIntent=Intent { act=android.intent.action.MAIN cat=[android.intent.category.LAUNCHER] cmp=com.hkxps17.turnup/.LoginActivity }, activity.getIntent()=Intent { cmp=com.hkxps17.turnup/.MapsActivity }, activity=com.hkxps17.turnup.MapsActivity@c100fba
08-01 08:23:38.423 15319 15349 D EGL_emulation: eglMakeCurrent: 0xd5d1a300: ver 2 0 (tinfo 0xd5d0f480)
08-01 08:23:38.432  2037  2059 W InputReader: Device has associated, but no associated display id.
08-01 08:23:38.433  2037  2059 I chatty  : uid=1000(system) android.anim identical 18 lines
08-01 08:23:38.434  2037  2059 W InputReader: Device has associated, but no associated display id.
08-01 08:23:38.436  2037  2063 I ActivityTaskManager: Displayed com.hkxps17.turnup.test/androidx.test.core.app.InstrumentationActivityInvoker$EmptyActivity: +256ms
08-01 08:23:38.448 15286 15553 W .hkxps17.turnu: Accessing hidden method Lsun/misc/Unsafe;->putLong(Ljava/lang/Object;JJ)V (greylist, linking, allowed)
08-01 08:23:38.459 15286 15354 D EGL_emulation: eglMakeCurrent: 0xdde5ee80: ver 2 0 (tinfo 0xdde95f80)
08-01 08:23:38.472  2037  2054 W InputReader: Device has associated, but no associated display id.
08-01 08:23:38.472  2037  2054 I chatty  : uid=1000(system) Binder:2037_2 identical 8 lines
08-01 08:23:38.472  2037  2054 W InputReader: Device has associated, but no associated display id.
08-01 08:23:38.476 15286 15317 E TestRunner: failed: locationNoTitleTest(com.hkxps17.turnup.LocationAddFailTest)
08-01 08:23:38.476 15286 15317 E TestRunner: ----- begin exception -----
08-01 08:23:38.477 15286 15317 E TestRunner: androidx.test.espresso.base.DefaultFailureHandler$AssertionFailedWithCauseError: 'not view.isEnabled() is <true>' doesn't match the selected view.
08-01 08:23:38.477 15286 15317 E TestRunner: Expected: not view.isEnabled() is <true>
08-01 08:23:38.477 15286 15317 E TestRunner:      Got: was <androidx.appcompat.widget.AppCompatImageButton{c2c0221 VFED..C.. ........ 244,1659-437,1852 #7f080133 app:id/location_done_button}>
08-01 08:23:38.477 15286 15317 E TestRunner: View Details: AppCompatImageButton{id=2131231027, res-name=location_done_button, visibility=VISIBLE, width=193, height=193, has-focus=false, has-focusable=true, has-window-focus=true, is-clickable=true, is-enabled=true, is-focused=false, is-focusable=true, is-layout-requested=false, is-selected=false, layout-params=androidx.constraintlayout.widget.ConstraintLayout$LayoutParams@c0f20a0, tag=null, root-is-layout-requested=false, has-input-connection=false, x=244.0, y=1659.0}
08-01 08:23:38.477 15286 15317 E TestRunner:
08-01 08:23:38.477 15286 15317 E TestRunner: 	at dalvik.system.VMStack.getThreadStackTrace(Native Method)
08-01 08:23:38.477 15286 15317 E TestRunner: 	at java.lang.Thread.getStackTrace(Thread.java:1720)
08-01 08:23:38.477 15286 15317 E TestRunner: 	at androidx.test.espresso.base.DefaultFailureHandler.getUserFriendlyError(DefaultFailureHandler.java:12)
08-01 08:23:38.477 15286 15317 E TestRunner: 	at androidx.test.espresso.base.DefaultFailureHandler.handle(DefaultFailureHandler.java:7)
08-01 08:23:38.477 15286 15317 E TestRunner: 	at androidx.test.espresso.ViewInteraction.waitForAndHandleInteractionResults(ViewInteraction.java:5)
08-01 08:23:38.477 15286 15317 E TestRunner: 	at androidx.test.espresso.ViewInteraction.check(ViewInteraction.java:12)
08-01 08:23:38.477 15286 15317 E TestRunner: 	at com.hkxps17.turnup.LocationAddFailTest.locationNoTitleTest(LocationAddFailTest.java:93)
08-01 08:23:38.477 15286 15317 E TestRunner: 	at java.lang.reflect.Method.invoke(Native Method)
08-01 08:23:38.477 15286 15317 E TestRunner: 	at org.junit.runners.model.FrameworkMethod$1.runReflectiveCall(FrameworkMethod.java:50)
08-01 08:23:38.477 15286 15317 E TestRunner: 	at org.junit.internal.runners.model.ReflectiveCallable.run(ReflectiveCallable.java:12)
08-01 08:23:38.477 15286 15317 E TestRunner: 	at org.junit.runners.model.FrameworkMethod.invokeExplosively(FrameworkMethod.java:47)
08-01 08:23:38.477 15286 15317 E TestRunner: 	at org.junit.internal.runners.statements.InvokeMethod.evaluate(InvokeMethod.java:17)
08-01 08:23:38.477 15286 15317 E TestRunner: 	at org.junit.rules.ExternalResource$1.evaluate(ExternalResource.java:48)
08-01 08:23:38.477 15286 15317 E TestRunner: 	at org.junit.rules.RunRules.evaluate(RunRules.java:20)
08-01 08:23:38.477 15286 15317 E TestRunner: 	at org.junit.runners.ParentRunner.runLeaf(ParentRunner.java:325)
08-01 08:23:38.477 15286 15317 E TestRunner: 	at org.junit.runners.BlockJUnit4ClassRunner.runChild(BlockJUnit4ClassRunner.java:78)
08-01 08:23:38.477 15286 15317 E TestRunner: 	at org.junit.runners.BlockJUnit4ClassRunner.runChild(BlockJUnit4ClassRunner.java:57)
08-01 08:23:38.477 15286 15317 E TestRunner: 	at org.junit.runners.ParentRunner$3.run(ParentRunner.java:290)
08-01 08:23:38.477 15286 15317 E TestRunner: 	at org.junit.runners.ParentRunner$1.schedule(ParentRunner.java:71)
08-01 08:23:38.477 15286 15317 E TestRunner: 	at org.junit.runners.ParentRunner.runChildren(ParentRunner.java:288)
08-01 08:23:38.477 15286 15317 E TestRunner: 	at org.junit.runners.ParentRunner.access$000(ParentRunner.java:58)
08-01 08:23:38.477 15286 15317 E TestRunner: 	at org.junit.runners.ParentRunner$2.evaluate(ParentRunner.java:268)
08-01 08:23:38.477 15286 15317 E TestRunner: 	at org.junit.runners.ParentRunner.run(ParentRunner.java:363)
08-01 08:23:38.477 15286 15317 E TestRunner: 	at androidx.test.ext.junit.runners.AndroidJUnit4.run(AndroidJUnit4.java:162)
08-01 08:23:38.477 15286 15317 E TestRunner: 	at org.junit.runners.Suite.runChild(Suite.java:128)
08-01 08:23:38.477 15286 15317 E TestRunner: 	at org.junit.runners.Suite.runChild(Suite.java:27)
08-01 08:23:38.477 15286 15317 E TestRunner: 	at org.junit.runners.ParentRunner$3.run(ParentRunner.java:290)
08-01 08:23:38.477 15286 15317 E TestRunner: 	at org.junit.runners.ParentRunner$1.schedule(ParentRunner.java:71)
08-01 08:23:38.477 15286 15317 E TestRunner: 	at org.junit.runners.ParentRunner.runChildren(ParentRunner.java:288)
08-01 08:23:38.477 15286 15317 E TestRunner: 	at org.junit.runners.ParentRunner.access$000(ParentRunner.java:58)
08-01 08:23:38.477 15286 15317 E TestRunner: 	at org.junit.runners.ParentRunner$2.evaluate(ParentRunner.java:268)
08-01 08:23:38.477 15286 15317 E TestRunner: 	at org.junit.runners.ParentRunner.run(ParentRunner.java:363)
08-01 08:23:38.477 15286 15317 E TestRunner: 	at org.junit.runner.JUnitCore.run(JUnitCore.java:137)
08-01 08:23:38.477 15286 15317 E TestRunner: 	at org.junit.runner.JUnitCore.run(JUnitCore.java:115)
08-01 08:23:38.477 15286 15317 E TestRunner: 	at androidx.test.internal.runner.TestExecutor.execute(TestExecutor.java:56)
08-01 08:23:38.477 15286 15317 E TestRunner: 	at androidx.test.runner.AndroidJUnitRunner.onStart(AndroidJUnitRunner.java:444)
08-01 08:23:38.477 15286 15317 E TestRunner: 	at android.app.Instrumentation$InstrumentationThread.run(Instrumentation.java:2189)
08-01 08:23:38.477 15286 15317 E TestRunner: Caused by: junit.framework.AssertionFailedError: 'not view.isEnabled() is <true>' doesn't match the selected view.
08-01 08:23:38.477 15286 15317 E TestRunner: Expected: not view.isEnabled() is <true>
08-01 08:23:38.477 15286 15317 E TestRunner:      Got: was <androidx.appcompat.widget.AppCompatImageButton{c2c0221 VFED..C.. ........ 244,1659-437,1852 #7f080133 app:id/location_done_button}>
08-01 08:23:38.477 15286 15317 E TestRunner: View Details: AppCompatImageButton{id=2131231027, res-name=location_done_button, visibility=VISIBLE, width=193, height=193, has-focus=false, has-focusable=true, has-window-focus=true, is-clickable=true, is-enabled=true, is-focused=false, is-focusable=t
08-01 08:23:38.477 15286 15317 E TestRunner: ----- end exception -----
08-01 08:23:38.482 15286 15317 I TestRunner: finished: locationNoTitleTest(com.hkxps17.turnup.LocationAddFailTest)

androidx.test.espresso.base.DefaultFailureHandler$AssertionFailedWithCauseError: 'not view.isEnabled() is <true>' doesn't match the selected view.
Expected: not view.isEnabled() is <true>
Got: was <androidx.appcompat.widget.AppCompatImageButton{c2c0221 VFED..C.. ........ 244,1659-437,1852 #7f080133 app:id/location_done_button}>
View Details: AppCompatImageButton{id=2131231027, res-name=location_done_button, visibility=VISIBLE, width=193, height=193, has-focus=false, has-focusable=true, has-window-focus=true, is-clickable=true, is-enabled=true, is-focused=false, is-focusable=true, is-layout-requested=false, is-selected=false, layout-params=androidx.constraintlayout.widget.ConstraintLayout$LayoutParams@c0f20a0, tag=null, root-is-layout-requested=false, has-input-connection=false, x=244.0, y=1659.0}

at dalvik.system.VMStack.getThreadStackTrace(Native Method)
at java.lang.Thread.getStackTrace(Thread.java:1720)
at androidx.test.espresso.base.DefaultFailureHandler.getUserFriendlyError(DefaultFailureHandler.java:12)
at androidx.test.espresso.base.DefaultFailureHandler.handle(DefaultFailureHandler.java:7)
at androidx.test.espresso.ViewInteraction.waitForAndHandleInteractionResults(ViewInteraction.java:5)
at androidx.test.espresso.ViewInteraction.check(ViewInteraction.java:12)
at com.hkxps17.turnup.LocationAddFailTest.locationNoTitleTest(LocationAddFailTest.java:93)
... 29 trimmed
Caused by: junit.framework.AssertionFailedError: 'not view.isEnabled() is <true>' doesn't match the selected view.
Expected: not view.isEnabled() is <true>
Got: was <androidx.appcompat.widget.AppCompatImageButton{c2c0221 VFED..C.. ........ 244,1659-437,1852 #7f080133 app:id/location_done_button}>
View Details: AppCompatImageButton{id=2131231027, res-name=location_done_button, visibility=VISIBLE, width=193, height=193, has-focus=false, has-focusable=true, has-window-focus=true, is-clickable=true, is-enabled=true, is-focused=false, is-focusable=true, is-layout-requested=false, is-selected=false, layout-params=androidx.constraintlayout.widget.ConstraintLayout$LayoutParams@c0f20a0, tag=null, root-is-layout-requested=false, has-input-connection=false, x=244.0, y=1659.0}

at androidx.test.espresso.matcher.ViewMatchers.assertThat(ViewMatchers.java:16)
at androidx.test.espresso.assertion.ViewAssertions$MatchesViewAssertion.check(ViewAssertions.java:11)
at androidx.test.espresso.ViewInteraction$SingleExecutionViewAssertion.check(ViewInteraction.java:2)
at androidx.test.espresso.ViewInteraction$2.call(ViewInteraction.java:12)
at androidx.test.espresso.ViewInteraction$2.call(ViewInteraction.java:1)
at java.util.concurrent.FutureTask.run(FutureTask.java:266)
at android.os.Handler.handleCallback(Handler.java:883)
at android.os.Handler.dispatchMessage(Handler.java:100)
at android.os.Looper.loop(Looper.java:214)
at android.app.ActivityThread.main(ActivityThread.java:7356)
at java.lang.reflect.Method.invoke(Native Method)
at com.android.internal.os.RuntimeInit$MethodAndArgsCaller.run(RuntimeInit.java:492)
at com.android.internal.os.ZygoteInit.main(ZygoteInit.java:930)