08-01 08:21:11.107 13827 14121 W .hkxps17.turnu: Accessing hidden method Lsun/misc/Unsafe;->getObject(Ljava/lang/Object;J)Ljava/lang/Object; (greylist, linking, allowed)
08-01 08:21:11.107 13827 14121 I Counters: exceeded sample count in FrameTime
08-01 08:21:11.125 13827 14121 W .hkxps17.turnu: Accessing hidden method Lsun/misc/Unsafe;->getObject(Ljava/lang/Object;J)Ljava/lang/Object; (greylist, linking, allowed)
08-01 08:21:11.125 13827 14121 I Counters: exceeded sample count in FrameTime
08-01 08:21:11.137 13827 14045 W .hkxps17.turnu: Accessing hidden method Lsun/misc/Unsafe;->getLong(Ljava/lang/Object;J)J (greylist,core-platform-api, linking, allowed)
08-01 08:21:11.137 13827 14045 W .hkxps17.turnu: Accessing hidden method Lsun/misc/Unsafe;->putLong(Ljava/lang/Object;JJ)V (greylist, linking, allowed)
08-01 08:21:11.138 13827 14045 W .hkxps17.turnu: Accessing hidden method Lsun/misc/Unsafe;->getObject(Ljava/lang/Object;J)Ljava/lang/Object; (greylist, linking, allowed)
08-01 08:21:11.143 13827 14121 W .hkxps17.turnu: Accessing hidden method Lsun/misc/Unsafe;->getInt(Ljava/lang/Object;J)I (greylist, linking, allowed)
08-01 08:21:11.143 13827 14121 W .hkxps17.turnu: Accessing hidden method Lsun/misc/Unsafe;->getObject(Ljava/lang/Object;J)Ljava/lang/Object; (greylist, linking, allowed)
08-01 08:21:11.143 13827 14121 I Counters: exceeded sample count in FrameTime
08-01 08:21:11.151 13827 14045 W .hkxps17.turnu: Accessing hidden method Lsun/misc/Unsafe;->compareAndSwapObject(Ljava/lang/Object;JLjava/lang/Object;Ljava/lang/Object;)Z (greylist, linking, allowed)
08-01 08:21:11.153 13827 14045 I SnapshotHandler: Unable to retrieve flag snapshot for com.google.android.libraries.consentverifier#com.hkxps17.turnup, using defaults.
08-01 08:21:11.154 13827 14045 W .hkxps17.turnu: Accessing hidden method Lsun/misc/Unsafe;->getObject(Ljava/lang/Object;J)Ljava/lang/Object; (greylist, linking, allowed)
08-01 08:21:11.162 13827 14121 W .hkxps17.turnu: Accessing hidden method Lsun/misc/Unsafe;->getInt(Ljava/lang/Object;J)I (greylist, linking, allowed)
08-01 08:21:11.162 13827 14121 W .hkxps17.turnu: Accessing hidden method Lsun/misc/Unsafe;->getObject(Ljava/lang/Object;J)Ljava/lang/Object; (greylist, linking, allowed)
08-01 08:21:11.162 13827 14121 I Counters: exceeded sample count in FrameTime
08-01 08:21:11.165 13827 14045 W .hkxps17.turnu: Accessing hidden method Lsun/misc/Unsafe;->compareAndSwapObject(Ljava/lang/Object;JLjava/lang/Object;Ljava/lang/Object;)Z (greylist, linking, allowed)
08-01 08:21:11.166 13827 14046 W MobStoreFlagStore: Unable to update local snapshot for com.google.android.libraries.consentverifier#com.hkxps17.turnup, may result in stale flags.
08-01 08:21:11.166 13827 14046 W MobStoreFlagStore: java.util.concurrent.ExecutionException: java.lang.SecurityException: GoogleCertificatesRslt: not allowed: pkg=com.hkxps17.turnup, sha256=[b88f376c2f33757ef6b3f12a23238906ee0ee76f1eac0df575b0e642f43fa802], atk=false, ver=222615031.true (go/gsrlt)
08-01 08:21:11.166 13827 14046 W MobStoreFlagStore: 	at aif.s(:com.google.android.gms.dynamite_mapsdynamite@222615068@22.26.15 (100700-0):3)
08-01 08:21:11.166 13827 14046 W MobStoreFlagStore: 	at aif.get(:com.google.android.gms.dynamite_mapsdynamite@222615068@22.26.15 (100700-0):2)
08-01 08:21:11.166 13827 14046 W MobStoreFlagStore: 	at ajp.g(:com.google.android.gms.dynamite_mapsdynamite@222615068@22.26.15 (100700-0):2)
08-01 08:21:11.166 13827 14046 W MobStoreFlagStore: 	at yg.d(:com.google.android.gms.dynamite_mapsdynamite@222615068@22.26.15 (100700-0):1)
08-01 08:21:11.166 13827 14046 W MobStoreFlagStore: 	at yi.run(:com.google.android.gms.dynamite_mapsdynamite@222615068@22.26.15 (100700-0):0)
08-01 08:21:11.166 13827 14046 W MobStoreFlagStore: 	at java.util.concurrent.Executors$RunnableAdapter.call(Executors.java:462)
08-01 08:21:11.166 13827 14046 W MobStoreFlagStore: 	at java.util.concurrent.FutureTask.run(FutureTask.java:266)
08-01 08:21:11.166 13827 14046 W MobStoreFlagStore: 	at java.util.concurrent.ScheduledThreadPoolExecutor$ScheduledFutureTask.run(ScheduledThreadPoolExecutor.java:301)
08-01 08:21:11.166 13827 14046 W MobStoreFlagStore: 	at java.util.concurrent.ThreadPoolExecutor.runWorker(ThreadPoolExecutor.java:1167)
08-01 08:21:11.166 13827 14046 W MobStoreFlagStore: 	at java.util.concurrent.ThreadPoolExecutor$Worker.run(ThreadPoolExecutor.java:641)
08-01 08:21:11.166 13827 14046 W MobStoreFlagStore: 	at java.lang.Thread.run(Thread.java:919)
08-01 08:21:11.166 13827 14046 W MobStoreFlagStore: Caused by: java.lang.SecurityException: GoogleCertificatesRslt: not allowed: pkg=com.hkxps17.turnup, sha256=[b88f376c2f33757ef6b3f12a23238906ee0ee76f1eac0df575b0e642f43fa802], atk=false, ver=222615031.true (go/gsrlt)
08-01 08:21:11.166 13827 14046 W MobStoreFlagStore: 	at android.os.Parcel.createException(Parcel.java:2071)
08-01 08:21:11.166 13827 14046 W MobStoreFlagStore: 	at android.os.Parcel.readException(Parcel.java:2039)
08-01 08:21:11.166 13827 14046 W MobStoreFlagStore: 	at android.os.Parcel.readException(Parcel.java:1987)
08-01 08:21:11.166 13827 14046 W MobStoreFlagStore: 	at es.bc(:com.google.android.gms.dynamite_mapsdynamite@222615068@22.26.15 (100700-0):2)
08-01 08:21:11.166 13827 14046 W MobStoreFlagStore: 	at rs.a(:com.google.android.gms.dynamite_mapsdynamite@222615068@22.26.15 (100700-0):4)
08-01 08:21:11.166 13827 14046 W MobStoreFlagStore: 	at iz.e(:com.google.android.gms.dynamite_mapsdynamite@222615068@22.26.15 (100700-0):2)
08-01 08:21:11.166 13827 14046 W MobStoreFlagStore: 	at jy.t(:com.google.android.gms.dynamite_mapsdynamite@222615068@22.26.15 (100700-0):2)
08-01 08:21:11.166 13827 14046 W MobStoreFlagStore: 	at jy.u(:com.google.android.gms.dynamite_mapsdynamite@222615068@22.26.15 (100700-0):3)
08-01 08:21:11.166 13827 14046 W MobStoreFlagStore: 	at jy.e(:com.google.android.gms.dynamite_mapsdynamite@222615068@22.26.15 (100700-0):2)
08-01 08:21:11.166 13827 14046 W MobStoreFlagStore: 	at kc.handleMessage(:com.google.android.gms.dynamite_mapsdynamite@222615068@22.26.15 (100700-0):69)
08-01 08:21:11.166 13827 14046 W MobStoreFlagStore: 	at android.os.Handler.dispatchMessage(Handler.java:103)
08-01 08:21:11.166 13827 14046 W MobStoreFlagStore: 	at android.os.Looper.loop(Looper.java:214)
08-01 08:21:11.166 13827 14046 W MobStoreFlagStore: 	at android.os.HandlerThread.run(HandlerThread.java:67)
08-01 08:21:11.178 13827 14121 W .hkxps17.turnu: Accessing hidden method Lsun/misc/Unsafe;->getObject(Ljava/lang/Object;J)Ljava/lang/Object; (greylist, linking, allowed)
08-01 08:21:11.178 13827 14121 I Counters: exceeded sample count in FrameTime
08-01 08:21:11.195 13827 14121 W .hkxps17.turnu: Accessing hidden method Lsun/misc/Unsafe;->getObject(Ljava/lang/Object;J)Ljava/lang/Object; (greylist, linking, allowed)
08-01 08:21:11.195 13827 14121 I Counters: exceeded sample count in FrameTime
08-01 08:21:11.208 13827 14094 W .hkxps17.turnu: Accessing hidden method Lsun/misc/Unsafe;->putObject(Ljava/lang/Object;JLjava/lang/Object;)V (greylist, linking, allowed)
08-01 08:21:11.208 13827 14094 W .hkxps17.turnu: Accessing hidden method Lsun/misc/Unsafe;->getObject(Ljava/lang/Object;J)Ljava/lang/Object; (greylist, linking, allowed)
08-01 08:21:11.209 13827 14045 W .hkxps17.turnu: Accessing hidden method Lsun/misc/Unsafe;->putLong(Ljava/lang/Object;JJ)V (greylist, linking, allowed)
08-01 08:21:11.209 13827 14045 W .hkxps17.turnu: Accessing hidden method Lsun/misc/Unsafe;->getInt(Ljava/lang/Object;J)I (greylist, linking, allowed)
08-01 08:21:11.209 13827 14045 W .hkxps17.turnu: Accessing hidden method Lsun/misc/Unsafe;->getObject(Ljava/lang/Object;J)Ljava/lang/Object; (greylist, linking, allowed)
08-01 08:21:11.210 13827 14045 W .hkxps17.turnu: Accessing hidden method Lsun/misc/Unsafe;->getInt(Ljava/lang/Object;J)I (greylist, linking, allowed)
08-01 08:21:11.212 13827 14045 W .hkxps17.turnu: Accessing hidden method Lsun/misc/Unsafe;->getObject(Ljava/lang/Object;J)Ljava/lang/Object; (greylist, linking, allowed)
08-01 08:21:11.212 13827 14045 W .hkxps17.turnu: Accessing hidden method Lsun/misc/Unsafe;->getInt(Ljava/lang/Object;J)I (greylist, linking, allowed)
08-01 08:21:11.212 13827 14045 W .hkxps17.turnu: Accessing hidden method Lsun/misc/Unsafe;->getObject(Ljava/lang/Object;J)Ljava/lang/Object; (greylist, linking, allowed)
08-01 08:21:11.214 13827 14121 W .hkxps17.turnu: Accessing hidden method Lsun/misc/Unsafe;->getInt(Ljava/lang/Object;J)I (greylist, linking, allowed)
08-01 08:21:11.215 13827 14121 W .hkxps17.turnu: Accessing hidden method Lsun/misc/Unsafe;->getObject(Ljava/lang/Object;J)Ljava/lang/Object; (greylist, linking, allowed)
08-01 08:21:11.215 13827 14121 I Counters: exceeded sample count in FrameTime
08-01 08:21:11.216 13827 14045 W .hkxps17.turnu: Accessing hidden method Lsun/misc/Unsafe;->getObject(Ljava/lang/Object;J)Ljava/lang/Object; (greylist, linking, allowed)
08-01 08:21:11.216 13827 14045 W .hkxps17.turnu: Accessing hidden method Lsun/misc/Unsafe;->getInt(Ljava/lang/Object;J)I (greylist, linking, allowed)
08-01 08:21:11.218 13827 14045 W .hkxps17.turnu: Accessing hidden method Lsun/misc/Unsafe;->getObject(Ljava/lang/Object;J)Ljava/lang/Object; (greylist, linking, allowed)
08-01 08:21:11.219 13827 14045 W .hkxps17.turnu: Accessing hidden method Lsun/misc/Unsafe;->getInt(Ljava/lang/Object;J)I (greylist, linking, allowed)
08-01 08:21:11.219 13827 14045 W .hkxps17.turnu: Accessing hidden method Lsun/misc/Unsafe;->getObject(Ljava/lang/Object;J)Ljava/lang/Object; (greylist, linking, allowed)
08-01 08:21:11.220 13827 14045 W .hkxps17.turnu: Accessing hidden method Lsun/misc/Unsafe;->getInt(Ljava/lang/Object;J)I (greylist, linking, allowed)
08-01 08:21:11.220 13827 14045 W .hkxps17.turnu: Accessing hidden method Lsun/misc/Unsafe;->getObject(Ljava/lang/Object;J)Ljava/lang/Object; (greylist, linking, allowed)
08-01 08:21:11.222 13827 14045 W .hkxps17.turnu: Accessing hidden method Lsun/misc/Unsafe;->getInt(Ljava/lang/Object;J)I (greylist, linking, allowed)
08-01 08:21:11.222 13827 14045 W .hkxps17.turnu: Accessing hidden method Lsun/misc/Unsafe;->getObject(Ljava/lang/Object;J)Ljava/lang/Object; (greylist, linking, allowed)
08-01 08:21:11.222 13827 14045 W .hkxps17.turnu: Accessing hidden method Lsun/misc/Unsafe;->getInt(Ljava/lang/Object;J)I (greylist, linking, allowed)
08-01 08:21:11.229 13827 14045 W .hkxps17.turnu: Accessing hidden method Lsun/misc/Unsafe;->getObject(Ljava/lang/Object;J)Ljava/lang/Object; (greylist, linking, allowed)
08-01 08:21:11.230 13827 14045 W .hkxps17.turnu: Accessing hidden method Lsun/misc/Unsafe;->getInt(Ljava/lang/Object;J)I (greylist, linking, allowed)
08-01 08:21:11.230 13827 14045 W .hkxps17.turnu: Accessing hidden method Lsun/misc/Unsafe;->getObject(Ljava/lang/Object;J)Ljava/lang/Object; (greylist, linking, allowed)
08-01 08:21:11.230 13827 14045 W .hkxps17.turnu: Accessing hidden method Lsun/misc/Unsafe;->getInt(Ljava/lang/Object;J)I (greylist, linking, allowed)
08-01 08:21:11.230 13827 14045 W .hkxps17.turnu: Accessing hidden method Lsun/misc/Unsafe;->getObject(Ljava/lang/Object;J)Ljava/lang/Object; (greylist, linking, allowed)
08-01 08:21:11.233 13827 14121 W .hkxps17.turnu: Accessing hidden method Lsun/misc/Unsafe;->getInt(Ljava/lang/Object;J)I (greylist, linking, allowed)
08-01 08:21:11.233 13827 14121 W .hkxps17.turnu: Accessing hidden method Lsun/misc/Unsafe;->getObject(Ljava/lang/Object;J)Ljava/lang/Object; (greylist, linking, allowed)
08-01 08:21:11.233 13827 14121 I Counters: exceeded sample count in FrameTime
08-01 08:21:11.235 13827 14045 W .hkxps17.turnu: Accessing hidden method Lsun/misc/Unsafe;->getObject(Ljava/lang/Object;J)Ljava/lang/Object; (greylist, linking, allowed)
08-01 08:21:11.238 13827 14126 W .hkxps17.turnu: Accessing hidden method Lsun/misc/Unsafe;->getInt(Ljava/lang/Object;J)I (greylist, linking, allowed)
08-01 08:21:11.238 13827 14126 W .hkxps17.turnu: Accessing hidden method Lsun/misc/Unsafe;->getObject(Ljava/lang/Object;J)Ljava/lang/Object; (greylist, linking, allowed)
08-01 08:21:11.316 13827 14127 W .hkxps17.turnu: Accessing hidden method Lsun/misc/Unsafe;->getObject(Ljava/lang/Object;J)Ljava/lang/Object; (greylist, linking, allowed)
08-01 08:21:11.454 13827 14126 W .hkxps17.turnu: Accessing hidden method Lsun/misc/Unsafe;->putLong(Ljava/lang/Object;JJ)V (greylist, linking, allowed)
08-01 08:21:11.459 13827 14126 W .hkxps17.turnu: Accessing hidden method Lsun/misc/Unsafe;->putLong(Ljava/lang/Object;JJ)V (greylist, linking, allowed)
08-01 08:21:11.489 13827 14127 W .hkxps17.turnu: Accessing hidden method Lsun/misc/Unsafe;->putLong(Ljava/lang/Object;JJ)V (greylist, linking, allowed)
08-01 08:21:11.490 13827 14127 W .hkxps17.turnu: Accessing hidden method Lsun/misc/Unsafe;->getInt(Ljava/lang/Object;J)I (greylist, linking, allowed)
08-01 08:21:11.495 13827 14121 W .hkxps17.turnu: Accessing hidden method Lsun/misc/Unsafe;->getInt(Ljava/lang/Object;J)I (greylist, linking, allowed)
08-01 08:21:11.495 13827 14121 W .hkxps17.turnu: Accessing hidden method Lsun/misc/Unsafe;->getObject(Ljava/lang/Object;J)Ljava/lang/Object; (greylist, linking, allowed)
08-01 08:21:11.495 13827 14121 I Counters: exceeded sample count in FrameTime
08-01 08:21:11.503 13827 14129 W .hkxps17.turnu: Accessing hidden method Lsun/misc/Unsafe;->getObject(Ljava/lang/Object;J)Ljava/lang/Object; (greylist, linking, allowed)
08-01 08:21:11.504 13827 14130 W .hkxps17.turnu: Accessing hidden method Lsun/misc/Unsafe;->getObject(Ljava/lang/Object;J)Ljava/lang/Object; (greylist, linking, allowed)
08-01 08:21:11.541 13827 14121 W .hkxps17.turnu: Accessing hidden method Lsun/misc/Unsafe;->getObject(Ljava/lang/Object;J)Ljava/lang/Object; (greylist, linking, allowed)
08-01 08:21:11.541 13827 14121 I Counters: exceeded sample count in FrameTime
08-01 08:21:11.575 13827 14121 W .hkxps17.turnu: Accessing hidden method Lsun/misc/Unsafe;->getObject(Ljava/lang/Object;J)Ljava/lang/Object; (greylist, linking, allowed)
08-01 08:21:11.575 13827 14121 I Counters: exceeded sample count in FrameTime
08-01 08:21:11.594 13827 14121 W .hkxps17.turnu: Accessing hidden method Lsun/misc/Unsafe;->getObject(Ljava/lang/Object;J)Ljava/lang/Object; (greylist, linking, allowed)
08-01 08:21:11.594 13827 14121 I Counters: exceeded sample count in FrameTime
08-01 08:21:11.597 13827 14131 W .hkxps17.turnu: Accessing hidden method Lsun/misc/Unsafe;->getObject(Ljava/lang/Object;J)Ljava/lang/Object; (greylist, linking, allowed)
08-01 08:21:11.625 13827 14121 I Counters: exceeded sample count in FrameTime
08-01 08:21:11.635  2037  2063 E memtrack: Couldn't load memtrack module
08-01 08:21:11.635  2037  2063 W android.os.Debug: failed to get memory consumption info: -1
08-01 08:21:11.637  2037  2063 E memtrack: Couldn't load memtrack module
08-01 08:21:11.637  2037  2063 W android.os.Debug: failed to get memory consumption info: -1
08-01 08:21:11.664 13827 14121 W .hkxps17.turnu: Accessing hidden method Lsun/misc/Unsafe;->getObject(Ljava/lang/Object;J)Ljava/lang/Object; (greylist, linking, allowed)
08-01 08:21:11.665 13827 14121 I Counters: exceeded sample count in FrameTime
08-01 08:21:11.691 13827 14129 W .hkxps17.turnu: Accessing hidden method Lsun/misc/Unsafe;->getObject(Ljava/lang/Object;J)Ljava/lang/Object; (greylist, linking, allowed)
08-01 08:21:11.691 13827 14129 W .hkxps17.turnu: Accessing hidden method Lsun/misc/Unsafe;->putLong(Ljava/lang/Object;JJ)V (greylist, linking, allowed)
08-01 08:21:11.698 13827 14121 W .hkxps17.turnu: Accessing hidden method Lsun/misc/Unsafe;->getInt(Ljava/lang/Object;J)I (greylist, linking, allowed)
08-01 08:21:11.699 13827 14121 I Counters: exceeded sample count in FrameTime
08-01 08:21:11.714 13827 14121 W .hkxps17.turnu: Accessing hidden method Lsun/misc/Unsafe;->getObject(Ljava/lang/Object;J)Ljava/lang/Object; (greylist, linking, allowed)
08-01 08:21:11.715 13827 14121 I Counters: exceeded sample count in FrameTime
08-01 08:21:11.725 13827 14130 W .hkxps17.turnu: Accessing hidden method Lsun/misc/Unsafe;->getObject(Ljava/lang/Object;J)Ljava/lang/Object; (greylist, linking, allowed)
08-01 08:21:11.725 13827 14130 W .hkxps17.turnu: Accessing hidden method Lsun/misc/Unsafe;->putLong(Ljava/lang/Object;JJ)V (greylist, linking, allowed)
08-01 08:21:11.730 13827 14121 W .hkxps17.turnu: Accessing hidden method Lsun/misc/Unsafe;->getInt(Ljava/lang/Object;J)I (greylist, linking, allowed)
08-01 08:21:11.731 13827 14121 I Counters: exceeded sample count in FrameTime
08-01 08:21:11.750 13827 14121 W .hkxps17.turnu: Accessing hidden method Lsun/misc/Unsafe;->getObject(Ljava/lang/Object;J)Ljava/lang/Object; (greylist, linking, allowed)
08-01 08:21:11.750 13827 14121 I Counters: exceeded sample count in FrameTime
08-01 08:21:11.779 13827 14121 W .hkxps17.turnu: Accessing hidden method Lsun/misc/Unsafe;->getObject(Ljava/lang/Object;J)Ljava/lang/Object; (greylist, linking, allowed)
08-01 08:21:11.779 13827 14121 I Counters: exceeded sample count in FrameTime
08-01 08:21:11.779  1784  1951 W audio_hw_generic: Not supplying enough data to HAL, expected position 47220809 , only wrote 46962728
08-01 08:21:11.791 13827 14131 W .hkxps17.turnu: Accessing hidden method Lsun/misc/Unsafe;->getObject(Ljava/lang/Object;J)Ljava/lang/Object; (greylist, linking, allowed)
08-01 08:21:11.791 13827 14131 W .hkxps17.turnu: Accessing hidden method Lsun/misc/Unsafe;->putLong(Ljava/lang/Object;JJ)V (greylist, linking, allowed)
08-01 08:21:11.793 13827 14121 W .hkxps17.turnu: Accessing hidden method Lsun/misc/Unsafe;->getInt(Ljava/lang/Object;J)I (greylist, linking, allowed)
08-01 08:21:11.793 13827 14121 I Counters: exceeded sample count in FrameTime
08-01 08:21:11.809 13827 14121 W .hkxps17.turnu: Accessing hidden method Lsun/misc/Unsafe;->getObject(Ljava/lang/Object;J)Ljava/lang/Object; (greylist, linking, allowed)
08-01 08:21:11.809 13827 14121 I Counters: exceeded sample count in FrameTime
08-01 08:21:11.828 13827 14121 W .hkxps17.turnu: Accessing hidden method Lsun/misc/Unsafe;->getObject(Ljava/lang/Object;J)Ljava/lang/Object; (greylist, linking, allowed)
08-01 08:21:11.828 13827 14121 I Counters: exceeded sample count in FrameTime
08-01 08:21:11.835 13827 13833 W .hkxps17.turnu: Accessing hidden method Lsun/misc/Unsafe;->getObject(Ljava/lang/Object;J)Ljava/lang/Object; (greylist, linking, allowed)
08-01 08:21:11.843 13827 14121 I Counters: exceeded sample count in FrameTime
08-01 08:21:11.875 13827 14121 I chatty  : uid=10170(com.hkxps17.turnup) androidmapsapi- identical 2 lines
08-01 08:21:11.894 13827 14121 I Counters: exceeded sample count in FrameTime
08-01 08:21:11.908  1795  2479 E GnssHAL_GnssInterface: gnssSvStatusCb: a: input svInfo.flags is 8
08-01 08:21:11.908  1795  2479 E GnssHAL_GnssInterface: gnssSvStatusCb: b: input svInfo.flags is 8
08-01 08:21:11.913 13827 14121 I Counters: exceeded sample count in FrameTime
08-01 08:21:11.923 13827 13858 D InteractionController: clickNoSync (505, 901)
08-01 08:21:11.928 13827 14121 I Counters: exceeded sample count in FrameTime
08-01 08:21:12.630 13827 14121 I chatty  : uid=10170(com.hkxps17.turnup) androidmapsapi- identical 40 lines
08-01 08:21:12.636 13827 14121 I Counters: exceeded sample count in FrameTime
08-01 08:21:12.642 13827 14133 W .hkxps17.turnu: Accessing hidden method Lsun/misc/Unsafe;->getObject(Ljava/lang/Object;J)Ljava/lang/Object; (greylist, linking, allowed)
08-01 08:21:12.652 13827 14121 I Counters: exceeded sample count in FrameTime
08-01 08:21:12.773 13827 14121 I chatty  : uid=10170(com.hkxps17.turnup) androidmapsapi- identical 7 lines
08-01 08:21:12.789 13827 14121 I Counters: exceeded sample count in FrameTime
08-01 08:21:12.804 13827 14133 W .hkxps17.turnu: Accessing hidden method Lsun/misc/Unsafe;->getObject(Ljava/lang/Object;J)Ljava/lang/Object; (greylist, linking, allowed)
08-01 08:21:12.804 13827 14133 W .hkxps17.turnu: Accessing hidden method Lsun/misc/Unsafe;->putLong(Ljava/lang/Object;JJ)V (greylist, linking, allowed)
08-01 08:21:12.809 13827 14121 I Counters: exceeded sample count in FrameTime
08-01 08:21:12.888 13827 14121 I chatty  : uid=10170(com.hkxps17.turnup) androidmapsapi- identical 3 lines
08-01 08:21:12.904 13827 14121 I Counters: exceeded sample count in FrameTime
08-01 08:21:12.908  1795  2479 E GnssHAL_GnssInterface: gnssSvStatusCb: a: input svInfo.flags is 8
08-01 08:21:12.908  1795  2479 E GnssHAL_GnssInterface: gnssSvStatusCb: b: input svInfo.flags is 8
08-01 08:21:12.913 13827 14121 I Counters: exceeded sample count in FrameTime
08-01 08:21:13.033 13827 14121 I chatty  : uid=10170(com.hkxps17.turnup) androidmapsapi- identical 7 lines
08-01 08:21:13.050 13827 14121 I Counters: exceeded sample count in FrameTime
08-01 08:21:13.061 13827 13858 D InteractionController: clickNoSync (526, 1092)
08-01 08:21:13.066 13827 14121 I Counters: exceeded sample count in FrameTime
08-01 08:21:13.187 13827 14121 I chatty  : uid=10170(com.hkxps17.turnup) androidmapsapi- identical 8 lines
08-01 08:21:13.204 13827 14121 I Counters: exceeded sample count in FrameTime
08-01 08:21:13.208 13827 13858 W .hkxps17.turnu: Accessing hidden method Lsun/misc/Unsafe;->compareAndSwapObject(Ljava/lang/Object;JLjava/lang/Object;Ljava/lang/Object;)Z (greylist, linking, allowed)
08-01 08:21:13.209 13827 13827 D RootViewPicker: No matching root available - waiting: 10ms for one to appear.
08-01 08:21:13.220 13827 14121 I Counters: exceeded sample count in FrameTime
08-01 08:21:13.225 13827 13827 D RootViewPicker: No matching root available - waiting: 20ms for one to appear.
08-01 08:21:13.238 13827 14121 I Counters: exceeded sample count in FrameTime
08-01 08:21:13.256 13827 14121 I Counters: exceeded sample count in FrameTime
08-01 08:21:13.259 13827 13827 D RootViewPicker: No matching root available - waiting: 200ms for one to appear.
08-01 08:21:13.272 13827 14121 I Counters: exceeded sample count in FrameTime
08-01 08:21:13.325 13827 14121 I chatty  : uid=10170(com.hkxps17.turnup) androidmapsapi- identical 3 lines
08-01 08:21:13.343 13827 14121 I Counters: exceeded sample count in FrameTime
08-01 08:21:13.347 13672 13692 W SQLiteQueryBuilder: Allowing abusive custom column: *
08-01 08:21:13.348 13672 13692 W SQLiteQueryBuilder: Allowing abusive custom column: *
08-01 08:21:13.359 13827 14121 I Counters: exceeded sample count in FrameTime
08-01 08:21:13.375 13968 14011 I MediaStoreImporter: Update: incremental Success: true Added music: 0 Updated music: 0 Deleted music: 0 Created playlists: 0 Updated playlists: 0 Deleted playlists: 0 Inserted playlist items: 0 Deleted playlist items: 0 Removed orphaned playlist items: 0 Total item count: 0
08-01 08:21:13.378 13968 13968 D MusicLifecycle: com.google.android.music.download.EncapsulatedBroadcastReceiver$1 generated event: Broadcast received with context com.google.android.music.ui.PhoneMusicApplication@5934fc0 and intent Intent { act=com.google.android.music.IMPORT_COMPLETE flg=0x10 }
08-01 08:21:13.386 13827 13827 D TITLE   : English Bay
08-01 08:21:13.397 13827 14121 I Counters: exceeded sample count in FrameTime
08-01 08:21:13.399 13827 14121 I Counters: exceeded sample count in FrameTime
08-01 08:21:13.654 13827 13827 W System.err: com.android.volley.ParseError: org.json.JSONException: Value Location of type java.lang.String cannot be converted to JSONObject
08-01 08:21:13.654 13827 13827 W System.err: 	at com.android.volley.toolbox.JsonObjectRequest.parseNetworkResponse(JsonObjectRequest.java:103)
08-01 08:21:13.654 13827 13827 W System.err: 	at com.android.volley.NetworkDispatcher.processRequest(NetworkDispatcher.java:144)
08-01 08:21:13.654 13827 13827 W System.err: 	at com.android.volley.NetworkDispatcher.processRequest(NetworkDispatcher.java:111)
08-01 08:21:13.654 13827 13827 W System.err: 	at com.android.volley.NetworkDispatcher.run(NetworkDispatcher.java:90)
08-01 08:21:13.654 13827 13827 W System.err: Caused by: org.json.JSONException: Value Location of type java.lang.String cannot be converted to JSONObject
08-01 08:21:13.654 13827 13827 W System.err: 	at org.json.JSON.typeMismatch(JSON.java:112)
08-01 08:21:13.654 13827 13827 W System.err: 	at org.json.JSONObject.<init>(JSONObject.java:168)
08-01 08:21:13.654 13827 13827 W System.err: 	at org.json.JSONObject.<init>(JSONObject.java:181)
08-01 08:21:13.654 13827 13827 W System.err: 	at com.android.volley.toolbox.JsonObjectRequest.parseNetworkResponse(JsonObjectRequest.java:98)
08-01 08:21:13.654 13827 13827 W System.err: 	... 3 more
08-01 08:21:13.696  1796 11341 D gralloc_ranchu: gralloc_alloc: Creating ashmem region of size 217088
08-01 08:21:13.706 13827 13895 D EGL_emulation: eglMakeCurrent: 0xdde56c80: ver 2 0 (tinfo 0xdde958f0)
08-01 08:21:13.708  1796 11341 D gralloc_ranchu: gralloc_alloc: Creating ashmem region of size 217088
08-01 08:21:13.709  1796 11341 D gralloc_ranchu: gralloc_alloc: Creating ashmem region of size 217088
08-01 08:21:13.713 13827 13895 D EGL_emulation: eglMakeCurrent: 0xdde56c80: ver 2 0 (tinfo 0xdde958f0)
08-01 08:21:13.714 13827 13827 I ViewInteraction: Checking 'MatchesViewAssertion{viewMatcher=an instance of android.widget.TextView and view.getText() with or without transformation to match: is "Location Liked!"}' assertion on view an instance of android.widget.TextView and view.getText() with or without transformation to match: is "Location Liked!"
08-01 08:21:13.727 13827 13827 D LifecycleMonitor: Lifecycle status change: com.hkxps17.turnup.MapsActivity@f42e98 in: PAUSED
08-01 08:21:13.727 13827 13827 V ActivityScenario: Activity lifecycle changed event received but ignored because the intent does not match. startActivityIntent=Intent { act=android.intent.action.MAIN cat=[android.intent.category.LAUNCHER] cmp=com.hkxps17.turnup/.LoginActivity }, activity.getIntent()=Intent { cmp=com.hkxps17.turnup/.MapsActivity }, activity=com.hkxps17.turnup.MapsActivity@f42e98
08-01 08:21:13.728  2037  3102 W InputReader: Device has associated, but no associated display id.
08-01 08:21:13.729  2037  3102 I chatty  : uid=1000(system) Binder:2037_D identical 38 lines
08-01 08:21:13.729  2037  3102 W InputReader: Device has associated, but no associated display id.
08-01 08:21:13.729 13860 13860 W ActivityThread: handleWindowVisibility: no activity for token android.os.BinderProxy@16e073a
08-01 08:21:13.731  2037  3102 W InputReader: Device has associated, but no associated display id.
08-01 08:21:13.731  2037  3102 I chatty  : uid=1000(system) Binder:2037_D identical 8 lines
08-01 08:21:13.731  2037  3102 W InputReader: Device has associated, but no associated display id.
08-01 08:21:13.735 13827 13827 E libprocessgroup: set_timerslack_ns write failed: Operation not permitted
08-01 08:21:13.750 13827 13827 D LifecycleMonitor: Lifecycle status change: com.hkxps17.turnup.LoginActivity@7e17953 in: DESTROYED
08-01 08:21:13.750 13827 13827 V ActivityScenario: Update currentActivityStage to DESTROYED, currentActivity=null
08-01 08:21:13.762  2037  3102 W InputReader: Device has associated, but no associated display id.
08-01 08:21:13.765  2037  3102 I chatty  : uid=1000(system) Binder:2037_D identical 48 lines
08-01 08:21:13.765  2037  3102 W InputReader: Device has associated, but no associated display id.
08-01 08:21:13.775 13860 13892 D HostConnection: HostConnection::get() New Host Connection established 0xd5d71050, tid 13892
08-01 08:21:13.777 13860 13892 D HostConnection: HostComposition ext ANDROID_EMU_CHECKSUM_HELPER_v1 ANDROID_EMU_dma_v1 ANDROID_EMU_direct_mem ANDROID_EMU_host_composition_v1 ANDROID_EMU_host_composition_v2 ANDROID_EMU_vulkan ANDROID_EMU_deferred_vulkan_commands ANDROID_EMU_vulkan_null_optional_strings ANDROID_EMU_vulkan_create_resources_with_requirements ANDROID_EMU_YUV420_888_to_NV21 ANDROID_EMU_YUV_Cache ANDROID_EMU_vulkan_free_memory_sync ANDROID_EMU_vulkan_shader_float16_int8 ANDROID_EMU_vulkan_async_queue_submit ANDROID_EMU_sync_buffer_data GL_OES_vertex_array_object GL_KHR_texture_compression_astc_ldr ANDROID_EMU_host_side_tracing ANDROID_EMU_gles_max_version_2
08-01 08:21:13.780 13860 13892 W OpenGLRenderer: Failed to choose config with EGL_SWAP_BEHAVIOR_PRESERVED, retrying without...
08-01 08:21:13.788 13860 13892 D eglCodecCommon: setVertexArrayObject: set vao to 0 (0) 0 0
08-01 08:21:13.788 13860 13892 D EGL_emulation: eglCreateContext: 0xd5d1a300: maj 2 min 0 rcv 2
08-01 08:21:13.816 13860 13892 D EGL_emulation: eglMakeCurrent: 0xd5d1a300: ver 2 0 (tinfo 0xd5d0f0c0)
08-01 08:21:13.823  1796 11341 D gralloc_ranchu: gralloc_alloc: Creating ashmem region of size 9334784
08-01 08:21:13.824  1678  1678 I hwservicemanager: getTransport: Cannot find entry android.hardware.graphics.mapper@3.0::IMapper/default in either framework or device manifest.
08-01 08:21:13.824 13860 13892 W Gralloc3: mapper 3.x is not supported
08-01 08:21:13.826 13860 13892 D HostConnection: createUnique: call
08-01 08:21:13.826 13860 13892 D HostConnection: HostConnection::get() New Host Connection established 0xd5d71280, tid 13892
08-01 08:21:13.826 13860 13892 D HostConnection: HostComposition ext ANDROID_EMU_CHECKSUM_HELPER_v1 ANDROID_EMU_dma_v1 ANDROID_EMU_direct_mem ANDROID_EMU_host_composition_v1 ANDROID_EMU_host_composition_v2 ANDROID_EMU_vulkan ANDROID_EMU_deferred_vulkan_commands ANDROID_EMU_vulkan_null_optional_strings ANDROID_EMU_vulkan_create_resources_with_requirements ANDROID_EMU_YUV420_888_to_NV21 ANDROID_EMU_YUV_Cache ANDROID_EMU_vulkan_free_memory_sync ANDROID_EMU_vulkan_shader_float16_int8 ANDROID_EMU_vulkan_async_queue_submit ANDROID_EMU_sync_buffer_data GL_OES_vertex_array_object GL_KHR_texture_compression_astc_ldr ANDROID_EMU_host_side_tracing ANDROID_EMU_gles_max_version_2
08-01 08:21:13.826 13860 13892 D eglCodecCommon: allocate: Ask for block of size 0x1000
08-01 08:21:13.827 13860 13892 D eglCodecCommon: allocate: ioctl allocate returned offset 0x3ffff4000 size 0x2000
08-01 08:21:13.827  1796 11341 D gralloc_ranchu: gralloc_alloc: Creating ashmem region of size 9334784
08-01 08:21:13.828  1796  1796 D gralloc_ranchu: gralloc_alloc: Creating ashmem region of size 9334784
08-01 08:21:13.829 13860 13892 D EGL_emulation: eglMakeCurrent: 0xd5d1a300: ver 2 0 (tinfo 0xd5d0f0c0)
08-01 08:21:13.831 13860 13892 D eglCodecCommon: setVertexArrayObject: set vao to 0 (0) 1 0
08-01 08:21:13.908  1795  2479 E GnssHAL_GnssInterface: gnssSvStatusCb: a: input svInfo.flags is 8
08-01 08:21:13.908  1795  2479 E GnssHAL_GnssInterface: gnssSvStatusCb: b: input svInfo.flags is 8
08-01 08:21:13.935 13860 13860 W ActivityThread: handleWindowVisibility: no activity for token android.os.BinderProxy@b29738c
08-01 08:21:13.952 13827 13858 I TestRunner: finished: locationLikeTest(com.hkxps17.turnup.LocationLikeTest)

