08-01 08:16:35.167 11002 11035 I TestRunner: started: locationLikeTest(com.hkxps17.turnup.LocationVisitTest)
08-01 08:16:35.175 11002 11035 W Settings: Setting always_finish_activities has moved from android.provider.Settings.System to android.provider.Settings.Global, returning read-only value.
08-01 08:16:35.194  2037  2448 W InputReader: Device has associated, but no associated display id.
08-01 08:16:35.194  2037  2448 I chatty  : uid=1000(system) Binder:2037_8 identical 8 lines
08-01 08:16:35.194  2037  2448 W InputReader: Device has associated, but no associated display id.
08-01 08:16:35.196  2037  2059 E system_server: Invalid ID 0x00000000.
08-01 08:16:35.205  1778  1778 D Zygote  : Forked child process 11037
08-01 08:16:35.210 11037 11037 I s17.turnup.tes: Late-enabling -Xcheck:jni
08-01 08:16:35.214  1796  3402 D gralloc_ranchu: gralloc_alloc: Creating ashmem region of size 9334784
08-01 08:16:35.228 11037 11037 E s17.turnup.tes: Unknown bits set in runtime_flags: 0x8000
08-01 08:16:35.229 11037 11037 W s17.turnup.tes: Unexpected CPU variant for X86 using defaults: x86
08-01 08:16:35.267  2037  2448 W InputReader: Device has associated, but no associated display id.
08-01 08:16:35.274  2037  2448 I chatty  : uid=1000(system) Binder:2037_8 identical 28 lines
08-01 08:16:35.274  2037  2448 W InputReader: Device has associated, but no associated display id.
08-01 08:16:35.280  2037  2059 W InputReader: Device has associated, but no associated display id.
08-01 08:16:35.280  2037  2059 I chatty  : uid=1000(system) android.anim identical 8 lines
08-01 08:16:35.280  2037  2059 W InputReader: Device has associated, but no associated display id.
08-01 08:16:35.287 11037 11037 I s17.turnup.tes: The ClassLoaderContext is a special shared library.
08-01 08:16:35.288 11037 11037 I s17.turnup.tes: The ClassLoaderContext is a special shared library.
08-01 08:16:35.296  3995  4125 I MicroDetectionState: (REDACTED) Should stop hotword detection immediately - %b
08-01 08:16:35.297  3995  4125 I A       : getLocaleToModelSpecsMap
08-01 08:16:35.297  3995  4125 I A       : Using proto config with mendel
08-01 08:16:35.297  3995  4125 I A       : getLocaleToModelSpecsMap
08-01 08:16:35.297  3995  4125 I A       : Using proto config with mendel
08-01 08:16:35.322  1824  2630 E SurfaceFlinger: ro.sf.lcd_density must be defined as a build property
08-01 08:16:35.323  1824  2630 E SurfaceFlinger: ro.sf.lcd_density must be defined as a build property
08-01 08:16:35.330 11037 11072 D libEGL  : Emulator has host GPU support, qemu.gles is set to 1.
08-01 08:16:35.331 11037 11072 W libc    : Unable to set property "qemu.gles" to "1": connection failed; errno=13 (Permission denied)
08-01 08:16:35.316 11037 11037 W RenderThread: type=1400 audit(0.0:629): avc: denied { write } for name="property_service" dev="tmpfs" ino=6968 scontext=u:r:untrusted_app:s0:c135,c256,c512,c768 tcontext=u:object_r:property_socket:s0 tclass=sock_file permissive=0
08-01 08:16:35.354 11037 11072 D libEGL  : loaded /vendor/lib/egl/libEGL_emulation.so
08-01 08:16:35.357 11037 11072 D libEGL  : loaded /vendor/lib/egl/libGLESv1_CM_emulation.so
08-01 08:16:35.359 11037 11072 D libEGL  : loaded /vendor/lib/egl/libGLESv2_emulation.so
08-01 08:16:35.372  2037  2448 W InputReader: Device has associated, but no associated display id.
08-01 08:16:35.373  2037  2448 I chatty  : uid=1000(system) Binder:2037_8 identical 38 lines
08-01 08:16:35.373  2037  2448 W InputReader: Device has associated, but no associated display id.
08-01 08:16:35.373 11002 11002 W ActivityThread: handleWindowVisibility: no activity for token android.os.BinderProxy@40513b6
08-01 08:16:35.374  2037  2448 W InputReader: Device has associated, but no associated display id.
08-01 08:16:35.376  2037  2448 I chatty  : uid=1000(system) Binder:2037_8 identical 18 lines
08-01 08:16:35.376  2037  2448 W InputReader: Device has associated, but no associated display id.
08-01 08:16:35.380  1824  2630 E SurfaceFlinger: ro.sf.lcd_density must be defined as a build property
08-01 08:16:35.380  1824  2630 E SurfaceFlinger: ro.sf.lcd_density must be defined as a build property
08-01 08:16:35.386 11002 11074 D libEGL  : Emulator has host GPU support, qemu.gles is set to 1.
08-01 08:16:35.386 11002 11074 W libc    : Unable to set property "qemu.gles" to "1": connection failed; errno=13 (Permission denied)
08-01 08:16:35.391 11002 11074 D libEGL  : loaded /vendor/lib/egl/libEGL_emulation.so
08-01 08:16:35.392 11002 11074 D libEGL  : loaded /vendor/lib/egl/libGLESv1_CM_emulation.so
08-01 08:16:35.393 11002 11074 D libEGL  : loaded /vendor/lib/egl/libGLESv2_emulation.so
08-01 08:16:35.376 11002 11002 W RenderThread: type=1400 audit(0.0:630): avc: denied { write } for name="property_service" dev="tmpfs" ino=6968 scontext=u:r:untrusted_app:s0:c166,c256,c512,c768 tcontext=u:object_r:property_socket:s0 tclass=sock_file permissive=0
08-01 08:16:35.450 11002 11002 D LifecycleMonitor: Lifecycle status change: com.hkxps17.turnup.LoginActivity@7e17953 in: PRE_ON_CREATE
08-01 08:16:35.451 11002 11002 V ActivityScenario: Activity lifecycle changed event received but ignored because the reported transition was not ON_CREATE while the last known transition was PRE_ON_CREATE
08-01 08:16:35.494 11002 11002 W .hkxps17.turnu: Accessing hidden method Landroid/view/View;->computeFitSystemWindows(Landroid/graphics/Rect;Landroid/graphics/Rect;)Z (greylist, reflection, allowed)
08-01 08:16:35.495 11002 11002 W .hkxps17.turnu: Accessing hidden method Landroid/view/ViewGroup;->makeOptionalFitsSystemWindows()V (greylist, reflection, allowed)
08-01 08:16:35.554 11002 11002 I .hkxps17.turnu: The ClassLoaderContext is a special shared library.
08-01 08:16:35.558 11002 11002 I .hkxps17.turnu: The ClassLoaderContext is a special shared library.
08-01 08:16:35.575  3995  4202 D EGL_emulation: eglMakeCurrent: 0xe90545e0: ver 2 0 (tinfo 0xb32f8b60)
08-01 08:16:35.581  2701  3296 D EGL_emulation: eglMakeCurrent: 0xd5d1a900: ver 2 0 (tinfo 0xd5d0f7a0)
08-01 08:16:35.596 25936 25978 D EGL_emulation: eglMakeCurrent: 0xd5d1aa80: ver 2 0 (tinfo 0xd5d0f4e0)
08-01 08:16:35.608 11002 11002 I DynamiteModule: Considering local module com.google.android.gms.signinbutton_dynamite:0 and remote module com.google.android.gms.signinbutton_dynamite:2
08-01 08:16:35.608 11002 11002 I DynamiteModule: Selected remote version of com.google.android.gms.signinbutton_dynamite, version >= 2
08-01 08:16:35.772 11002 11002 D LoginActivity: OnCreate
08-01 08:16:35.775 11002 11002 D LifecycleMonitor: Lifecycle status change: com.hkxps17.turnup.LoginActivity@7e17953 in: CREATED
08-01 08:16:35.775 11002 11002 V ActivityScenario: Update currentActivityStage to CREATED, currentActivity=com.hkxps17.turnup.LoginActivity@7e17953
08-01 08:16:35.785 11002 11002 D LoginActivity: OnStart
08-01 08:16:35.788 11002 11002 D LoginActivity: No user signed in
08-01 08:16:35.788 11002 11002 D LifecycleMonitor: Lifecycle status change: com.hkxps17.turnup.LoginActivity@7e17953 in: STARTED
08-01 08:16:35.788 11002 11002 V ActivityScenario: Update currentActivityStage to STARTED, currentActivity=com.hkxps17.turnup.LoginActivity@7e17953
08-01 08:16:35.789 11002 11002 D LifecycleMonitor: Lifecycle status change: com.hkxps17.turnup.LoginActivity@7e17953 in: RESUMED
08-01 08:16:35.790 11002 11002 V ActivityScenario: Update currentActivityStage to RESUMED, currentActivity=com.hkxps17.turnup.LoginActivity@7e17953
08-01 08:16:35.810  3995  4117 I A       : NGA disabled since it's running Panthera and at least one a11y feature is on.
08-01 08:16:35.810  3995  4117 I A       : (REDACTED) Nga state changed to %s
08-01 08:16:35.811  3995  8402 I Search.LoginHelperImpl: (REDACTED) Successfully received auth token for scope: %s in time %d ms
08-01 08:16:35.817  4090  4109 I A       : (REDACTED) APA or Classic session decision: %s.
08-01 08:16:35.817  4090  4149 I A       : Unsubscribed to apa or classic variant change.
08-01 08:16:35.826 25037 25037 D BoundBrokerSvc: onBind: Intent { act=com.google.android.gms.auth.api.signin.service.START pkg=com.google.android.gms }
08-01 08:16:35.827 25037 25037 D BoundBrokerSvc: Loading bound service for intent: Intent { act=com.google.android.gms.auth.api.signin.service.START pkg=com.google.android.gms }
08-01 08:16:35.839 11002 11073 D HostConnection: HostConnection::get() New Host Connection established 0xd2b0f860, tid 11073
08-01 08:16:35.839 11002 11073 D HostConnection: HostComposition ext ANDROID_EMU_CHECKSUM_HELPER_v1 ANDROID_EMU_dma_v1 ANDROID_EMU_direct_mem ANDROID_EMU_host_composition_v1 ANDROID_EMU_host_composition_v2 ANDROID_EMU_vulkan ANDROID_EMU_deferred_vulkan_commands ANDROID_EMU_vulkan_null_optional_strings ANDROID_EMU_vulkan_create_resources_with_requirements ANDROID_EMU_YUV420_888_to_NV21 ANDROID_EMU_YUV_Cache ANDROID_EMU_vulkan_free_memory_sync ANDROID_EMU_vulkan_shader_float16_int8 ANDROID_EMU_vulkan_async_queue_submit ANDROID_EMU_sync_buffer_data GL_OES_vertex_array_object GL_KHR_texture_compression_astc_ldr ANDROID_EMU_host_side_tracing ANDROID_EMU_gles_max_version_2
08-01 08:16:35.869 11002 11035 D EventInjectionStrategy: Creating injection strategy with input manager.
08-01 08:16:35.869 11002 11035 W .hkxps17.turnu: Accessing hidden method Landroid/hardware/input/InputManager;->getInstance()Landroid/hardware/input/InputManager; (greylist, reflection, allowed)
08-01 08:16:35.869 11002 11035 W .hkxps17.turnu: Accessing hidden method Landroid/hardware/input/InputManager;->injectInputEvent(Landroid/view/InputEvent;I)Z (greylist, reflection, allowed)
08-01 08:16:35.869 11002 11035 W .hkxps17.turnu: Accessing hidden field Landroid/hardware/input/InputManager;->INJECT_INPUT_EVENT_MODE_WAIT_FOR_FINISH:I (greylist, reflection, allowed)
08-01 08:16:35.873 11002 11073 W OpenGLRenderer: Failed to choose config with EGL_SWAP_BEHAVIOR_PRESERVED, retrying without...
08-01 08:16:35.882 11002 11073 D eglCodecCommon: setVertexArrayObject: set vao to 0 (0) 0 0
08-01 08:16:35.882 11002 11073 D EGL_emulation: eglCreateContext: 0xd2b1f960: maj 2 min 0 rcv 2
08-01 08:16:35.893  1795  2479 E GnssHAL_GnssInterface: gnssSvStatusCb: a: input svInfo.flags is 8
08-01 08:16:35.893  1795  2479 E GnssHAL_GnssInterface: gnssSvStatusCb: b: input svInfo.flags is 8
08-01 08:16:35.915 11002 11073 D EGL_emulation: eglMakeCurrent: 0xd2b1f960: ver 2 0 (tinfo 0xddeadc10)
08-01 08:16:35.921  1796  3402 D gralloc_ranchu: gralloc_alloc: Creating ashmem region of size 9334784
08-01 08:16:35.923  1678  1678 I hwservicemanager: getTransport: Cannot find entry android.hardware.graphics.mapper@3.0::IMapper/default in either framework or device manifest.
08-01 08:16:35.923 11002 11073 W Gralloc3: mapper 3.x is not supported
08-01 08:16:35.925 11002 11073 D HostConnection: createUnique: call
08-01 08:16:35.925 11002 11073 D HostConnection: HostConnection::get() New Host Connection established 0xd2b12740, tid 11073
08-01 08:16:35.925 11002 11073 D HostConnection: HostComposition ext ANDROID_EMU_CHECKSUM_HELPER_v1 ANDROID_EMU_dma_v1 ANDROID_EMU_direct_mem ANDROID_EMU_host_composition_v1 ANDROID_EMU_host_composition_v2 ANDROID_EMU_vulkan ANDROID_EMU_deferred_vulkan_commands ANDROID_EMU_vulkan_null_optional_strings ANDROID_EMU_vulkan_create_resources_with_requirements ANDROID_EMU_YUV420_888_to_NV21 ANDROID_EMU_YUV_Cache ANDROID_EMU_vulkan_free_memory_sync ANDROID_EMU_vulkan_shader_float16_int8 ANDROID_EMU_vulkan_async_queue_submit ANDROID_EMU_sync_buffer_data GL_OES_vertex_array_object GL_KHR_texture_compression_astc_ldr ANDROID_EMU_host_side_tracing ANDROID_EMU_gles_max_version_2
08-01 08:16:35.925 11002 11073 D eglCodecCommon: allocate: Ask for block of size 0x1000
08-01 08:16:35.926 11002 11073 D eglCodecCommon: allocate: ioctl allocate returned offset 0x3ff706000 size 0x2000
08-01 08:16:35.927  1796  3402 D gralloc_ranchu: gralloc_alloc: Creating ashmem region of size 9334784
08-01 08:16:35.928  1796  3402 D gralloc_ranchu: gralloc_alloc: Creating ashmem region of size 9334784
08-01 08:16:35.938 11002 11073 D EGL_emulation: eglMakeCurrent: 0xd2b1f960: ver 2 0 (tinfo 0xddeadc10)
08-01 08:16:35.945 11002 11073 D eglCodecCommon: setVertexArrayObject: set vao to 0 (0) 1 0
08-01 08:16:36.034  2037  2063 I ActivityTaskManager: Displayed com.hkxps17.turnup/.LoginActivity: +844ms
08-01 08:16:36.070 11002 11035 W .hkxps17.turnu: Accessing hidden method Landroid/view/ViewConfiguration;->getDoubleTapMinTime()I (greylist, reflection, allowed)
08-01 08:16:36.070  3995  8402 I PBSessionCacheImpl: (REDACTED) Deleted sessionId[%d] from persistence.
08-01 08:16:36.077  3995  4125 I A       : getLocaleToModelSpecsMap
08-01 08:16:36.077  3995  4125 I A       : Using proto config with mendel
08-01 08:16:36.077  3995  4125 I A       : getLocaleToModelSpecsMap
08-01 08:16:36.077  3995  4125 I A       : Using proto config with mendel
08-01 08:16:36.085 11002 11002 W .hkxps17.turnu: Accessing hidden method Landroid/os/MessageQueue;->next()Landroid/os/Message; (greylist, reflection, allowed)
08-01 08:16:36.085 11002 11002 W .hkxps17.turnu: Accessing hidden field Landroid/os/MessageQueue;->mMessages:Landroid/os/Message; (greylist, reflection, allowed)
08-01 08:16:36.085 11002 11002 W .hkxps17.turnu: Accessing hidden method Landroid/os/Message;->recycleUnchecked()V (greylist, reflection, allowed)
08-01 08:16:36.085  3995  4125 W SearchServiceCore: Abort, client detached.
08-01 08:16:36.090 11002 11002 W .hkxps17.turnu: Accessing hidden method Landroid/view/WindowManagerGlobal;->getInstance()Landroid/view/WindowManagerGlobal; (greylist, reflection, allowed)
08-01 08:16:36.090 11002 11002 W .hkxps17.turnu: Accessing hidden field Landroid/view/WindowManagerGlobal;->mViews:Ljava/util/ArrayList; (greylist, reflection, allowed)
08-01 08:16:36.091 11002 11002 W .hkxps17.turnu: Accessing hidden field Landroid/view/WindowManagerGlobal;->mParams:Ljava/util/ArrayList; (greylist, reflection, allowed)
08-01 08:16:36.093 11002 11035 W .hkxps17.turnu: Accessing hidden method Lsun/misc/Unsafe;->getUnsafe()Lsun/misc/Unsafe; (greylist,core-platform-api, linking, allowed)
08-01 08:16:36.093 11002 11035 W .hkxps17.turnu: Accessing hidden method Lsun/misc/Unsafe;->objectFieldOffset(Ljava/lang/reflect/Field;)J (greylist,core-platform-api, linking, allowed)
08-01 08:16:36.093 11002 11035 W .hkxps17.turnu: Accessing hidden method Lsun/misc/Unsafe;->putObject(Ljava/lang/Object;JLjava/lang/Object;)V (greylist, linking, allowed)
08-01 08:16:36.097 11002 11082 W .hkxps17.turnu: Accessing hidden method Lsun/misc/Unsafe;->compareAndSwapObject(Ljava/lang/Object;JLjava/lang/Object;Ljava/lang/Object;)Z (greylist, linking, allowed)
08-01 08:16:36.098 11002 11082 W .hkxps17.turnu: Accessing hidden method Lsun/misc/Unsafe;->getObject(Ljava/lang/Object;J)Ljava/lang/Object; (greylist, linking, allowed)
08-01 08:16:36.102 11002 11002 I ViewInteraction: Performing 'single click' action on view (an instance of android.widget.TextView and view.getText() with or without transformation to match: is "Sign in" and Child at position 0 in parent (view.getId() is <2131231188/com.hkxps17.turnup:id/sign_in_button> and Child at position 3 in parent view.getClass().getName() matches: is "androidx.constraintlayout.widget.ConstraintLayout") and (view has effective visibility <VISIBLE> and view.getGlobalVisibleRect() to return non-empty rectangle))
08-01 08:16:36.149 11002 11002 D LoginActivity: signIN
08-01 08:16:36.156  1784  7977 W audio_hw_generic: Not supplying enough data to HAL, expected position 44422583 , only wrote 44422505
08-01 08:16:36.167 11002 11002 D LifecycleMonitor: Lifecycle status change: com.hkxps17.turnup.LoginActivity@7e17953 in: PAUSED
08-01 08:16:36.167 11002 11002 V ActivityScenario: Update currentActivityStage to PAUSED, currentActivity=com.hkxps17.turnup.LoginActivity@7e17953
08-01 08:16:36.168  2037  2448 W InputReader: Device has associated, but no associated display id.
08-01 08:16:36.171  2037  2448 I chatty  : uid=1000(system) Binder:2037_8 identical 38 lines
08-01 08:16:36.171  2037  2448 W InputReader: Device has associated, but no associated display id.
08-01 08:16:36.195 11002 11002 W ActivityThread: handleWindowVisibility: no activity for token android.os.BinderProxy@a4e966e
08-01 08:16:36.198 11002 11002 D LifecycleMonitor: Lifecycle status change: com.google.android.gms.auth.api.signin.internal.SignInHubActivity@e36cf88 in: PRE_ON_CREATE
08-01 08:16:36.199 11002 11002 V ActivityScenario: Activity lifecycle changed event received but ignored because the intent does not match. startActivityIntent=Intent { act=android.intent.action.MAIN cat=[android.intent.category.LAUNCHER] cmp=com.hkxps17.turnup/.LoginActivity }, activity.getIntent()=Intent { act=com.google.android.gms.auth.GOOGLE_SIGN_IN flg=0x800000 pkg=com.hkxps17.turnup cmp=com.hkxps17.turnup/com.google.android.gms.auth.api.signin.internal.SignInHubActivity (has extras) }, activity=com.google.android.gms.auth.api.signin.internal.SignInHubActivity@e36cf88
08-01 08:16:36.216 11002 11002 D LifecycleMonitor: Lifecycle status change: com.google.android.gms.auth.api.signin.internal.SignInHubActivity@e36cf88 in: CREATED
08-01 08:16:36.216 11002 11002 V ActivityScenario: Activity lifecycle changed event received but ignored because the intent does not match. startActivityIntent=Intent { act=android.intent.action.MAIN cat=[android.intent.category.LAUNCHER] cmp=com.hkxps17.turnup/.LoginActivity }, activity.getIntent()=Intent { act=com.google.android.gms.auth.GOOGLE_SIGN_IN flg=0x800000 pkg=com.hkxps17.turnup cmp=com.hkxps17.turnup/com.google.android.gms.auth.api.signin.internal.SignInHubActivity (has extras) }, activity=com.google.android.gms.auth.api.signin.internal.SignInHubActivity@e36cf88
08-01 08:16:36.219 11002 11002 D LifecycleMonitor: Lifecycle status change: com.google.android.gms.auth.api.signin.internal.SignInHubActivity@e36cf88 in: STARTED
08-01 08:16:36.219 11002 11002 V ActivityScenario: Activity lifecycle changed event received but ignored because the intent does not match. startActivityIntent=Intent { act=android.intent.action.MAIN cat=[android.intent.category.LAUNCHER] cmp=com.hkxps17.turnup/.LoginActivity }, activity.getIntent()=Intent { act=com.google.android.gms.auth.GOOGLE_SIGN_IN flg=0x800000 pkg=com.hkxps17.turnup cmp=com.hkxps17.turnup/com.google.android.gms.auth.api.signin.internal.SignInHubActivity (has extras) }, activity=com.google.android.gms.auth.api.signin.internal.SignInHubActivity@e36cf88
08-01 08:16:36.219 11002 11002 D LifecycleMonitor: Lifecycle status change: com.google.android.gms.auth.api.signin.internal.SignInHubActivity@e36cf88 in: RESUMED
08-01 08:16:36.219 11002 11002 V ActivityScenario: Activity lifecycle changed event received but ignored because the intent does not match. startActivityIntent=Intent { act=android.intent.action.MAIN cat=[android.intent.category.LAUNCHER] cmp=com.hkxps17.turnup/.LoginActivity }, activity.getIntent()=Intent { act=com.google.android.gms.auth.GOOGLE_SIGN_IN flg=0x800000 pkg=com.hkxps17.turnup cmp=com.hkxps17.turnup/com.google.android.gms.auth.api.signin.internal.SignInHubActivity (has extras) }, activity=com.google.android.gms.auth.api.signin.internal.SignInHubActivity@e36cf88
08-01 08:16:36.237  1796  3402 D gralloc_ranchu: gralloc_alloc: Creating ashmem region of size 9334784
08-01 08:16:36.246  1796  3402 I chatty  : uid=1000(system) HwBinder:1796_2 identical 1 line
08-01 08:16:36.248  1796  3402 D gralloc_ranchu: gralloc_alloc: Creating ashmem region of size 9334784
08-01 08:16:36.248 11002 11073 D EGL_emulation: eglMakeCurrent: 0xd2b1f960: ver 2 0 (tinfo 0xddeadc10)
08-01 08:16:36.258 11002 11073 D EGL_emulation: eglMakeCurrent: 0xd2b1f960: ver 2 0 (tinfo 0xddeadc10)
08-01 08:16:36.265 11002 11002 D LifecycleMonitor: Lifecycle status change: com.google.android.gms.auth.api.signin.internal.SignInHubActivity@e36cf88 in: PAUSED
08-01 08:16:36.265 11002 11002 V ActivityScenario: Activity lifecycle changed event received but ignored because the intent does not match. startActivityIntent=Intent { act=android.intent.action.MAIN cat=[android.intent.category.LAUNCHER] cmp=com.hkxps17.turnup/.LoginActivity }, activity.getIntent()=Intent { act=com.google.android.gms.auth.GOOGLE_SIGN_IN flg=0x800000 pkg=com.hkxps17.turnup cmp=com.hkxps17.turnup/com.google.android.gms.auth.api.signin.internal.SignInHubActivity (has extras) }, activity=com.google.android.gms.auth.api.signin.internal.SignInHubActivity@e36cf88
08-01 08:16:36.266  2037  2448 W InputReader: Device has associated, but no associated display id.
08-01 08:16:36.266  2037  2448 I chatty  : uid=1000(system) Binder:2037_8 identical 8 lines
08-01 08:16:36.266  2037  2448 W InputReader: Device has associated, but no associated display id.
08-01 08:16:36.276  1778  1778 D Zygote  : Forked child process 11086
08-01 08:16:36.280 11086 11086 W .android.gms.u: Unexpected CPU variant for X86 using defaults: x86
08-01 08:16:36.281 11086 11086 E .android.gms.u: Not starting debugger since process cannot load the jdwp agent.
08-01 08:16:36.296 11002 11073 D EGL_emulation: eglMakeCurrent: 0xd2b1f960: ver 2 0 (tinfo 0xddeadc10)
08-01 08:16:36.302  2037  2448 W InputReader: Device has associated, but no associated display id.
08-01 08:16:36.306  2037  2448 I chatty  : uid=1000(system) Binder:2037_8 identical 28 lines
08-01 08:16:36.306  2037  2448 W InputReader: Device has associated, but no associated display id.
08-01 08:16:36.315 11086 11086 I .android.gms.u: The ClassLoaderContext is a special shared library.
08-01 08:16:36.316 11086 11086 I chatty  : uid=10097 com.google.android.gms.ui identical 1 line
08-01 08:16:36.317 11086 11086 I .android.gms.u: The ClassLoaderContext is a special shared library.
08-01 08:16:36.320 10808 10946 I FontLog : Received query Noto Color Emoji Compat, URI content://com.google.android.gms.fonts [CONTEXT service_id=132 ]
08-01 08:16:36.320 10808 10946 I FontLog : Query [emojicompat-emoji-font] resolved to {Noto Color Emoji Compat, wdth 100.0, wght 400, ital 0.0, bestEffort false} [CONTEXT service_id=132 ]
08-01 08:16:36.321 10808 10946 I FontLog : Fetch {Noto Color Emoji Compat, wdth 100.0, wght 400, ital 0.0, bestEffort false} end status Status{statusCode=SUCCESS, resolution=null} [CONTEXT service_id=132 ]
08-01 08:16:36.322 11086 11086 W .android.gms.u: JIT profile information will not be recorded: profile file does not exits.
08-01 08:16:36.322 11086 11086 W .android.gms.u: JIT profile information will not be recorded: profile file does not exits.
08-01 08:16:36.331 10808 10946 I FontLog : Pulling font file for id = 225, cache size = 6 [CONTEXT service_id=132 ]
08-01 08:16:36.335 10808 10946 I FontLog : Pulling font file for id = 225, cache size = 6 [CONTEXT service_id=132 ]
08-01 08:16:36.390 11086 11086 W ProviderHelper: Unknown dynamite feature providerinstaller.dynamite
08-01 08:16:36.390 11086 11086 I DynamiteModule: Considering local module com.google.android.gms.providerinstaller.dynamite:1 and remote module com.google.android.gms.providerinstaller.dynamite:0
08-01 08:16:36.390 11086 11086 I DynamiteModule: Selected local version of com.google.android.gms.providerinstaller.dynamite
08-01 08:16:36.401 11086 11086 V NativeCrypto: Registering com/google/android/gms/org/conscrypt/NativeCrypto's 295 native methods...
08-01 08:16:36.410 11086 11086 D NetworkSecurityConfig: Using Network Security Config from resource network_security_config debugBuild: false
08-01 08:16:36.411 11002 11073 D EGL_emulation: eglMakeCurrent: 0xd2b1f960: ver 2 0 (tinfo 0xddeadc10)
08-01 08:16:36.413 11086 11086 I ProviderInstaller: Installed default security provider GmsCore_OpenSSL
08-01 08:16:36.441 11086 11117 I GMS_MM_Logger: Started.
08-01 08:16:36.441 11086 11086 I bwvl    : Primes not initialized, returning default (no-op) Primes instance which will ignore all calls. Please call Primes.initialize(...) before using any Primes API.
08-01 08:16:36.451  1824  2630 E SurfaceFlinger: ro.sf.lcd_density must be defined as a build property
08-01 08:16:36.451  1824  2630 E SurfaceFlinger: ro.sf.lcd_density must be defined as a build property
08-01 08:16:36.458 11086 11124 D libEGL  : Emulator has host GPU support, qemu.gles is set to 1.
08-01 08:16:36.458 11086 11124 W libc    : Unable to set property "qemu.gles" to "1": connection failed; errno=13 (Permission denied)
08-01 08:16:36.446 11086 11086 W RenderThread: type=1400 audit(0.0:631): avc: denied { write } for name="property_service" dev="tmpfs" ino=6968 scontext=u:r:priv_app:s0:c512,c768 tcontext=u:object_r:property_socket:s0 tclass=sock_file permissive=0
08-01 08:16:36.470 11086 11124 D libEGL  : loaded /vendor/lib/egl/libEGL_emulation.so
08-01 08:16:36.473 11086 11124 D libEGL  : loaded /vendor/lib/egl/libGLESv1_CM_emulation.so
08-01 08:16:36.476 11086 11124 D libEGL  : loaded /vendor/lib/egl/libGLESv2_emulation.so
08-01 08:16:36.541 25037 25037 D BoundBrokerSvc: onBind: Intent { act=com.google.android.gms.signin.service.START dat=chimera-action:com.google.android.gms.signin.service.START cmp=com.google.android.gms/.chimera.GmsApiService }
08-01 08:16:36.541 25037 25037 D BoundBrokerSvc: Loading bound service for intent: Intent { act=com.google.android.gms.signin.service.START dat=chimera-action:com.google.android.gms.signin.service.START cmp=com.google.android.gms/.chimera.GmsApiService }
08-01 08:16:36.583 11086 11122 D HostConnection: HostConnection::get() New Host Connection established 0xd5d5e230, tid 11122
08-01 08:16:36.585 11086 11122 D HostConnection: HostComposition ext ANDROID_EMU_CHECKSUM_HELPER_v1 ANDROID_EMU_dma_v1 ANDROID_EMU_direct_mem ANDROID_EMU_host_composition_v1 ANDROID_EMU_host_composition_v2 ANDROID_EMU_vulkan ANDROID_EMU_deferred_vulkan_commands ANDROID_EMU_vulkan_null_optional_strings ANDROID_EMU_vulkan_create_resources_with_requirements ANDROID_EMU_YUV420_888_to_NV21 ANDROID_EMU_YUV_Cache ANDROID_EMU_vulkan_free_memory_sync ANDROID_EMU_vulkan_shader_float16_int8 ANDROID_EMU_vulkan_async_queue_submit ANDROID_EMU_sync_buffer_data GL_OES_vertex_array_object GL_KHR_texture_compression_astc_ldr ANDROID_EMU_host_side_tracing ANDROID_EMU_gles_max_version_2
08-01 08:16:36.587 11086 11122 W OpenGLRenderer: Failed to choose config with EGL_SWAP_BEHAVIOR_PRESERVED, retrying without...
08-01 08:16:36.596 11086 11122 D eglCodecCommon: setVertexArrayObject: set vao to 0 (0) 0 0
08-01 08:16:36.596 11086 11122 D EGL_emulation: eglCreateContext: 0xd5d1a3c0: maj 2 min 0 rcv 2
08-01 08:16:36.626 11086 11122 D EGL_emulation: eglMakeCurrent: 0xd5d1a3c0: ver 2 0 (tinfo 0xd5d0f480)
08-01 08:16:36.632  1796  3402 D gralloc_ranchu: gralloc_alloc: Creating ashmem region of size 4096
08-01 08:16:36.638  1678  1678 I hwservicemanager: getTransport: Cannot find entry android.hardware.graphics.mapper@3.0::IMapper/default in either framework or device manifest.
08-01 08:16:36.639 11086 11122 W Gralloc3: mapper 3.x is not supported
08-01 08:16:36.643 11086 11122 D HostConnection: createUnique: call
08-01 08:16:36.683 11086 11122 D HostConnection: HostConnection::get() New Host Connection established 0xd5d5e370, tid 11122
08-01 08:16:36.690 11086 11122 D HostConnection: HostComposition ext ANDROID_EMU_CHECKSUM_HELPER_v1 ANDROID_EMU_dma_v1 ANDROID_EMU_direct_mem ANDROID_EMU_host_composition_v1 ANDROID_EMU_host_composition_v2 ANDROID_EMU_vulkan ANDROID_EMU_deferred_vulkan_commands ANDROID_EMU_vulkan_null_optional_strings ANDROID_EMU_vulkan_create_resources_with_requirements ANDROID_EMU_YUV420_888_to_NV21 ANDROID_EMU_YUV_Cache ANDROID_EMU_vulkan_free_memory_sync ANDROID_EMU_vulkan_shader_float16_int8 ANDROID_EMU_vulkan_async_queue_submit ANDROID_EMU_sync_buffer_data GL_OES_vertex_array_object GL_KHR_texture_compression_astc_ldr ANDROID_EMU_host_side_tracing ANDROID_EMU_gles_max_version_2
08-01 08:16:36.690 11086 11122 D eglCodecCommon: allocate: Ask for block of size 0x1000
08-01 08:16:36.690 11086 11122 D eglCodecCommon: allocate: ioctl allocate returned offset 0x3ff70a000 size 0x2000
08-01 08:16:36.693  1796  3402 D gralloc_ranchu: gralloc_alloc: Creating ashmem region of size 4096
08-01 08:16:36.695  1796  3402 D gralloc_ranchu: gralloc_alloc: Creating ashmem region of size 4096
08-01 08:16:36.695  2037  2059 W InputReader: Device has associated, but no associated display id.
08-01 08:16:36.696  2037  2059 I chatty  : uid=1000(system) android.anim identical 18 lines
08-01 08:16:36.696  2037  2059 W InputReader: Device has associated, but no associated display id.
08-01 08:16:36.704  2037  2063 I ActivityTaskManager: Displayed com.google.android.gms/.auth.api.signin.ui.SignInActivity: +63ms
08-01 08:16:36.718  2037  2448 W InputReader: Device has associated, but no associated display id.
08-01 08:16:36.727  2037  2448 I chatty  : uid=1000(system) Binder:2037_8 identical 38 lines
08-01 08:16:36.727  2037  2448 W InputReader: Device has associated, but no associated display id.
08-01 08:16:36.728 11086 11086 W ActivityThread: handleWindowVisibility: no activity for token android.os.BinderProxy@1238085
08-01 08:16:36.745  2037  2448 W InputReader: Device has associated, but no associated display id.
08-01 08:16:36.747  2037  2448 I chatty  : uid=1000(system) Binder:2037_8 identical 38 lines
08-01 08:16:36.747  2037  2448 W InputReader: Device has associated, but no associated display id.
08-01 08:16:36.754  1796  3402 D gralloc_ranchu: gralloc_alloc: Creating ashmem region of size 9334784
08-01 08:16:36.762 11086 11122 D EGL_emulation: eglMakeCurrent: 0xd5d1a3c0: ver 2 0 (tinfo 0xd5d0f480)
08-01 08:16:36.762  1796  3402 D gralloc_ranchu: gralloc_alloc: Creating ashmem region of size 9334784
08-01 08:16:36.764 11086 11122 D eglCodecCommon: setVertexArrayObject: set vao to 0 (0) 1 0
08-01 08:16:36.764  1796  3402 D gralloc_ranchu: gralloc_alloc: Creating ashmem region of size 9334784
08-01 08:16:36.775 11086 11086 W ActivityThread: handleWindowVisibility: no activity for token android.os.BinderProxy@3dcdc7e
08-01 08:16:36.813  1796  3402 D gralloc_ranchu: gralloc_alloc: Creating ashmem region of size 4096
08-01 08:16:36.817  1796  3402 I chatty  : uid=1000(system) HwBinder:1796_2 identical 1 line
08-01 08:16:36.818  1796  3402 D gralloc_ranchu: gralloc_alloc: Creating ashmem region of size 4096
08-01 08:16:36.819  2037  2059 W InputReader: Device has associated, but no associated display id.
08-01 08:16:36.820  2037  2059 I chatty  : uid=1000(system) android.anim identical 18 lines
08-01 08:16:36.820  2037  2059 W InputReader: Device has associated, but no associated display id.
08-01 08:16:36.860 11086 11118 W ProviderHelper: Unknown dynamite feature providerinstaller.dynamite
08-01 08:16:36.862 11086 11118 I DynamiteModule: Considering local module com.google.android.gms.providerinstaller.dynamite:1 and remote module com.google.android.gms.providerinstaller.dynamite:0
08-01 08:16:36.862 11086 11118 I DynamiteModule: Selected local version of com.google.android.gms.providerinstaller.dynamite
08-01 08:16:36.866 11086 11118 W Conscrypt: Could not set socket write timeout: java.net.SocketException: Socket closed
08-01 08:16:36.866 11086 11118 W Conscrypt: 	at com.google.android.gms.org.conscrypt.Platform.setSocketWriteTimeout(:com.google.android.gms@222615031@22.26.15 (100700-461192076):2)
08-01 08:16:36.866 11086 11118 W Conscrypt: 	at com.google.android.gms.org.conscrypt.ConscryptFileDescriptorSocket.setSoWriteTimeout(:com.google.android.gms@222615031@22.26.15 (100700-461192076):0)
08-01 08:16:36.887  1795  2479 E GnssHAL_GnssInterface: gnssSvStatusCb: a: input svInfo.flags is 8
08-01 08:16:36.887  1795  2479 E GnssHAL_GnssInterface: gnssSvStatusCb: b: input svInfo.flags is 8
08-01 08:16:36.952 11086 11118 W Conscrypt: Could not set socket write timeout: java.net.SocketException: Socket closed
08-01 08:16:36.953 11086 11118 W Conscrypt: 	at com.google.android.gms.org.conscrypt.Platform.setSocketWriteTimeout(:com.google.android.gms@222615031@22.26.15 (100700-461192076):2)
08-01 08:16:36.953 11086 11118 W Conscrypt: 	at com.google.android.gms.org.conscrypt.ConscryptFileDescriptorSocket.setSoWriteTimeout(:com.google.android.gms@222615031@22.26.15 (100700-461192076):0)
08-01 08:16:37.145  2037  4565 W InputReader: Device has associated, but no associated display id.
08-01 08:16:37.149  2037  4565 I chatty  : uid=1000(system) Binder:2037_1C identical 38 lines
08-01 08:16:37.149  2037  4565 W InputReader: Device has associated, but no associated display id.
08-01 08:16:37.153 11086 11086 W ActivityThread: handleWindowVisibility: no activity for token android.os.BinderProxy@fba56f1
08-01 08:16:37.161 11086 11086 I DynamiteModule: Considering local module com.google.android.gms.googlecertificates:7 and remote module com.google.android.gms.googlecertificates:7
08-01 08:16:37.161 11086 11086 I DynamiteModule: Selected local version of com.google.android.gms.googlecertificates
08-01 08:16:37.178  2037  2448 W InputReader: Device has associated, but no associated display id.
08-01 08:16:37.180  2037  2448 I chatty  : uid=1000(system) Binder:2037_8 identical 48 lines
08-01 08:16:37.180  2037  2448 W InputReader: Device has associated, but no associated display id.
08-01 08:16:37.187 11086 11086 W ActivityThread: handleWindowVisibility: no activity for token android.os.BinderProxy@274dc12
08-01 08:16:37.210 25037  3967 I PeopleChimeraService: onService. callbacks = apfk@2770b19, request = com.google.android.gms.common.internal.GetServiceRequest@6787de
08-01 08:16:37.223 10808 10990 I FontLog : Received query Google Sans, URI content://com.google.android.gms.fonts [CONTEXT service_id=132 ]
08-01 08:16:37.223 10808 10990 I FontLog : Query [Google Sans] resolved to {Google Sans, wdth 100.0, wght 400, ital 0.0, bestEffort false} [CONTEXT service_id=132 ]
08-01 08:16:37.225 25037  4037 E BasePeopleOperation: Failed to load OwnerAvatar from MDI with cause: %s
08-01 08:16:37.225 25037  4037 E BasePeopleOperation: java.util.concurrent.ExecutionException: bulz
08-01 08:16:37.225 25037  4037 E BasePeopleOperation: 	at cmxw.s(:com.google.android.gms@222615031@22.26.15 (100700-461192076):3)
08-01 08:16:37.225 25037  4037 E BasePeopleOperation: 	at cmxw.get(:com.google.android.gms@222615031@22.26.15 (100700-461192076):9)
08-01 08:16:37.225 25037  4037 E BasePeopleOperation: 	at bbvh.e(:com.google.android.gms@222615031@22.26.15 (100700-461192076):7)
08-01 08:16:37.225 25037  4037 E BasePeopleOperation: 	at bbvc.b(:com.google.android.gms@222615031@22.26.15 (100700-461192076):1)
08-01 08:16:37.225 25037  4037 E BasePeopleOperation: 	at bbva.d(:com.google.android.gms@222615031@22.26.15 (100700-461192076):3)
08-01 08:16:37.225 25037  4037 E BasePeopleOperation: 	at bcpg.f(:com.google.android.gms@222615031@22.26.15 (100700-461192076):1)
08-01 08:16:37.225 25037  4037 E BasePeopleOperation: 	at apfj.eo(:com.google.android.gms@222615031@22.26.15 (100700-461192076):1)
08-01 08:16:37.225 25037  4037 E BasePeopleOperation: 	at aixe.run(:com.google.android.gms@222615031@22.26.15 (100700-461192076):12)
08-01 08:16:37.225 25037  4037 E BasePeopleOperation: 	at chez.run(:com.google.android.gms@222615031@22.26.15 (100700-461192076):2)
08-01 08:16:37.225 25037  4037 E BasePeopleOperation: 	at zeu.c(:com.google.android.gms@222615031@22.26.15 (100700-461192076):6)
08-01 08:16:37.225 25037  4037 E BasePeopleOperation: 	at zeu.run(:com.google.android.gms@222615031@22.26.15 (100700-461192076):7)
08-01 08:16:37.225 25037  4037 E BasePeopleOperation: 	at java.util.concurrent.ThreadPoolExecutor.runWorker(ThreadPoolExecutor.java:1167)
08-01 08:16:37.225 25037  4037 E BasePeopleOperation: 	at java.util.concurrent.ThreadPoolExecutor$Worker.run(ThreadPoolExecutor.java:641)
08-01 08:16:37.225 25037  4037 E BasePeopleOperation: 	at zjz.run(:com.google.android.gms@222615031@22.26.15 (100700-461192076):0)
08-01 08:16:37.225 25037  4037 E BasePeopleOperation: 	at java.lang.Thread.run(Thread.java:919)
08-01 08:16:37.225 25037  4037 E BasePeopleOperation: Caused by: bulz
08-01 08:16:37.225 25037  4037 E BasePeopleOperation: 	at buml.a(:com.google.android.gms@222615031@22.26.15 (100700-461192076):2)
08-01 08:16:37.225 25037  4037 E BasePeopleOperation: 	at chfe.a(:com.google.android.gms@222615031@22.26.15 (100700-461192076):2)
08-01 08:16:37.225 25037  4037 E BasePeopleOperation: 	at cmxy.c(:com.google.android.gms@222615031@22.26.15 (100700-461192076):2)
08-01 08:16:37.225 25037  4037 E BasePeopleOperation: 	at cmya.run(:com.google.android.gms@222615031@22.26.15 (100700-461192076):9)
08-01 08:16:37.225 25037  4037 E BasePeopleOperation: 	at cmzk.execute(:com.google.android.gms@222615031@22.26.15 (100700-461192076):0)
08-01 08:16:37.225 25037  4037 E BasePeopleOperation: 	at cmxw.q(:com.google.android.gms@222615031@22.26.15 (100700-461192076):1)
08-01 08:16:37.225 25037  4037 E BasePeopleOperation: 	at cmxw.j(:com.google.android.gms@222615031@22.26.15 (100700-461192076):8)
08-01 08:16:37.225 25037  4037 E BasePeopleOperation: 	at cmxw.m(:com.google.android.gms@222615031@22.26.15 (100700-461192076):0)
08-01 08:16:37.225 25037  4037 E BasePeopleOperation: 	at cmxg.run(:com.google.android.gms@222615031@22.26.15 (100700-461192076):9)
08-01 08:16:37.225 25037  4037 E BasePeopleOperation: 	at cmzk.execute(:com.google.android.gms@222615031@22.26.15 (100700-461192076):0)
08-01 08:16:37.225 25037  4037 E BasePeopleOperation: 	at cmxw.q(:com.google.android.gms@222615031@22.26.15 (100700-461192076):1)
08-01 08:16:37.225 25037  4037 E BasePeopleOperation: 	at cmxw.j(:com.google.android.gms@222615031@22.26.15 (100700-461192076):8)
08-01 08:16:37.225 25037  4037 E BasePeopleOperation: 	at cmxw.m(:com.google.android.gms@222615031@22.26.15 (100700-461192076):0)
08-01 08:16:37.225 25037  4037 E BasePeopleOperation: 	at cmxz.e(:com.google.android.gms@222615031@22.26.15 (100700-461192076):0)
08-01 08:16:37.225 25037  4037 E BasePeopleOperation: 	at cmya.run(:com.google.android.gms@222615031@22.26.15 (100700-461192076):13)
08-01 08:16:37.225 25037  4037 E BasePeopleOperation: 	at cmzk.execute(:com.google.android.gms@222615031@22.26.15 (100700-461192076):0)
08-01 08:16:37.225 25037  4037 E BasePeopleOperation: 	at cmxw.q(:com.google.android.gms@222615031@22.26.15 (100700-461192076):1)
08-01 08:16:37.225 25037  4037 E BasePeopleOperation: 	at cmxw.j(:com.google.android.gms@222615031@22.26.15 (100700-461192076):8)
08-01 08:16:37.225 25037  4037 E BasePeopleOperation: 	at cmxw.p(:com.google.android.gms@222615031@22.26.15 (100700-461192076):2)
08-01 08:16:37.225 25037  4037 E BasePeopleOperation: 	at cnbq.e(:com.google.android.gms@222615031@22.26.15 (100700-461192076):2)
08-01 08:16:37.225 25037  4037 E BasePeopleOperation: 	at cnar.run(:com.google.android.gms@222615031@22.26.15 (100700-461192076):6)
08-01 08:16:37.225 25037  4037 E BasePeopleOperation: 	at cnbs.run(:com.google.android.gms@222615031@22.26.15 (100700-461192076):0)
08-01 08:16:37.225 25037  4037 E BasePeopleOperation: 	... 6 more
08-01 08:16:37.226 10808 10990 I FontLog : Font PFD returned from cache for {Google Sans, wdth 100.0, wght 400, ital 0.0, bestEffort false} [CONTEXT service_id=132 ]
08-01 08:16:37.226 10808 10990 I FontLog : Fetch {Google Sans, wdth 100.0, wght 400, ital 0.0, bestEffort false} end status Status{statusCode=SUCCESS, resolution=null} [CONTEXT service_id=132 ]
08-01 08:16:37.231 10808 10990 I FontLog : Pulling font file for id = 226, cache size = 7 [CONTEXT service_id=132 ]
08-01 08:16:37.244 11086 11086 W DividerItem: @android:attr/listDivider was not set in the theme used for this DividerItemDecoration. Please set that attribute all call setDrawable()
08-01 08:16:37.244 10808 10990 I FontLog : Received query Google Sans, URI content://com.google.android.gms.fonts [CONTEXT service_id=132 ]
08-01 08:16:37.245 10808 10990 I FontLog : Query [Google Sans] resolved to {Google Sans, wdth 100.0, wght 400, ital 0.0, bestEffort false} [CONTEXT service_id=132 ]
08-01 08:16:37.248 10808 10990 I FontLog : Font PFD returned from cache for {Google Sans, wdth 100.0, wght 400, ital 0.0, bestEffort false} [CONTEXT service_id=132 ]
08-01 08:16:37.249 10808 10990 I FontLog : Fetch {Google Sans, wdth 100.0, wght 400, ital 0.0, bestEffort false} end status Status{statusCode=SUCCESS, resolution=null} [CONTEXT service_id=132 ]
08-01 08:16:37.261 10808 10990 I FontLog : Pulling font file for id = 227, cache size = 8 [CONTEXT service_id=132 ]
08-01 08:16:37.265  1796  3402 D gralloc_ranchu: gralloc_alloc: Creating ashmem region of size 4681728
08-01 08:16:37.269  1796  3402 I chatty  : uid=1000(system) HwBinder:1796_2 identical 1 line
08-01 08:16:37.270  1796  3402 D gralloc_ranchu: gralloc_alloc: Creating ashmem region of size 4681728
08-01 08:16:37.272 11086 11122 D EGL_emulation: eglMakeCurrent: 0xd5d1a3c0: ver 2 0 (tinfo 0xd5d0f480)
08-01 08:16:37.319  2037  2059 W InputReader: Device has associated, but no associated display id.
08-01 08:16:37.319  2037  2059 I chatty  : uid=1000(system) android.anim identical 8 lines
08-01 08:16:37.319  2037  2059 W InputReader: Device has associated, but no associated display id.
08-01 08:16:37.329 10808 10990 I FontLog : Received query Google Sans, URI content://com.google.android.gms.fonts [CONTEXT service_id=132 ]
08-01 08:16:37.329 10808 10990 I FontLog : Query [Google Sans] resolved to {Google Sans, wdth 100.0, wght 400, ital 0.0, bestEffort false} [CONTEXT service_id=132 ]
08-01 08:16:37.332 10808 10990 I FontLog : Font PFD returned from cache for {Google Sans, wdth 100.0, wght 400, ital 0.0, bestEffort false} [CONTEXT service_id=132 ]
08-01 08:16:37.335 10808 10990 I FontLog : Fetch {Google Sans, wdth 100.0, wght 400, ital 0.0, bestEffort false} end status Status{statusCode=SUCCESS, resolution=null} [CONTEXT service_id=132 ]
08-01 08:16:37.342 10808 10990 I FontLog : Pulling font file for id = 228, cache size = 9 [CONTEXT service_id=132 ]
08-01 08:16:37.343 11086 11122 D EGL_emulation: eglMakeCurrent: 0xd5d1a3c0: ver 2 0 (tinfo 0xd5d0f480)
08-01 08:16:37.347  1796  3402 D gralloc_ranchu: gralloc_alloc: Creating ashmem region of size 6103040
08-01 08:16:37.358 11086 11122 D EGL_emulation: eglMakeCurrent: 0xd5d1a3c0: ver 2 0 (tinfo 0xd5d0f480)
08-01 08:16:37.376  1796  3402 D gralloc_ranchu: gralloc_alloc: Creating ashmem region of size 6103040
08-01 08:16:37.384  1796  3402 D gralloc_ranchu: gralloc_alloc: Creating ashmem region of size 6103040
08-01 08:16:37.397 11086 11122 D EGL_emulation: eglMakeCurrent: 0xd5d1a3c0: ver 2 0 (tinfo 0xd5d0f480)
08-01 08:16:37.399  1796  3402 D gralloc_ranchu: gralloc_alloc: Creating ashmem region of size 6070272
08-01 08:16:37.412 11086 11122 D EGL_emulation: eglMakeCurrent: 0xd5d1a3c0: ver 2 0 (tinfo 0xd5d0f480)
08-01 08:16:37.418  1796  3402 D gralloc_ranchu: gralloc_alloc: Creating ashmem region of size 6070272
08-01 08:16:37.431 11086 11122 D EGL_emulation: eglMakeCurrent: 0xd5d1a3c0: ver 2 0 (tinfo 0xd5d0f480)
08-01 08:16:37.434  1796  3402 D gralloc_ranchu: gralloc_alloc: Creating ashmem region of size 6045696
08-01 08:16:37.443 11086 11122 D EGL_emulation: eglMakeCurrent: 0xd5d1a3c0: ver 2 0 (tinfo 0xd5d0f480)
08-01 08:16:37.449  1796  3402 D gralloc_ranchu: gralloc_alloc: Creating ashmem region of size 6045696
08-01 08:16:37.460  1796  3402 D gralloc_ranchu: gralloc_alloc: Creating ashmem region of size 6045696
08-01 08:16:37.519 11002 11035 D InteractionController: clickNoSync (707, 1006)
08-01 08:16:37.887  1795  2479 E GnssHAL_GnssInterface: gnssSvStatusCb: a: input svInfo.flags is 8
08-01 08:16:37.887  1795  2479 E GnssHAL_GnssInterface: gnssSvStatusCb: b: input svInfo.flags is 8
08-01 08:16:38.009  2037  4565 I AccountManagerService: the accounts changed, sending broadcast of android.accounts.LOGIN_ACCOUNTS_CHANGED
08-01 08:16:38.016 11002 11035 W .hkxps17.turnu: Accessing hidden method Lsun/misc/Unsafe;->compareAndSwapObject(Ljava/lang/Object;JLjava/lang/Object;Ljava/lang/Object;)Z (greylist, linking, allowed)
08-01 08:16:38.016 11002 11082 W .hkxps17.turnu: Accessing hidden method Lsun/misc/Unsafe;->compareAndSwapObject(Ljava/lang/Object;JLjava/lang/Object;Ljava/lang/Object;)Z (greylist, linking, allowed)
08-01 08:16:38.018  2037  3386 W InputReader: Device has associated, but no associated display id.
08-01 08:16:38.018  2037  3386 I chatty  : uid=1000(system) Binder:2037_11 identical 8 lines
08-01 08:16:38.018  2037  3386 W InputReader: Device has associated, but no associated display id.
08-01 08:16:38.020 11002 11002 W RootViewPicker: No activity currently resumed - waiting: 10ms for one to appear.
08-01 08:16:38.026  1778  1778 D Zygote  : Forked child process 11146
08-01 08:16:38.029 11146 11146 W roid.music:mai: Unexpected CPU variant for X86 using defaults: x86
08-01 08:16:38.032 11002 11002 W RootViewPicker: No activity currently resumed - waiting: 50ms for one to appear.
08-01 08:16:38.035 11146 11146 E roid.music:mai: Not starting debugger since process cannot load the jdwp agent.
08-01 08:16:38.042  2037  3504 W InputReader: Device has associated, but no associated display id.
08-01 08:16:38.046  2037  3504 I chatty  : uid=1000(system) Binder:2037_14 identical 38 lines
08-01 08:16:38.046  2037  3504 W InputReader: Device has associated, but no associated display id.
08-01 08:16:38.074 11086 11122 D EGL_emulation: eglMakeCurrent: 0xd5d1a3c0: ver 2 0 (tinfo 0xd5d0f480)
08-01 08:16:38.075 11086 11122 D OpenGLRenderer: endAllActiveAnimators on 0xb9e02800 (RippleDrawable) with handle 0xb9323120
08-01 08:16:38.085 11002 11002 W RootViewPicker: No activity currently resumed - waiting: 100ms for one to appear.
08-01 08:16:38.091 11146 11146 D ApplicationLoaders: Returning zygote-cached class loader: /system/framework/android.hidl.base-V1.0-java.jar
08-01 08:16:38.091 11146 11146 D ApplicationLoaders: Returning zygote-cached class loader: /system/framework/android.hidl.manager-V1.0-java.jar
08-01 08:16:38.091 11146 11146 D ApplicationLoaders: Returning zygote-cached class loader: /system/framework/android.hidl.base-V1.0-java.jar
08-01 08:16:38.093 11146 11146 I roid.music:mai: The ClassLoaderContext is a special shared library.
08-01 08:16:38.098 11146 11146 I roid.music:mai: The ClassLoaderContext is a special shared library.
08-01 08:16:38.111 11146 11146 I MultiDex: VM with version 2.1.0 has multidex support
08-01 08:16:38.111 11146 11146 I MultiDex: install
08-01 08:16:38.111 11146 11146 I MultiDex: VM has multidex support, MultiDex support library is disabled.
08-01 08:16:38.113 11146 11146 D ProcessNameProvider: Content provider MainProcessTypeInitializerContentProvider created for process MAIN
08-01 08:16:38.115 11146 11146 D MusicLifecycle: com.google.android.music.store.ConfigContentProvider generated event: Content provider created
08-01 08:16:38.115 11146 11146 D MusicLifecycle: com.google.android.music.api.MusicPublicContentProvider generated event: Content provider created
08-01 08:16:38.118 11146 11146 D MusicLifecycle: com.google.android.music.store.MusicContentProvider generated event: Content provider created
08-01 08:16:38.121 10808 10808 W SystemServiceRegistry: No service published for: persistent_data_block
08-01 08:16:38.131 11146 11146 D MusicLifecycle: com.google.android.music.ui.PhoneMusicApplication generated event: Application created
08-01 08:16:38.131 11146 11146 I AndroidMusic: Application start. Process=MAIN
08-01 08:16:38.148  3995  4140 I A       : (REDACTED) GMSCore Auth returned %d accounts.
08-01 08:16:38.148  3995  4140 I A       : (REDACTED) GoogleOwnersProvider returned %d accounts.
08-01 08:16:38.151  2037  3386 W InputReader: Device has associated, but no associated display id.
08-01 08:16:38.151  2037  3386 I chatty  : uid=1000(system) Binder:2037_11 identical 8 lines
08-01 08:16:38.151  2037  3386 W InputReader: Device has associated, but no associated display id.
08-01 08:16:38.155  2037  3102 W InputReader: Device has associated, but no associated display id.
08-01 08:16:38.164  2037  3102 I chatty  : uid=1000(system) Binder:2037_D identical 48 lines
08-01 08:16:38.164  2037  3102 W InputReader: Device has associated, but no associated display id.
08-01 08:16:38.168  2037  2184 W InputReader: Device has associated, but no associated display id.
08-01 08:16:38.171  2037  2184 I chatty  : uid=1000(system) Binder:2037_3 identical 38 lines
08-01 08:16:38.171  2037  2184 W InputReader: Device has associated, but no associated display id.
08-01 08:16:38.188 11002 11002 W RootViewPicker: No activity currently resumed - waiting: 500ms for one to appear.
08-01 08:16:38.189 11146 11146 D MusicLifecycle: com.google.android.music.store.ConfigContentProvider generated event: initializing
08-01 08:16:38.190 11146 11146 I BaseStore: ConfigStore database version: 1
08-01 08:16:38.191  2037  2063 E memtrack: Couldn't load memtrack module
08-01 08:16:38.191  2037  2063 W android.os.Debug: failed to get memory consumption info: -1
08-01 08:16:38.231 11146 11146 I roid.music:mai: The ClassLoaderContext is a special shared library.
08-01 08:16:38.233 11146 11146 I roid.music:mai: The ClassLoaderContext is a special shared library.
08-01 08:16:38.250 11146 11146 V NativeCrypto: Registering com/google/android/gms/org/conscrypt/NativeCrypto's 295 native methods...
08-01 08:16:38.259 11146 11146 D NetworkSecurityConfig: No Network Security Config specified, using platform default
08-01 08:16:38.260 11146 11146 I ProviderInstaller: Installed default security provider GmsCore_OpenSSL
08-01 08:16:38.260 11146 11146 D AndroidMusic: GMSCore installation verified
08-01 08:16:38.265  2037  2919 W InputReader: Device has associated, but no associated display id.
08-01 08:16:38.276  2037  2919 I chatty  : uid=1000(system) Binder:2037_A identical 48 lines
08-01 08:16:38.276  2037  2919 W InputReader: Device has associated, but no associated display id.
08-01 08:16:38.295 11002 11002 D LifecycleMonitor: Lifecycle status change: com.google.android.gms.auth.api.signin.internal.SignInHubActivity@e36cf88 in: RESUMED
