08-06 11:30:38.378 22209 22240 I TestRunner: started: locationLikeTest(com.hkxps17.turnup.LocationVisitTest)
08-06 11:30:38.409 22209 22240 W Settings: Setting always_finish_activities has moved from android.provider.Settings.System to android.provider.Settings.Global, returning read-only value.
08-06 11:30:38.479  2045  2062 W InputReader: Device has associated, but no associated display id.
08-06 11:30:38.481  2045  2062 I chatty  : uid=1000(system) Binder:2045_2 identical 8 lines
08-06 11:30:38.481  2045  2062 W InputReader: Device has associated, but no associated display id.
08-06 11:30:38.485  2045  2069 E system_server: Invalid ID 0x00000000.
08-06 11:30:38.520  1782  1782 D Zygote  : Forked child process 22242
08-06 11:30:38.527 22242 22242 I s17.turnup.tes: Late-enabling -Xcheck:jni
08-06 11:30:38.559  1813  1813 D gralloc_ranchu: gralloc_alloc: Creating ashmem region of size 9334784
08-06 11:30:38.585 22242 22242 E s17.turnup.tes: Unknown bits set in runtime_flags: 0x8000
08-06 11:30:38.587 22242 22242 W s17.turnup.tes: Unexpected CPU variant for X86 using defaults: x86
08-06 11:30:38.628  1813  1813 D gralloc_ranchu: gralloc_alloc: Creating ashmem region of size 1495040
08-06 11:30:38.635  9705  9705 I Finsky  : [2] abyu.onStartJob(3): SCH: onJobSchedulerWakeup with jobId 9002
08-06 11:30:38.644  9705  9705 I Finsky  : [2] abtz.a(9): SCH: Scheduling fallback job with id: 9034, and delay: 43200000 ms
08-06 11:30:38.667  2045 19473 D HostConnection: HostConnection::get() New Host Connection established 0xe2c3f2a0, tid 19473
08-06 11:30:38.668  2045 19473 D HostConnection: HostComposition ext ANDROID_EMU_CHECKSUM_HELPER_v1 ANDROID_EMU_dma_v1 ANDROID_EMU_direct_mem ANDROID_EMU_host_composition_v1 ANDROID_EMU_host_composition_v2 ANDROID_EMU_vulkan ANDROID_EMU_deferred_vulkan_commands ANDROID_EMU_vulkan_null_optional_strings ANDROID_EMU_vulkan_create_resources_with_requirements ANDROID_EMU_YUV420_888_to_NV21 ANDROID_EMU_YUV_Cache ANDROID_EMU_vulkan_free_memory_sync ANDROID_EMU_vulkan_shader_float16_int8 ANDROID_EMU_vulkan_async_queue_submit ANDROID_EMU_sync_buffer_data GL_OES_vertex_array_object GL_KHR_texture_compression_astc_ldr ANDROID_EMU_host_side_tracing ANDROID_EMU_gles_max_version_2
08-06 11:30:38.671  2045 19473 W OpenGLRenderer: Failed to choose config with EGL_SWAP_BEHAVIOR_PRESERVED, retrying without...
08-06 11:30:38.683  9705  9705 I Finsky  : [2] abtz.b(9): SCH: Scheduling fallback in 64799977 (absolute: 70488275)
08-06 11:30:38.720  2045 19473 D eglCodecCommon: setVertexArrayObject: set vao to 0 (0) 0 0
08-06 11:30:38.720  2045 19473 D EGL_emulation: eglCreateContext: 0xc308d9a0: maj 2 min 0 rcv 2
08-06 11:30:38.742  1812  2494 E GnssHAL_GnssInterface: gnssSvStatusCb: a: input svInfo.flags is 8
08-06 11:30:38.742  1812  2494 E GnssHAL_GnssInterface: gnssSvStatusCb: b: input svInfo.flags is 8
08-06 11:30:38.763  2045  2154 W InputReader: Device has associated, but no associated display id.
08-06 11:30:38.771  2045  2154 I chatty  : uid=1000(system) Binder:2045_4 identical 28 lines
08-06 11:30:38.771  2045  2154 W InputReader: Device has associated, but no associated display id.
08-06 11:30:38.790  2045 19473 D EGL_emulation: eglMakeCurrent: 0xc308d9a0: ver 2 0 (tinfo 0xc2f6b5d0)
08-06 11:30:38.791  9705  9705 I Finsky  : [2] abui.handleMessage(8): SCH: DeviceState: DeviceState{currentTime=1659765638746, isCharging=false, isIdle=false, netAny=true, netNotRoaming=true, netUnmetered=true, batteryPercent=100.0}
08-06 11:30:38.796  2045  2069 W InputReader: Device has associated, but no associated display id.
08-06 11:30:38.796  2045  3307 D HostConnection: HostConnection::get() New Host Connection established 0xc300dcf0, tid 3307
08-06 11:30:38.797  2045  2069 W InputReader: Device has associated, but no associated display id.
08-06 11:30:38.797  2045  2069 I chatty  : uid=1000(system) android.anim identical 2 lines
08-06 11:30:38.797  2045  2069 W InputReader: Device has associated, but no associated display id.
08-06 11:30:38.797  2045  3307 D HostConnection: HostComposition ext ANDROID_EMU_CHECKSUM_HELPER_v1 ANDROID_EMU_dma_v1 ANDROID_EMU_direct_mem ANDROID_EMU_host_composition_v1 ANDROID_EMU_host_composition_v2 ANDROID_EMU_vulkan ANDROID_EMU_deferred_vulkan_commands ANDROID_EMU_vulkan_null_optional_strings ANDROID_EMU_vulkan_create_resources_with_requirements ANDROID_EMU_YUV420_888_to_NV21 ANDROID_EMU_YUV_Cache ANDROID_EMU_vulkan_free_memory_sync ANDROID_EMU_vulkan_shader_float16_int8 ANDROID_EMU_vulkan_async_queue_submit ANDROID_EMU_sync_buffer_data GL_OES_vertex_array_object GL_KHR_texture_compression_astc_ldr ANDROID_EMU_host_side_tracing ANDROID_EMU_gles_max_version_2
08-06 11:30:38.797  2045  2069 W InputReader: Device has associated, but no associated display id.
08-06 11:30:38.797  2045  2069 I chatty  : uid=1000(system) android.anim identical 3 lines
08-06 11:30:38.797  2045  2069 W InputReader: Device has associated, but no associated display id.
08-06 11:30:38.810  9705 21667 I Finsky  : [1084] abwt.b(5): SCH: Jobs in database: 1-1337 2-48879 3-1 3-2 12-1 20-23232323 24-77777777 26-1414141414 31-305419896 34-1 34-2
08-06 11:30:38.817  9705  9705 I Finsky  : [2] abuj.b(10): SCH: Running job: 12-1
08-06 11:30:38.818  9705  9705 I Finsky  : [2] ContentSyncJob.r(1): [ContentSync] job started
08-06 11:30:38.818  9705  9705 I Finsky  : [2] abui.handleMessage(68): SCH: RunningQueue size: 1, PendingQueue size: 0
08-06 11:30:38.818  9705  9705 I Finsky  : [2] abuj.p(3): SCH: Running queue: 12-1
08-06 11:30:38.829 22242 22242 I s17.turnup.tes: The ClassLoaderContext is a special shared library.
08-06 11:30:38.831 22242 22242 I s17.turnup.tes: The ClassLoaderContext is a special shared library.
08-06 11:30:38.872  1831  2147 E SurfaceFlinger: ro.sf.lcd_density must be defined as a build property
08-06 11:30:38.874  1831  2147 E SurfaceFlinger: ro.sf.lcd_density must be defined as a build property
08-06 11:30:38.879 22242 22275 D libEGL  : Emulator has host GPU support, qemu.gles is set to 1.
08-06 11:30:38.880 22242 22275 W libc    : Unable to set property "qemu.gles" to "1": connection failed; errno=13 (Permission denied)
08-06 11:30:38.870 22242 22242 W RenderThread: type=1400 audit(0.0:146): avc: denied { write } for name="property_service" dev="tmpfs" ino=6967 scontext=u:r:untrusted_app:s0:c136,c256,c512,c768 tcontext=u:object_r:property_socket:s0 tclass=sock_file permissive=0
08-06 11:30:38.944  9705 21669 I Finsky  : [1086] glv.b(1): Completed 0 account content syncs with 0 successful.
08-06 11:30:38.945  9705  9705 I Finsky  : [2] ContentSyncJob.a(1): [ContentSync] Installation state replication succeeded.
08-06 11:30:38.945  9705  9705 I Finsky  : [2] abvs.n(4): SCH: jobFinished: 12-1. TimeElapsed: 128ms.
08-06 11:30:38.946  9705  9705 I Finsky  : [2] abuj.e(4): SCH: Job 12-1 finished. Not rescheduling.
08-06 11:30:38.946  9705  9705 I Finsky  : [2] abui.handleMessage(68): SCH: RunningQueue size: 0, PendingQueue size: 0
08-06 11:30:38.946  9705  9705 I Finsky  : [2] abui.handleMessage(26): SCH: Executor finished
08-06 11:30:38.985 22242 22275 D libEGL  : loaded /vendor/lib/egl/libEGL_emulation.so
08-06 11:30:38.985  9705  9705 I Finsky  : [2] abwt.b(5): SCH: Jobs in database: 1-1337 2-48879 3-1 3-2 20-23232323 24-77777777 26-1414141414 31-305419896 34-1 34-2
08-06 11:30:38.989 22242 22275 D libEGL  : loaded /vendor/lib/egl/libGLESv1_CM_emulation.so
08-06 11:30:38.994 22242 22275 D libEGL  : loaded /vendor/lib/egl/libGLESv2_emulation.so
08-06 11:30:38.994  9705  9705 I Finsky  : [2] abvf.d(37): SCH: ConstraintMapping: 24-77777777,  -> L: 0ms, D: 77839841ms, C: false, I: true, N: 0
08-06 11:30:38.994  9705  9705 I Finsky  : [2] abvf.d(37): SCH: ConstraintMapping: 1-1337, 31-305419896, 34-1,  -> L: 3491203ms, D: 42554308ms, C: false, I: false, N: 1
08-06 11:30:38.994  9705  9705 I Finsky  : [2] abvf.d(37): SCH: ConstraintMapping: 3-2, 20-23232323,  -> L: 0ms, D: 77838775ms, C: true, I: false, N: 2
08-06 11:30:38.995  9705  9705 I Finsky  : [2] abvf.d(37): SCH: ConstraintMapping: 34-2,  -> L: 0ms, D: 1291052053ms, C: false, I: true, N: 2
08-06 11:30:38.995  9705  9705 I Finsky  : [2] abvf.d(37): SCH: ConstraintMapping: 2-48879, 3-1, 34-2,  -> L: 0ms, D: 81433136ms, C: true, I: true, N: 2
08-06 11:30:38.995  9705  9705 I Finsky  : [2] abvf.d(37): SCH: ConstraintMapping: 26-1414141414,  -> L: 39203931ms, D: 40103931ms, C: false, I: false, N: 0
08-06 11:30:39.003  9705  9705 I Finsky  : [2] abvf.f(7): SCH: Cancelling existing jobscheduler jobs: 9005 9001 9006 9003 9004
08-06 11:30:39.003  9705  9705 I Finsky  : [2] abvf.e(8): SCH: Throttling wakeup for job 9000 (expected to run in 0 ms) due to recent wakeup
08-06 11:30:39.003  9705  9705 I Finsky  : [2] abvf.e(23): SCH: Scheduling job Id: 9000, L: 30000, D: 77839841, C: false, I: true, N: 0
08-06 11:30:39.006  9705  9705 I Finsky  : [2] abvf.e(23): SCH: Scheduling job Id: 9007, L: 3491203, D: 42554308, C: false, I: false, N: 1
08-06 11:30:39.011  9705  9705 I Finsky  : [2] abvf.e(8): SCH: Throttling wakeup for job 9008 (expected to run in 0 ms) due to recent wakeup
08-06 11:30:39.011  9705  9705 I Finsky  : [2] abvf.e(23): SCH: Scheduling job Id: 9008, L: 30000, D: 77838775, C: true, I: false, N: 2
08-06 11:30:39.014  9705  9705 I Finsky  : [2] abvf.e(8): SCH: Throttling wakeup for job 9009 (expected to run in 0 ms) due to recent wakeup
08-06 11:30:39.014  9705  9705 I Finsky  : [2] abvf.e(23): SCH: Scheduling job Id: 9009, L: 30000, D: 1291052053, C: false, I: true, N: 2
08-06 11:30:39.021  2045  2062 W InputReader: Device has associated, but no associated display id.
08-06 11:30:39.021  9705  9705 I Finsky  : [2] abvf.e(8): SCH: Throttling wakeup for job 9010 (expected to run in 0 ms) due to recent wakeup
08-06 11:30:39.021  2045  2062 W InputReader: Device has associated, but no associated display id.
08-06 11:30:39.021  9705  9705 I Finsky  : [2] abvf.e(23): SCH: Scheduling job Id: 9010, L: 30000, D: 81433136, C: true, I: true, N: 2
08-06 11:30:39.021  2045  2062 W InputReader: Device has associated, but no associated display id.
08-06 11:30:39.030  2045  2062 I chatty  : uid=1000(system) Binder:2045_2 identical 53 lines
08-06 11:30:39.030  2045  2062 W InputReader: Device has associated, but no associated display id.
08-06 11:30:39.030 22209 22209 W ActivityThread: handleWindowVisibility: no activity for token android.os.BinderProxy@fd72703
08-06 11:30:39.030  2045  2062 W InputReader: Device has associated, but no associated display id.
08-06 11:30:39.031  2045  2062 I chatty  : uid=1000(system) Binder:2045_2 identical 1 line
08-06 11:30:39.031  2045  2062 W InputReader: Device has associated, but no associated display id.
08-06 11:30:39.034  9705  9705 I Finsky  : [2] abvf.e(23): SCH: Scheduling job Id: 9011, L: 39203931, D: 40103931, C: false, I: false, N: 0
08-06 11:30:39.052  1831  2037 E SurfaceFlinger: ro.sf.lcd_density must be defined as a build property
08-06 11:30:39.052  1831  2037 E SurfaceFlinger: ro.sf.lcd_density must be defined as a build property
08-06 11:30:39.055 22209 22280 D libEGL  : Emulator has host GPU support, qemu.gles is set to 1.
08-06 11:30:39.055 22209 22280 W libc    : Unable to set property "qemu.gles" to "1": connection failed; errno=13 (Permission denied)
08-06 11:30:39.040 22209 22209 W RenderThread: type=1400 audit(0.0:147): avc: denied { write } for name="property_service" dev="tmpfs" ino=6967 scontext=u:r:untrusted_app:s0:c135,c256,c512,c768 tcontext=u:object_r:property_socket:s0 tclass=sock_file permissive=0
08-06 11:30:39.105 22209 22280 D libEGL  : loaded /vendor/lib/egl/libEGL_emulation.so
08-06 11:30:39.109 22209 22280 D libEGL  : loaded /vendor/lib/egl/libGLESv1_CM_emulation.so
08-06 11:30:39.119 22209 22280 D libEGL  : loaded /vendor/lib/egl/libGLESv2_emulation.so
08-06 11:30:39.121 10711 12189 D EGL_emulation: eglMakeCurrent: 0xf5e54a60: ver 2 0 (tinfo 0xdf7c1000)
08-06 11:30:39.127  2732  3318 D EGL_emulation: eglMakeCurrent: 0xf5e544c0: ver 2 0 (tinfo 0xebd73f00)
08-06 11:30:39.188 22209 22209 D LifecycleMonitor: Lifecycle status change: com.hkxps17.turnup.LoginActivity@cabaac in: PRE_ON_CREATE
08-06 11:30:39.189 22209 22209 V ActivityScenario: Activity lifecycle changed event received but ignored because the reported transition was not ON_CREATE while the last known transition was PRE_ON_CREATE
08-06 11:30:39.280 22209 22209 W .hkxps17.turnu: Accessing hidden method Landroid/view/View;->computeFitSystemWindows(Landroid/graphics/Rect;Landroid/graphics/Rect;)Z (greylist, reflection, allowed)
08-06 11:30:39.280 22209 22209 W .hkxps17.turnu: Accessing hidden method Landroid/view/ViewGroup;->makeOptionalFitsSystemWindows()V (greylist, reflection, allowed)
08-06 11:30:39.403 22209 22209 I .hkxps17.turnu: The ClassLoaderContext is a special shared library.
08-06 11:30:39.407 22209 22209 I .hkxps17.turnu: The ClassLoaderContext is a special shared library.
08-06 11:30:39.462 22209 22209 I DynamiteModule: Considering local module com.google.android.gms.signinbutton_dynamite:0 and remote module com.google.android.gms.signinbutton_dynamite:2
08-06 11:30:39.462 22209 22209 I DynamiteModule: Selected remote version of com.google.android.gms.signinbutton_dynamite, version >= 2
08-06 11:30:39.723 22209 22209 D LoginActivity: OnCreate
08-06 11:30:39.726 22209 22209 D LifecycleMonitor: Lifecycle status change: com.hkxps17.turnup.LoginActivity@cabaac in: CREATED
08-06 11:30:39.726 22209 22209 V ActivityScenario: Update currentActivityStage to CREATED, currentActivity=com.hkxps17.turnup.LoginActivity@cabaac
08-06 11:30:39.741  1812  2494 E GnssHAL_GnssInterface: gnssSvStatusCb: a: input svInfo.flags is 8
08-06 11:30:39.741  1812  2494 E GnssHAL_GnssInterface: gnssSvStatusCb: b: input svInfo.flags is 8
08-06 11:30:39.755 22209 22209 D LoginActivity: OnStart
08-06 11:30:39.761 22209 22209 D LoginActivity: No user signed in
08-06 11:30:39.761 22209 22209 D LifecycleMonitor: Lifecycle status change: com.hkxps17.turnup.LoginActivity@cabaac in: STARTED
08-06 11:30:39.762 22209 22209 V ActivityScenario: Update currentActivityStage to STARTED, currentActivity=com.hkxps17.turnup.LoginActivity@cabaac
08-06 11:30:39.769 22209 22209 D LifecycleMonitor: Lifecycle status change: com.hkxps17.turnup.LoginActivity@cabaac in: RESUMED
08-06 11:30:39.769 22209 22209 V ActivityScenario: Update currentActivityStage to RESUMED, currentActivity=com.hkxps17.turnup.LoginActivity@cabaac
08-06 11:30:39.886 22209 22240 D EventInjectionStrategy: Creating injection strategy with input manager.
08-06 11:30:39.886 22209 22240 W .hkxps17.turnu: Accessing hidden method Landroid/hardware/input/InputManager;->getInstance()Landroid/hardware/input/InputManager; (greylist, reflection, allowed)
08-06 11:30:39.886 22209 22240 W .hkxps17.turnu: Accessing hidden method Landroid/hardware/input/InputManager;->injectInputEvent(Landroid/view/InputEvent;I)Z (greylist, reflection, allowed)
08-06 11:30:39.886 22209 22240 W .hkxps17.turnu: Accessing hidden field Landroid/hardware/input/InputManager;->INJECT_INPUT_EVENT_MODE_WAIT_FOR_FINISH:I (greylist, reflection, allowed)
08-06 11:30:39.911 22209 22279 D HostConnection: HostConnection::get() New Host Connection established 0xdf70d770, tid 22279
08-06 11:30:39.913 22209 22279 D HostConnection: HostComposition ext ANDROID_EMU_CHECKSUM_HELPER_v1 ANDROID_EMU_dma_v1 ANDROID_EMU_direct_mem ANDROID_EMU_host_composition_v1 ANDROID_EMU_host_composition_v2 ANDROID_EMU_vulkan ANDROID_EMU_deferred_vulkan_commands ANDROID_EMU_vulkan_null_optional_strings ANDROID_EMU_vulkan_create_resources_with_requirements ANDROID_EMU_YUV420_888_to_NV21 ANDROID_EMU_YUV_Cache ANDROID_EMU_vulkan_free_memory_sync ANDROID_EMU_vulkan_shader_float16_int8 ANDROID_EMU_vulkan_async_queue_submit ANDROID_EMU_sync_buffer_data GL_OES_vertex_array_object GL_KHR_texture_compression_astc_ldr ANDROID_EMU_host_side_tracing ANDROID_EMU_gles_max_version_2
08-06 11:30:39.959 22209 22279 W OpenGLRenderer: Failed to choose config with EGL_SWAP_BEHAVIOR_PRESERVED, retrying without...
08-06 11:30:39.981 22209 22279 D eglCodecCommon: setVertexArrayObject: set vao to 0 (0) 0 0
08-06 11:30:39.981 22209 22279 D EGL_emulation: eglCreateContext: 0xebcb5000: maj 2 min 0 rcv 2
08-06 11:30:40.027 22209 22279 D EGL_emulation: eglMakeCurrent: 0xebcb5000: ver 2 0 (tinfo 0xebcaf350)
08-06 11:30:40.037  1813  1813 D gralloc_ranchu: gralloc_alloc: Creating ashmem region of size 9334784
08-06 11:30:40.040  1683  1683 I hwservicemanager: getTransport: Cannot find entry android.hardware.graphics.mapper@3.0::IMapper/default in either framework or device manifest.
08-06 11:30:40.041 22209 22279 W Gralloc3: mapper 3.x is not supported
08-06 11:30:40.042 22209 22279 D HostConnection: createUnique: call
08-06 11:30:40.043 22209 22279 D HostConnection: HostConnection::get() New Host Connection established 0xdf710600, tid 22279
08-06 11:30:40.044 22209 22279 D HostConnection: HostComposition ext ANDROID_EMU_CHECKSUM_HELPER_v1 ANDROID_EMU_dma_v1 ANDROID_EMU_direct_mem ANDROID_EMU_host_composition_v1 ANDROID_EMU_host_composition_v2 ANDROID_EMU_vulkan ANDROID_EMU_deferred_vulkan_commands ANDROID_EMU_vulkan_null_optional_strings ANDROID_EMU_vulkan_create_resources_with_requirements ANDROID_EMU_YUV420_888_to_NV21 ANDROID_EMU_YUV_Cache ANDROID_EMU_vulkan_free_memory_sync ANDROID_EMU_vulkan_shader_float16_int8 ANDROID_EMU_vulkan_async_queue_submit ANDROID_EMU_sync_buffer_data GL_OES_vertex_array_object GL_KHR_texture_compression_astc_ldr ANDROID_EMU_host_side_tracing ANDROID_EMU_gles_max_version_2
08-06 11:30:40.045 22209 22279 D eglCodecCommon: allocate: Ask for block of size 0x1000
08-06 11:30:40.045 22209 22279 D eglCodecCommon: allocate: ioctl allocate returned offset 0x3ff70a000 size 0x2000
08-06 11:30:40.049  1813  1813 D gralloc_ranchu: gralloc_alloc: Creating ashmem region of size 9334784
08-06 11:30:40.054  1813  1813 D gralloc_ranchu: gralloc_alloc: Creating ashmem region of size 9334784
08-06 11:30:40.074 22209 22279 D EGL_emulation: eglMakeCurrent: 0xebcb5000: ver 2 0 (tinfo 0xebcaf350)
08-06 11:30:40.084 22209 22279 D eglCodecCommon: setVertexArrayObject: set vao to 0 (0) 1 0
08-06 11:30:40.176  2045  2073 I ActivityTaskManager: Displayed com.hkxps17.turnup/.LoginActivity: +1s736ms
08-06 11:30:40.222 10711 21928 I PBSessionCacheImpl: Deleted sessionId[291475560064] from persistence.
08-06 11:30:40.227 22209 22240 W .hkxps17.turnu: Accessing hidden method Landroid/view/ViewConfiguration;->getDoubleTapMinTime()I (greylist, reflection, allowed)
08-06 11:30:40.243 10711 10749 W SearchServiceCore: Abort, client detached.
08-06 11:30:40.244 10711 10749 I StreamController: cleanUpControllerScope(nowcards-15-56a29d-2aa6)
08-06 11:30:40.247 22209 22209 W .hkxps17.turnu: Accessing hidden method Landroid/os/MessageQueue;->next()Landroid/os/Message; (greylist, reflection, allowed)
08-06 11:30:40.247 22209 22209 W .hkxps17.turnu: Accessing hidden field Landroid/os/MessageQueue;->mMessages:Landroid/os/Message; (greylist, reflection, allowed)
08-06 11:30:40.247 22209 22209 W .hkxps17.turnu: Accessing hidden method Landroid/os/Message;->recycleUnchecked()V (greylist, reflection, allowed)
08-06 11:30:40.255 22209 22209 W .hkxps17.turnu: Accessing hidden method Landroid/view/WindowManagerGlobal;->getInstance()Landroid/view/WindowManagerGlobal; (greylist, reflection, allowed)
08-06 11:30:40.256 22209 22209 W .hkxps17.turnu: Accessing hidden field Landroid/view/WindowManagerGlobal;->mViews:Ljava/util/ArrayList; (greylist, reflection, allowed)
08-06 11:30:40.256 22209 22209 W .hkxps17.turnu: Accessing hidden field Landroid/view/WindowManagerGlobal;->mParams:Ljava/util/ArrayList; (greylist, reflection, allowed)
08-06 11:30:40.276 22209 22209 I ViewInteraction: Performing 'single click' action on view (an instance of android.widget.TextView and view.getText() with or without transformation to match: is "Sign in" and Child at position 0 in parent (view.getId() is <2131231208/com.hkxps17.turnup:id/sign_in_button> and Child at position 3 in parent view.getClass().getName() matches: is "androidx.constraintlayout.widget.ConstraintLayout") and (view has effective visibility <VISIBLE> and view.getGlobalVisibleRect() to return non-empty rectangle))
08-06 11:30:40.291 22209 22240 W .hkxps17.turnu: Accessing hidden method Lsun/misc/Unsafe;->getUnsafe()Lsun/misc/Unsafe; (greylist,core-platform-api, linking, allowed)
08-06 11:30:40.291 22209 22240 W .hkxps17.turnu: Accessing hidden method Lsun/misc/Unsafe;->objectFieldOffset(Ljava/lang/reflect/Field;)J (greylist,core-platform-api, linking, allowed)
08-06 11:30:40.292 22209 22240 W .hkxps17.turnu: Accessing hidden method Lsun/misc/Unsafe;->putObject(Ljava/lang/Object;JLjava/lang/Object;)V (greylist, linking, allowed)
08-06 11:30:40.299 22209 22289 W .hkxps17.turnu: Accessing hidden method Lsun/misc/Unsafe;->compareAndSwapObject(Ljava/lang/Object;JLjava/lang/Object;Ljava/lang/Object;)Z (greylist, linking, allowed)
08-06 11:30:40.300 22209 22289 W .hkxps17.turnu: Accessing hidden method Lsun/misc/Unsafe;->getObject(Ljava/lang/Object;J)Ljava/lang/Object; (greylist, linking, allowed)
08-06 11:30:40.322 10890 10907 I FontLog : Received query Noto Color Emoji Compat, URI content://com.google.android.gms.fonts [CONTEXT service_id=132 ]
08-06 11:30:40.322 10890 10907 I FontLog : Query [emojicompat-emoji-font] resolved to {Noto Color Emoji Compat, wdth 100.0, wght 400, ital 0.0, bestEffort false} [CONTEXT service_id=132 ]
08-06 11:30:40.324 10890 10907 I FontLog : Fetch {Noto Color Emoji Compat, wdth 100.0, wght 400, ital 0.0, bestEffort false} end status Status{statusCode=SUCCESS, resolution=null} [CONTEXT service_id=132 ]
08-06 11:30:40.351 10890 10907 I FontLog : Pulling font file for id = 46, cache size = 8 [CONTEXT service_id=132 ]
08-06 11:30:40.373 10890 10907 I FontLog : Pulling font file for id = 46, cache size = 8 [CONTEXT service_id=132 ]
08-06 11:30:40.393 22209 22209 D LoginActivity: signIN
08-06 11:30:40.401  1788  7753 W audio_hw_generic: Not supplying enough data to HAL, expected position 14878476 , only wrote 14878449
08-06 11:30:40.452 22209 22209 D LifecycleMonitor: Lifecycle status change: com.hkxps17.turnup.LoginActivity@cabaac in: PAUSED
08-06 11:30:40.452 22209 22209 V ActivityScenario: Update currentActivityStage to PAUSED, currentActivity=com.hkxps17.turnup.LoginActivity@cabaac
08-06 11:30:40.453  2045  3315 W InputReader: Device has associated, but no associated display id.
08-06 11:30:40.463  2045  3315 I chatty  : uid=1000(system) Binder:2045_1A identical 38 lines
08-06 11:30:40.463  2045  3315 W InputReader: Device has associated, but no associated display id.
08-06 11:30:40.470  2045  2073 E memtrack: Couldn't load memtrack module
08-06 11:30:40.470  2045  2073 W android.os.Debug: failed to get memory consumption info: -1
08-06 11:30:40.476 22209 22209 W ActivityThread: handleWindowVisibility: no activity for token android.os.BinderProxy@744ab66
08-06 11:30:40.502 22209 22209 D LifecycleMonitor: Lifecycle status change: com.google.android.gms.auth.api.signin.internal.SignInHubActivity@7d17cc0 in: PRE_ON_CREATE
08-06 11:30:40.502 22209 22209 V ActivityScenario: Activity lifecycle changed event received but ignored because the intent does not match. startActivityIntent=Intent { act=android.intent.action.MAIN cat=[android.intent.category.LAUNCHER] cmp=com.hkxps17.turnup/.LoginActivity }, activity.getIntent()=Intent { act=com.google.android.gms.auth.GOOGLE_SIGN_IN flg=0x800000 pkg=com.hkxps17.turnup cmp=com.hkxps17.turnup/com.google.android.gms.auth.api.signin.internal.SignInHubActivity (has extras) }, activity=com.google.android.gms.auth.api.signin.internal.SignInHubActivity@7d17cc0
08-06 11:30:40.537 22209 22209 D LifecycleMonitor: Lifecycle status change: com.google.android.gms.auth.api.signin.internal.SignInHubActivity@7d17cc0 in: CREATED
08-06 11:30:40.538 22209 22209 V ActivityScenario: Activity lifecycle changed event received but ignored because the intent does not match. startActivityIntent=Intent { act=android.intent.action.MAIN cat=[android.intent.category.LAUNCHER] cmp=com.hkxps17.turnup/.LoginActivity }, activity.getIntent()=Intent { act=com.google.android.gms.auth.GOOGLE_SIGN_IN flg=0x800000 pkg=com.hkxps17.turnup cmp=com.hkxps17.turnup/com.google.android.gms.auth.api.signin.internal.SignInHubActivity (has extras) }, activity=com.google.android.gms.auth.api.signin.internal.SignInHubActivity@7d17cc0
08-06 11:30:40.541 22209 22209 D LifecycleMonitor: Lifecycle status change: com.google.android.gms.auth.api.signin.internal.SignInHubActivity@7d17cc0 in: STARTED
08-06 11:30:40.541 22209 22209 V ActivityScenario: Activity lifecycle changed event received but ignored because the intent does not match. startActivityIntent=Intent { act=android.intent.action.MAIN cat=[android.intent.category.LAUNCHER] cmp=com.hkxps17.turnup/.LoginActivity }, activity.getIntent()=Intent { act=com.google.android.gms.auth.GOOGLE_SIGN_IN flg=0x800000 pkg=com.hkxps17.turnup cmp=com.hkxps17.turnup/com.google.android.gms.auth.api.signin.internal.SignInHubActivity (has extras) }, activity=com.google.android.gms.auth.api.signin.internal.SignInHubActivity@7d17cc0
08-06 11:30:40.542 22209 22209 D LifecycleMonitor: Lifecycle status change: com.google.android.gms.auth.api.signin.internal.SignInHubActivity@7d17cc0 in: RESUMED
08-06 11:30:40.542 22209 22209 V ActivityScenario: Activity lifecycle changed event received but ignored because the intent does not match. startActivityIntent=Intent { act=android.intent.action.MAIN cat=[android.intent.category.LAUNCHER] cmp=com.hkxps17.turnup/.LoginActivity }, activity.getIntent()=Intent { act=com.google.android.gms.auth.GOOGLE_SIGN_IN flg=0x800000 pkg=com.hkxps17.turnup cmp=com.hkxps17.turnup/com.google.android.gms.auth.api.signin.internal.SignInHubActivity (has extras) }, activity=com.google.android.gms.auth.api.signin.internal.SignInHubActivity@7d17cc0
08-06 11:30:40.573  1813  1813 D gralloc_ranchu: gralloc_alloc: Creating ashmem region of size 9334784
08-06 11:30:40.579  1813 15468 D gralloc_ranchu: gralloc_alloc: Creating ashmem region of size 9334784
08-06 11:30:40.581 22209 22279 D EGL_emulation: eglMakeCurrent: 0xebcb5000: ver 2 0 (tinfo 0xebcaf350)
08-06 11:30:40.582  1813  1813 D gralloc_ranchu: gralloc_alloc: Creating ashmem region of size 9334784
08-06 11:30:40.600 22209 22279 D EGL_emulation: eglMakeCurrent: 0xebcb5000: ver 2 0 (tinfo 0xebcaf350)
08-06 11:30:40.626 22209 22209 D LifecycleMonitor: Lifecycle status change: com.google.android.gms.auth.api.signin.internal.SignInHubActivity@7d17cc0 in: PAUSED
08-06 11:30:40.627 22209 22209 V ActivityScenario: Activity lifecycle changed event received but ignored because the intent does not match. startActivityIntent=Intent { act=android.intent.action.MAIN cat=[android.intent.category.LAUNCHER] cmp=com.hkxps17.turnup/.LoginActivity }, activity.getIntent()=Intent { act=com.google.android.gms.auth.GOOGLE_SIGN_IN flg=0x800000 pkg=com.hkxps17.turnup cmp=com.hkxps17.turnup/com.google.android.gms.auth.api.signin.internal.SignInHubActivity (has extras) }, activity=com.google.android.gms.auth.api.signin.internal.SignInHubActivity@7d17cc0
08-06 11:30:40.627  2045  2336 W InputReader: Device has associated, but no associated display id.
08-06 11:30:40.629  2045  2336 I chatty  : uid=1000(system) Binder:2045_5 identical 28 lines
08-06 11:30:40.629  2045  2336 W InputReader: Device has associated, but no associated display id.
08-06 11:30:40.629 17442 17442 W ActivityThread: handleWindowVisibility: no activity for token android.os.BinderProxy@d4735b6
08-06 11:30:40.632  2045  2336 W InputReader: Device has associated, but no associated display id.
08-06 11:30:40.632  2045  2336 I chatty  : uid=1000(system) Binder:2045_5 identical 8 lines
08-06 11:30:40.632  2045  2336 W InputReader: Device has associated, but no associated display id.
08-06 11:30:40.656 12082 12082 D BoundBrokerSvc: onBind: Intent { act=com.google.android.gms.signin.service.START dat=chimera-action:com.google.android.gms.signin.service.START cmp=com.google.android.gms/.chimera.GmsApiService }
08-06 11:30:40.656 12082 12082 D BoundBrokerSvc: Loading bound service for intent: Intent { act=com.google.android.gms.signin.service.START dat=chimera-action:com.google.android.gms.signin.service.START cmp=com.google.android.gms/.chimera.GmsApiService }
08-06 11:30:40.679 22209 22279 D EGL_emulation: eglMakeCurrent: 0xebcb5000: ver 2 0 (tinfo 0xebcaf350)
08-06 11:30:40.706  1813  1813 D gralloc_ranchu: gralloc_alloc: Creating ashmem region of size 4096
08-06 11:30:40.713  1813  1813 I chatty  : uid=1000(system) allocator@2.0-s identical 1 line
08-06 11:30:40.717  1813  1813 D gralloc_ranchu: gralloc_alloc: Creating ashmem region of size 4096
08-06 11:30:40.719  2045  2069 W InputReader: Device has associated, but no associated display id.
08-06 11:30:40.721  2045  2069 I chatty  : uid=1000(system) android.anim identical 18 lines
08-06 11:30:40.721  2045  2069 W InputReader: Device has associated, but no associated display id.
08-06 11:30:40.738  2045  2073 I ActivityTaskManager: Displayed com.google.android.gms/.auth.api.signin.ui.SignInActivity: +99ms
08-06 11:30:40.741  1812  2494 E GnssHAL_GnssInterface: gnssSvStatusCb: a: input svInfo.flags is 8
08-06 11:30:40.741  1812  2494 E GnssHAL_GnssInterface: gnssSvStatusCb: b: input svInfo.flags is 8
08-06 11:30:40.768  2045  2336 W InputReader: Device has associated, but no associated display id.
08-06 11:30:40.773  2045  2336 I chatty  : uid=1000(system) Binder:2045_5 identical 38 lines
08-06 11:30:40.773  2045  2336 W InputReader: Device has associated, but no associated display id.
08-06 11:30:40.775 17442 17442 W ActivityThread: handleWindowVisibility: no activity for token android.os.BinderProxy@ebee587
08-06 11:30:40.807  2045  2336 W InputReader: Device has associated, but no associated display id.
08-06 11:30:40.812  2045  2336 I chatty  : uid=1000(system) Binder:2045_5 identical 38 lines
08-06 11:30:40.812  2045  2336 W InputReader: Device has associated, but no associated display id.
08-06 11:30:40.831  1813  1813 D gralloc_ranchu: gralloc_alloc: Creating ashmem region of size 9334784
08-06 11:30:40.839  1813  1813 I chatty  : uid=1000(system) allocator@2.0-s identical 1 line
08-06 11:30:40.841  1813  1813 D gralloc_ranchu: gralloc_alloc: Creating ashmem region of size 9334784
08-06 11:30:40.846 17442 17477 D EGL_emulation: eglMakeCurrent: 0xe2c1a360: ver 2 0 (tinfo 0xe2c0f8d0)
08-06 11:30:40.861 17442 17442 W ActivityThread: handleWindowVisibility: no activity for token android.os.BinderProxy@925039b
08-06 11:30:40.915 17442 17486 E djrt    : *~*~*~ Channel {0} was not shutdown properly!!! ~*~*~*
08-06 11:30:40.915 17442 17486 E djrt    :     Make sure to call shutdown()/shutdownNow() and wait until awaitTermination() returns true.
08-06 11:30:40.915 17442 17486 E djrt    : java.lang.RuntimeException: ManagedChannel allocation site
08-06 11:30:40.915 17442 17486 E djrt    : 	at djrs.<init>(:com.google.android.gms@222615031@22.26.15 (100700-461192076):3)
08-06 11:30:40.915 17442 17486 E djrt    : 	at djrt.<init>(:com.google.android.gms@222615031@22.26.15 (100700-461192076):2)
08-06 11:30:40.915 17442 17486 E djrt    : 	at djke.a(:com.google.android.gms@222615031@22.26.15 (100700-461192076):22)
08-06 11:30:40.915 17442 17486 E djrt    : 	at yyi.c(:com.google.android.gms@222615031@22.26.15 (100700-461192076):22)
08-06 11:30:40.915 17442 17486 E djrt    : 	at yyi.d(:com.google.android.gms@222615031@22.26.15 (100700-461192076):1)
08-06 11:30:40.915 17442 17486 E djrt    : 	at biak.call(:com.google.android.gms@222615031@22.26.15 (100700-461192076):31)
08-06 11:30:40.915 17442 17486 E djrt    : 	at java.util.concurrent.FutureTask.run(FutureTask.java:266)
08-06 11:30:40.915 17442 17486 E djrt    : 	at zeu.c(:com.google.android.gms@222615031@22.26.15 (100700-461192076):6)
08-06 11:30:40.915 17442 17486 E djrt    : 	at zeu.run(:com.google.android.gms@222615031@22.26.15 (100700-461192076):7)
08-06 11:30:40.915 17442 17486 E djrt    : 	at java.util.concurrent.ThreadPoolExecutor.runWorker(ThreadPoolExecutor.java:1167)
08-06 11:30:40.915 17442 17486 E djrt    : 	at java.util.concurrent.ThreadPoolExecutor$Worker.run(ThreadPoolExecutor.java:641)
08-06 11:30:40.915 17442 17486 E djrt    : 	at zjz.run(:com.google.android.gms@222615031@22.26.15 (100700-461192076):0)
08-06 11:30:40.915 17442 17486 E djrt    : 	at java.lang.Thread.run(Thread.java:919)
08-06 11:30:40.934  1813  1813 D gralloc_ranchu: gralloc_alloc: Creating ashmem region of size 4096
08-06 11:30:40.934 17442 17497 W Conscrypt: Could not set socket write timeout: java.net.SocketException: Socket closed
08-06 11:30:40.935 17442 17497 W Conscrypt: 	at com.google.android.gms.org.conscrypt.Platform.setSocketWriteTimeout(:com.google.android.gms@222615031@22.26.15 (100700-461192076):2)
08-06 11:30:40.935 17442 17497 W Conscrypt: 	at com.google.android.gms.org.conscrypt.ConscryptFileDescriptorSocket.setSoWriteTimeout(:com.google.android.gms@222615031@22.26.15 (100700-461192076):0)
08-06 11:30:40.945  2045  2069 W InputReader: Device has associated, but no associated display id.
08-06 11:30:40.945  2045  2069 I chatty  : uid=1000(system) android.anim identical 9 lines
08-06 11:30:40.946  2045  2069 W InputReader: Device has associated, but no associated display id.
08-06 11:30:40.946  1813  1813 D gralloc_ranchu: gralloc_alloc: Creating ashmem region of size 4096
08-06 11:30:40.946  2045  2069 W InputReader: Device has associated, but no associated display id.
08-06 11:30:40.946  2045  2069 I chatty  : uid=1000(system) android.anim identical 7 lines
08-06 11:30:40.946  2045  2069 W InputReader: Device has associated, but no associated display id.
08-06 11:30:40.948  1813  1813 D gralloc_ranchu: gralloc_alloc: Creating ashmem region of size 4096
08-06 11:30:41.085 17442 17497 W Conscrypt: Could not set socket write timeout: java.net.SocketException: Socket closed
08-06 11:30:41.085 17442 17497 W Conscrypt: 	at com.google.android.gms.org.conscrypt.Platform.setSocketWriteTimeout(:com.google.android.gms@222615031@22.26.15 (100700-461192076):2)
08-06 11:30:41.086 17442 17497 W Conscrypt: 	at com.google.android.gms.org.conscrypt.ConscryptFileDescriptorSocket.setSoWriteTimeout(:com.google.android.gms@222615031@22.26.15 (100700-461192076):0)
08-06 11:30:41.311  2045  2062 W InputReader: Device has associated, but no associated display id.
08-06 11:30:41.337  2045  2062 I chatty  : uid=1000(system) Binder:2045_2 identical 38 lines
08-06 11:30:41.337  2045  2062 W InputReader: Device has associated, but no associated display id.
08-06 11:30:41.347 17442 17442 W ActivityThread: handleWindowVisibility: no activity for token android.os.BinderProxy@6aaed09
08-06 11:30:41.482  2045  2154 W InputReader: Device has associated, but no associated display id.
08-06 11:30:41.504  2045  2154 I chatty  : uid=1000(system) Binder:2045_4 identical 48 lines
08-06 11:30:41.504  2045  2154 W InputReader: Device has associated, but no associated display id.
08-06 11:30:41.512 17442 17442 W ActivityThread: handleWindowVisibility: no activity for token android.os.BinderProxy@1ec2a79
08-06 11:30:41.742  1812  2494 E GnssHAL_GnssInterface: gnssSvStatusCb: a: input svInfo.flags is 8
08-06 11:30:41.742  1812  2494 E GnssHAL_GnssInterface: gnssSvStatusCb: b: input svInfo.flags is 8
08-06 11:30:41.807  1813  1813 D gralloc_ranchu: gralloc_alloc: Creating ashmem region of size 6057984
08-06 11:30:41.832  1813  1813 D gralloc_ranchu: gralloc_alloc: Creating ashmem region of size 6057984
08-06 11:30:41.846 17442 17477 D EGL_emulation: eglMakeCurrent: 0xe2c1a360: ver 2 0 (tinfo 0xe2c0f8d0)
08-06 11:30:41.880  1813  1813 D gralloc_ranchu: gralloc_alloc: Creating ashmem region of size 6057984
08-06 11:30:41.920 22209 22240 D InteractionController: clickNoSync (707, 1006)
08-06 11:30:41.921  2045  2069 W InputReader: Device has associated, but no associated display id.
08-06 11:30:41.922  2045  2069 I chatty  : uid=1000(system) android.anim identical 8 lines
08-06 11:30:41.922  2045  2069 W InputReader: Device has associated, but no associated display id.
08-06 11:30:42.161  2045  2154 W InputReader: Device has associated, but no associated display id.
08-06 11:30:42.162  2045  2154 I chatty  : uid=1000(system) Binder:2045_4 identical 8 lines
08-06 11:30:42.162  2045  2154 W InputReader: Device has associated, but no associated display id.
08-06 11:30:42.208  2045  2336 W InputReader: Device has associated, but no associated display id.
08-06 11:30:42.246  2045  2336 I chatty  : uid=1000(system) Binder:2045_5 identical 38 lines
08-06 11:30:42.246  2045  2336 W InputReader: Device has associated, but no associated display id.
08-06 11:30:42.249  1825  1985 D AF::Track: interceptBuffer: took 220us to intercept 0 tracks
08-06 11:30:42.318 17442 17477 D EGL_emulation: eglMakeCurrent: 0xe2c1a360: ver 2 0 (tinfo 0xe2c0f8d0)
08-06 11:30:42.339 17442 17477 D OpenGLRenderer: endAllActiveAnimators on 0xc6b39080 (ListView) with handle 0xc613fab0
08-06 11:30:42.532 22209 22240 W .hkxps17.turnu: Accessing hidden method Lsun/misc/Unsafe;->compareAndSwapObject(Ljava/lang/Object;JLjava/lang/Object;Ljava/lang/Object;)Z (greylist, linking, allowed)
08-06 11:30:42.537 22209 22209 W RootViewPicker: No activity currently resumed - waiting: 10ms for one to appear.
08-06 11:30:42.547 10890 10890 D BoundBrokerSvc: onBind: Intent { act=com.google.android.gms.auth.account.workaccount.START dat=chimera-action:com.google.android.gms.auth.account.workaccount.START cmp=com.google.android.gms/.chimera.PersistentApiService }
08-06 11:30:42.547 10890 10890 D BoundBrokerSvc: Loading bound service for intent: Intent { act=com.google.android.gms.auth.account.workaccount.START dat=chimera-action:com.google.android.gms.auth.account.workaccount.START cmp=com.google.android.gms/.chimera.PersistentApiService }
08-06 11:30:42.557 22209 22209 W RootViewPicker: No activity currently resumed - waiting: 50ms for one to appear.
08-06 11:30:42.610 22209 22209 W RootViewPicker: No activity currently resumed - waiting: 100ms for one to appear.
08-06 11:30:42.679  2045  2154 W InputReader: Device has associated, but no associated display id.
08-06 11:30:42.680  2045  2154 I chatty  : uid=1000(system) Binder:2045_4 identical 8 lines
08-06 11:30:42.680  2045  2154 W InputReader: Device has associated, but no associated display id.
08-06 11:30:42.715 22209 22209 W RootViewPicker: No activity currently resumed - waiting: 500ms for one to appear.
08-06 11:30:42.722  2045  3313 W InputReader: Device has associated, but no associated display id.
08-06 11:30:42.735  2045  3313 I chatty  : uid=1000(system) Binder:2045_18 identical 27 lines
08-06 11:30:42.735  2045  3313 W InputReader: Device has associated, but no associated display id.
08-06 11:30:42.743  1812  2494 E GnssHAL_GnssInterface: gnssSvStatusCb: a: input svInfo.flags is 8
08-06 11:30:42.743  1812  2494 E GnssHAL_GnssInterface: gnssSvStatusCb: b: input svInfo.flags is 8
08-06 11:30:42.747  2045  3313 W InputReader: Device has associated, but no associated display id.
08-06 11:30:42.758  2045  3313 I chatty  : uid=1000(system) Binder:2045_18 identical 9 lines
08-06 11:30:42.758  2045  3313 W InputReader: Device has associated, but no associated display id.
08-06 11:30:42.791  2045  2336 W InputReader: Device has associated, but no associated display id.
08-06 11:30:42.792  2045  2336 I chatty  : uid=1000(system) Binder:2045_5 identical 8 lines
08-06 11:30:42.793  2045  2336 W InputReader: Device has associated, but no associated display id.
08-06 11:30:42.852  2045  2154 W InputReader: Device has associated, but no associated display id.
08-06 11:30:42.873  2045  2154 I chatty  : uid=1000(system) Binder:2045_4 identical 38 lines
08-06 11:30:42.873  2045  2154 W InputReader: Device has associated, but no associated display id.
08-06 11:30:43.214 10890 10890 D BoundBrokerSvc: onUnbind: Intent { act=com.google.android.contextmanager.service.ContextManagerService.START dat=chimera-action:com.google.android.contextmanager.service.ContextManagerService.START cmp=com.google.android.gms/.chimera.PersistentApiService }
08-06 11:30:43.219 22209 22209 W RootViewPicker: No activity currently resumed - waiting: 2000ms for one to appear.
08-06 11:30:43.242 17442 17456 I .android.gms.u: Background concurrent copying GC freed 7767(451KB) AllocSpace objects, 0(0B) LOS objects, 49% free, 3189KB/6379KB, paused 2.090ms total 149.539ms
08-06 11:30:43.398 12082 12117 I MdiSyncModule: Receiving API connection from package 'com.google.android.gms'...
08-06 11:30:43.399 12082 12117 I MdiSyncModule: API connection successful!
08-06 11:30:43.402 12082 12117 I MdiSyncModule: Received request for operation '1' from package 'com.google.android.gms', instance id 'profile-OneGoogle', version '1'...
08-06 11:30:43.403 12082 12117 I MdiSyncModule: Operation '1' dispatched!
08-06 11:30:43.404 12082 12327 I MdiSyncModule: Executing operation '1'...
08-06 11:30:43.728 12082 12368 I cr_CronetUrlRequestContext: destroyNativeStreamLocked org.chromium.net.impl.CronetBidirectionalStream@3da6755
08-06 11:30:43.742  1812  2494 E GnssHAL_GnssInterface: gnssSvStatusCb: a: input svInfo.flags is 8
08-06 11:30:43.743  1812  2494 E GnssHAL_GnssInterface: gnssSvStatusCb: b: input svInfo.flags is 8
08-06 11:30:43.848 12082 12327 E OneGoogle: GetPeopleResponse contains no persons
08-06 11:30:43.849 12082 12327 I MdiSyncModule: Operation '1' completed successfully!
08-06 11:30:43.859  2045  2154 W InputReader: Device has associated, but no associated display id.
08-06 11:30:43.920  2045  2154 I chatty  : uid=1000(system) Binder:2045_4 identical 48 lines
08-06 11:30:43.920  2045  2154 W InputReader: Device has associated, but no associated display id.
08-06 11:30:44.050 22209 22209 D LifecycleMonitor: Lifecycle status change: com.google.android.gms.auth.api.signin.internal.SignInHubActivity@7d17cc0 in: RESUMED
08-06 11:30:44.057 22209 22209 V ActivityScenario: Activity lifecycle changed event received but ignored because the intent does not match. startActivityIntent=Intent { act=android.intent.action.MAIN cat=[android.intent.category.LAUNCHER] cmp=com.hkxps17.turnup/.LoginActivity }, activity.getIntent()=Intent { act=com.google.android.gms.auth.GOOGLE_SIGN_IN flg=0x800000 pkg=com.hkxps17.turnup cmp=com.hkxps17.turnup/com.google.android.gms.auth.api.signin.internal.SignInHubActivity (has extras) }, activity=com.google.android.gms.auth.api.signin.internal.SignInHubActivity@7d17cc0
08-06 11:30:44.087  2045  3315 W InputReader: Device has associated, but no associated display id.
08-06 11:30:44.088  2045  3315 I chatty  : uid=1000(system) Binder:2045_1A identical 8 lines
08-06 11:30:44.088  2045  3315 W InputReader: Device has associated, but no associated display id.
08-06 11:30:44.114 22209 22209 D LifecycleMonitor: Lifecycle status change: com.google.android.gms.auth.api.signin.internal.SignInHubActivity@7d17cc0 in: PAUSED
08-06 11:30:44.117 22209 22209 V ActivityScenario: Activity lifecycle changed event received but ignored because the intent does not match. startActivityIntent=Intent { act=android.intent.action.MAIN cat=[android.intent.category.LAUNCHER] cmp=com.hkxps17.turnup/.LoginActivity }, activity.getIntent()=Intent { act=com.google.android.gms.auth.GOOGLE_SIGN_IN flg=0x800000 pkg=com.hkxps17.turnup cmp=com.hkxps17.turnup/com.google.android.gms.auth.api.signin.internal.SignInHubActivity (has extras) }, activity=com.google.android.gms.auth.api.signin.internal.SignInHubActivity@7d17cc0
08-06 11:30:44.120  2045  3315 W InputReader: Device has associated, but no associated display id.
08-06 11:30:44.148  2045  3315 I chatty  : uid=1000(system) Binder:2045_1A identical 38 lines
08-06 11:30:44.148  2045  3315 W InputReader: Device has associated, but no associated display id.
08-06 11:30:44.211 22209 22209 E LoginActivity: Name: null
08-06 11:30:44.214 22209 22209 E LoginActivity: Fam Name: null
08-06 11:30:44.215 22209 22209 E LoginActivity: Email: apnadekhbey@gmail.com
08-06 11:30:44.215 22209 22209 E LoginActivity: Photo: null
08-06 11:30:44.284 22209 22209 D LoginActivity: updateUI
08-06 11:30:44.331 22209 22209 D LifecycleMonitor: Lifecycle status change: com.hkxps17.turnup.LoginActivity@cabaac in: RESUMED
08-06 11:30:44.334 22209 22209 V ActivityScenario: Update currentActivityStage to RESUMED, currentActivity=com.hkxps17.turnup.LoginActivity@cabaac
08-06 11:30:44.376 22209 22209 D LifecycleMonitor: Lifecycle status change: com.hkxps17.turnup.LoginActivity@cabaac in: PAUSED
08-06 11:30:44.377 22209 22209 V ActivityScenario: Update currentActivityStage to PAUSED, currentActivity=com.hkxps17.turnup.LoginActivity@cabaac
08-06 11:30:44.383  2045  3315 W InputReader: Device has associated, but no associated display id.
08-06 11:30:44.411  2045  3315 I chatty  : uid=1000(system) Binder:2045_1A identical 48 lines
08-06 11:30:44.411  2045  3315 W InputReader: Device has associated, but no associated display id.
08-06 11:30:44.431 22209 22279 D EGL_emulation: eglMakeCurrent: 0xebcb5000: ver 2 0 (tinfo 0xebcaf350)
08-06 11:30:44.443 22209 22209 W ActivityThread: handleWindowVisibility: no activity for token android.os.BinderProxy@6635902
08-06 11:30:44.472 22209 22209 D LifecycleMonitor: Lifecycle status change: com.hkxps17.turnup.EventListActivity@fb85d7c in: PRE_ON_CREATE
08-06 11:30:44.472 22209 22209 V ActivityScenario: Activity lifecycle changed event received but ignored because the intent does not match. startActivityIntent=Intent { act=android.intent.action.MAIN cat=[android.intent.category.LAUNCHER] cmp=com.hkxps17.turnup/.LoginActivity }, activity.getIntent()=Intent { cmp=com.hkxps17.turnup/.EventListActivity }, activity=com.hkxps17.turnup.EventListActivity@fb85d7c
08-06 11:30:44.517 22209 22222 I .hkxps17.turnu: NativeAlloc concurrent copying GC freed 13750(1033KB) AllocSpace objects, 6(184KB) LOS objects, 49% free, 2664KB/5328KB, paused 3.905ms total 107.593ms
08-06 11:30:44.709 22209 22209 D LifecycleMonitor: Lifecycle status change: com.hkxps17.turnup.EventListActivity@fb85d7c in: CREATED
08-06 11:30:44.710 22209 22209 V ActivityScenario: Activity lifecycle changed event received but ignored because the intent does not match. startActivityIntent=Intent { act=android.intent.action.MAIN cat=[android.intent.category.LAUNCHER] cmp=com.hkxps17.turnup/.LoginActivity }, activity.getIntent()=Intent { cmp=com.hkxps17.turnup/.EventListActivity }, activity=com.hkxps17.turnup.EventListActivity@fb85d7c
08-06 11:30:44.712 22209 22209 D LifecycleMonitor: Lifecycle status change: com.hkxps17.turnup.EventListActivity@fb85d7c in: STARTED
08-06 11:30:44.713 22209 22209 V ActivityScenario: Activity lifecycle changed event received but ignored because the intent does not match. startActivityIntent=Intent { act=android.intent.action.MAIN cat=[android.intent.category.LAUNCHER] cmp=com.hkxps17.turnup/.LoginActivity }, activity.getIntent()=Intent { cmp=com.hkxps17.turnup/.EventListActivity }, activity=com.hkxps17.turnup.EventListActivity@fb85d7c
08-06 11:30:44.714 22209 22209 D LifecycleMonitor: Lifecycle status change: com.hkxps17.turnup.EventListActivity@fb85d7c in: RESUMED
08-06 11:30:44.715 22209 22209 V ActivityScenario: Activity lifecycle changed event received but ignored because the intent does not match. startActivityIntent=Intent { act=android.intent.action.MAIN cat=[android.intent.category.LAUNCHER] cmp=com.hkxps17.turnup/.LoginActivity }, activity.getIntent()=Intent { cmp=com.hkxps17.turnup/.EventListActivity }, activity=com.hkxps17.turnup.EventListActivity@fb85d7c
08-06 11:30:44.730 22209 22209 D LifecycleMonitor: Lifecycle status change: com.google.android.gms.auth.api.signin.internal.SignInHubActivity@7d17cc0 in: STOPPED
08-06 11:30:44.730 22209 22209 V ActivityScenario: Activity lifecycle changed event received but ignored because the intent does not match. startActivityIntent=Intent { act=android.intent.action.MAIN cat=[android.intent.category.LAUNCHER] cmp=com.hkxps17.turnup/.LoginActivity }, activity.getIntent()=Intent { act=com.google.android.gms.auth.GOOGLE_SIGN_IN flg=0x800000 pkg=com.hkxps17.turnup cmp=com.hkxps17.turnup/com.google.android.gms.auth.api.signin.internal.SignInHubActivity (has extras) }, activity=com.google.android.gms.auth.api.signin.internal.SignInHubActivity@7d17cc0
08-06 11:30:44.731 22209 22311 D NetworkSecurityConfig: No Network Security Config specified, using platform default
08-06 11:30:44.732 22209 22209 D LifecycleMonitor: Lifecycle status change: com.google.android.gms.auth.api.signin.internal.SignInHubActivity@7d17cc0 in: DESTROYED
08-06 11:30:44.733 22209 22209 V ActivityScenario: Activity lifecycle changed event received but ignored because the intent does not match. startActivityIntent=Intent { act=android.intent.action.MAIN cat=[android.intent.category.LAUNCHER] cmp=com.hkxps17.turnup/.LoginActivity }, activity.getIntent()=Intent { act=com.google.android.gms.auth.GOOGLE_SIGN_IN flg=0x800000 pkg=com.hkxps17.turnup cmp=com.hkxps17.turnup/com.google.android.gms.auth.api.signin.internal.SignInHubActivity (has extras) }, activity=com.google.android.gms.auth.api.signin.internal.SignInHubActivity@7d17cc0
08-06 11:30:44.741  1812  2494 E GnssHAL_GnssInterface: gnssSvStatusCb: a: input svInfo.flags is 8
08-06 11:30:44.741  1812  2494 E GnssHAL_GnssInterface: gnssSvStatusCb: b: input svInfo.flags is 8
08-06 11:30:44.794  1813  1813 D gralloc_ranchu: gralloc_alloc: Creating ashmem region of size 9334784
08-06 11:30:44.814  1813  1813 I chatty  : uid=1000(system) allocator@2.0-s identical 1 line
08-06 11:30:44.822  1813  1813 D gralloc_ranchu: gralloc_alloc: Creating ashmem region of size 9334784
08-06 11:30:44.824 22209 22279 D EGL_emulation: eglMakeCurrent: 0xebcb5000: ver 2 0 (tinfo 0xebcaf350)
08-06 11:30:44.856 22209 22279 D EGL_emulation: eglMakeCurrent: 0xebcb5000: ver 2 0 (tinfo 0xebcaf350)
