08-01 08:22:22.667 14620 14620 D AndroidMusic: GMSCore installation verified
08-01 08:22:22.668  2037  2330 W InputReader: Device has associated, but no associated display id.
08-01 08:22:22.668  2037  2330 I chatty  : uid=1000(system) Binder:2037_6 identical 8 lines
08-01 08:22:22.668  2037  2330 W InputReader: Device has associated, but no associated display id.
08-01 08:22:22.675  2037  3689 W InputReader: Device has associated, but no associated display id.
08-01 08:22:22.678  2037  3689 I chatty  : uid=1000(system) Binder:2037_16 identical 38 lines
08-01 08:22:22.678  2037  3689 W InputReader: Device has associated, but no associated display id.
08-01 08:22:22.697 14475 14475 D LifecycleMonitor: Lifecycle status change: com.google.android.gms.auth.api.signin.internal.SignInHubActivity@8abe72a in: RESUMED
08-01 08:22:22.697 14475 14475 V ActivityScenario: Activity lifecycle changed event received but ignored because the intent does not match. startActivityIntent=Intent { act=android.intent.action.MAIN cat=[android.intent.category.LAUNCHER] cmp=com.hkxps17.turnup/.LoginActivity }, activity.getIntent()=Intent { act=com.google.android.gms.auth.GOOGLE_SIGN_IN flg=0x800000 pkg=com.hkxps17.turnup cmp=com.hkxps17.turnup/com.google.android.gms.auth.api.signin.internal.SignInHubActivity (has extras) }, activity=com.google.android.gms.auth.api.signin.internal.SignInHubActivity@8abe72a
08-01 08:22:22.701  2037  4565 W InputReader: Device has associated, but no associated display id.
08-01 08:22:22.702  2037  4565 I chatty  : uid=1000(system) Binder:2037_1C identical 8 lines
08-01 08:22:22.702  2037  4565 W InputReader: Device has associated, but no associated display id.
08-01 08:22:22.707 14475 14475 D LifecycleMonitor: Lifecycle status change: com.google.android.gms.auth.api.signin.internal.SignInHubActivity@8abe72a in: PAUSED
08-01 08:22:22.707 14475 14475 V ActivityScenario: Activity lifecycle changed event received but ignored because the intent does not match. startActivityIntent=Intent { act=android.intent.action.MAIN cat=[android.intent.category.LAUNCHER] cmp=com.hkxps17.turnup/.LoginActivity }, activity.getIntent()=Intent { act=com.google.android.gms.auth.GOOGLE_SIGN_IN flg=0x800000 pkg=com.hkxps17.turnup cmp=com.hkxps17.turnup/com.google.android.gms.auth.api.signin.internal.SignInHubActivity (has extras) }, activity=com.google.android.gms.auth.api.signin.internal.SignInHubActivity@8abe72a
08-01 08:22:22.708  2037  4565 W InputReader: Device has associated, but no associated display id.
08-01 08:22:22.711  2037  4565 I chatty  : uid=1000(system) Binder:2037_1C identical 38 lines
08-01 08:22:22.711  2037  4565 W InputReader: Device has associated, but no associated display id.
08-01 08:22:22.723 14475 14475 E LoginActivity: Name: apna dekh
08-01 08:22:22.723 14475 14475 E LoginActivity: Fam Name: dekh
08-01 08:22:22.723 14475 14475 E LoginActivity: Email: apnadekhbey@gmail.com
08-01 08:22:22.723 14475 14475 E LoginActivity: Photo: null
08-01 08:22:22.727 14475 14475 D LoginActivity: updateUI
08-01 08:22:22.733 14475 14475 D LifecycleMonitor: Lifecycle status change: com.hkxps17.turnup.LoginActivity@7e17953 in: RESUMED
08-01 08:22:22.733 14475 14475 V ActivityScenario: Update currentActivityStage to RESUMED, currentActivity=com.hkxps17.turnup.LoginActivity@7e17953
08-01 08:22:22.739 14475 14475 D LifecycleMonitor: Lifecycle status change: com.hkxps17.turnup.LoginActivity@7e17953 in: PAUSED
08-01 08:22:22.740 14475 14475 V ActivityScenario: Update currentActivityStage to PAUSED, currentActivity=com.hkxps17.turnup.LoginActivity@7e17953
08-01 08:22:22.740  2037  4565 W InputReader: Device has associated, but no associated display id.
08-01 08:22:22.743  2037  4565 I chatty  : uid=1000(system) Binder:2037_1C identical 48 lines
08-01 08:22:22.743  2037  4565 W InputReader: Device has associated, but no associated display id.
08-01 08:22:22.757 14475 14475 W ActivityThread: handleWindowVisibility: no activity for token android.os.BinderProxy@15c623a
08-01 08:22:22.768 14475 14475 D LifecycleMonitor: Lifecycle status change: com.hkxps17.turnup.EventListActivity@2345cf4 in: PRE_ON_CREATE
08-01 08:22:22.769 14475 14475 V ActivityScenario: Activity lifecycle changed event received but ignored because the intent does not match. startActivityIntent=Intent { act=android.intent.action.MAIN cat=[android.intent.category.LAUNCHER] cmp=com.hkxps17.turnup/.LoginActivity }, activity.getIntent()=Intent { cmp=com.hkxps17.turnup/.EventListActivity }, activity=com.hkxps17.turnup.EventListActivity@2345cf4
08-01 08:22:22.787 14620 14620 I MusicExperimentManager: Received config change, experiments list is null
08-01 08:22:22.787 14620 14620 W MusicExperimentManager: Parsing error while updating analysis experiments
08-01 08:22:22.795 14620 14620 I BaseStore: Store database version: 146
08-01 08:22:22.835 14620 14620 I PlaybackClient: init: Initializing
08-01 08:22:22.863 14475 14475 D EMAIL   : apnadekhbey@gmail.com
08-01 08:22:22.878 14475 14475 D LifecycleMonitor: Lifecycle status change: com.hkxps17.turnup.EventListActivity@2345cf4 in: CREATED
08-01 08:22:22.879 14475 14475 V ActivityScenario: Activity lifecycle changed event received but ignored because the intent does not match. startActivityIntent=Intent { act=android.intent.action.MAIN cat=[android.intent.category.LAUNCHER] cmp=com.hkxps17.turnup/.LoginActivity }, activity.getIntent()=Intent { cmp=com.hkxps17.turnup/.EventListActivity }, activity=com.hkxps17.turnup.EventListActivity@2345cf4
08-01 08:22:22.881 14475 14475 D LifecycleMonitor: Lifecycle status change: com.hkxps17.turnup.EventListActivity@2345cf4 in: STARTED
08-01 08:22:22.882 14475 14475 V ActivityScenario: Activity lifecycle changed event received but ignored because the intent does not match. startActivityIntent=Intent { act=android.intent.action.MAIN cat=[android.intent.category.LAUNCHER] cmp=com.hkxps17.turnup/.LoginActivity }, activity.getIntent()=Intent { cmp=com.hkxps17.turnup/.EventListActivity }, activity=com.hkxps17.turnup.EventListActivity@2345cf4
08-01 08:22:22.883 14475 14475 D LifecycleMonitor: Lifecycle status change: com.hkxps17.turnup.EventListActivity@2345cf4 in: RESUMED
08-01 08:22:22.883 14475 14475 V ActivityScenario: Activity lifecycle changed event received but ignored because the intent does not match. startActivityIntent=Intent { act=android.intent.action.MAIN cat=[android.intent.category.LAUNCHER] cmp=com.hkxps17.turnup/.LoginActivity }, activity.getIntent()=Intent { cmp=com.hkxps17.turnup/.EventListActivity }, activity=com.hkxps17.turnup.EventListActivity@2345cf4
08-01 08:22:22.892 14475 14665 D NetworkSecurityConfig: No Network Security Config specified, using platform default
08-01 08:22:22.895 14475 14475 D LifecycleMonitor: Lifecycle status change: com.google.android.gms.auth.api.signin.internal.SignInHubActivity@8abe72a in: STOPPED
08-01 08:22:22.895 14475 14475 V ActivityScenario: Activity lifecycle changed event received but ignored because the intent does not match. startActivityIntent=Intent { act=android.intent.action.MAIN cat=[android.intent.category.LAUNCHER] cmp=com.hkxps17.turnup/.LoginActivity }, activity.getIntent()=Intent { act=com.google.android.gms.auth.GOOGLE_SIGN_IN flg=0x800000 pkg=com.hkxps17.turnup cmp=com.hkxps17.turnup/com.google.android.gms.auth.api.signin.internal.SignInHubActivity (has extras) }, activity=com.google.android.gms.auth.api.signin.internal.SignInHubActivity@8abe72a
08-01 08:22:22.896 14475 14475 D LifecycleMonitor: Lifecycle status change: com.google.android.gms.auth.api.signin.internal.SignInHubActivity@8abe72a in: DESTROYED
08-01 08:22:22.897 14475 14475 V ActivityScenario: Activity lifecycle changed event received but ignored because the intent does not match. startActivityIntent=Intent { act=android.intent.action.MAIN cat=[android.intent.category.LAUNCHER] cmp=com.hkxps17.turnup/.LoginActivity }, activity.getIntent()=Intent { act=com.google.android.gms.auth.GOOGLE_SIGN_IN flg=0x800000 pkg=com.hkxps17.turnup cmp=com.hkxps17.turnup/com.google.android.gms.auth.api.signin.internal.SignInHubActivity (has extras) }, activity=com.google.android.gms.auth.api.signin.internal.SignInHubActivity@8abe72a
08-01 08:22:22.913  1795  2479 E GnssHAL_GnssInterface: gnssSvStatusCb: a: input svInfo.flags is 8
08-01 08:22:22.913  1795  2479 E GnssHAL_GnssInterface: gnssSvStatusCb: b: input svInfo.flags is 8
08-01 08:22:22.918 14620 14620 D MusicLifecycle: com.google.android.music.AccountsBroadcastReceiver generated event: Broadcast received with context android.app.ReceiverRestrictedContext@25298d0 and intent Intent { act=android.accounts.LOGIN_ACCOUNTS_CHANGED flg=0x5000010 cmp=com.google.android.music/.AccountsBroadcastReceiver }
08-01 08:22:22.922 14620 14620 D MusicLifecycle: com.google.android.music.net.NetworkConnectivityMonitor$NetworkChangedReceiver generated event: Broadcast received with context com.google.android.music.ui.PhoneMusicApplication@5934fc0 and intent Intent { act=android.net.conn.CONNECTIVITY_CHANGE flg=0x4200010 (has extras) }
08-01 08:22:22.923  1796  1796 D gralloc_ranchu: gralloc_alloc: Creating ashmem region of size 9334784
08-01 08:22:22.924 14620 14620 I NetworkConnectivity: Network state changed: [type: WIFI[], state: CONNECTED/CONNECTED, reason: (unspecified), extra: (none), failover: false, available: true, roaming: false]
08-01 08:22:22.930 14620 14620 D MusicLifecycle: com.google.android.music.download.EncapsulatedBroadcastReceiver$1 generated event: Broadcast received with context com.google.android.music.ui.PhoneMusicApplication@5934fc0 and intent Intent { act=com.google.android.music.ResumeStorageMigration flg=0x10 (has extras) }
08-01 08:22:22.930 14620 14639 I SignupStatusTask: Starting 'com.google.android.music.sync.google.MusicGcmTaskService
08-01 08:22:22.932 14620 14620 D MusicLifecycle: com.google.android.music.download.EncapsulatedBroadcastReceiver$1 generated event: Broadcast received with context com.google.android.music.ui.PhoneMusicApplication@5934fc0 and intent Intent { act=com.google.android.music.download.keepon.KeeponSchedulingService.START_DOWNLOAD flg=0x10 }
08-01 08:22:22.938  1796  1796 D gralloc_ranchu: gralloc_alloc: Creating ashmem region of size 9334784
08-01 08:22:22.939  1796  1796 D gralloc_ranchu: gralloc_alloc: Creating ashmem region of size 9334784
08-01 08:22:22.940 14475 14544 D EGL_emulation: eglMakeCurrent: 0xdde5cb40: ver 2 0 (tinfo 0xdde95b20)
08-01 08:22:22.948 14620 14620 I NetworkPolicyMonitor: Download-ability status changed to (true) unmetered wifi/eth: true mobileOrMetered: false
08-01 08:22:22.955 14620 14620 I NetworkPolicyMonitor: Stream-ability status changed to (true) unmetered wifi/eth: true mobileOrMetered: false
08-01 08:22:22.971 14475 14544 D EGL_emulation: eglMakeCurrent: 0xdde5cb40: ver 2 0 (tinfo 0xdde95b20)
08-01 08:22:22.975  2037  2059 W InputReader: Device has associated, but no associated display id.
08-01 08:22:22.979  2037  2059 I chatty  : uid=1000(system) android.anim identical 28 lines
08-01 08:22:22.979  2037  2059 W InputReader: Device has associated, but no associated display id.
08-01 08:22:22.984 14475 14544 D EGL_emulation: eglMakeCurrent: 0xdde5cb40: ver 2 0 (tinfo 0xdde95b20)
08-01 08:22:23.005  1778  1778 D Zygote  : Forked child process 14679
08-01 08:22:23.008 14679 14679 W oid.apps.photo: Unexpected CPU variant for X86 using defaults: x86
08-01 08:22:23.017 14679 14679 E oid.apps.photo: Not starting debugger since process cannot load the jdwp agent.
08-01 08:22:23.026 14620 14662 D AwarenessRouter: 0 new fences
08-01 08:22:23.035 14620 14662 D AwarenessRouter: 0 fences already registered
08-01 08:22:23.036 14620 14640 W AdvertisingIdClient: Error while reading from SharedPreferences
08-01 08:22:23.036 14620 14640 W AdvertisingIdClient: java.lang.SecurityException: MODE_WORLD_READABLE no longer supported
08-01 08:22:23.036 14620 14640 W AdvertisingIdClient: 	at android.app.ContextImpl.checkMode(ContextImpl.java:2622)
08-01 08:22:23.036 14620 14640 W AdvertisingIdClient: 	at android.app.ContextImpl.getSharedPreferences(ContextImpl.java:453)
08-01 08:22:23.036 14620 14640 W AdvertisingIdClient: 	at android.app.ContextImpl.getSharedPreferences(ContextImpl.java:443)
08-01 08:22:23.036 14620 14640 W AdvertisingIdClient: 	at com.google.android.gms.ads.identifier.AdvertisingIdClient.getAdvertisingIdInfo(Unknown Source:11)
08-01 08:22:23.036 14620 14640 W AdvertisingIdClient: 	at com.google.android.music.preferences.MusicPreferences.getAdvertisingIdInfo(MusicPreferences.java:2482)
08-01 08:22:23.036 14620 14640 W AdvertisingIdClient: 	at com.google.android.music.preferences.MusicPreferences.access$1000(MusicPreferences.java:84)
08-01 08:22:23.036 14620 14640 W AdvertisingIdClient: 	at com.google.android.music.preferences.MusicPreferences$7.run(MusicPreferences.java:2463)
08-01 08:22:23.036 14620 14640 W AdvertisingIdClient: 	at com.google.android.music.utils.async.TraceableRunnable.runLogged(TraceableRunnable.java:21)
08-01 08:22:23.036 14620 14640 W AdvertisingIdClient: 	at com.google.android.music.utils.async.LoggedRunnable.run(LoggedRunnable.java:30)
08-01 08:22:23.036 14620 14640 W AdvertisingIdClient: 	at android.os.Handler.handleCallback(Handler.java:883)
08-01 08:22:23.036 14620 14640 W AdvertisingIdClient: 	at android.os.Handler.dispatchMessage(Handler.java:100)
08-01 08:22:23.036 14620 14640 W AdvertisingIdClient: 	at com.google.android.music.utils.LoggableHandler.dispatchMessage(LoggableHandler.java:74)
08-01 08:22:23.036 14620 14640 W AdvertisingIdClient: 	at android.os.Looper.loop(Looper.java:214)
08-01 08:22:23.036 14620 14640 W AdvertisingIdClient: 	at android.os.HandlerThread.run(HandlerThread.java:67)
08-01 08:22:23.041 14620 14662 D AwarenessRouter: Successfully removed 0 context fences
08-01 08:22:23.054 14679 14679 I oid.apps.photo: The ClassLoaderContext is a special shared library.
08-01 08:22:23.097 14475 14475 I ViewInteraction: Performing 'single click' action on view (view.getId() is <2131231144/com.hkxps17.turnup:id/rbright> and an instance of android.widget.TextView and view.getText() with or without transformation to match: is "Map" and Child at position 1 in parent (view.getId() is <2131231141/com.hkxps17.turnup:id/radioGroup> and Child at position 1 in parent view.getClass().getName() matches: is "androidx.constraintlayout.widget.ConstraintLayout") and (view has effective visibility <VISIBLE> and view.getGlobalVisibleRect() to return non-empty rectangle))
08-01 08:22:23.161 14475 14475 D LifecycleMonitor: Lifecycle status change: com.hkxps17.turnup.EventListActivity@2345cf4 in: PAUSED
08-01 08:22:23.161 14475 14475 V ActivityScenario: Activity lifecycle changed event received but ignored because the intent does not match. startActivityIntent=Intent { act=android.intent.action.MAIN cat=[android.intent.category.LAUNCHER] cmp=com.hkxps17.turnup/.LoginActivity }, activity.getIntent()=Intent { cmp=com.hkxps17.turnup/.EventListActivity }, activity=com.hkxps17.turnup.EventListActivity@2345cf4
08-01 08:22:23.162  2037  4565 W InputReader: Device has associated, but no associated display id.
08-01 08:22:23.166  2037  4565 I chatty  : uid=1000(system) Binder:2037_1C identical 48 lines
08-01 08:22:23.166  2037  4565 W InputReader: Device has associated, but no associated display id.
08-01 08:22:23.168 14475 14475 W ActivityThread: handleWindowVisibility: no activity for token android.os.BinderProxy@26638b0
08-01 08:22:23.181 14475 14475 D LifecycleMonitor: Lifecycle status change: com.hkxps17.turnup.MapsActivity@c100fba in: PRE_ON_CREATE
08-01 08:22:23.182 14475 14475 V ActivityScenario: Activity lifecycle changed event received but ignored because the intent does not match. startActivityIntent=Intent { act=android.intent.action.MAIN cat=[android.intent.category.LAUNCHER] cmp=com.hkxps17.turnup/.LoginActivity }, activity.getIntent()=Intent { cmp=com.hkxps17.turnup/.MapsActivity }, activity=com.hkxps17.turnup.MapsActivity@c100fba
08-01 08:22:23.216 14475 14475 D MapsInitializer: preferredRenderer: null
08-01 08:22:23.217 14475 14475 D zzca    : preferredRenderer: null
08-01 08:22:23.222 14475 14475 I zzca    : Making Creator dynamically
08-01 08:22:23.224  2037  2063 E memtrack: Couldn't load memtrack module
08-01 08:22:23.224  2037  2063 W android.os.Debug: failed to get memory consumption info: -1
08-01 08:22:23.242 14475 14475 I DynamiteModule: Considering local module com.google.android.gms.maps_dynamite:0 and remote module com.google.android.gms.maps_dynamite:203115000
08-01 08:22:23.242 14475 14475 I DynamiteModule: Selected remote version of com.google.android.gms.maps_dynamite, version >= 203115000
08-01 08:22:23.262 25037 14382 I PmtsSwAccountIntentOp: Processing intent action=android.accounts.LOGIN_ACCOUNTS_CHANGED
08-01 08:22:23.262 25037 14382 I PmtsSwAccountIntentOp: Account added has already been processed
08-01 08:22:23.280 10808 14409 I bdrv    : Scheduling Phenotype for a PhenotypeSyncImmediately(5, null) one off with window [1, 2] in seconds [CONTEXT service_id=51 ]
08-01 08:22:23.292 14475 14475 I Google Maps Android API: Google Play services client version: 12451000
08-01 08:22:23.299  3995  3995 I BgTaskExecutorImpl: (REDACTED) Starting %s background task %s.
08-01 08:22:23.302  3995  3995 I GnpSdk  : [ChimeBroadcastReceiver] Intent received for action [android.accounts.LOGIN_ACCOUNTS_CHANGED] package [com.google.android.googlequicksearchbox].
08-01 08:22:23.303  3995  3995 I GnpSdk  : [ChimeBroadcastReceiver] Phenotype initialized.
08-01 08:22:23.303  3995  3995 I GnpSdk  : [ChimeBroadcastReceiver] Validation OK for action [android.accounts.LOGIN_ACCOUNTS_CHANGED].
08-01 08:22:23.303  3995  3995 I GnpSdk  : [ChimeExecutorApiImpl-Tiktok] Submitting Broadcast execution [153152754] to tiktok executor.
08-01 08:22:23.299 25037 14401 I Backup  : [GmsBackupAccountManager] Backup account not found in gmscore.
08-01 08:22:23.308  3995 11931 I GnpSdk  : [ChimeBroadcastReceiver] Executing action in BroadcastReceiver [android.accounts.LOGIN_ACCOUNTS_CHANGED].
08-01 08:22:23.313  3995 12785 I Search.LoginHelperImpl: #refresh()
08-01 08:22:23.313  3995 12785 I Search.LoginHelperImpl: Getting accounts.
08-01 08:22:23.316 10808 14409 W ChimeraUtils: Module com.google.android.gms.backup_base has empty metadata display_name_string_id
08-01 08:22:23.336 25037 14401 I Backup  : [GmsBackupAccountManager] Backup account not found in gmscore.
08-01 08:22:23.342 14475 14475 W .hkxps17.turnu: Accessing hidden method Lsun/misc/Unsafe;->putObject(Ljava/lang/Object;JLjava/lang/Object;)V (greylist, linking, allowed)
08-01 08:22:23.344 14475 14475 W .hkxps17.turnu: Accessing hidden method Lsun/misc/Unsafe;->compareAndSwapObject(Ljava/lang/Object;JLjava/lang/Object;Ljava/lang/Object;)Z (greylist, linking, allowed)
08-01 08:22:23.344 14475 14475 W .hkxps17.turnu: Accessing hidden method Lsun/misc/Unsafe;->getObject(Ljava/lang/Object;J)Ljava/lang/Object; (greylist, linking, allowed)
08-01 08:22:23.346 10808 14409 W ChimeraUtils: Module com.google.android.gms.backup_base has empty metadata display_name_string_id
08-01 08:22:23.379  3995 11931 I GnpSdk  : [ChimeExecutorApiImpl-Tiktok] Finished Broadcast execution [153152754].
08-01 08:22:23.395  1778  1778 D Zygote  : Forked child process 14731
08-01 08:22:23.400 14475 14475 I SnapshotHandler: Unable to retrieve flag snapshot for com.google.android.gms.maps#com.hkxps17.turnup, using defaults.
08-01 08:22:23.401 14731 14731 W e.process.gapp: Unexpected CPU variant for X86 using defaults: x86
08-01 08:22:23.404 14731 14731 E e.process.gapp: Not starting debugger since process cannot load the jdwp agent.
08-01 08:22:23.409 14475 14475 I Google Maps Android API: Google Play services package version: 222615031
08-01 08:22:23.409 14475 14475 I Google Maps Android API: Google Play services maps renderer version(legacy): 203115000
08-01 08:22:23.412  1778  1778 I Zygote  : Process 13524 exited due to signal 9 (Killed)
08-01 08:22:23.418 14475 14475 W .hkxps17.turnu: Accessing hidden method Lsun/misc/Unsafe;->compareAndSwapObject(Ljava/lang/Object;JLjava/lang/Object;Ljava/lang/Object;)Z (greylist, linking, allowed)
08-01 08:22:23.418 14475 14475 W .hkxps17.turnu: Accessing hidden method Lsun/misc/Unsafe;->getObject(Ljava/lang/Object;J)Ljava/lang/Object; (greylist, linking, allowed)
08-01 08:22:23.419  2037  2066 I libprocessgroup: Successfully killed process cgroup uid 10130 pid 13524 in 44ms
08-01 08:22:23.420  2037  2066 I libprocessgroup: Successfully killed process cgroup uid 10130 pid 13524 in 0ms
08-01 08:22:23.430 14731 14731 D ApplicationLoaders: Returning zygote-cached class loader: /system/framework/android.hidl.base-V1.0-java.jar
08-01 08:22:23.430 14731 14731 D ApplicationLoaders: Returning zygote-cached class loader: /system/framework/android.hidl.manager-V1.0-java.jar
08-01 08:22:23.430 14731 14731 D ApplicationLoaders: Returning zygote-cached class loader: /system/framework/android.hidl.base-V1.0-java.jar
08-01 08:22:23.431 14731 14731 I e.process.gapp: The ClassLoaderContext is a special shared library.
08-01 08:22:23.432 14731 14731 I e.process.gapp: The ClassLoaderContext is a special shared library.
08-01 08:22:23.448 14731 14731 I GoogleHttpClient: GMS http client unavailable, use old client
08-01 08:22:23.485 14475 14475 W .hkxps17.turnu: Accessing hidden method Lsun/misc/Unsafe;->putInt(Ljava/lang/Object;JI)V (greylist, linking, allowed)
08-01 08:22:23.485 14475 14475 W .hkxps17.turnu: Accessing hidden method Lsun/misc/Unsafe;->getInt(Ljava/lang/Object;J)I (greylist, linking, allowed)
08-01 08:22:23.485 14475 14475 W .hkxps17.turnu: Accessing hidden method Lsun/misc/Unsafe;->putLong(Ljava/lang/Object;JJ)V (greylist, linking, allowed)
08-01 08:22:23.485 14475 14475 W .hkxps17.turnu: Accessing hidden method Lsun/misc/Unsafe;->putObject(Ljava/lang/Object;JLjava/lang/Object;)V (greylist, linking, allowed)
08-01 08:22:23.487 14475 14475 W .hkxps17.turnu: Accessing hidden method Lsun/misc/Unsafe;->getLong(Ljava/lang/Object;J)J (greylist,core-platform-api, linking, allowed)
08-01 08:22:23.491 14475 14475 W .hkxps17.turnu: Accessing hidden method Lsun/misc/Unsafe;->allocateInstance(Ljava/lang/Class;)Ljava/lang/Object; (greylist, linking, allowed)
08-01 08:22:23.493 14475 14475 W .hkxps17.turnu: Accessing hidden method Llibcore/io/Memory;->peekLong(JZ)J (greylist, reflection, allowed)
08-01 08:22:23.493 14475 14475 W .hkxps17.turnu: Accessing hidden method Llibcore/io/Memory;->pokeLong(JJZ)V (greylist, reflection, allowed)
08-01 08:22:23.493 14475 14475 W .hkxps17.turnu: Accessing hidden method Llibcore/io/Memory;->pokeInt(JIZ)V (greylist, reflection, allowed)
08-01 08:22:23.493 14475 14475 W .hkxps17.turnu: Accessing hidden method Llibcore/io/Memory;->peekInt(JZ)I (greylist, reflection, allowed)
08-01 08:22:23.493 14475 14475 W .hkxps17.turnu: Accessing hidden method Llibcore/io/Memory;->pokeByte(JB)V (greylist, reflection, allowed)
08-01 08:22:23.493 14475 14475 W .hkxps17.turnu: Accessing hidden method Llibcore/io/Memory;->peekByte(J)B (greylist, reflection, allowed)
08-01 08:22:23.493 14475 14475 W .hkxps17.turnu: Accessing hidden method Llibcore/io/Memory;->pokeByteArray(J[BII)V (greylist, reflection, allowed)
08-01 08:22:23.493 14475 14475 W .hkxps17.turnu: Accessing hidden method Llibcore/io/Memory;->peekByteArray(J[BII)V (greylist, reflection, allowed)
08-01 08:22:23.498 14475 14475 W .hkxps17.turnu: Accessing hidden method Lsun/misc/Unsafe;->arrayBaseOffset(Ljava/lang/Class;)I (greylist,core-platform-api, linking, allowed)
08-01 08:22:23.498 14475 14475 W .hkxps17.turnu: Accessing hidden method Lsun/misc/Unsafe;->getInt(Ljava/lang/Object;J)I (greylist, linking, allowed)
08-01 08:22:23.498 14475 14475 W .hkxps17.turnu: Accessing hidden method Lsun/misc/Unsafe;->getLong(Ljava/lang/Object;J)J (greylist,core-platform-api, linking, allowed)
08-01 08:22:23.498 14475 14475 W .hkxps17.turnu: Accessing hidden method Lsun/misc/Unsafe;->getObject(Ljava/lang/Object;J)Ljava/lang/Object; (greylist, linking, allowed)
08-01 08:22:23.498 14475 14475 W .hkxps17.turnu: Accessing hidden method Lsun/misc/Unsafe;->putInt(Ljava/lang/Object;JI)V (greylist, linking, allowed)
08-01 08:22:23.498 14475 14475 W .hkxps17.turnu: Accessing hidden method Lsun/misc/Unsafe;->putLong(Ljava/lang/Object;JJ)V (greylist, linking, allowed)
08-01 08:22:23.498 14475 14475 W .hkxps17.turnu: Accessing hidden method Lsun/misc/Unsafe;->putObject(Ljava/lang/Object;JLjava/lang/Object;)V (greylist, linking, allowed)
08-01 08:22:23.499 14475 14475 W .hkxps17.turnu: Accessing hidden method Lsun/misc/Unsafe;->arrayIndexScale(Ljava/lang/Class;)I (greylist, linking, allowed)
08-01 08:22:23.499 14475 14475 W .hkxps17.turnu: Accessing hidden method Lsun/misc/Unsafe;->getLong(Ljava/lang/Object;J)J (greylist,core-platform-api, reflection, allowed)
08-01 08:22:23.499 14475 14475 W .hkxps17.turnu: Accessing hidden field Ljava/nio/Buffer;->address:J (greylist, reflection, allowed)
08-01 08:22:23.499 14475 14475 W .hkxps17.turnu: Accessing hidden method Lsun/misc/Unsafe;->getInt(Ljava/lang/Object;J)I (greylist, reflection, allowed)
08-01 08:22:23.499 14475 14475 W .hkxps17.turnu: Accessing hidden method Lsun/misc/Unsafe;->putInt(Ljava/lang/Object;JI)V (greylist, reflection, allowed)
08-01 08:22:23.499 14475 14475 W .hkxps17.turnu: Accessing hidden method Lsun/misc/Unsafe;->getLong(Ljava/lang/Object;J)J (greylist,core-platform-api, reflection, allowed)
08-01 08:22:23.499 14475 14475 W .hkxps17.turnu: Accessing hidden method Lsun/misc/Unsafe;->putLong(Ljava/lang/Object;JJ)V (greylist, reflection, allowed)
08-01 08:22:23.499 14475 14475 W .hkxps17.turnu: Accessing hidden method Lsun/misc/Unsafe;->getObject(Ljava/lang/Object;J)Ljava/lang/Object; (greylist, reflection, allowed)
08-01 08:22:23.500 14475 14475 W .hkxps17.turnu: Accessing hidden method Lsun/misc/Unsafe;->putObject(Ljava/lang/Object;JLjava/lang/Object;)V (greylist, reflection, allowed)
08-01 08:22:23.509 14475 14475 W .hkxps17.turnu: Accessing hidden method Lsun/misc/Unsafe;->compareAndSwapObject(Ljava/lang/Object;JLjava/lang/Object;Ljava/lang/Object;)Z (greylist, linking, allowed)
08-01 08:22:23.524 14475 14475 W .hkxps17.turnu: Accessing hidden method Lsun/misc/Unsafe;->putObject(Ljava/lang/Object;JLjava/lang/Object;)V (greylist, linking, allowed)
08-01 08:22:23.534  2037  2063 E memtrack: Couldn't load memtrack module
08-01 08:22:23.534  2037  2063 W android.os.Debug: failed to get memory consumption info: -1
08-01 08:22:23.552 14475 14475 W .hkxps17.turnu: Accessing hidden method Lsun/misc/Unsafe;->compareAndSwapObject(Ljava/lang/Object;JLjava/lang/Object;Ljava/lang/Object;)Z (greylist, linking, allowed)
08-01 08:22:23.555 14475 14475 D MapsInitializer: loadedRenderer: LEGACY
08-01 08:22:23.555 14475 14475 D zzca    : preferredRenderer: null
08-01 08:22:23.557 14475 14475 I Google Maps Android API: Google Play services package version: 222615031
08-01 08:22:23.557 14475 14475 I Google Maps Android API: Google Play services maps renderer version(legacy): 203115000
08-01 08:22:23.588 10808 12494 I NetworkScheduler.Stats: Task com.google.android.videos/ started execution. cause:7 exec_start_elapsed_seconds: 61372 [CONTEXT service_id=218 ]
08-01 08:22:23.589  9405 14767 W PlayMovies: UnpinContentCleanerImpl.cleanUp:13 Start clean up task with reason 2
08-01 08:22:23.589  9405 14767 W PlayMovies:
08-01 08:22:23.590  9405 14767 W PlayMovies: UnpinContentCleanerImpl.startCleanUp:18 Start cleanup unpinned content
08-01 08:22:23.590  9405 14767 W PlayMovies:
08-01 08:22:23.606  9405 14767 W PlayMovies: UnpinContentCleanerImpl.startCleanUp:26 Done cleanup unpinned content: removed 0 files
08-01 08:22:23.606  9405 14767 W PlayMovies:
08-01 08:22:23.660 10808 14411 I NetworkScheduler.Stats: Task com.google.android.videos/ finished executing. cause:7 result: 1 elapsed_millis: 85 uptime_millis: 85 exec_start_elapsed_seconds: 61372 [CONTEXT service_id=218 ]
08-01 08:22:23.709 14475 14475 W .hkxps17.turnu: Accessing hidden method Lsun/misc/Unsafe;->compareAndSwapObject(Ljava/lang/Object;JLjava/lang/Object;Ljava/lang/Object;)Z (greylist, linking, allowed)
08-01 08:22:23.783 14475 14475 W .hkxps17.turnu: Accessing hidden method Lsun/misc/Unsafe;->compareAndSwapObject(Ljava/lang/Object;JLjava/lang/Object;Ljava/lang/Object;)Z (greylist, linking, allowed)
08-01 08:22:23.784 14475 14475 W .hkxps17.turnu: Accessing hidden method Lsun/misc/Unsafe;->getObject(Ljava/lang/Object;J)Ljava/lang/Object; (greylist, linking, allowed)
08-01 08:22:23.787 14475 14475 W .hkxps17.turnu: Accessing hidden method Lsun/misc/Unsafe;->getInt(Ljava/lang/Object;J)I (greylist, linking, allowed)
08-01 08:22:23.790 14475 14475 W .hkxps17.turnu: Accessing hidden method Lsun/misc/Unsafe;->putObject(Ljava/lang/Object;JLjava/lang/Object;)V (greylist, linking, allowed)
08-01 08:22:23.791 14475 14475 W .hkxps17.turnu: Accessing hidden method Lsun/misc/Unsafe;->putInt(Ljava/lang/Object;JI)V (greylist, linking, allowed)
08-01 08:22:23.823 14475 14475 D LifecycleMonitor: Lifecycle status change: com.hkxps17.turnup.MapsActivity@c100fba in: CREATED
08-01 08:22:23.823 14475 14475 V ActivityScenario: Activity lifecycle changed event received but ignored because the intent does not match. startActivityIntent=Intent { act=android.intent.action.MAIN cat=[android.intent.category.LAUNCHER] cmp=com.hkxps17.turnup/.LoginActivity }, activity.getIntent()=Intent { cmp=com.hkxps17.turnup/.MapsActivity }, activity=com.hkxps17.turnup.MapsActivity@c100fba
08-01 08:22:23.828 14475 14475 W .hkxps17.turnu: Accessing hidden method Lsun/misc/Unsafe;->compareAndSwapObject(Ljava/lang/Object;JLjava/lang/Object;Ljava/lang/Object;)Z (greylist, linking, allowed)
08-01 08:22:23.828 14475 14475 D LifecycleMonitor: Lifecycle status change: com.hkxps17.turnup.MapsActivity@c100fba in: STARTED
08-01 08:22:23.829 14475 14475 V ActivityScenario: Activity lifecycle changed event received but ignored because the intent does not match. startActivityIntent=Intent { act=android.intent.action.MAIN cat=[android.intent.category.LAUNCHER] cmp=com.hkxps17.turnup/.LoginActivity }, activity.getIntent()=Intent { cmp=com.hkxps17.turnup/.MapsActivity }, activity=com.hkxps17.turnup.MapsActivity@c100fba
08-01 08:22:23.829 14475 14475 D LifecycleMonitor: Lifecycle status change: com.hkxps17.turnup.MapsActivity@c100fba in: RESUMED
08-01 08:22:23.830 14475 14475 V ActivityScenario: Activity lifecycle changed event received but ignored because the intent does not match. startActivityIntent=Intent { act=android.intent.action.MAIN cat=[android.intent.category.LAUNCHER] cmp=com.hkxps17.turnup/.LoginActivity }, activity.getIntent()=Intent { cmp=com.hkxps17.turnup/.MapsActivity }, activity=com.hkxps17.turnup.MapsActivity@c100fba
08-01 08:22:23.858 10808 12323 I bdrv    : Scheduling Phenotype for a PhenotypeSyncImmediately(6, com.google.android.gms.maps#com.hkxps17.turnup) one off with window [1, 2] in seconds [CONTEXT service_id=51 ]
08-01 08:22:23.858 14475 14729 W .hkxps17.turnu: Accessing hidden method Lsun/misc/Unsafe;->getLong(Ljava/lang/Object;J)J (greylist,core-platform-api, linking, allowed)
08-01 08:22:23.866 14475 14671 W .hkxps17.turnu: Accessing hidden method Lsun/misc/Unsafe;->compareAndSwapObject(Ljava/lang/Object;JLjava/lang/Object;Ljava/lang/Object;)Z (greylist, linking, allowed)
08-01 08:22:23.866 14475 14671 I ba      : Successfully registered with Phenotype.
08-01 08:22:23.913  1795  2479 E GnssHAL_GnssInterface: gnssSvStatusCb: a: input svInfo.flags is 8
08-01 08:22:23.913  1795  2479 E GnssHAL_GnssInterface: gnssSvStatusCb: b: input svInfo.flags is 8
08-01 08:22:23.924  1796  1796 D gralloc_ranchu: gralloc_alloc: Creating ashmem region of size 9334784
08-01 08:22:23.928  1796  1796 I chatty  : uid=1000(system) allocator@2.0-s identical 1 line
08-01 08:22:23.934  1796  1796 D gralloc_ranchu: gralloc_alloc: Creating ashmem region of size 9334784
08-01 08:22:23.936 14475 14783 D HostConnection: HostConnection::get() New Host Connection established 0xb888d8c0, tid 14783
08-01 08:22:23.936 14475 14783 D HostConnection: HostComposition ext ANDROID_EMU_CHECKSUM_HELPER_v1 ANDROID_EMU_dma_v1 ANDROID_EMU_direct_mem ANDROID_EMU_host_composition_v1 ANDROID_EMU_host_composition_v2 ANDROID_EMU_vulkan ANDROID_EMU_deferred_vulkan_commands ANDROID_EMU_vulkan_null_optional_strings ANDROID_EMU_vulkan_create_resources_with_requirements ANDROID_EMU_YUV420_888_to_NV21 ANDROID_EMU_YUV_Cache ANDROID_EMU_vulkan_free_memory_sync ANDROID_EMU_vulkan_shader_float16_int8 ANDROID_EMU_vulkan_async_queue_submit ANDROID_EMU_sync_buffer_data GL_OES_vertex_array_object GL_KHR_texture_compression_astc_ldr ANDROID_EMU_host_side_tracing ANDROID_EMU_gles_max_version_2
08-01 08:22:23.946 14475 14544 D EGL_emulation: eglMakeCurrent: 0xdde5cb40: ver 2 0 (tinfo 0xdde95b20)
08-01 08:22:23.946 14475 14783 D eglCodecCommon: setVertexArrayObject: set vao to 0 (0) 0 0
08-01 08:22:23.947 14475 14783 D EGL_emulation: eglCreateContext: 0xb85e43e0: maj 1 min 0 rcv 1
08-01 08:22:23.954  1678  1678 I hwservicemanager: getTransport: Cannot find entry android.hardware.graphics.allocator@3.0::IAllocator/default in either framework or device manifest.
08-01 08:22:23.955 14475 14783 W Gralloc3: allocator 3.x is not supported
08-01 08:22:23.966  1796  1796 D gralloc_ranchu: gralloc_alloc: Creating ashmem region of size 8478720
08-01 08:22:24.037 14475 14783 D EGL_emulation: eglMakeCurrent: 0xb85e43e0: ver 1 0 (tinfo 0xbe719a50)
08-01 08:22:24.059 14475 14786 W .hkxps17.turnu: Accessing hidden method Lsun/misc/Unsafe;->getObject(Ljava/lang/Object;J)Ljava/lang/Object; (greylist, linking, allowed)
08-01 08:22:24.059 14475 14786 W .hkxps17.turnu: Accessing hidden method Lsun/misc/Unsafe;->putObject(Ljava/lang/Object;JLjava/lang/Object;)V (greylist, linking, allowed)
08-01 08:22:24.073 14475 14797 W .hkxps17.turnu: Accessing hidden method Lsun/misc/Unsafe;->getObject(Ljava/lang/Object;J)Ljava/lang/Object; (greylist, linking, allowed)
08-01 08:22:24.076 14475 14797 I chatty  : uid=10171(com.hkxps17.turnup) androidmapsapi- identical 2 lines
08-01 08:22:24.078 14475 14797 W .hkxps17.turnu: Accessing hidden method Lsun/misc/Unsafe;->getObject(Ljava/lang/Object;J)Ljava/lang/Object; (greylist, linking, allowed)
08-01 08:22:24.078 14475 14797 W .hkxps17.turnu: Accessing hidden method Lsun/misc/Unsafe;->putObject(Ljava/lang/Object;JLjava/lang/Object;)V (greylist, linking, allowed)
08-01 08:22:24.102 14475 14475 W .hkxps17.turnu: Accessing hidden method Ldalvik/system/CloseGuard;->get()Ldalvik/system/CloseGuard; (greylist,core-platform-api, reflection, allowed)
08-01 08:22:24.102 14475 14475 W .hkxps17.turnu: Accessing hidden method Ldalvik/system/CloseGuard;->open(Ljava/lang/String;)V (greylist,core-platform-api, reflection, allowed)
08-01 08:22:24.102 14475 14475 W .hkxps17.turnu: Accessing hidden method Ldalvik/system/CloseGuard;->warnIfOpen()V (greylist,core-platform-api, reflection, allowed)
08-01 08:22:24.125 14475 14475 D TEST    : []!!!!
08-01 08:22:24.137 14475 14475 D TEST    : []!!!!
08-01 08:22:24.145 14475 14544 D EGL_emulation: eglMakeCurrent: 0xdde5cb40: ver 2 0 (tinfo 0xdde95b20)
08-01 08:22:24.177  1796  1796 D gralloc_ranchu: gralloc_alloc: Creating ashmem region of size 8478720
08-01 08:22:24.197  2037  2059 W InputReader: Device has associated, but no associated display id.
08-01 08:22:24.199  2037  2059 I chatty  : uid=1000(system) android.anim identical 18 lines
08-01 08:22:24.199  2037  2059 W InputReader: Device has associated, but no associated display id.
08-01 08:22:24.203 14475 14544 D EGL_emulation: eglMakeCurrent: 0xdde5cb40: ver 2 0 (tinfo 0xdde95b20)
08-01 08:22:24.234 14475 14475 D LifecycleMonitor: Lifecycle status change: com.hkxps17.turnup.LoginActivity@7e17953 in: STOPPED
08-01 08:22:24.234 14475 14475 V ActivityScenario: Update currentActivityStage to STOPPED, currentActivity=com.hkxps17.turnup.LoginActivity@7e17953
08-01 08:22:24.265  1777 14805 E ResolverController: No valid NAT64 prefix (101, <unspecified>/0)
08-01 08:22:24.387  1777 14804 E ResolverController: No valid NAT64 prefix (101, <unspecified>/0)
08-01 08:22:24.466 14475 14506 W .hkxps17.turnu: Accessing hidden method Lsun/misc/Unsafe;->compareAndSwapObject(Ljava/lang/Object;JLjava/lang/Object;Ljava/lang/Object;)Z (greylist, linking, allowed)
08-01 08:22:24.466 14475 14797 W .hkxps17.turnu: Accessing hidden method Lsun/misc/Unsafe;->putObject(Ljava/lang/Object;JLjava/lang/Object;)V (greylist, linking, allowed)
08-01 08:22:24.466 14475 14797 W .hkxps17.turnu: Accessing hidden method Lsun/misc/Unsafe;->getInt(Ljava/lang/Object;J)I (greylist, linking, allowed)
08-01 08:22:24.466 14475 14797 W .hkxps17.turnu: Accessing hidden method Lsun/misc/Unsafe;->putInt(Ljava/lang/Object;JI)V (greylist, linking, allowed)
08-01 08:22:24.467 14475 14797 W .hkxps17.turnu: Accessing hidden method Lsun/misc/Unsafe;->putLong(Ljava/lang/Object;JJ)V (greylist, linking, allowed)
08-01 08:22:24.467 14475 14475 I ViewInteraction: Performing 'single click' action on view (view.getId() is <2131231035/com.hkxps17.turnup:id/map_add_button> and Child at position 4 in parent Child at position 0 in parent view.getId() is <16908290/android:id/content> and (view has effective visibility <VISIBLE> and view.getGlobalVisibleRect() to return non-empty rectangle))
08-01 08:22:24.477 14475 14797 W .hkxps17.turnu: Accessing hidden method Lsun/misc/Unsafe;->getObject(Ljava/lang/Object;J)Ljava/lang/Object; (greylist, linking, allowed)
08-01 08:22:24.477 14475 14797 W .hkxps17.turnu: Accessing hidden method Lsun/misc/Unsafe;->putObject(Ljava/lang/Object;JLjava/lang/Object;)V (greylist, linking, allowed)
08-01 08:22:24.477 14475 14797 W .hkxps17.turnu: Accessing hidden method Lsun/misc/Unsafe;->putLong(Ljava/lang/Object;JJ)V (greylist, linking, allowed)
08-01 08:22:24.478 14475 14797 W .hkxps17.turnu: Accessing hidden method Lsun/misc/Unsafe;->putObject(Ljava/lang/Object;JLjava/lang/Object;)V (greylist, linking, allowed)
08-01 08:22:24.478 14475 14797 W .hkxps17.turnu: Accessing hidden method Lsun/misc/Unsafe;->putLong(Ljava/lang/Object;JJ)V (greylist, linking, allowed)
08-01 08:22:24.480 14475 14797 W .hkxps17.turnu: Accessing hidden method Lsun/misc/Unsafe;->putObject(Ljava/lang/Object;JLjava/lang/Object;)V (greylist, linking, allowed)
08-01 08:22:24.480 14475 14797 W .hkxps17.turnu: Accessing hidden method Lsun/misc/Unsafe;->putLong(Ljava/lang/Object;JJ)V (greylist, linking, allowed)
08-01 08:22:24.483 14475 14797 W .hkxps17.turnu: Accessing hidden method Lsun/misc/Unsafe;->getLong(Ljava/lang/Object;J)J (greylist,core-platform-api, linking, allowed)
08-01 08:22:24.488 14475 14797 W .hkxps17.turnu: Accessing hidden method Lsun/misc/Unsafe;->putObject(Ljava/lang/Object;JLjava/lang/Object;)V (greylist, linking, allowed)
08-01 08:22:24.488 14475 14797 W .hkxps17.turnu: Accessing hidden method Lsun/misc/Unsafe;->putLong(Ljava/lang/Object;JJ)V (greylist, linking, allowed)
08-01 08:22:24.501 14475 14475 W .hkxps17.turnu: Accessing hidden method Lsun/misc/Unsafe;->putObject(Ljava/lang/Object;JLjava/lang/Object;)V (greylist, linking, allowed)
08-01 08:22:24.510 14475 14544 D EGL_emulation: eglMakeCurrent: 0xdde5cb40: ver 2 0 (tinfo 0xdde95b20)
08-01 08:22:24.528 14475 14810 W .hkxps17.turnu: Accessing hidden method Lsun/misc/Unsafe;->getObject(Ljava/lang/Object;J)Ljava/lang/Object; (greylist, linking, allowed)
08-01 08:22:24.534  1796  1796 D gralloc_ranchu: gralloc_alloc: Creating ashmem region of size 8478720
08-01 08:22:24.543 14475 14810 W .hkxps17.turnu: Accessing hidden method Lsun/misc/Unsafe;->getObject(Ljava/lang/Object;J)Ljava/lang/Object; (greylist, linking, allowed)
08-01 08:22:24.551 14475 14544 D EGL_emulation: eglMakeCurrent: 0xdde5cb40: ver 2 0 (tinfo 0xdde95b20)
08-01 08:22:24.552 14475 14810 W .hkxps17.turnu: Accessing hidden method Lsun/misc/Unsafe;->getObject(Ljava/lang/Object;J)Ljava/lang/Object; (greylist, linking, allowed)
08-01 08:22:24.566 14475 14544 D EGL_emulation: eglMakeCurrent: 0xdde5cb40: ver 2 0 (tinfo 0xdde95b20)
08-01 08:22:24.569 14475 14810 W .hkxps17.turnu: Accessing hidden method Lsun/misc/Unsafe;->getObject(Ljava/lang/Object;J)Ljava/lang/Object; (greylist, linking, allowed)
08-01 08:22:24.585 14475 14810 W .hkxps17.turnu: Accessing hidden method Lsun/misc/Unsafe;->getObject(Ljava/lang/Object;J)Ljava/lang/Object; (greylist, linking, allowed)
08-01 08:22:24.596 14475 14544 D EGL_emulation: eglMakeCurrent: 0xdde5cb40: ver 2 0 (tinfo 0xdde95b20)
08-01 08:22:24.600 14475 14810 W .hkxps17.turnu: Accessing hidden method Lsun/misc/Unsafe;->getObject(Ljava/lang/Object;J)Ljava/lang/Object; (greylist, linking, allowed)
08-01 08:22:24.606 14475 14544 D EGL_emulation: eglMakeCurrent: 0xdde5cb40: ver 2 0 (tinfo 0xdde95b20)
08-01 08:22:24.618 14475 14810 W .hkxps17.turnu: Accessing hidden method Lsun/misc/Unsafe;->getObject(Ljava/lang/Object;J)Ljava/lang/Object; (greylist, linking, allowed)
08-01 08:22:24.632 14475 14544 D EGL_emulation: eglMakeCurrent: 0xdde5cb40: ver 2 0 (tinfo 0xdde95b20)
08-01 08:22:24.632 14475 14810 W .hkxps17.turnu: Accessing hidden method Lsun/misc/Unsafe;->getObject(Ljava/lang/Object;J)Ljava/lang/Object; (greylist, linking, allowed)
08-01 08:22:24.641 14475 14544 D EGL_emulation: eglMakeCurrent: 0xdde5cb40: ver 2 0 (tinfo 0xdde95b20)
08-01 08:22:24.654 14475 14544 D EGL_emulation: eglMakeCurrent: 0xdde5cb40: ver 2 0 (tinfo 0xdde95b20)
08-01 08:22:24.655 14475 14475 D LifecycleMonitor: Lifecycle status change: com.hkxps17.turnup.EventListActivity@2345cf4 in: STOPPED
08-01 08:22:24.655 14475 14475 V ActivityScenario: Activity lifecycle changed event received but ignored because the intent does not match. startActivityIntent=Intent { act=android.intent.action.MAIN cat=[android.intent.category.LAUNCHER] cmp=com.hkxps17.turnup/.LoginActivity }, activity.getIntent()=Intent { cmp=com.hkxps17.turnup/.EventListActivity }, activity=com.hkxps17.turnup.EventListActivity@2345cf4
08-01 08:22:24.655 14475 14810 W .hkxps17.turnu: Accessing hidden method Lsun/misc/Unsafe;->getObject(Ljava/lang/Object;J)Ljava/lang/Object; (greylist, linking, allowed)
08-01 08:22:24.669 14475 14544 D EGL_emulation: eglMakeCurrent: 0xdde5cb40: ver 2 0 (tinfo 0xdde95b20)
08-01 08:22:24.669 14475 14810 W .hkxps17.turnu: Accessing hidden method Lsun/misc/Unsafe;->getObject(Ljava/lang/Object;J)Ljava/lang/Object; (greylist, linking, allowed)
08-01 08:22:24.686 14475 14810 W .hkxps17.turnu: Accessing hidden method Lsun/misc/Unsafe;->getObject(Ljava/lang/Object;J)Ljava/lang/Object; (greylist, linking, allowed)
08-01 08:22:24.692 14475 14475 D LifecycleMonitor: Lifecycle status change: com.hkxps17.turnup.MapsActivity@c100fba in: PAUSED
08-01 08:22:24.692 14475 14475 V ActivityScenario: Activity lifecycle changed event received but ignored because the intent does not match. startActivityIntent=Intent { act=android.intent.action.MAIN cat=[android.intent.category.LAUNCHER] cmp=com.hkxps17.turnup/.LoginActivity }, activity.getIntent()=Intent { cmp=com.hkxps17.turnup/.MapsActivity }, activity=com.hkxps17.turnup.MapsActivity@c100fba
08-01 08:22:24.693  2037  2053 W InputReader: Device has associated, but no associated display id.
08-01 08:22:24.695  2037  2053 I chatty  : uid=1000(system) Binder:2037_1 identical 48 lines
08-01 08:22:24.695  2037  2053 W InputReader: Device has associated, but no associated display id.
08-01 08:22:24.700 14475 14475 W ActivityThread: handleWindowVisibility: no activity for token android.os.BinderProxy@64b4667
08-01 08:22:24.702 14475 14810 W .hkxps17.turnu: Accessing hidden method Lsun/misc/Unsafe;->getObject(Ljava/lang/Object;J)Ljava/lang/Object; (greylist, linking, allowed)
08-01 08:22:24.706 14475 14475 D LifecycleMonitor: Lifecycle status change: com.hkxps17.turnup.AddLocationActivity@bc797b9 in: PRE_ON_CREATE
08-01 08:22:24.707 14475 14475 V ActivityScenario: Activity lifecycle changed event received but ignored because the intent does not match. startActivityIntent=Intent { act=android.intent.action.MAIN cat=[android.intent.category.LAUNCHER] cmp=com.hkxps17.turnup/.LoginActivity }, activity.getIntent()=Intent { cmp=com.hkxps17.turnup/.AddLocationActivity }, activity=com.hkxps17.turnup.AddLocationActivity@bc797b9
08-01 08:22:24.721 14475 14810 W .hkxps17.turnu: Accessing hidden method Lsun/misc/Unsafe;->getObject(Ljava/lang/Object;J)Ljava/lang/Object; (greylist, linking, allowed)
08-01 08:22:24.738 14475 14810 I chatty  : uid=10171(com.hkxps17.turnup) androidmapsapi- identical 1 line
08-01 08:22:24.752 14475 14810 W .hkxps17.turnu: Accessing hidden method Lsun/misc/Unsafe;->getObject(Ljava/lang/Object;J)Ljava/lang/Object; (greylist, linking, allowed)
08-01 08:22:24.766 14475 14475 D LifecycleMonitor: Lifecycle status change: com.hkxps17.turnup.AddLocationActivity@bc797b9 in: CREATED
08-01 08:22:24.767 14475 14475 V ActivityScenario: Activity lifecycle changed event received but ignored because the intent does not match. startActivityIntent=Intent { act=android.intent.action.MAIN cat=[android.intent.category.LAUNCHER] cmp=com.hkxps17.turnup/.LoginActivity }, activity.getIntent()=Intent { cmp=com.hkxps17.turnup/.AddLocationActivity }, activity=com.hkxps17.turnup.AddLocationActivity@bc797b9
08-01 08:22:24.768 14475 14475 D LifecycleMonitor: Lifecycle status change: com.hkxps17.turnup.AddLocationActivity@bc797b9 in: STARTED
08-01 08:22:24.768 14475 14475 V ActivityScenario: Activity lifecycle changed event received but ignored because the intent does not match. startActivityIntent=Intent { act=android.intent.action.MAIN cat=[android.intent.category.LAUNCHER] cmp=com.hkxps17.turnup/.LoginActivity }, activity.getIntent()=Intent { cmp=com.hkxps17.turnup/.AddLocationActivity }, activity=com.hkxps17.turnup.AddLocationActivity@bc797b9
08-01 08:22:24.768 14475 14475 D LifecycleMonitor: Lifecycle status change: com.hkxps17.turnup.AddLocationActivity@bc797b9 in: RESUMED
08-01 08:22:24.769 14475 14475 V ActivityScenario: Activity lifecycle changed event received but ignored because the intent does not match. startActivityIntent=Intent { act=android.intent.action.MAIN cat=[android.intent.category.LAUNCHER] cmp=com.hkxps17.turnup/.LoginActivity }, activity.getIntent()=Intent { cmp=com.hkxps17.turnup/.AddLocationActivity }, activity=com.hkxps17.turnup.AddLocationActivity@bc797b9
08-01 08:22:24.769 14475 14810 W .hkxps17.turnu: Accessing hidden method Lsun/misc/Unsafe;->getObject(Ljava/lang/Object;J)Ljava/lang/Object; (greylist, linking, allowed)
08-01 08:22:24.791 14475 14810 W .hkxps17.turnu: Accessing hidden method Lsun/misc/Unsafe;->getObject(Ljava/lang/Object;J)Ljava/lang/Object; (greylist, linking, allowed)
08-01 08:22:24.795  1796  1796 D gralloc_ranchu: gralloc_alloc: Creating ashmem region of size 9334784
08-01 08:22:24.800  1796  1796 I chatty  : uid=1000(system) allocator@2.0-s identical 1 line
08-01 08:22:24.801  1796  1796 D gralloc_ranchu: gralloc_alloc: Creating ashmem region of size 9334784
08-01 08:22:24.806 14475 14810 W .hkxps17.turnu: Accessing hidden method Lsun/misc/Unsafe;->getObject(Ljava/lang/Object;J)Ljava/lang/Object; (greylist, linking, allowed)
08-01 08:22:24.808 14475 14544 D EGL_emulation: eglMakeCurrent: 0xdde5cb40: ver 2 0 (tinfo 0xdde95b20)
08-01 08:22:24.829 14475 14475 E libprocessgroup: set_timerslack_ns write failed: Operation not permitted
08-01 08:22:24.829 14475 14810 W .hkxps17.turnu: Accessing hidden method Lsun/misc/Unsafe;->getObject(Ljava/lang/Object;J)Ljava/lang/Object; (greylist, linking, allowed)
08-01 08:22:24.830  2037  2059 W InputReader: Device has associated, but no associated display id.
08-01 08:22:24.831  2037  2059 I chatty  : uid=1000(system) android.anim identical 18 lines
08-01 08:22:24.831  2037  2059 W InputReader: Device has associated, but no associated display id.
08-01 08:22:24.841 14475 14810 W .hkxps17.turnu: Accessing hidden method Lsun/misc/Unsafe;->getObject(Ljava/lang/Object;J)Ljava/lang/Object; (greylist, linking, allowed)
08-01 08:22:24.844 14475 14544 D EGL_emulation: eglMakeCurrent: 0xdde5cb40: ver 2 0 (tinfo 0xdde95b20)
08-01 08:22:24.850 14475 14544 I chatty  : uid=10171(com.hkxps17.turnup) RenderThread identical 1 line
08-01 08:22:24.877 14475 14544 D EGL_emulation: eglMakeCurrent: 0xdde5cb40: ver 2 0 (tinfo 0xdde95b20)
08-01 08:22:24.913  1795  2479 E GnssHAL_GnssInterface: gnssSvStatusCb: a: input svInfo.flags is 8
08-01 08:22:24.913  1795  2479 E GnssHAL_GnssInterface: gnssSvStatusCb: b: input svInfo.flags is 8
08-01 08:22:25.100 14475 14506 W .hkxps17.turnu: Accessing hidden method Lsun/misc/Unsafe;->compareAndSwapObject(Ljava/lang/Object;JLjava/lang/Object;Ljava/lang/Object;)Z (greylist, linking, allowed)
08-01 08:22:25.101 14475 14475 I ViewInteraction: Checking 'MatchesViewAssertion{viewMatcher=(view has effective visibility <VISIBLE> and view.getGlobalVisibleRect() to return non-empty rectangle)}' assertion on view (view.getId() is <2131230808/com.hkxps17.turnup:id/add_location_title> and view.getParent() view.getParent() view.getId() is <2131231021/com.hkxps17.turnup:id/linearLayout> and (view has effective visibility <VISIBLE> and view.getGlobalVisibleRect() to return non-empty rectangle))
08-01 08:22:25.102 14475 14506 W .hkxps17.turnu: Accessing hidden method Lsun/misc/Unsafe;->compareAndSwapObject(Ljava/lang/Object;JLjava/lang/Object;Ljava/lang/Object;)Z (greylist, linking, allowed)
08-01 08:22:25.103 14475 14551 W .hkxps17.turnu: Accessing hidden method Lsun/misc/Unsafe;->compareAndSwapObject(Ljava/lang/Object;JLjava/lang/Object;Ljava/lang/Object;)Z (greylist, linking, allowed)
