08-01 08:22:19.420 14475 14506 I TestRunner: started: newLocationTest(com.hkxps17.turnup.NewLocationTest)
08-01 08:22:19.427 14475 14506 W Settings: Setting always_finish_activities has moved from android.provider.Settings.System to android.provider.Settings.Global, returning read-only value.
08-01 08:22:19.447  2037  2059 E system_server: Invalid ID 0x00000000.
08-01 08:22:19.451  2037  2844 W InputReader: Device has associated, but no associated display id.
08-01 08:22:19.451  2037  2844 I chatty  : uid=1000(system) Binder:2037_9 identical 8 lines
08-01 08:22:19.451  2037  2844 W InputReader: Device has associated, but no associated display id.
08-01 08:22:19.459  1796  1796 D gralloc_ranchu: gralloc_alloc: Creating ashmem region of size 9334784
08-01 08:22:19.468  1778  1778 D Zygote  : Forked child process 14508
08-01 08:22:19.471 14508 14508 I s17.turnup.tes: Late-enabling -Xcheck:jni
08-01 08:22:19.503 14508 14508 E s17.turnup.tes: Unknown bits set in runtime_flags: 0x8000
08-01 08:22:19.504 14508 14508 W s17.turnup.tes: Unexpected CPU variant for X86 using defaults: x86
08-01 08:22:19.532  2037  2844 W InputReader: Device has associated, but no associated display id.
08-01 08:22:19.535  2037  2844 I chatty  : uid=1000(system) Binder:2037_9 identical 28 lines
08-01 08:22:19.535  2037  2844 W InputReader: Device has associated, but no associated display id.
08-01 08:22:19.538  2037  2059 W InputReader: Device has associated, but no associated display id.
08-01 08:22:19.539  2037  2059 I chatty  : uid=1000(system) android.anim identical 8 lines
08-01 08:22:19.539  2037  2059 W InputReader: Device has associated, but no associated display id.
08-01 08:22:19.553  3995  4125 I MicroDetectionState: (REDACTED) Should stop hotword detection immediately - %b
08-01 08:22:19.553  3995  4125 I A       : getLocaleToModelSpecsMap
08-01 08:22:19.553  3995  4125 I A       : Using proto config with mendel
08-01 08:22:19.554  3995  4125 I A       : getLocaleToModelSpecsMap
08-01 08:22:19.554  3995  4125 I A       : Using proto config with mendel
08-01 08:22:19.556 14508 14508 I s17.turnup.tes: The ClassLoaderContext is a special shared library.
08-01 08:22:19.561 14508 14508 I s17.turnup.tes: The ClassLoaderContext is a special shared library.
08-01 08:22:19.588  1824  2131 E SurfaceFlinger: ro.sf.lcd_density must be defined as a build property
08-01 08:22:19.590  1824  2131 E SurfaceFlinger: ro.sf.lcd_density must be defined as a build property
08-01 08:22:19.599 14508 14542 D libEGL  : Emulator has host GPU support, qemu.gles is set to 1.
08-01 08:22:19.600 14508 14542 W libc    : Unable to set property "qemu.gles" to "1": connection failed; errno=13 (Permission denied)
08-01 08:22:19.586 14508 14508 W RenderThread: type=1400 audit(0.0:672): avc: denied { write } for name="property_service" dev="tmpfs" ino=6968 scontext=u:r:untrusted_app:s0:c135,c256,c512,c768 tcontext=u:object_r:property_socket:s0 tclass=sock_file permissive=0
08-01 08:22:19.627 14508 14542 D libEGL  : loaded /vendor/lib/egl/libEGL_emulation.so
08-01 08:22:19.629 14508 14542 D libEGL  : loaded /vendor/lib/egl/libGLESv1_CM_emulation.so
08-01 08:22:19.631 14508 14542 D libEGL  : loaded /vendor/lib/egl/libGLESv2_emulation.so
08-01 08:22:19.671  2037  3689 W InputReader: Device has associated, but no associated display id.
08-01 08:22:19.673  2037  3689 I chatty  : uid=1000(system) Binder:2037_16 identical 38 lines
08-01 08:22:19.673  2037  3689 W InputReader: Device has associated, but no associated display id.
08-01 08:22:19.673 14475 14475 W ActivityThread: handleWindowVisibility: no activity for token android.os.BinderProxy@40513b6
08-01 08:22:19.674  2037  3689 W InputReader: Device has associated, but no associated display id.
08-01 08:22:19.676  2037  3689 I chatty  : uid=1000(system) Binder:2037_16 identical 18 lines
08-01 08:22:19.676  2037  3689 W InputReader: Device has associated, but no associated display id.
08-01 08:22:19.684  1824  1921 E SurfaceFlinger: ro.sf.lcd_density must be defined as a build property
08-01 08:22:19.684  1824  1921 E SurfaceFlinger: ro.sf.lcd_density must be defined as a build property
08-01 08:22:19.715 14475 14546 D libEGL  : Emulator has host GPU support, qemu.gles is set to 1.
08-01 08:22:19.715 14475 14546 W libc    : Unable to set property "qemu.gles" to "1": connection failed; errno=13 (Permission denied)
08-01 08:22:19.717 14475 14546 D libEGL  : loaded /vendor/lib/egl/libEGL_emulation.so
08-01 08:22:19.718 14475 14546 D libEGL  : loaded /vendor/lib/egl/libGLESv1_CM_emulation.so
08-01 08:22:19.719 14475 14546 D libEGL  : loaded /vendor/lib/egl/libGLESv2_emulation.so
08-01 08:22:19.706 14475 14475 W RenderThread: type=1400 audit(0.0:673): avc: denied { write } for name="property_service" dev="tmpfs" ino=6968 scontext=u:r:untrusted_app:s0:c171,c256,c512,c768 tcontext=u:object_r:property_socket:s0 tclass=sock_file permissive=0
08-01 08:22:19.793 14475 14475 D LifecycleMonitor: Lifecycle status change: com.hkxps17.turnup.LoginActivity@7e17953 in: PRE_ON_CREATE
08-01 08:22:19.794 14475 14475 V ActivityScenario: Activity lifecycle changed event received but ignored because the reported transition was not ON_CREATE while the last known transition was PRE_ON_CREATE
08-01 08:22:19.854  2701  3296 D EGL_emulation: eglMakeCurrent: 0xd5d1a900: ver 2 0 (tinfo 0xd5d0f7a0)
08-01 08:22:19.857  3995  4202 D EGL_emulation: eglMakeCurrent: 0xe90545e0: ver 2 0 (tinfo 0xb32f8b60)
08-01 08:22:19.858 25936 25978 D EGL_emulation: eglMakeCurrent: 0xd5d1aa80: ver 2 0 (tinfo 0xd5d0f4e0)
08-01 08:22:19.870 14475 14475 W .hkxps17.turnu: Accessing hidden method Landroid/view/View;->computeFitSystemWindows(Landroid/graphics/Rect;Landroid/graphics/Rect;)Z (greylist, reflection, allowed)
08-01 08:22:19.870 14475 14475 W .hkxps17.turnu: Accessing hidden method Landroid/view/ViewGroup;->makeOptionalFitsSystemWindows()V (greylist, reflection, allowed)
08-01 08:22:19.913  1795  2479 E GnssHAL_GnssInterface: gnssSvStatusCb: a: input svInfo.flags is 8
08-01 08:22:19.913  1795  2479 E GnssHAL_GnssInterface: gnssSvStatusCb: b: input svInfo.flags is 8
08-01 08:22:19.950 14475 14475 I .hkxps17.turnu: The ClassLoaderContext is a special shared library.
08-01 08:22:19.952 14475 14475 I .hkxps17.turnu: The ClassLoaderContext is a special shared library.
08-01 08:22:19.977 14475 14475 I DynamiteModule: Considering local module com.google.android.gms.signinbutton_dynamite:0 and remote module com.google.android.gms.signinbutton_dynamite:2
08-01 08:22:19.977 14475 14475 I DynamiteModule: Selected remote version of com.google.android.gms.signinbutton_dynamite, version >= 2
08-01 08:22:20.146 14475 14475 D LoginActivity: OnCreate
08-01 08:22:20.148 14475 14475 D LifecycleMonitor: Lifecycle status change: com.hkxps17.turnup.LoginActivity@7e17953 in: CREATED
08-01 08:22:20.149 14475 14475 V ActivityScenario: Update currentActivityStage to CREATED, currentActivity=com.hkxps17.turnup.LoginActivity@7e17953
08-01 08:22:20.157 14475 14475 D LoginActivity: OnStart
08-01 08:22:20.163 14475 14475 D LoginActivity: No user signed in
08-01 08:22:20.163 14475 14475 D LifecycleMonitor: Lifecycle status change: com.hkxps17.turnup.LoginActivity@7e17953 in: STARTED
08-01 08:22:20.163 14475 14475 V ActivityScenario: Update currentActivityStage to STARTED, currentActivity=com.hkxps17.turnup.LoginActivity@7e17953
08-01 08:22:20.165 14475 14475 D LifecycleMonitor: Lifecycle status change: com.hkxps17.turnup.LoginActivity@7e17953 in: RESUMED
08-01 08:22:20.166 14475 14475 V ActivityScenario: Update currentActivityStage to RESUMED, currentActivity=com.hkxps17.turnup.LoginActivity@7e17953
08-01 08:22:20.186  3995  4114 I A       : NGA disabled since it's running Panthera and at least one a11y feature is on.
08-01 08:22:20.186  3995  4114 I A       : (REDACTED) Nga state changed to %s
08-01 08:22:20.187  3995 13058 I Search.LoginHelperImpl: (REDACTED) Successfully received auth token for scope: %s in time %d ms
08-01 08:22:20.189  4090  4112 I A       : (REDACTED) APA or Classic session decision: %s.
08-01 08:22:20.190  4090  4148 I A       : Unsubscribed to apa or classic variant change.
08-01 08:22:20.196 25037 25037 D BoundBrokerSvc: onBind: Intent { act=com.google.android.gms.auth.api.signin.service.START pkg=com.google.android.gms }
08-01 08:22:20.197 25037 25037 D BoundBrokerSvc: Loading bound service for intent: Intent { act=com.google.android.gms.auth.api.signin.service.START pkg=com.google.android.gms }
08-01 08:22:20.221 14475 14544 D HostConnection: HostConnection::get() New Host Connection established 0xd2b0f720, tid 14544
08-01 08:22:20.221 14475 14544 D HostConnection: HostComposition ext ANDROID_EMU_CHECKSUM_HELPER_v1 ANDROID_EMU_dma_v1 ANDROID_EMU_direct_mem ANDROID_EMU_host_composition_v1 ANDROID_EMU_host_composition_v2 ANDROID_EMU_vulkan ANDROID_EMU_deferred_vulkan_commands ANDROID_EMU_vulkan_null_optional_strings ANDROID_EMU_vulkan_create_resources_with_requirements ANDROID_EMU_YUV420_888_to_NV21 ANDROID_EMU_YUV_Cache ANDROID_EMU_vulkan_free_memory_sync ANDROID_EMU_vulkan_shader_float16_int8 ANDROID_EMU_vulkan_async_queue_submit ANDROID_EMU_sync_buffer_data GL_OES_vertex_array_object GL_KHR_texture_compression_astc_ldr ANDROID_EMU_host_side_tracing ANDROID_EMU_gles_max_version_2
08-01 08:22:20.246 14475 14506 D EventInjectionStrategy: Creating injection strategy with input manager.
08-01 08:22:20.246 14475 14506 W .hkxps17.turnu: Accessing hidden method Landroid/hardware/input/InputManager;->getInstance()Landroid/hardware/input/InputManager; (greylist, reflection, allowed)
08-01 08:22:20.246 14475 14506 W .hkxps17.turnu: Accessing hidden method Landroid/hardware/input/InputManager;->injectInputEvent(Landroid/view/InputEvent;I)Z (greylist, reflection, allowed)
08-01 08:22:20.246 14475 14506 W .hkxps17.turnu: Accessing hidden field Landroid/hardware/input/InputManager;->INJECT_INPUT_EVENT_MODE_WAIT_FOR_FINISH:I (greylist, reflection, allowed)
08-01 08:22:20.274 14475 14544 W OpenGLRenderer: Failed to choose config with EGL_SWAP_BEHAVIOR_PRESERVED, retrying without...
08-01 08:22:20.283 14475 14544 D eglCodecCommon: setVertexArrayObject: set vao to 0 (0) 0 0
08-01 08:22:20.283 14475 14544 D EGL_emulation: eglCreateContext: 0xdde5cb40: maj 2 min 0 rcv 2
08-01 08:22:20.319 14475 14544 D EGL_emulation: eglMakeCurrent: 0xdde5cb40: ver 2 0 (tinfo 0xdde95b20)
08-01 08:22:20.325  1796  1796 D gralloc_ranchu: gralloc_alloc: Creating ashmem region of size 9334784
08-01 08:22:20.327  1678  1678 I hwservicemanager: getTransport: Cannot find entry android.hardware.graphics.mapper@3.0::IMapper/default in either framework or device manifest.
08-01 08:22:20.327 14475 14544 W Gralloc3: mapper 3.x is not supported
08-01 08:22:20.328 14475 14544 D HostConnection: createUnique: call
08-01 08:22:20.328 14475 14544 D HostConnection: HostConnection::get() New Host Connection established 0xd2b12600, tid 14544
08-01 08:22:20.329 14475 14544 D HostConnection: HostComposition ext ANDROID_EMU_CHECKSUM_HELPER_v1 ANDROID_EMU_dma_v1 ANDROID_EMU_direct_mem ANDROID_EMU_host_composition_v1 ANDROID_EMU_host_composition_v2 ANDROID_EMU_vulkan ANDROID_EMU_deferred_vulkan_commands ANDROID_EMU_vulkan_null_optional_strings ANDROID_EMU_vulkan_create_resources_with_requirements ANDROID_EMU_YUV420_888_to_NV21 ANDROID_EMU_YUV_Cache ANDROID_EMU_vulkan_free_memory_sync ANDROID_EMU_vulkan_shader_float16_int8 ANDROID_EMU_vulkan_async_queue_submit ANDROID_EMU_sync_buffer_data GL_OES_vertex_array_object GL_KHR_texture_compression_astc_ldr ANDROID_EMU_host_side_tracing ANDROID_EMU_gles_max_version_2
08-01 08:22:20.329 14475 14544 D eglCodecCommon: allocate: Ask for block of size 0x1000
08-01 08:22:20.329 14475 14544 D eglCodecCommon: allocate: ioctl allocate returned offset 0x3ff706000 size 0x2000
08-01 08:22:20.330  1796  1796 D gralloc_ranchu: gralloc_alloc: Creating ashmem region of size 9334784
08-01 08:22:20.337  1796  1796 D gralloc_ranchu: gralloc_alloc: Creating ashmem region of size 9334784
08-01 08:22:20.344 14475 14544 D EGL_emulation: eglMakeCurrent: 0xdde5cb40: ver 2 0 (tinfo 0xdde95b20)
08-01 08:22:20.352 14475 14544 D eglCodecCommon: setVertexArrayObject: set vao to 0 (0) 1 0
08-01 08:22:20.434  2037  2063 I ActivityTaskManager: Displayed com.hkxps17.turnup/.LoginActivity: +987ms
08-01 08:22:20.476 14475 14506 W .hkxps17.turnu: Accessing hidden method Landroid/view/ViewConfiguration;->getDoubleTapMinTime()I (greylist, reflection, allowed)
08-01 08:22:20.492  3995  4125 I A       : getLocaleToModelSpecsMap
08-01 08:22:20.492  3995  4125 I A       : Using proto config with mendel
08-01 08:22:20.492  3995  4125 I A       : getLocaleToModelSpecsMap
08-01 08:22:20.493  3995  4125 I A       : Using proto config with mendel
08-01 08:22:20.493  3995  4125 W SearchServiceCore: Abort, client detached.
08-01 08:22:20.494  3995  8406 I PBSessionCacheImpl: (REDACTED) Deleted sessionId[%d] from persistence.
08-01 08:22:20.502 14475 14475 W .hkxps17.turnu: Accessing hidden method Landroid/os/MessageQueue;->next()Landroid/os/Message; (greylist, reflection, allowed)
08-01 08:22:20.502 14475 14475 W .hkxps17.turnu: Accessing hidden field Landroid/os/MessageQueue;->mMessages:Landroid/os/Message; (greylist, reflection, allowed)
08-01 08:22:20.502 14475 14475 W .hkxps17.turnu: Accessing hidden method Landroid/os/Message;->recycleUnchecked()V (greylist, reflection, allowed)
08-01 08:22:20.504 14475 14506 W .hkxps17.turnu: Accessing hidden method Lsun/misc/Unsafe;->getUnsafe()Lsun/misc/Unsafe; (greylist,core-platform-api, linking, allowed)
08-01 08:22:20.504 14475 14506 W .hkxps17.turnu: Accessing hidden method Lsun/misc/Unsafe;->objectFieldOffset(Ljava/lang/reflect/Field;)J (greylist,core-platform-api, linking, allowed)
08-01 08:22:20.504 14475 14506 W .hkxps17.turnu: Accessing hidden method Lsun/misc/Unsafe;->putObject(Ljava/lang/Object;JLjava/lang/Object;)V (greylist, linking, allowed)
08-01 08:22:20.507 14475 14551 W .hkxps17.turnu: Accessing hidden method Lsun/misc/Unsafe;->compareAndSwapObject(Ljava/lang/Object;JLjava/lang/Object;Ljava/lang/Object;)Z (greylist, linking, allowed)
08-01 08:22:20.507 14475 14551 W .hkxps17.turnu: Accessing hidden method Lsun/misc/Unsafe;->getObject(Ljava/lang/Object;J)Ljava/lang/Object; (greylist, linking, allowed)
08-01 08:22:20.507 14475 14475 W .hkxps17.turnu: Accessing hidden method Landroid/view/WindowManagerGlobal;->getInstance()Landroid/view/WindowManagerGlobal; (greylist, reflection, allowed)
08-01 08:22:20.507 14475 14475 W .hkxps17.turnu: Accessing hidden field Landroid/view/WindowManagerGlobal;->mViews:Ljava/util/ArrayList; (greylist, reflection, allowed)
08-01 08:22:20.507 14475 14475 W .hkxps17.turnu: Accessing hidden field Landroid/view/WindowManagerGlobal;->mParams:Ljava/util/ArrayList; (greylist, reflection, allowed)
08-01 08:22:20.521 14475 14475 I ViewInteraction: Performing 'single click' action on view (an instance of android.widget.TextView and view.getText() with or without transformation to match: is "Sign in" and Child at position 0 in parent (view.getId() is <2131231188/com.hkxps17.turnup:id/sign_in_button> and Child at position 3 in parent view.getClass().getName() matches: is "androidx.constraintlayout.widget.ConstraintLayout") and (view has effective visibility <VISIBLE> and view.getGlobalVisibleRect() to return non-empty rectangle))
08-01 08:22:20.567 14475 14475 D LoginActivity: signIN
08-01 08:22:20.580  1784  7977 W audio_hw_generic: Not supplying enough data to HAL, expected position 47100893 , only wrote 47100877
08-01 08:22:20.585 14475 14475 D LifecycleMonitor: Lifecycle status change: com.hkxps17.turnup.LoginActivity@7e17953 in: PAUSED
08-01 08:22:20.585 14475 14475 V ActivityScenario: Update currentActivityStage to PAUSED, currentActivity=com.hkxps17.turnup.LoginActivity@7e17953
08-01 08:22:20.586  2037  4565 W InputReader: Device has associated, but no associated display id.
08-01 08:22:20.589  2037  4565 I chatty  : uid=1000(system) Binder:2037_1C identical 38 lines
08-01 08:22:20.589  2037  4565 W InputReader: Device has associated, but no associated display id.
08-01 08:22:20.595 14475 14475 W ActivityThread: handleWindowVisibility: no activity for token android.os.BinderProxy@15e07a0
08-01 08:22:20.601 14475 14475 D LifecycleMonitor: Lifecycle status change: com.google.android.gms.auth.api.signin.internal.SignInHubActivity@8abe72a in: PRE_ON_CREATE
08-01 08:22:20.601 14475 14475 V ActivityScenario: Activity lifecycle changed event received but ignored because the intent does not match. startActivityIntent=Intent { act=android.intent.action.MAIN cat=[android.intent.category.LAUNCHER] cmp=com.hkxps17.turnup/.LoginActivity }, activity.getIntent()=Intent { act=com.google.android.gms.auth.GOOGLE_SIGN_IN flg=0x800000 pkg=com.hkxps17.turnup cmp=com.hkxps17.turnup/com.google.android.gms.auth.api.signin.internal.SignInHubActivity (has extras) }, activity=com.google.android.gms.auth.api.signin.internal.SignInHubActivity@8abe72a
08-01 08:22:20.616 14475 14475 D LifecycleMonitor: Lifecycle status change: com.google.android.gms.auth.api.signin.internal.SignInHubActivity@8abe72a in: CREATED
08-01 08:22:20.617 14475 14475 V ActivityScenario: Activity lifecycle changed event received but ignored because the intent does not match. startActivityIntent=Intent { act=android.intent.action.MAIN cat=[android.intent.category.LAUNCHER] cmp=com.hkxps17.turnup/.LoginActivity }, activity.getIntent()=Intent { act=com.google.android.gms.auth.GOOGLE_SIGN_IN flg=0x800000 pkg=com.hkxps17.turnup cmp=com.hkxps17.turnup/com.google.android.gms.auth.api.signin.internal.SignInHubActivity (has extras) }, activity=com.google.android.gms.auth.api.signin.internal.SignInHubActivity@8abe72a
08-01 08:22:20.618 14475 14475 D LifecycleMonitor: Lifecycle status change: com.google.android.gms.auth.api.signin.internal.SignInHubActivity@8abe72a in: STARTED
08-01 08:22:20.618 14475 14475 V ActivityScenario: Activity lifecycle changed event received but ignored because the intent does not match. startActivityIntent=Intent { act=android.intent.action.MAIN cat=[android.intent.category.LAUNCHER] cmp=com.hkxps17.turnup/.LoginActivity }, activity.getIntent()=Intent { act=com.google.android.gms.auth.GOOGLE_SIGN_IN flg=0x800000 pkg=com.hkxps17.turnup cmp=com.hkxps17.turnup/com.google.android.gms.auth.api.signin.internal.SignInHubActivity (has extras) }, activity=com.google.android.gms.auth.api.signin.internal.SignInHubActivity@8abe72a
08-01 08:22:20.619 14475 14475 D LifecycleMonitor: Lifecycle status change: com.google.android.gms.auth.api.signin.internal.SignInHubActivity@8abe72a in: RESUMED
08-01 08:22:20.620 14475 14475 V ActivityScenario: Activity lifecycle changed event received but ignored because the intent does not match. startActivityIntent=Intent { act=android.intent.action.MAIN cat=[android.intent.category.LAUNCHER] cmp=com.hkxps17.turnup/.LoginActivity }, activity.getIntent()=Intent { act=com.google.android.gms.auth.GOOGLE_SIGN_IN flg=0x800000 pkg=com.hkxps17.turnup cmp=com.hkxps17.turnup/com.google.android.gms.auth.api.signin.internal.SignInHubActivity (has extras) }, activity=com.google.android.gms.auth.api.signin.internal.SignInHubActivity@8abe72a
08-01 08:22:20.646  1796  1796 D gralloc_ranchu: gralloc_alloc: Creating ashmem region of size 9334784
08-01 08:22:20.651  1796  1796 I chatty  : uid=1000(system) allocator@2.0-s identical 1 line
08-01 08:22:20.652  1796  1796 D gralloc_ranchu: gralloc_alloc: Creating ashmem region of size 9334784
08-01 08:22:20.653 14475 14544 D EGL_emulation: eglMakeCurrent: 0xdde5cb40: ver 2 0 (tinfo 0xdde95b20)
08-01 08:22:20.668 14475 14475 D LifecycleMonitor: Lifecycle status change: com.google.android.gms.auth.api.signin.internal.SignInHubActivity@8abe72a in: PAUSED
08-01 08:22:20.668 14475 14475 V ActivityScenario: Activity lifecycle changed event received but ignored because the intent does not match. startActivityIntent=Intent { act=android.intent.action.MAIN cat=[android.intent.category.LAUNCHER] cmp=com.hkxps17.turnup/.LoginActivity }, activity.getIntent()=Intent { act=com.google.android.gms.auth.GOOGLE_SIGN_IN flg=0x800000 pkg=com.hkxps17.turnup cmp=com.hkxps17.turnup/com.google.android.gms.auth.api.signin.internal.SignInHubActivity (has extras) }, activity=com.google.android.gms.auth.api.signin.internal.SignInHubActivity@8abe72a
08-01 08:22:20.669  2037  3689 W InputReader: Device has associated, but no associated display id.
08-01 08:22:20.670  2037  3689 I chatty  : uid=1000(system) Binder:2037_16 identical 8 lines
08-01 08:22:20.670  2037  3689 W InputReader: Device has associated, but no associated display id.
08-01 08:22:20.679  1778  1778 D Zygote  : Forked child process 14560
08-01 08:22:20.684 14475 14544 D EGL_emulation: eglMakeCurrent: 0xdde5cb40: ver 2 0 (tinfo 0xdde95b20)
08-01 08:22:20.687 14560 14560 W .android.gms.u: Unexpected CPU variant for X86 using defaults: x86
08-01 08:22:20.687 14560 14560 E .android.gms.u: Not starting debugger since process cannot load the jdwp agent.
08-01 08:22:20.691 14475 14544 D EGL_emulation: eglMakeCurrent: 0xdde5cb40: ver 2 0 (tinfo 0xdde95b20)
08-01 08:22:20.707  2037  4565 W InputReader: Device has associated, but no associated display id.
08-01 08:22:20.711  2037  4565 I chatty  : uid=1000(system) Binder:2037_1C identical 28 lines
08-01 08:22:20.711  2037  4565 W InputReader: Device has associated, but no associated display id.
08-01 08:22:20.719 10808 11897 I FontLog : Received query Noto Color Emoji Compat, URI content://com.google.android.gms.fonts [CONTEXT service_id=132 ]
08-01 08:22:20.719 10808 11897 I FontLog : Query [emojicompat-emoji-font] resolved to {Noto Color Emoji Compat, wdth 100.0, wght 400, ital 0.0, bestEffort false} [CONTEXT service_id=132 ]
08-01 08:22:20.720 10808 11897 I FontLog : Fetch {Noto Color Emoji Compat, wdth 100.0, wght 400, ital 0.0, bestEffort false} end status Status{statusCode=SUCCESS, resolution=null} [CONTEXT service_id=132 ]
08-01 08:22:20.727 14560 14560 I .android.gms.u: The ClassLoaderContext is a special shared library.
08-01 08:22:20.728 14560 14560 I .android.gms.u: The ClassLoaderContext is a special shared library.
08-01 08:22:20.729 10808 11897 I FontLog : Pulling font file for id = 244, cache size = 5 [CONTEXT service_id=132 ]
08-01 08:22:20.732 14560 14560 I .android.gms.u: The ClassLoaderContext is a special shared library.
08-01 08:22:20.734 10808 11897 I FontLog : Pulling font file for id = 244, cache size = 5 [CONTEXT service_id=132 ]
08-01 08:22:20.737 14560 14560 W .android.gms.u: JIT profile information will not be recorded: profile file does not exits.
08-01 08:22:20.738 14560 14560 W .android.gms.u: JIT profile information will not be recorded: profile file does not exits.
08-01 08:22:20.796 14560 14560 W ProviderHelper: Unknown dynamite feature providerinstaller.dynamite
08-01 08:22:20.797 14560 14560 I DynamiteModule: Considering local module com.google.android.gms.providerinstaller.dynamite:1 and remote module com.google.android.gms.providerinstaller.dynamite:0
08-01 08:22:20.797 14560 14560 I DynamiteModule: Selected local version of com.google.android.gms.providerinstaller.dynamite
08-01 08:22:20.816 14560 14560 V NativeCrypto: Registering com/google/android/gms/org/conscrypt/NativeCrypto's 295 native methods...
08-01 08:22:20.820 14475 14544 D EGL_emulation: eglMakeCurrent: 0xdde5cb40: ver 2 0 (tinfo 0xdde95b20)
08-01 08:22:20.827 14560 14560 D NetworkSecurityConfig: Using Network Security Config from resource network_security_config debugBuild: false
08-01 08:22:20.828 14560 14560 I ProviderInstaller: Installed default security provider GmsCore_OpenSSL
08-01 08:22:20.848 14560 14560 I bwvl    : Primes not initialized, returning default (no-op) Primes instance which will ignore all calls. Please call Primes.initialize(...) before using any Primes API.
08-01 08:22:20.848 14560 14590 I GMS_MM_Logger: Started.
08-01 08:22:20.856  1824  2077 E SurfaceFlinger: ro.sf.lcd_density must be defined as a build property
08-01 08:22:20.856  1824  2077 E SurfaceFlinger: ro.sf.lcd_density must be defined as a build property
08-01 08:22:20.857 14560 14597 D libEGL  : Emulator has host GPU support, qemu.gles is set to 1.
08-01 08:22:20.858 14560 14597 W libc    : Unable to set property "qemu.gles" to "1": connection failed; errno=13 (Permission denied)
08-01 08:22:20.846 14560 14560 W RenderThread: type=1400 audit(0.0:674): avc: denied { write } for name="property_service" dev="tmpfs" ino=6968 scontext=u:r:priv_app:s0:c512,c768 tcontext=u:object_r:property_socket:s0 tclass=sock_file permissive=0
08-01 08:22:20.869 14560 14597 D libEGL  : loaded /vendor/lib/egl/libEGL_emulation.so
08-01 08:22:20.871 14560 14597 D libEGL  : loaded /vendor/lib/egl/libGLESv1_CM_emulation.so
08-01 08:22:20.873 14560 14597 D libEGL  : loaded /vendor/lib/egl/libGLESv2_emulation.so
08-01 08:22:20.913  1795  2479 E GnssHAL_GnssInterface: gnssSvStatusCb: a: input svInfo.flags is 8
08-01 08:22:20.913  1795  2479 E GnssHAL_GnssInterface: gnssSvStatusCb: b: input svInfo.flags is 8
08-01 08:22:20.976 25037 25037 D BoundBrokerSvc: onBind: Intent { act=com.google.android.gms.signin.service.START dat=chimera-action:com.google.android.gms.signin.service.START cmp=com.google.android.gms/.chimera.GmsApiService }
08-01 08:22:20.976 25037 25037 D BoundBrokerSvc: Loading bound service for intent: Intent { act=com.google.android.gms.signin.service.START dat=chimera-action:com.google.android.gms.signin.service.START cmp=com.google.android.gms/.chimera.GmsApiService }
08-01 08:22:21.005 14560 14595 D HostConnection: HostConnection::get() New Host Connection established 0xd2b108a0, tid 14595
08-01 08:22:21.006 14560 14595 D HostConnection: HostComposition ext ANDROID_EMU_CHECKSUM_HELPER_v1 ANDROID_EMU_dma_v1 ANDROID_EMU_direct_mem ANDROID_EMU_host_composition_v1 ANDROID_EMU_host_composition_v2 ANDROID_EMU_vulkan ANDROID_EMU_deferred_vulkan_commands ANDROID_EMU_vulkan_null_optional_strings ANDROID_EMU_vulkan_create_resources_with_requirements ANDROID_EMU_YUV420_888_to_NV21 ANDROID_EMU_YUV_Cache ANDROID_EMU_vulkan_free_memory_sync ANDROID_EMU_vulkan_shader_float16_int8 ANDROID_EMU_vulkan_async_queue_submit ANDROID_EMU_sync_buffer_data GL_OES_vertex_array_object GL_KHR_texture_compression_astc_ldr ANDROID_EMU_host_side_tracing ANDROID_EMU_gles_max_version_2
08-01 08:22:21.008 14560 14595 W OpenGLRenderer: Failed to choose config with EGL_SWAP_BEHAVIOR_PRESERVED, retrying without...
08-01 08:22:21.021 14560 14595 D eglCodecCommon: setVertexArrayObject: set vao to 0 (0) 0 0
08-01 08:22:21.021 14560 14595 D EGL_emulation: eglCreateContext: 0xdde5d980: maj 2 min 0 rcv 2
08-01 08:22:21.036 10808 10821 I .gms.persisten: Background concurrent copying GC freed 116280(5635KB) AllocSpace objects, 10(504KB) LOS objects, 32% free, 12MB/18MB, paused 369us total 101.614ms
08-01 08:22:21.054 14560 14595 D EGL_emulation: eglMakeCurrent: 0xdde5d980: ver 2 0 (tinfo 0xddf13fc0)
08-01 08:22:21.061  1796  1796 D gralloc_ranchu: gralloc_alloc: Creating ashmem region of size 4096
08-01 08:22:21.063  1678  1678 I hwservicemanager: getTransport: Cannot find entry android.hardware.graphics.mapper@3.0::IMapper/default in either framework or device manifest.
08-01 08:22:21.063 14560 14595 W Gralloc3: mapper 3.x is not supported
08-01 08:22:21.073 14560 14595 D HostConnection: createUnique: call
08-01 08:22:21.122 14560 14595 D HostConnection: HostConnection::get() New Host Connection established 0xd2b12060, tid 14595
08-01 08:22:21.122 14560 14595 D HostConnection: HostComposition ext ANDROID_EMU_CHECKSUM_HELPER_v1 ANDROID_EMU_dma_v1 ANDROID_EMU_direct_mem ANDROID_EMU_host_composition_v1 ANDROID_EMU_host_composition_v2 ANDROID_EMU_vulkan ANDROID_EMU_deferred_vulkan_commands ANDROID_EMU_vulkan_null_optional_strings ANDROID_EMU_vulkan_create_resources_with_requirements ANDROID_EMU_YUV420_888_to_NV21 ANDROID_EMU_YUV_Cache ANDROID_EMU_vulkan_free_memory_sync ANDROID_EMU_vulkan_shader_float16_int8 ANDROID_EMU_vulkan_async_queue_submit ANDROID_EMU_sync_buffer_data GL_OES_vertex_array_object GL_KHR_texture_compression_astc_ldr ANDROID_EMU_host_side_tracing ANDROID_EMU_gles_max_version_2
08-01 08:22:21.122 14560 14595 D eglCodecCommon: allocate: Ask for block of size 0x1000
08-01 08:22:21.122 14560 14595 D eglCodecCommon: allocate: ioctl allocate returned offset 0x3ff70a000 size 0x2000
08-01 08:22:21.129  1796  1796 D gralloc_ranchu: gralloc_alloc: Creating ashmem region of size 4096
08-01 08:22:21.130  1796  1796 D gralloc_ranchu: gralloc_alloc: Creating ashmem region of size 4096
08-01 08:22:21.131  2037  2059 W InputReader: Device has associated, but no associated display id.
08-01 08:22:21.134  2037  2059 I chatty  : uid=1000(system) android.anim identical 18 lines
08-01 08:22:21.134  2037  2059 W InputReader: Device has associated, but no associated display id.
08-01 08:22:21.140  2037  2063 I ActivityTaskManager: Displayed com.google.android.gms/.auth.api.signin.ui.SignInActivity: +62ms
08-01 08:22:21.159  2037  3464 W InputReader: Device has associated, but no associated display id.
08-01 08:22:21.161  2037  3464 I chatty  : uid=1000(system) Binder:2037_12 identical 38 lines
08-01 08:22:21.161  2037  3464 W InputReader: Device has associated, but no associated display id.
08-01 08:22:21.167 14560 14560 W ActivityThread: handleWindowVisibility: no activity for token android.os.BinderProxy@1238085
08-01 08:22:21.175  2037  3464 W InputReader: Device has associated, but no associated display id.
08-01 08:22:21.177  2037  3464 I chatty  : uid=1000(system) Binder:2037_12 identical 38 lines
08-01 08:22:21.177  2037  3464 W InputReader: Device has associated, but no associated display id.
08-01 08:22:21.191  1796  1796 D gralloc_ranchu: gralloc_alloc: Creating ashmem region of size 9334784
08-01 08:22:21.192  1796  1796 I chatty  : uid=1000(system) allocator@2.0-s identical 1 line
08-01 08:22:21.194  1796  1796 D gralloc_ranchu: gralloc_alloc: Creating ashmem region of size 9334784
08-01 08:22:21.194 14560 14595 D EGL_emulation: eglMakeCurrent: 0xdde5d980: ver 2 0 (tinfo 0xddf13fc0)
08-01 08:22:21.198 14560 14595 D eglCodecCommon: setVertexArrayObject: set vao to 0 (0) 1 0
08-01 08:22:21.211 14560 14560 W ActivityThread: handleWindowVisibility: no activity for token android.os.BinderProxy@3dcdc7e
08-01 08:22:21.256  1796  1796 D gralloc_ranchu: gralloc_alloc: Creating ashmem region of size 4096
08-01 08:22:21.258  1796  1796 I chatty  : uid=1000(system) allocator@2.0-s identical 1 line
08-01 08:22:21.260  1796  1796 D gralloc_ranchu: gralloc_alloc: Creating ashmem region of size 4096
08-01 08:22:21.260  2037  2059 W InputReader: Device has associated, but no associated display id.
08-01 08:22:21.261  2037  2059 I chatty  : uid=1000(system) android.anim identical 18 lines
08-01 08:22:21.261  2037  2059 W InputReader: Device has associated, but no associated display id.
08-01 08:22:21.296 14560 14591 W ProviderHelper: Unknown dynamite feature providerinstaller.dynamite
08-01 08:22:21.297 14560 14591 I DynamiteModule: Considering local module com.google.android.gms.providerinstaller.dynamite:1 and remote module com.google.android.gms.providerinstaller.dynamite:0
08-01 08:22:21.297 14560 14591 I DynamiteModule: Selected local version of com.google.android.gms.providerinstaller.dynamite
08-01 08:22:21.299 14560 14591 W Conscrypt: Could not set socket write timeout: java.net.SocketException: Socket closed
08-01 08:22:21.299 14560 14591 W Conscrypt: 	at com.google.android.gms.org.conscrypt.Platform.setSocketWriteTimeout(:com.google.android.gms@222615031@22.26.15 (100700-461192076):2)
08-01 08:22:21.299 14560 14591 W Conscrypt: 	at com.google.android.gms.org.conscrypt.ConscryptFileDescriptorSocket.setSoWriteTimeout(:com.google.android.gms@222615031@22.26.15 (100700-461192076):0)
08-01 08:22:21.383 14560 14591 W Conscrypt: Could not set socket write timeout: java.net.SocketException: Socket closed
08-01 08:22:21.383 14560 14591 W Conscrypt: 	at com.google.android.gms.org.conscrypt.Platform.setSocketWriteTimeout(:com.google.android.gms@222615031@22.26.15 (100700-461192076):2)
08-01 08:22:21.383 14560 14591 W Conscrypt: 	at com.google.android.gms.org.conscrypt.ConscryptFileDescriptorSocket.setSoWriteTimeout(:com.google.android.gms@222615031@22.26.15 (100700-461192076):0)
08-01 08:22:21.578  2037  3464 W InputReader: Device has associated, but no associated display id.
08-01 08:22:21.581  2037  3464 I chatty  : uid=1000(system) Binder:2037_12 identical 38 lines
08-01 08:22:21.581  2037  3464 W InputReader: Device has associated, but no associated display id.
08-01 08:22:21.583 14560 14560 W ActivityThread: handleWindowVisibility: no activity for token android.os.BinderProxy@83aa2d6
08-01 08:22:21.585  2037  2063 E memtrack: Couldn't load memtrack module
08-01 08:22:21.585  2037  2063 W android.os.Debug: failed to get memory consumption info: -1
08-01 08:22:21.592 14560 14560 I DynamiteModule: Considering local module com.google.android.gms.googlecertificates:7 and remote module com.google.android.gms.googlecertificates:7
08-01 08:22:21.592 14560 14560 I DynamiteModule: Selected local version of com.google.android.gms.googlecertificates
08-01 08:22:21.608  2037  3464 W InputReader: Device has associated, but no associated display id.
08-01 08:22:21.610  2037  3464 I chatty  : uid=1000(system) Binder:2037_12 identical 48 lines
08-01 08:22:21.610  2037  3464 W InputReader: Device has associated, but no associated display id.
08-01 08:22:21.611 14560 14560 W ActivityThread: handleWindowVisibility: no activity for token android.os.BinderProxy@ebb5fe3
08-01 08:22:21.633 25037 25495 I PeopleChimeraService: onService. callbacks = apfk@5b90427, request = com.google.android.gms.common.internal.GetServiceRequest@c34d6d4
08-01 08:22:21.646 10808 10946 I FontLog : Received query Google Sans, URI content://com.google.android.gms.fonts [CONTEXT service_id=132 ]
08-01 08:22:21.646 10808 10946 I FontLog : Query [Google Sans] resolved to {Google Sans, wdth 100.0, wght 400, ital 0.0, bestEffort false} [CONTEXT service_id=132 ]
08-01 08:22:21.648 10808 10946 I FontLog : Font PFD returned from cache for {Google Sans, wdth 100.0, wght 400, ital 0.0, bestEffort false} [CONTEXT service_id=132 ]
08-01 08:22:21.648 10808 10946 I FontLog : Fetch {Google Sans, wdth 100.0, wght 400, ital 0.0, bestEffort false} end status Status{statusCode=SUCCESS, resolution=null} [CONTEXT service_id=132 ]
08-01 08:22:21.651 25037  4034 E BasePeopleOperation: Failed to load OwnerAvatar from MDI with cause: %s
08-01 08:22:21.651 25037  4034 E BasePeopleOperation: java.util.concurrent.ExecutionException: bulz
08-01 08:22:21.651 25037  4034 E BasePeopleOperation: 	at cmxw.s(:com.google.android.gms@222615031@22.26.15 (100700-461192076):3)
08-01 08:22:21.651 25037  4034 E BasePeopleOperation: 	at cmxw.get(:com.google.android.gms@222615031@22.26.15 (100700-461192076):9)
08-01 08:22:21.651 25037  4034 E BasePeopleOperation: 	at bbvh.e(:com.google.android.gms@222615031@22.26.15 (100700-461192076):7)
08-01 08:22:21.651 25037  4034 E BasePeopleOperation: 	at bbvc.b(:com.google.android.gms@222615031@22.26.15 (100700-461192076):1)
08-01 08:22:21.651 25037  4034 E BasePeopleOperation: 	at bbva.d(:com.google.android.gms@222615031@22.26.15 (100700-461192076):3)
08-01 08:22:21.651 25037  4034 E BasePeopleOperation: 	at bcpg.f(:com.google.android.gms@222615031@22.26.15 (100700-461192076):1)
08-01 08:22:21.651 25037  4034 E BasePeopleOperation: 	at apfj.eo(:com.google.android.gms@222615031@22.26.15 (100700-461192076):1)
08-01 08:22:21.651 25037  4034 E BasePeopleOperation: 	at aixe.run(:com.google.android.gms@222615031@22.26.15 (100700-461192076):12)
08-01 08:22:21.651 25037  4034 E BasePeopleOperation: 	at chez.run(:com.google.android.gms@222615031@22.26.15 (100700-461192076):2)
08-01 08:22:21.651 25037  4034 E BasePeopleOperation: 	at zeu.c(:com.google.android.gms@222615031@22.26.15 (100700-461192076):6)
08-01 08:22:21.651 25037  4034 E BasePeopleOperation: 	at zeu.run(:com.google.android.gms@222615031@22.26.15 (100700-461192076):7)
08-01 08:22:21.651 25037  4034 E BasePeopleOperation: 	at java.util.concurrent.ThreadPoolExecutor.runWorker(ThreadPoolExecutor.java:1167)
08-01 08:22:21.651 25037  4034 E BasePeopleOperation: 	at java.util.concurrent.ThreadPoolExecutor$Worker.run(ThreadPoolExecutor.java:641)
08-01 08:22:21.651 25037  4034 E BasePeopleOperation: 	at zjz.run(:com.google.android.gms@222615031@22.26.15 (100700-461192076):0)
08-01 08:22:21.651 25037  4034 E BasePeopleOperation: 	at java.lang.Thread.run(Thread.java:919)
08-01 08:22:21.651 25037  4034 E BasePeopleOperation: Caused by: bulz
08-01 08:22:21.651 25037  4034 E BasePeopleOperation: 	at buml.a(:com.google.android.gms@222615031@22.26.15 (100700-461192076):2)
08-01 08:22:21.651 25037  4034 E BasePeopleOperation: 	at chfe.a(:com.google.android.gms@222615031@22.26.15 (100700-461192076):2)
08-01 08:22:21.651 25037  4034 E BasePeopleOperation: 	at cmxy.c(:com.google.android.gms@222615031@22.26.15 (100700-461192076):2)
08-01 08:22:21.651 25037  4034 E BasePeopleOperation: 	at cmya.run(:com.google.android.gms@222615031@22.26.15 (100700-461192076):9)
08-01 08:22:21.651 25037  4034 E BasePeopleOperation: 	at cmzk.execute(:com.google.android.gms@222615031@22.26.15 (100700-461192076):0)
08-01 08:22:21.651 25037  4034 E BasePeopleOperation: 	at cmxw.q(:com.google.android.gms@222615031@22.26.15 (100700-461192076):1)
08-01 08:22:21.651 25037  4034 E BasePeopleOperation: 	at cmxw.j(:com.google.android.gms@222615031@22.26.15 (100700-461192076):8)
08-01 08:22:21.651 25037  4034 E BasePeopleOperation: 	at cmxw.m(:com.google.android.gms@222615031@22.26.15 (100700-461192076):0)
08-01 08:22:21.651 25037  4034 E BasePeopleOperation: 	at cmxg.run(:com.google.android.gms@222615031@22.26.15 (100700-461192076):9)
08-01 08:22:21.651 25037  4034 E BasePeopleOperation: 	at cmzk.execute(:com.google.android.gms@222615031@22.26.15 (100700-461192076):0)
08-01 08:22:21.651 25037  4034 E BasePeopleOperation: 	at cmxw.q(:com.google.android.gms@222615031@22.26.15 (100700-461192076):1)
08-01 08:22:21.651 25037  4034 E BasePeopleOperation: 	at cmxw.j(:com.google.android.gms@222615031@22.26.15 (100700-461192076):8)
08-01 08:22:21.651 25037  4034 E BasePeopleOperation: 	at cmxw.m(:com.google.android.gms@222615031@22.26.15 (100700-461192076):0)
08-01 08:22:21.651 25037  4034 E BasePeopleOperation: 	at cmxz.e(:com.google.android.gms@222615031@22.26.15 (100700-461192076):0)
08-01 08:22:21.651 25037  4034 E BasePeopleOperation: 	at cmya.run(:com.google.android.gms@222615031@22.26.15 (100700-461192076):13)
08-01 08:22:21.651 25037  4034 E BasePeopleOperation: 	at cmzk.execute(:com.google.android.gms@222615031@22.26.15 (100700-461192076):0)
08-01 08:22:21.651 25037  4034 E BasePeopleOperation: 	at cmxw.q(:com.google.android.gms@222615031@22.26.15 (100700-461192076):1)
08-01 08:22:21.651 25037  4034 E BasePeopleOperation: 	at cmxw.j(:com.google.android.gms@222615031@22.26.15 (100700-461192076):8)
08-01 08:22:21.651 25037  4034 E BasePeopleOperation: 	at cmxw.p(:com.google.android.gms@222615031@22.26.15 (100700-461192076):2)
08-01 08:22:21.651 25037  4034 E BasePeopleOperation: 	at cnbq.e(:com.google.android.gms@222615031@22.26.15 (100700-461192076):2)
08-01 08:22:21.651 25037  4034 E BasePeopleOperation: 	at cnar.run(:com.google.android.gms@222615031@22.26.15 (100700-461192076):6)
08-01 08:22:21.651 25037  4034 E BasePeopleOperation: 	at cnbs.run(:com.google.android.gms@222615031@22.26.15 (100700-461192076):0)
08-01 08:22:21.651 25037  4034 E BasePeopleOperation: 	... 6 more
08-01 08:22:21.654 10808 11897 I FontLog : Pulling font file for id = 245, cache size = 5 [CONTEXT service_id=132 ]
08-01 08:22:21.667 14560 14560 W DividerItem: @android:attr/listDivider was not set in the theme used for this DividerItemDecoration. Please set that attribute all call setDrawable()
08-01 08:22:21.675 10808 11897 I FontLog : Received query Google Sans, URI content://com.google.android.gms.fonts [CONTEXT service_id=132 ]
08-01 08:22:21.675 10808 11897 I FontLog : Query [Google Sans] resolved to {Google Sans, wdth 100.0, wght 400, ital 0.0, bestEffort false} [CONTEXT service_id=132 ]
08-01 08:22:21.677 10808 11897 I FontLog : Font PFD returned from cache for {Google Sans, wdth 100.0, wght 400, ital 0.0, bestEffort false} [CONTEXT service_id=132 ]
08-01 08:22:21.677 10808 11897 I FontLog : Fetch {Google Sans, wdth 100.0, wght 400, ital 0.0, bestEffort false} end status Status{statusCode=SUCCESS, resolution=null} [CONTEXT service_id=132 ]
08-01 08:22:21.681 10808 10946 I FontLog : Pulling font file for id = 246, cache size = 6 [CONTEXT service_id=132 ]
08-01 08:22:21.700  1796  1796 D gralloc_ranchu: gralloc_alloc: Creating ashmem region of size 4681728
08-01 08:22:21.704  1796  1796 I chatty  : uid=1000(system) allocator@2.0-s identical 1 line
08-01 08:22:21.707  1796  1796 D gralloc_ranchu: gralloc_alloc: Creating ashmem region of size 4681728
08-01 08:22:21.714 14560 14595 D EGL_emulation: eglMakeCurrent: 0xdde5d980: ver 2 0 (tinfo 0xddf13fc0)
08-01 08:22:21.749  2037  2059 W InputReader: Device has associated, but no associated display id.
08-01 08:22:21.749  2037  2059 I chatty  : uid=1000(system) android.anim identical 8 lines
08-01 08:22:21.749  2037  2059 W InputReader: Device has associated, but no associated display id.
08-01 08:22:21.766 10808 10946 I FontLog : Received query Google Sans, URI content://com.google.android.gms.fonts [CONTEXT service_id=132 ]
08-01 08:22:21.767 10808 10946 I FontLog : Query [Google Sans] resolved to {Google Sans, wdth 100.0, wght 400, ital 0.0, bestEffort false} [CONTEXT service_id=132 ]
08-01 08:22:21.768 10808 10946 I FontLog : Font PFD returned from cache for {Google Sans, wdth 100.0, wght 400, ital 0.0, bestEffort false} [CONTEXT service_id=132 ]
08-01 08:22:21.768 10808 10946 I FontLog : Fetch {Google Sans, wdth 100.0, wght 400, ital 0.0, bestEffort false} end status Status{statusCode=SUCCESS, resolution=null} [CONTEXT service_id=132 ]
08-01 08:22:21.784 14560 14595 D EGL_emulation: eglMakeCurrent: 0xdde5d980: ver 2 0 (tinfo 0xddf13fc0)
08-01 08:22:21.786  1796  1796 D gralloc_ranchu: gralloc_alloc: Creating ashmem region of size 6103040
08-01 08:22:21.790 10808 10946 I FontLog : Pulling font file for id = 247, cache size = 6 [CONTEXT service_id=132 ]
08-01 08:22:21.792 14560 14595 D EGL_emulation: eglMakeCurrent: 0xdde5d980: ver 2 0 (tinfo 0xddf13fc0)
08-01 08:22:21.810  1796  1796 D gralloc_ranchu: gralloc_alloc: Creating ashmem region of size 6103040
08-01 08:22:21.822  1796  1796 D gralloc_ranchu: gralloc_alloc: Creating ashmem region of size 6103040
08-01 08:22:21.840 14560 14595 D EGL_emulation: eglMakeCurrent: 0xdde5d980: ver 2 0 (tinfo 0xddf13fc0)
08-01 08:22:21.841  1796  1796 D gralloc_ranchu: gralloc_alloc: Creating ashmem region of size 6070272
08-01 08:22:21.845 14560 14595 D EGL_emulation: eglMakeCurrent: 0xdde5d980: ver 2 0 (tinfo 0xddf13fc0)
08-01 08:22:21.857  1796  1796 D gralloc_ranchu: gralloc_alloc: Creating ashmem region of size 6070272
08-01 08:22:21.871 14560 14595 D EGL_emulation: eglMakeCurrent: 0xdde5d980: ver 2 0 (tinfo 0xddf13fc0)
08-01 08:22:21.873  1796  1796 D gralloc_ranchu: gralloc_alloc: Creating ashmem region of size 6045696
08-01 08:22:21.877 14560 14595 D EGL_emulation: eglMakeCurrent: 0xdde5d980: ver 2 0 (tinfo 0xddf13fc0)
08-01 08:22:21.889  1796  1796 D gralloc_ranchu: gralloc_alloc: Creating ashmem region of size 6045696
08-01 08:22:21.897  1796  1796 D gralloc_ranchu: gralloc_alloc: Creating ashmem region of size 6045696
08-01 08:22:21.913  1795  2479 E GnssHAL_GnssInterface: gnssSvStatusCb: a: input svInfo.flags is 8
08-01 08:22:21.913  1795  2479 E GnssHAL_GnssInterface: gnssSvStatusCb: b: input svInfo.flags is 8
08-01 08:22:21.924 14475 14506 D InteractionController: clickNoSync (707, 1006)
08-01 08:22:22.163  2037  3689 D WificondControl: Scan result ready event
08-01 08:22:22.175 10808 11897 I ChimeraSrvcProxy: NullBinder for android.net.action.RECOMMEND_NETWORKS triggering remote TransactionTooLargeException due to Service without Chimera impl
08-01 08:22:22.415 14475 14506 W .hkxps17.turnu: Accessing hidden method Lsun/misc/Unsafe;->compareAndSwapObject(Ljava/lang/Object;JLjava/lang/Object;Ljava/lang/Object;)Z (greylist, linking, allowed)
08-01 08:22:22.416 14475 14475 W RootViewPicker: No activity currently resumed - waiting: 10ms for one to appear.
08-01 08:22:22.426  2037  3464 I AccountManagerService: the accounts changed, sending broadcast of android.accounts.LOGIN_ACCOUNTS_CHANGED
08-01 08:22:22.431  2037  2844 W InputReader: Device has associated, but no associated display id.
08-01 08:22:22.431  2037  2844 I chatty  : uid=1000(system) Binder:2037_9 identical 8 lines
08-01 08:22:22.431  2037  2844 W InputReader: Device has associated, but no associated display id.
08-01 08:22:22.434 14475 14475 W RootViewPicker: No activity currently resumed - waiting: 50ms for one to appear.
08-01 08:22:22.444  1778  1778 D Zygote  : Forked child process 14620
08-01 08:22:22.446 14620 14620 W roid.music:mai: Unexpected CPU variant for X86 using defaults: x86
08-01 08:22:22.447  2037  2448 W InputReader: Device has associated, but no associated display id.
08-01 08:22:22.448  2037  2448 I chatty  : uid=1000(system) Binder:2037_8 identical 28 lines
08-01 08:22:22.448  2037  2448 W InputReader: Device has associated, but no associated display id.
08-01 08:22:22.453 14620 14620 E roid.music:mai: Not starting debugger since process cannot load the jdwp agent.
08-01 08:22:22.453  2037  2448 W InputReader: Device has associated, but no associated display id.
08-01 08:22:22.453  2037  2448 I chatty  : uid=1000(system) Binder:2037_8 identical 8 lines
08-01 08:22:22.453  2037  2448 W InputReader: Device has associated, but no associated display id.
08-01 08:22:22.470 14560 14595 D EGL_emulation: eglMakeCurrent: 0xdde5d980: ver 2 0 (tinfo 0xddf13fc0)
08-01 08:22:22.475 14560 14595 D OpenGLRenderer: endAllActiveAnimators on 0xba047800 (RippleDrawable) with handle 0xba0a04e0
08-01 08:22:22.488 14475 14475 W RootViewPicker: No activity currently resumed - waiting: 100ms for one to appear.
08-01 08:22:22.496 14620 14620 D ApplicationLoaders: Returning zygote-cached class loader: /system/framework/android.hidl.base-V1.0-java.jar
08-01 08:22:22.496 14620 14620 D ApplicationLoaders: Returning zygote-cached class loader: /system/framework/android.hidl.manager-V1.0-java.jar
08-01 08:22:22.496 14620 14620 D ApplicationLoaders: Returning zygote-cached class loader: /system/framework/android.hidl.base-V1.0-java.jar
08-01 08:22:22.497 14620 14620 I roid.music:mai: The ClassLoaderContext is a special shared library.
08-01 08:22:22.498 14620 14620 I roid.music:mai: The ClassLoaderContext is a special shared library.
08-01 08:22:22.506 14620 14620 I MultiDex: VM with version 2.1.0 has multidex support
08-01 08:22:22.506 14620 14620 I MultiDex: install
08-01 08:22:22.506 14620 14620 I MultiDex: VM has multidex support, MultiDex support library is disabled.
08-01 08:22:22.510 14620 14620 D ProcessNameProvider: Content provider MainProcessTypeInitializerContentProvider created for process MAIN
08-01 08:22:22.512 14620 14620 D MusicLifecycle: com.google.android.music.store.ConfigContentProvider generated event: Content provider created
08-01 08:22:22.513 14620 14620 D MusicLifecycle: com.google.android.music.api.MusicPublicContentProvider generated event: Content provider created
08-01 08:22:22.516 14620 14620 D MusicLifecycle: com.google.android.music.store.MusicContentProvider generated event: Content provider created
08-01 08:22:22.532 14620 14620 D MusicLifecycle: com.google.android.music.ui.PhoneMusicApplication generated event: Application created
08-01 08:22:22.532 14620 14620 I AndroidMusic: Application start. Process=MAIN
08-01 08:22:22.533 10808 10808 W SystemServiceRegistry: No service published for: persistent_data_block
08-01 08:22:22.552  2037  2448 W InputReader: Device has associated, but no associated display id.
08-01 08:22:22.552  2037  2448 I chatty  : uid=1000(system) Binder:2037_8 identical 8 lines
08-01 08:22:22.552  2037  2448 W InputReader: Device has associated, but no associated display id.
08-01 08:22:22.556  2037  2330 W InputReader: Device has associated, but no associated display id.
08-01 08:22:22.565  2037  2330 I chatty  : uid=1000(system) Binder:2037_6 identical 38 lines
08-01 08:22:22.565  2037  2330 W InputReader: Device has associated, but no associated display id.
08-01 08:22:22.568  2037  5320 W InputReader: Device has associated, but no associated display id.
08-01 08:22:22.574  2037  5320 I chatty  : uid=1000(system) Binder:2037_1F identical 48 lines
08-01 08:22:22.574  2037  5320 W InputReader: Device has associated, but no associated display id.
08-01 08:22:22.594 14475 14475 W RootViewPicker: No activity currently resumed - waiting: 500ms for one to appear.
08-01 08:22:22.598 14620 14620 D MusicLifecycle: com.google.android.music.store.ConfigContentProvider generated event: initializing
08-01 08:22:22.598 14620 14620 I BaseStore: ConfigStore database version: 1
08-01 08:22:22.616  3995  4121 I A       : (REDACTED) GMSCore Auth returned %d accounts.
08-01 08:22:22.617  3995  4121 I A       : (REDACTED) GoogleOwnersProvider returned %d accounts.
08-01 08:22:22.640 14620 14620 I roid.music:mai: The ClassLoaderContext is a special shared library.
08-01 08:22:22.641 14620 14620 I roid.music:mai: The ClassLoaderContext is a special shared library.
08-01 08:22:22.654 14620 14620 V NativeCrypto: Registering com/google/android/gms/org/conscrypt/NativeCrypto's 295 native methods...
08-01 08:22:22.664 14620 14620 D NetworkSecurityConfig: No Network Security Config specified, using platform default
08-01 08:22:22.667 14620 14620 I ProviderInstaller: Installed default security provider GmsCore_OpenSSL
