08-01 08:22:25.105 14475 14475 I ViewInteraction: Checking 'MatchesViewAssertion{viewMatcher=(view has effective visibility <VISIBLE> and view.getGlobalVisibleRect() to return non-empty rectangle)}' assertion on view (view.getId() is <2131230807/com.hkxps17.turnup:id/add_location_text> and view.getParent() view.getParent() view.getId() is <2131231021/com.hkxps17.turnup:id/linearLayout> and (view has effective visibility <VISIBLE> and view.getGlobalVisibleRect() to return non-empty rectangle))
08-01 08:22:25.109 14475 14506 W .hkxps17.turnu: Accessing hidden method Lsun/misc/Unsafe;->compareAndSwapObject(Ljava/lang/Object;JLjava/lang/Object;Ljava/lang/Object;)Z (greylist, linking, allowed)
08-01 08:22:25.110 14475 14551 W .hkxps17.turnu: Accessing hidden method Lsun/misc/Unsafe;->compareAndSwapObject(Ljava/lang/Object;JLjava/lang/Object;Ljava/lang/Object;)Z (greylist, linking, allowed)
08-01 08:22:25.110 14475 14475 I ViewInteraction: Checking 'MatchesViewAssertion{viewMatcher=(view has effective visibility <VISIBLE> and view.getGlobalVisibleRect() to return non-empty rectangle)}' assertion on view (view.getId() is <2131231027/com.hkxps17.turnup:id/location_done_button> and view.getParent() view.getParent() view.getId() is <16908290/android:id/content> and (view has effective visibility <VISIBLE> and view.getGlobalVisibleRect() to return non-empty rectangle))
08-01 08:22:25.111 14475 14506 W .hkxps17.turnu: Accessing hidden method Lsun/misc/Unsafe;->compareAndSwapObject(Ljava/lang/Object;JLjava/lang/Object;Ljava/lang/Object;)Z (greylist, linking, allowed)
08-01 08:22:25.111 14475 14551 W .hkxps17.turnu: Accessing hidden method Lsun/misc/Unsafe;->compareAndSwapObject(Ljava/lang/Object;JLjava/lang/Object;Ljava/lang/Object;)Z (greylist, linking, allowed)
08-01 08:22:25.113 14475 14475 I ViewInteraction: Checking 'MatchesViewAssertion{viewMatcher=(view has effective visibility <VISIBLE> and view.getGlobalVisibleRect() to return non-empty rectangle)}' assertion on view (view.getId() is <2131231026/com.hkxps17.turnup:id/location_delete_button> and view.getParent() view.getParent() view.getId() is <16908290/android:id/content> and (view has effective visibility <VISIBLE> and view.getGlobalVisibleRect() to return non-empty rectangle))
08-01 08:22:25.120 14475 14475 D LifecycleMonitor: Lifecycle status change: com.hkxps17.turnup.AddLocationActivity@bc797b9 in: PAUSED
08-01 08:22:25.120 14475 14475 V ActivityScenario: Activity lifecycle changed event received but ignored because the intent does not match. startActivityIntent=Intent { act=android.intent.action.MAIN cat=[android.intent.category.LAUNCHER] cmp=com.hkxps17.turnup/.LoginActivity }, activity.getIntent()=Intent { cmp=com.hkxps17.turnup/.AddLocationActivity }, activity=com.hkxps17.turnup.AddLocationActivity@bc797b9
08-01 08:22:25.122  2037  2053 W InputReader: Device has associated, but no associated display id.
08-01 08:22:25.126  2037  2053 I chatty  : uid=1000(system) Binder:2037_1 identical 48 lines
08-01 08:22:25.126  2037  2053 W InputReader: Device has associated, but no associated display id.
08-01 08:22:25.126 14508 14508 W ActivityThread: handleWindowVisibility: no activity for token android.os.BinderProxy@16e073a
08-01 08:22:25.143 14475 14544 D EGL_emulation: eglMakeCurrent: 0xdde5cb40: ver 2 0 (tinfo 0xdde95b20)
08-01 08:22:25.152 14475 14475 D LifecycleMonitor: Lifecycle status change: com.hkxps17.turnup.LoginActivity@7e17953 in: DESTROYED
08-01 08:22:25.152 14475 14475 V ActivityScenario: Update currentActivityStage to DESTROYED, currentActivity=null
08-01 08:22:25.172 14508 14538 D HostConnection: HostConnection::get() New Host Connection established 0xd5d4d190, tid 14538
08-01 08:22:25.177 14508 14538 D HostConnection: HostComposition ext ANDROID_EMU_CHECKSUM_HELPER_v1 ANDROID_EMU_dma_v1 ANDROID_EMU_direct_mem ANDROID_EMU_host_composition_v1 ANDROID_EMU_host_composition_v2 ANDROID_EMU_vulkan ANDROID_EMU_deferred_vulkan_commands ANDROID_EMU_vulkan_null_optional_strings ANDROID_EMU_vulkan_create_resources_with_requirements ANDROID_EMU_YUV420_888_to_NV21 ANDROID_EMU_YUV_Cache ANDROID_EMU_vulkan_free_memory_sync ANDROID_EMU_vulkan_shader_float16_int8 ANDROID_EMU_vulkan_async_queue_submit ANDROID_EMU_sync_buffer_data GL_OES_vertex_array_object GL_KHR_texture_compression_astc_ldr ANDROID_EMU_host_side_tracing ANDROID_EMU_gles_max_version_2
08-01 08:22:25.182 14508 14538 W OpenGLRenderer: Failed to choose config with EGL_SWAP_BEHAVIOR_PRESERVED, retrying without...
08-01 08:22:25.192 14508 14538 D eglCodecCommon: setVertexArrayObject: set vao to 0 (0) 0 0
08-01 08:22:25.192 14508 14538 D EGL_emulation: eglCreateContext: 0xd5d1a480: maj 2 min 0 rcv 2
08-01 08:22:25.236 14508 14538 D EGL_emulation: eglMakeCurrent: 0xd5d1a480: ver 2 0 (tinfo 0xd5d0f010)
08-01 08:22:25.242  1796  1796 D gralloc_ranchu: gralloc_alloc: Creating ashmem region of size 9334784
08-01 08:22:25.243  1678  1678 I hwservicemanager: getTransport: Cannot find entry android.hardware.graphics.mapper@3.0::IMapper/default in either framework or device manifest.
08-01 08:22:25.244 14508 14538 W Gralloc3: mapper 3.x is not supported
08-01 08:22:25.245 14508 14538 D HostConnection: createUnique: call
08-01 08:22:25.246 14508 14538 D HostConnection: HostConnection::get() New Host Connection established 0xd5d4d3c0, tid 14538
08-01 08:22:25.248 14508 14538 D HostConnection: HostComposition ext ANDROID_EMU_CHECKSUM_HELPER_v1 ANDROID_EMU_dma_v1 ANDROID_EMU_direct_mem ANDROID_EMU_host_composition_v1 ANDROID_EMU_host_composition_v2 ANDROID_EMU_vulkan ANDROID_EMU_deferred_vulkan_commands ANDROID_EMU_vulkan_null_optional_strings ANDROID_EMU_vulkan_create_resources_with_requirements ANDROID_EMU_YUV420_888_to_NV21 ANDROID_EMU_YUV_Cache ANDROID_EMU_vulkan_free_memory_sync ANDROID_EMU_vulkan_shader_float16_int8 ANDROID_EMU_vulkan_async_queue_submit ANDROID_EMU_sync_buffer_data GL_OES_vertex_array_object GL_KHR_texture_compression_astc_ldr ANDROID_EMU_host_side_tracing ANDROID_EMU_gles_max_version_2
08-01 08:22:25.249 14508 14538 D eglCodecCommon: allocate: Ask for block of size 0x1000
08-01 08:22:25.249 14508 14538 D eglCodecCommon: allocate: ioctl allocate returned offset 0x3ffff4000 size 0x2000
08-01 08:22:25.250  1796  1796 D gralloc_ranchu: gralloc_alloc: Creating ashmem region of size 9334784
08-01 08:22:25.252 14508 14538 D EGL_emulation: eglMakeCurrent: 0xd5d1a480: ver 2 0 (tinfo 0xd5d0f010)
08-01 08:22:25.253  1796  1796 D gralloc_ranchu: gralloc_alloc: Creating ashmem region of size 9334784
08-01 08:22:25.255 14508 14538 D eglCodecCommon: setVertexArrayObject: set vao to 0 (0) 1 0
08-01 08:22:25.335  2037  2325 W InputReader: Device has associated, but no associated display id.
08-01 08:22:25.342  2037  2325 I chatty  : uid=1000(system) Binder:2037_5 identical 48 lines
08-01 08:22:25.342  2037  2325 W InputReader: Device has associated, but no associated display id.
08-01 08:22:25.347 14508 14508 W ActivityThread: handleWindowVisibility: no activity for token android.os.BinderProxy@b29738c
08-01 08:22:25.368 14475 14783 W .hkxps17.turnu: Accessing hidden field Ljava/nio/Buffer;->position:I (greylist, JNI, allowed)
08-01 08:22:25.368 14475 14783 W .hkxps17.turnu: Accessing hidden field Ljava/nio/Buffer;->limit:I (greylist, JNI, allowed)
08-01 08:22:25.368 14475 14783 W .hkxps17.turnu: Accessing hidden field Ljava/nio/Buffer;->_elementSizeShift:I (greylist, JNI, allowed)
08-01 08:22:25.371 14475 14810 W .hkxps17.turnu: Accessing hidden method Lsun/misc/Unsafe;->getObject(Ljava/lang/Object;J)Ljava/lang/Object; (greylist, linking, allowed)
08-01 08:22:25.387  1796  1796 D gralloc_ranchu: gralloc_alloc: Creating ashmem region of size 9334784
08-01 08:22:25.389  1796 11341 D gralloc_ranchu: gralloc_alloc: Creating ashmem region of size 9334784
08-01 08:22:25.392  1796 11341 D gralloc_ranchu: gralloc_alloc: Creating ashmem region of size 9334784
08-01 08:22:25.398 14508 14538 D EGL_emulation: eglMakeCurrent: 0xd5d1a480: ver 2 0 (tinfo 0xd5d0f010)
08-01 08:22:25.400 14475 14475 D LifecycleMonitor: Lifecycle status change: com.hkxps17.turnup.MapsActivity@c100fba in: STOPPED
08-01 08:22:25.400 14475 14475 V ActivityScenario: Activity lifecycle changed event received but ignored because the intent does not match. startActivityIntent=Intent { act=android.intent.action.MAIN cat=[android.intent.category.LAUNCHER] cmp=com.hkxps17.turnup/.LoginActivity }, activity.getIntent()=Intent { cmp=com.hkxps17.turnup/.MapsActivity }, activity=com.hkxps17.turnup.MapsActivity@c100fba
08-01 08:22:25.406  2037  2059 W InputReader: Device has associated, but no associated display id.
08-01 08:22:25.407  2037  2059 I chatty  : uid=1000(system) android.anim identical 18 lines
08-01 08:22:25.407  2037  2059 W InputReader: Device has associated, but no associated display id.
08-01 08:22:25.414  2037  2063 I ActivityTaskManager: Displayed com.hkxps17.turnup.test/androidx.test.core.app.InstrumentationActivityInvoker$EmptyActivity: +218ms
08-01 08:22:25.435 14475 14544 D EGL_emulation: eglMakeCurrent: 0xdde5cb40: ver 2 0 (tinfo 0xdde95b20)
08-01 08:22:25.436  2037  4565 W InputReader: Device has associated, but no associated display id.
08-01 08:22:25.437  2037  4565 I chatty  : uid=1000(system) Binder:2037_1C identical 8 lines
08-01 08:22:25.437  2037  4565 W InputReader: Device has associated, but no associated display id.
08-01 08:22:25.444 14475 14506 I TestRunner: finished: newLocationTest(com.hkxps17.turnup.NewLocationTest)

